2026-08-12 13:27:53 [INFO    ] conftest.py:363 — ==================================================
2026-08-12 13:27:53 [INFO    ] conftest.py:364 — PYTEST SESSION START
2026-08-12 13:27:53 [INFO    ] conftest.py:365 — ==================================================
2026-08-12 13:27:53 [INFO    ] conftest.py:227 — ==================================================
2026-08-12 13:27:53 [INFO    ] conftest.py:228 — DRIVER SETUP START
2026-08-12 13:27:53 [INFO    ] conftest.py:229 — ==================================================
2026-08-12 13:27:53 [INFO    ] conftest.py:116 — Driver creation attempt 1/2
2026-08-12 13:27:53 [INFO    ] driver_factory.py:53 — ========== DRIVER CREATION START ==========
2026-08-12 13:27:53 [INFO    ] driver_factory.py:70 — Device: emulator | Env: qa | Platform: Android
2026-08-12 13:27:53 [INFO    ] driver_factory.py:132 — Device Name: Android Emulator
2026-08-12 13:27:53 [INFO    ] driver_factory.py:133 — UDID: emulator-5554
2026-08-12 13:27:53 [INFO    ] driver_factory.py:140 — App Package: com.zee5.hipi
2026-08-12 13:27:53 [INFO    ] driver_factory.py:141 — App Activity: com.creatoreconomy.MainActivity
2026-08-12 13:27:57 [ERROR   ] conftest.py:123 — Attempt 1 failed: Message: Cannot start the 'com.zee5.hipi' application. Consider checking the driver's troubleshooting documentation. Original error: Cannot start the 'com.zee5.hipi' application. Consider checking the driver's troubleshooting documentation. Original error: Activity name '.com.creatoreconomy.MainActivity' used to start the app doesn't exist or cannot be launched! Make sure it exists and is a launchable activity
Stacktrace:
UnknownError: Cannot start the 'com.zee5.hipi' application. Consider checking the driver's troubleshooting documentation. Original error: Cannot start the 'com.zee5.hipi' application. Consider checking the driver's troubleshooting documentation. Original error: Activity name '.com.creatoreconomy.MainActivity' used to start the app doesn't exist or cannot be launched! Make sure it exists and is a launchable activity
    at getResponseForW3CError (/opt/homebrew/lib/node_modules/appium/node_modules/@appium/base-driver/build/lib/protocol/errors.js:824:36)
    at asyncHandler (/opt/homebrew/lib/node_modules/appium/node_modules/@appium/base-driver/build/lib/protocol/protocol.js:430:77)
The above error is caused by
Error: Cannot start the 'com.zee5.hipi' application. Consider checking the driver's troubleshooting documentation. Original error: Cannot start the 'com.zee5.hipi' application. Consider checking the driver's troubleshooting documentation. Original error: Activity name '.com.creatoreconomy.MainActivity' used to start the app doesn't exist or cannot be launched! Make sure it exists and is a launchable activity
    at ADB.startApp (/Users/vc.rajdeep.kumar/.appium/node_modules/appium-uiautomator2-driver/node_modules/appium-adb/build/lib/tools/app-commands.js:612:15)
    at process.processTicksAndRejections (node:internal/process/task_queues:104:5)
    at async AndroidUiautomator2Driver.ensureAppStarts (/Users/vc.rajdeep.kumar/.appium/node_modules/appium-uiautomator2-driver/build/lib/driver.js:588:9)
    at async AndroidUiautomator2Driver.performSessionPostExecSetup (/Users/vc.rajdeep.kumar/.appium/node_modules/appium-uiautomator2-driver/build/lib/driver.js:443:13)
    at async AndroidUiautomator2Driver.startUiAutomator2Session (/Users/vc.rajdeep.kumar/.appium/node_modules/appium-uiautomator2-driver/build/lib/driver.js:492:9)
    at async AndroidUiautomator2Driver.createSession (/Users/vc.rajdeep.kumar/.appium/node_modules/appium-uiautomator2-driver/build/lib/driver.js:249:28)
    at async AppiumDriver.createSession (/opt/homebrew/lib/node_modules/appium/build/lib/appium.js:324:43)
2026-08-12 13:27:57 [INFO    ] conftest.py:131 — Waiting 10s before retry...
2026-08-12 13:28:07 [INFO    ] conftest.py:116 — Driver creation attempt 2/2
2026-08-12 13:28:07 [INFO    ] driver_factory.py:53 — ========== DRIVER CREATION START ==========
2026-08-12 13:28:07 [INFO    ] driver_factory.py:70 — Device: emulator | Env: qa | Platform: Android
2026-08-12 13:28:08 [INFO    ] driver_factory.py:132 — Device Name: Android Emulator
2026-08-12 13:28:08 [INFO    ] driver_factory.py:133 — UDID: emulator-5554
2026-08-12 13:28:08 [INFO    ] driver_factory.py:140 — App Package: com.zee5.hipi
2026-08-12 13:28:08 [INFO    ] driver_factory.py:141 — App Activity: com.creatoreconomy.MainActivity
2026-08-12 13:28:10 [ERROR   ] conftest.py:123 — Attempt 2 failed: Message: Cannot start the 'com.zee5.hipi' application. Consider checking the driver's troubleshooting documentation. Original error: Cannot start the 'com.zee5.hipi' application. Consider checking the driver's troubleshooting documentation. Original error: Activity name '.com.creatoreconomy.MainActivity' used to start the app doesn't exist or cannot be launched! Make sure it exists and is a launchable activity
Stacktrace:
UnknownError: Cannot start the 'com.zee5.hipi' application. Consider checking the driver's troubleshooting documentation. Original error: Cannot start the 'com.zee5.hipi' application. Consider checking the driver's troubleshooting documentation. Original error: Activity name '.com.creatoreconomy.MainActivity' used to start the app doesn't exist or cannot be launched! Make sure it exists and is a launchable activity
    at getResponseForW3CError (/opt/homebrew/lib/node_modules/appium/node_modules/@appium/base-driver/build/lib/protocol/errors.js:824:36)
    at asyncHandler (/opt/homebrew/lib/node_modules/appium/node_modules/@appium/base-driver/build/lib/protocol/protocol.js:430:77)
The above error is caused by
Error: Cannot start the 'com.zee5.hipi' application. Consider checking the driver's troubleshooting documentation. Original error: Cannot start the 'com.zee5.hipi' application. Consider checking the driver's troubleshooting documentation. Original error: Activity name '.com.creatoreconomy.MainActivity' used to start the app doesn't exist or cannot be launched! Make sure it exists and is a launchable activity
    at ADB.startApp (/Users/vc.rajdeep.kumar/.appium/node_modules/appium-uiautomator2-driver/node_modules/appium-adb/build/lib/tools/app-commands.js:612:15)
    at process.processTicksAndRejections (node:internal/process/task_queues:104:5)
    at async AndroidUiautomator2Driver.ensureAppStarts (/Users/vc.rajdeep.kumar/.appium/node_modules/appium-uiautomator2-driver/build/lib/driver.js:588:9)
    at async AndroidUiautomator2Driver.performSessionPostExecSetup (/Users/vc.rajdeep.kumar/.appium/node_modules/appium-uiautomator2-driver/build/lib/driver.js:443:13)
    at async AndroidUiautomator2Driver.startUiAutomator2Session (/Users/vc.rajdeep.kumar/.appium/node_modules/appium-uiautomator2-driver/build/lib/driver.js:492:9)
    at async AndroidUiautomator2Driver.createSession (/Users/vc.rajdeep.kumar/.appium/node_modules/appium-uiautomator2-driver/build/lib/driver.js:249:28)
    at async AppiumDriver.createSession (/opt/homebrew/lib/node_modules/appium/build/lib/appium.js:324:43)
2026-08-12 13:28:10 [ERROR   ] conftest.py:255 — Driver fixture setup failed: Driver creation failed after 2 attempts: Message: Cannot start the 'com.zee5.hipi' application. Consider checking the driver's troubleshooting documentation. Original error: Cannot start the 'com.zee5.hipi' application. Consider checking the driver's troubleshooting documentation. Original error: Activity name '.com.creatoreconomy.MainActivity' used to start the app doesn't exist or cannot be launched! Make sure it exists and is a launchable activity
Stacktrace:
UnknownError: Cannot start the 'com.zee5.hipi' application. Consider checking the driver's troubleshooting documentation. Original error: Cannot start the 'com.zee5.hipi' application. Consider checking the driver's troubleshooting documentation. Original error: Activity name '.com.creatoreconomy.MainActivity' used to start the app doesn't exist or cannot be launched! Make sure it exists and is a launchable activity
    at getResponseForW3CError (/opt/homebrew/lib/node_modules/appium/node_modules/@appium/base-driver/build/lib/protocol/errors.js:824:36)
    at asyncHandler (/opt/homebrew/lib/node_modules/appium/node_modules/@appium/base-driver/build/lib/protocol/protocol.js:430:77)
The above error is caused by
Error: Cannot start the 'com.zee5.hipi' application. Consider checking the driver's troubleshooting documentation. Original error: Cannot start the 'com.zee5.hipi' application. Consider checking the driver's troubleshooting documentation. Original error: Activity name '.com.creatoreconomy.MainActivity' used to start the app doesn't exist or cannot be launched! Make sure it exists and is a launchable activity
    at ADB.startApp (/Users/vc.rajdeep.kumar/.appium/node_modules/appium-uiautomator2-driver/node_modules/appium-adb/build/lib/tools/app-commands.js:612:15)
    at process.processTicksAndRejections (node:internal/process/task_queues:104:5)
    at async AndroidUiautomator2Driver.ensureAppStarts (/Users/vc.rajdeep.kumar/.appium/node_modules/appium-uiautomator2-driver/build/lib/driver.js:588:9)
    at async AndroidUiautomator2Driver.performSessionPostExecSetup (/Users/vc.rajdeep.kumar/.appium/node_modules/appium-uiautomator2-driver/build/lib/driver.js:443:13)
    at async AndroidUiautomator2Driver.startUiAutomator2Session (/Users/vc.rajdeep.kumar/.appium/node_modules/appium-uiautomator2-driver/build/lib/driver.js:492:9)
    at async AndroidUiautomator2Driver.createSession (/Users/vc.rajdeep.kumar/.appium/node_modules/appium-uiautomator2-driver/build/lib/driver.js:249:28)
    at async AppiumDriver.createSession (/opt/homebrew/lib/node_modules/appium/build/lib/appium.js:324:43)
2026-08-12 13:28:14 [INFO    ] conftest.py:227 — ==================================================
2026-08-12 13:28:14 [INFO    ] conftest.py:228 — DRIVER SETUP START
2026-08-12 13:28:14 [INFO    ] conftest.py:229 — ==================================================
2026-08-12 13:28:14 [INFO    ] conftest.py:116 — Driver creation attempt 1/2
2026-08-12 13:28:14 [INFO    ] driver_factory.py:53 — ========== DRIVER CREATION START ==========
2026-08-12 13:28:14 [INFO    ] driver_factory.py:70 — Device: emulator | Env: qa | Platform: Android
2026-08-12 13:28:14 [INFO    ] driver_factory.py:132 — Device Name: Android Emulator
2026-08-12 13:28:14 [INFO    ] driver_factory.py:133 — UDID: emulator-5554
2026-08-12 13:28:14 [INFO    ] driver_factory.py:140 — App Package: com.zee5.hipi
2026-08-12 13:28:14 [INFO    ] driver_factory.py:141 — App Activity: com.creatoreconomy.MainActivity
2026-08-12 13:28:16 [ERROR   ] conftest.py:123 — Attempt 1 failed: Message: Cannot start the 'com.zee5.hipi' application. Consider checking the driver's troubleshooting documentation. Original error: Cannot start the 'com.zee5.hipi' application. Consider checking the driver's troubleshooting documentation. Original error: Activity name '.com.creatoreconomy.MainActivity' used to start the app doesn't exist or cannot be launched! Make sure it exists and is a launchable activity
Stacktrace:
UnknownError: Cannot start the 'com.zee5.hipi' application. Consider checking the driver's troubleshooting documentation. Original error: Cannot start the 'com.zee5.hipi' application. Consider checking the driver's troubleshooting documentation. Original error: Activity name '.com.creatoreconomy.MainActivity' used to start the app doesn't exist or cannot be launched! Make sure it exists and is a launchable activity
    at getResponseForW3CError (/opt/homebrew/lib/node_modules/appium/node_modules/@appium/base-driver/build/lib/protocol/errors.js:824:36)
    at asyncHandler (/opt/homebrew/lib/node_modules/appium/node_modules/@appium/base-driver/build/lib/protocol/protocol.js:430:77)
The above error is caused by
Error: Cannot start the 'com.zee5.hipi' application. Consider checking the driver's troubleshooting documentation. Original error: Cannot start the 'com.zee5.hipi' application. Consider checking the driver's troubleshooting documentation. Original error: Activity name '.com.creatoreconomy.MainActivity' used to start the app doesn't exist or cannot be launched! Make sure it exists and is a launchable activity
    at ADB.startApp (/Users/vc.rajdeep.kumar/.appium/node_modules/appium-uiautomator2-driver/node_modules/appium-adb/build/lib/tools/app-commands.js:612:15)
    at async AndroidUiautomator2Driver.ensureAppStarts (/Users/vc.rajdeep.kumar/.appium/node_modules/appium-uiautomator2-driver/build/lib/driver.js:588:9)
    at async AndroidUiautomator2Driver.performSessionPostExecSetup (/Users/vc.rajdeep.kumar/.appium/node_modules/appium-uiautomator2-driver/build/lib/driver.js:443:13)
    at async AndroidUiautomator2Driver.startUiAutomator2Session (/Users/vc.rajdeep.kumar/.appium/node_modules/appium-uiautomator2-driver/build/lib/driver.js:492:9)
    at async AndroidUiautomator2Driver.createSession (/Users/vc.rajdeep.kumar/.appium/node_modules/appium-uiautomator2-driver/build/lib/driver.js:249:28)
    at async AppiumDriver.createSession (/opt/homebrew/lib/node_modules/appium/build/lib/appium.js:324:43)
2026-08-12 13:28:16 [INFO    ] conftest.py:131 — Waiting 10s before retry...
2026-08-12 13:28:26 [INFO    ] conftest.py:116 — Driver creation attempt 2/2
2026-08-12 13:28:26 [INFO    ] driver_factory.py:53 — ========== DRIVER CREATION START ==========
2026-08-12 13:28:26 [INFO    ] driver_factory.py:70 — Device: emulator | Env: qa | Platform: Android
2026-08-12 13:28:26 [INFO    ] driver_factory.py:132 — Device Name: Android Emulator
2026-08-12 13:28:26 [INFO    ] driver_factory.py:133 — UDID: emulator-5554
2026-08-12 13:28:26 [INFO    ] driver_factory.py:140 — App Package: com.zee5.hipi
2026-08-12 13:28:26 [INFO    ] driver_factory.py:141 — App Activity: com.creatoreconomy.MainActivity
2026-08-12 13:28:29 [ERROR   ] conftest.py:123 — Attempt 2 failed: Message: Cannot start the 'com.zee5.hipi' application. Consider checking the driver's troubleshooting documentation. Original error: Cannot start the 'com.zee5.hipi' application. Consider checking the driver's troubleshooting documentation. Original error: Activity name '.com.creatoreconomy.MainActivity' used to start the app doesn't exist or cannot be launched! Make sure it exists and is a launchable activity
Stacktrace:
UnknownError: Cannot start the 'com.zee5.hipi' application. Consider checking the driver's troubleshooting documentation. Original error: Cannot start the 'com.zee5.hipi' application. Consider checking the driver's troubleshooting documentation. Original error: Activity name '.com.creatoreconomy.MainActivity' used to start the app doesn't exist or cannot be launched! Make sure it exists and is a launchable activity
    at getResponseForW3CError (/opt/homebrew/lib/node_modules/appium/node_modules/@appium/base-driver/build/lib/protocol/errors.js:824:36)
    at asyncHandler (/opt/homebrew/lib/node_modules/appium/node_modules/@appium/base-driver/build/lib/protocol/protocol.js:430:77)
The above error is caused by
Error: Cannot start the 'com.zee5.hipi' application. Consider checking the driver's troubleshooting documentation. Original error: Cannot start the 'com.zee5.hipi' application. Consider checking the driver's troubleshooting documentation. Original error: Activity name '.com.creatoreconomy.MainActivity' used to start the app doesn't exist or cannot be launched! Make sure it exists and is a launchable activity
    at ADB.startApp (/Users/vc.rajdeep.kumar/.appium/node_modules/appium-uiautomator2-driver/node_modules/appium-adb/build/lib/tools/app-commands.js:612:15)
    at process.processTicksAndRejections (node:internal/process/task_queues:104:5)
    at async AndroidUiautomator2Driver.ensureAppStarts (/Users/vc.rajdeep.kumar/.appium/node_modules/appium-uiautomator2-driver/build/lib/driver.js:588:9)
    at async AndroidUiautomator2Driver.performSessionPostExecSetup (/Users/vc.rajdeep.kumar/.appium/node_modules/appium-uiautomator2-driver/build/lib/driver.js:443:13)
    at async AndroidUiautomator2Driver.startUiAutomator2Session (/Users/vc.rajdeep.kumar/.appium/node_modules/appium-uiautomator2-driver/build/lib/driver.js:492:9)
    at async AndroidUiautomator2Driver.createSession (/Users/vc.rajdeep.kumar/.appium/node_modules/appium-uiautomator2-driver/build/lib/driver.js:249:28)
    at async AppiumDriver.createSession (/opt/homebrew/lib/node_modules/appium/build/lib/appium.js:324:43)
2026-08-12 13:28:29 [ERROR   ] conftest.py:255 — Driver fixture setup failed: Driver creation failed after 2 attempts: Message: Cannot start the 'com.zee5.hipi' application. Consider checking the driver's troubleshooting documentation. Original error: Cannot start the 'com.zee5.hipi' application. Consider checking the driver's troubleshooting documentation. Original error: Activity name '.com.creatoreconomy.MainActivity' used to start the app doesn't exist or cannot be launched! Make sure it exists and is a launchable activity
Stacktrace:
UnknownError: Cannot start the 'com.zee5.hipi' application. Consider checking the driver's troubleshooting documentation. Original error: Cannot start the 'com.zee5.hipi' application. Consider checking the driver's troubleshooting documentation. Original error: Activity name '.com.creatoreconomy.MainActivity' used to start the app doesn't exist or cannot be launched! Make sure it exists and is a launchable activity
    at getResponseForW3CError (/opt/homebrew/lib/node_modules/appium/node_modules/@appium/base-driver/build/lib/protocol/errors.js:824:36)
    at asyncHandler (/opt/homebrew/lib/node_modules/appium/node_modules/@appium/base-driver/build/lib/protocol/protocol.js:430:77)
The above error is caused by
Error: Cannot start the 'com.zee5.hipi' application. Consider checking the driver's troubleshooting documentation. Original error: Cannot start the 'com.zee5.hipi' application. Consider checking the driver's troubleshooting documentation. Original error: Activity name '.com.creatoreconomy.MainActivity' used to start the app doesn't exist or cannot be launched! Make sure it exists and is a launchable activity
    at ADB.startApp (/Users/vc.rajdeep.kumar/.appium/node_modules/appium-uiautomator2-driver/node_modules/appium-adb/build/lib/tools/app-commands.js:612:15)
    at process.processTicksAndRejections (node:internal/process/task_queues:104:5)
    at async AndroidUiautomator2Driver.ensureAppStarts (/Users/vc.rajdeep.kumar/.appium/node_modules/appium-uiautomator2-driver/build/lib/driver.js:588:9)
    at async AndroidUiautomator2Driver.performSessionPostExecSetup (/Users/vc.rajdeep.kumar/.appium/node_modules/appium-uiautomator2-driver/build/lib/driver.js:443:13)
    at async AndroidUiautomator2Driver.startUiAutomator2Session (/Users/vc.rajdeep.kumar/.appium/node_modules/appium-uiautomator2-driver/build/lib/driver.js:492:9)
    at async AndroidUiautomator2Driver.createSession (/Users/vc.rajdeep.kumar/.appium/node_modules/appium-uiautomator2-driver/build/lib/driver.js:249:28)
    at async AppiumDriver.createSession (/opt/homebrew/lib/node_modules/appium/build/lib/appium.js:324:43)
2026-08-12 13:28:29 [INFO    ] conftest.py:227 — ==================================================
2026-08-12 13:28:29 [INFO    ] conftest.py:228 — DRIVER SETUP START
2026-08-12 13:28:29 [INFO    ] conftest.py:229 — ==================================================
2026-08-12 13:28:29 [INFO    ] conftest.py:116 — Driver creation attempt 1/2
2026-08-12 13:28:29 [INFO    ] driver_factory.py:53 — ========== DRIVER CREATION START ==========
2026-08-12 13:28:29 [INFO    ] driver_factory.py:70 — Device: emulator | Env: qa | Platform: Android
2026-08-12 13:28:29 [INFO    ] driver_factory.py:132 — Device Name: Android Emulator
2026-08-12 13:28:29 [INFO    ] driver_factory.py:133 — UDID: emulator-5554
2026-08-12 13:28:29 [INFO    ] driver_factory.py:140 — App Package: com.zee5.hipi
2026-08-12 13:28:29 [INFO    ] driver_factory.py:141 — App Activity: com.creatoreconomy.MainActivity
2026-08-12 13:28:32 [ERROR   ] conftest.py:123 — Attempt 1 failed: Message: Cannot start the 'com.zee5.hipi' application. Consider checking the driver's troubleshooting documentation. Original error: Cannot start the 'com.zee5.hipi' application. Consider checking the driver's troubleshooting documentation. Original error: Activity name '.com.creatoreconomy.MainActivity' used to start the app doesn't exist or cannot be launched! Make sure it exists and is a launchable activity
Stacktrace:
UnknownError: Cannot start the 'com.zee5.hipi' application. Consider checking the driver's troubleshooting documentation. Original error: Cannot start the 'com.zee5.hipi' application. Consider checking the driver's troubleshooting documentation. Original error: Activity name '.com.creatoreconomy.MainActivity' used to start the app doesn't exist or cannot be launched! Make sure it exists and is a launchable activity
    at getResponseForW3CError (/opt/homebrew/lib/node_modules/appium/node_modules/@appium/base-driver/build/lib/protocol/errors.js:824:36)
    at asyncHandler (/opt/homebrew/lib/node_modules/appium/node_modules/@appium/base-driver/build/lib/protocol/protocol.js:430:77)
The above error is caused by
Error: Cannot start the 'com.zee5.hipi' application. Consider checking the driver's troubleshooting documentation. Original error: Cannot start the 'com.zee5.hipi' application. Consider checking the driver's troubleshooting documentation. Original error: Activity name '.com.creatoreconomy.MainActivity' used to start the app doesn't exist or cannot be launched! Make sure it exists and is a launchable activity
    at ADB.startApp (/Users/vc.rajdeep.kumar/.appium/node_modules/appium-uiautomator2-driver/node_modules/appium-adb/build/lib/tools/app-commands.js:612:15)
    at async AndroidUiautomator2Driver.ensureAppStarts (/Users/vc.rajdeep.kumar/.appium/node_modules/appium-uiautomator2-driver/build/lib/driver.js:588:9)
    at async AndroidUiautomator2Driver.performSessionPostExecSetup (/Users/vc.rajdeep.kumar/.appium/node_modules/appium-uiautomator2-driver/build/lib/driver.js:443:13)
    at async AndroidUiautomator2Driver.startUiAutomator2Session (/Users/vc.rajdeep.kumar/.appium/node_modules/appium-uiautomator2-driver/build/lib/driver.js:492:9)
    at async AndroidUiautomator2Driver.createSession (/Users/vc.rajdeep.kumar/.appium/node_modules/appium-uiautomator2-driver/build/lib/driver.js:249:28)
    at async AppiumDriver.createSession (/opt/homebrew/lib/node_modules/appium/build/lib/appium.js:324:43)
2026-08-12 13:28:32 [INFO    ] conftest.py:131 — Waiting 10s before retry...
2026-08-12 13:28:42 [INFO    ] conftest.py:116 — Driver creation attempt 2/2
2026-08-12 13:28:42 [INFO    ] driver_factory.py:53 — ========== DRIVER CREATION START ==========
2026-08-12 13:28:42 [INFO    ] driver_factory.py:70 — Device: emulator | Env: qa | Platform: Android
2026-08-12 13:28:42 [INFO    ] driver_factory.py:132 — Device Name: Android Emulator
2026-08-12 13:28:42 [INFO    ] driver_factory.py:133 — UDID: emulator-5554
2026-08-12 13:28:42 [INFO    ] driver_factory.py:140 — App Package: com.zee5.hipi
2026-08-12 13:28:42 [INFO    ] driver_factory.py:141 — App Activity: com.creatoreconomy.MainActivity
2026-08-12 13:28:45 [ERROR   ] conftest.py:123 — Attempt 2 failed: Message: Cannot start the 'com.zee5.hipi' application. Consider checking the driver's troubleshooting documentation. Original error: Cannot start the 'com.zee5.hipi' application. Consider checking the driver's troubleshooting documentation. Original error: Activity name '.com.creatoreconomy.MainActivity' used to start the app doesn't exist or cannot be launched! Make sure it exists and is a launchable activity
Stacktrace:
UnknownError: Cannot start the 'com.zee5.hipi' application. Consider checking the driver's troubleshooting documentation. Original error: Cannot start the 'com.zee5.hipi' application. Consider checking the driver's troubleshooting documentation. Original error: Activity name '.com.creatoreconomy.MainActivity' used to start the app doesn't exist or cannot be launched! Make sure it exists and is a launchable activity
    at getResponseForW3CError (/opt/homebrew/lib/node_modules/appium/node_modules/@appium/base-driver/build/lib/protocol/errors.js:824:36)
    at asyncHandler (/opt/homebrew/lib/node_modules/appium/node_modules/@appium/base-driver/build/lib/protocol/protocol.js:430:77)
The above error is caused by
Error: Cannot start the 'com.zee5.hipi' application. Consider checking the driver's troubleshooting documentation. Original error: Cannot start the 'com.zee5.hipi' application. Consider checking the driver's troubleshooting documentation. Original error: Activity name '.com.creatoreconomy.MainActivity' used to start the app doesn't exist or cannot be launched! Make sure it exists and is a launchable activity
    at ADB.startApp (/Users/vc.rajdeep.kumar/.appium/node_modules/appium-uiautomator2-driver/node_modules/appium-adb/build/lib/tools/app-commands.js:612:15)
    at process.processTicksAndRejections (node:internal/process/task_queues:104:5)
    at async AndroidUiautomator2Driver.ensureAppStarts (/Users/vc.rajdeep.kumar/.appium/node_modules/appium-uiautomator2-driver/build/lib/driver.js:588:9)
    at async AndroidUiautomator2Driver.performSessionPostExecSetup (/Users/vc.rajdeep.kumar/.appium/node_modules/appium-uiautomator2-driver/build/lib/driver.js:443:13)
    at async AndroidUiautomator2Driver.startUiAutomator2Session (/Users/vc.rajdeep.kumar/.appium/node_modules/appium-uiautomator2-driver/build/lib/driver.js:492:9)
    at async AndroidUiautomator2Driver.createSession (/Users/vc.rajdeep.kumar/.appium/node_modules/appium-uiautomator2-driver/build/lib/driver.js:249:28)
    at async AppiumDriver.createSession (/opt/homebrew/lib/node_modules/appium/build/lib/appium.js:324:43)
2026-08-12 13:28:45 [ERROR   ] conftest.py:255 — Driver fixture setup failed: Driver creation failed after 2 attempts: Message: Cannot start the 'com.zee5.hipi' application. Consider checking the driver's troubleshooting documentation. Original error: Cannot start the 'com.zee5.hipi' application. Consider checking the driver's troubleshooting documentation. Original error: Activity name '.com.creatoreconomy.MainActivity' used to start the app doesn't exist or cannot be launched! Make sure it exists and is a launchable activity
Stacktrace:
UnknownError: Cannot start the 'com.zee5.hipi' application. Consider checking the driver's troubleshooting documentation. Original error: Cannot start the 'com.zee5.hipi' application. Consider checking the driver's troubleshooting documentation. Original error: Activity name '.com.creatoreconomy.MainActivity' used to start the app doesn't exist or cannot be launched! Make sure it exists and is a launchable activity
    at getResponseForW3CError (/opt/homebrew/lib/node_modules/appium/node_modules/@appium/base-driver/build/lib/protocol/errors.js:824:36)
    at asyncHandler (/opt/homebrew/lib/node_modules/appium/node_modules/@appium/base-driver/build/lib/protocol/protocol.js:430:77)
The above error is caused by
Error: Cannot start the 'com.zee5.hipi' application. Consider checking the driver's troubleshooting documentation. Original error: Cannot start the 'com.zee5.hipi' application. Consider checking the driver's troubleshooting documentation. Original error: Activity name '.com.creatoreconomy.MainActivity' used to start the app doesn't exist or cannot be launched! Make sure it exists and is a launchable activity
    at ADB.startApp (/Users/vc.rajdeep.kumar/.appium/node_modules/appium-uiautomator2-driver/node_modules/appium-adb/build/lib/tools/app-commands.js:612:15)
    at process.processTicksAndRejections (node:internal/process/task_queues:104:5)
    at async AndroidUiautomator2Driver.ensureAppStarts (/Users/vc.rajdeep.kumar/.appium/node_modules/appium-uiautomator2-driver/build/lib/driver.js:588:9)
    at async AndroidUiautomator2Driver.performSessionPostExecSetup (/Users/vc.rajdeep.kumar/.appium/node_modules/appium-uiautomator2-driver/build/lib/driver.js:443:13)
    at async AndroidUiautomator2Driver.startUiAutomator2Session (/Users/vc.rajdeep.kumar/.appium/node_modules/appium-uiautomator2-driver/build/lib/driver.js:492:9)
    at async AndroidUiautomator2Driver.createSession (/Users/vc.rajdeep.kumar/.appium/node_modules/appium-uiautomator2-driver/build/lib/driver.js:249:28)
    at async AppiumDriver.createSession (/opt/homebrew/lib/node_modules/appium/build/lib/appium.js:324:43)
2026-08-12 13:28:48 [INFO    ] conftest.py:227 — ==================================================
2026-08-12 13:28:48 [INFO    ] conftest.py:228 — DRIVER SETUP START
2026-08-12 13:28:48 [INFO    ] conftest.py:229 — ==================================================
2026-08-12 13:28:48 [INFO    ] conftest.py:116 — Driver creation attempt 1/2
2026-08-12 13:28:48 [INFO    ] driver_factory.py:53 — ========== DRIVER CREATION START ==========
2026-08-12 13:28:48 [INFO    ] driver_factory.py:70 — Device: emulator | Env: qa | Platform: Android
2026-08-12 13:28:48 [INFO    ] driver_factory.py:132 — Device Name: Android Emulator
2026-08-12 13:28:48 [INFO    ] driver_factory.py:133 — UDID: emulator-5554
2026-08-12 13:28:48 [INFO    ] driver_factory.py:140 — App Package: com.zee5.hipi
2026-08-12 13:28:48 [INFO    ] driver_factory.py:141 — App Activity: com.creatoreconomy.MainActivity
2026-08-12 13:28:51 [ERROR   ] conftest.py:123 — Attempt 1 failed: Message: Cannot start the 'com.zee5.hipi' application. Consider checking the driver's troubleshooting documentation. Original error: Cannot start the 'com.zee5.hipi' application. Consider checking the driver's troubleshooting documentation. Original error: Activity name '.com.creatoreconomy.MainActivity' used to start the app doesn't exist or cannot be launched! Make sure it exists and is a launchable activity
Stacktrace:
UnknownError: Cannot start the 'com.zee5.hipi' application. Consider checking the driver's troubleshooting documentation. Original error: Cannot start the 'com.zee5.hipi' application. Consider checking the driver's troubleshooting documentation. Original error: Activity name '.com.creatoreconomy.MainActivity' used to start the app doesn't exist or cannot be launched! Make sure it exists and is a launchable activity
    at getResponseForW3CError (/opt/homebrew/lib/node_modules/appium/node_modules/@appium/base-driver/build/lib/protocol/errors.js:824:36)
    at asyncHandler (/opt/homebrew/lib/node_modules/appium/node_modules/@appium/base-driver/build/lib/protocol/protocol.js:430:77)
The above error is caused by
Error: Cannot start the 'com.zee5.hipi' application. Consider checking the driver's troubleshooting documentation. Original error: Cannot start the 'com.zee5.hipi' application. Consider checking the driver's troubleshooting documentation. Original error: Activity name '.com.creatoreconomy.MainActivity' used to start the app doesn't exist or cannot be launched! Make sure it exists and is a launchable activity
    at ADB.startApp (/Users/vc.rajdeep.kumar/.appium/node_modules/appium-uiautomator2-driver/node_modules/appium-adb/build/lib/tools/app-commands.js:612:15)
    at async AndroidUiautomator2Driver.ensureAppStarts (/Users/vc.rajdeep.kumar/.appium/node_modules/appium-uiautomator2-driver/build/lib/driver.js:588:9)
    at async AndroidUiautomator2Driver.performSessionPostExecSetup (/Users/vc.rajdeep.kumar/.appium/node_modules/appium-uiautomator2-driver/build/lib/driver.js:443:13)
    at async AndroidUiautomator2Driver.startUiAutomator2Session (/Users/vc.rajdeep.kumar/.appium/node_modules/appium-uiautomator2-driver/build/lib/driver.js:492:9)
    at async AndroidUiautomator2Driver.createSession (/Users/vc.rajdeep.kumar/.appium/node_modules/appium-uiautomator2-driver/build/lib/driver.js:249:28)
    at async AppiumDriver.createSession (/opt/homebrew/lib/node_modules/appium/build/lib/appium.js:324:43)
2026-08-12 13:28:51 [INFO    ] conftest.py:131 — Waiting 10s before retry...
2026-08-12 13:29:01 [INFO    ] conftest.py:116 — Driver creation attempt 2/2
2026-08-12 13:29:01 [INFO    ] driver_factory.py:53 — ========== DRIVER CREATION START ==========
2026-08-12 13:29:01 [INFO    ] driver_factory.py:70 — Device: emulator | Env: qa | Platform: Android
2026-08-12 13:29:01 [INFO    ] driver_factory.py:132 — Device Name: Android Emulator
2026-08-12 13:29:01 [INFO    ] driver_factory.py:133 — UDID: emulator-5554
2026-08-12 13:29:01 [INFO    ] driver_factory.py:140 — App Package: com.zee5.hipi
2026-08-12 13:29:01 [INFO    ] driver_factory.py:141 — App Activity: com.creatoreconomy.MainActivity
2026-08-12 13:29:05 [ERROR   ] conftest.py:123 — Attempt 2 failed: Message: Cannot start the 'com.zee5.hipi' application. Consider checking the driver's troubleshooting documentation. Original error: Cannot start the 'com.zee5.hipi' application. Consider checking the driver's troubleshooting documentation. Original error: Activity name '.com.creatoreconomy.MainActivity' used to start the app doesn't exist or cannot be launched! Make sure it exists and is a launchable activity
Stacktrace:
UnknownError: Cannot start the 'com.zee5.hipi' application. Consider checking the driver's troubleshooting documentation. Original error: Cannot start the 'com.zee5.hipi' application. Consider checking the driver's troubleshooting documentation. Original error: Activity name '.com.creatoreconomy.MainActivity' used to start the app doesn't exist or cannot be launched! Make sure it exists and is a launchable activity
    at getResponseForW3CError (/opt/homebrew/lib/node_modules/appium/node_modules/@appium/base-driver/build/lib/protocol/errors.js:824:36)
    at asyncHandler (/opt/homebrew/lib/node_modules/appium/node_modules/@appium/base-driver/build/lib/protocol/protocol.js:430:77)
The above error is caused by
Error: Cannot start the 'com.zee5.hipi' application. Consider checking the driver's troubleshooting documentation. Original error: Cannot start the 'com.zee5.hipi' application. Consider checking the driver's troubleshooting documentation. Original error: Activity name '.com.creatoreconomy.MainActivity' used to start the app doesn't exist or cannot be launched! Make sure it exists and is a launchable activity
    at ADB.startApp (/Users/vc.rajdeep.kumar/.appium/node_modules/appium-uiautomator2-driver/node_modules/appium-adb/build/lib/tools/app-commands.js:612:15)
    at process.processTicksAndRejections (node:internal/process/task_queues:104:5)
    at async AndroidUiautomator2Driver.ensureAppStarts (/Users/vc.rajdeep.kumar/.appium/node_modules/appium-uiautomator2-driver/build/lib/driver.js:588:9)
    at async AndroidUiautomator2Driver.performSessionPostExecSetup (/Users/vc.rajdeep.kumar/.appium/node_modules/appium-uiautomator2-driver/build/lib/driver.js:443:13)
    at async AndroidUiautomator2Driver.startUiAutomator2Session (/Users/vc.rajdeep.kumar/.appium/node_modules/appium-uiautomator2-driver/build/lib/driver.js:492:9)
    at async AndroidUiautomator2Driver.createSession (/Users/vc.rajdeep.kumar/.appium/node_modules/appium-uiautomator2-driver/build/lib/driver.js:249:28)
    at async AppiumDriver.createSession (/opt/homebrew/lib/node_modules/appium/build/lib/appium.js:324:43)
2026-08-12 13:29:05 [ERROR   ] conftest.py:255 — Driver fixture setup failed: Driver creation failed after 2 attempts: Message: Cannot start the 'com.zee5.hipi' application. Consider checking the driver's troubleshooting documentation. Original error: Cannot start the 'com.zee5.hipi' application. Consider checking the driver's troubleshooting documentation. Original error: Activity name '.com.creatoreconomy.MainActivity' used to start the app doesn't exist or cannot be launched! Make sure it exists and is a launchable activity
Stacktrace:
UnknownError: Cannot start the 'com.zee5.hipi' application. Consider checking the driver's troubleshooting documentation. Original error: Cannot start the 'com.zee5.hipi' application. Consider checking the driver's troubleshooting documentation. Original error: Activity name '.com.creatoreconomy.MainActivity' used to start the app doesn't exist or cannot be launched! Make sure it exists and is a launchable activity
    at getResponseForW3CError (/opt/homebrew/lib/node_modules/appium/node_modules/@appium/base-driver/build/lib/protocol/errors.js:824:36)
    at asyncHandler (/opt/homebrew/lib/node_modules/appium/node_modules/@appium/base-driver/build/lib/protocol/protocol.js:430:77)
The above error is caused by
Error: Cannot start the 'com.zee5.hipi' application. Consider checking the driver's troubleshooting documentation. Original error: Cannot start the 'com.zee5.hipi' application. Consider checking the driver's troubleshooting documentation. Original error: Activity name '.com.creatoreconomy.MainActivity' used to start the app doesn't exist or cannot be launched! Make sure it exists and is a launchable activity
    at ADB.startApp (/Users/vc.rajdeep.kumar/.appium/node_modules/appium-uiautomator2-driver/node_modules/appium-adb/build/lib/tools/app-commands.js:612:15)
    at process.processTicksAndRejections (node:internal/process/task_queues:104:5)
    at async AndroidUiautomator2Driver.ensureAppStarts (/Users/vc.rajdeep.kumar/.appium/node_modules/appium-uiautomator2-driver/build/lib/driver.js:588:9)
    at async AndroidUiautomator2Driver.performSessionPostExecSetup (/Users/vc.rajdeep.kumar/.appium/node_modules/appium-uiautomator2-driver/build/lib/driver.js:443:13)
    at async AndroidUiautomator2Driver.startUiAutomator2Session (/Users/vc.rajdeep.kumar/.appium/node_modules/appium-uiautomator2-driver/build/lib/driver.js:492:9)
    at async AndroidUiautomator2Driver.createSession (/Users/vc.rajdeep.kumar/.appium/node_modules/appium-uiautomator2-driver/build/lib/driver.js:249:28)
    at async AppiumDriver.createSession (/opt/homebrew/lib/node_modules/appium/build/lib/appium.js:324:43)
2026-08-12 13:29:05 [INFO    ] conftest.py:227 — ==================================================
2026-08-12 13:29:05 [INFO    ] conftest.py:228 — DRIVER SETUP START
2026-08-12 13:29:05 [INFO    ] conftest.py:229 — ==================================================
2026-08-12 13:29:05 [INFO    ] conftest.py:116 — Driver creation attempt 1/2
2026-08-12 13:29:05 [INFO    ] driver_factory.py:53 — ========== DRIVER CREATION START ==========
2026-08-12 13:29:05 [INFO    ] driver_factory.py:70 — Device: emulator | Env: qa | Platform: Android
2026-08-12 13:29:05 [INFO    ] driver_factory.py:132 — Device Name: Android Emulator
2026-08-12 13:29:05 [INFO    ] driver_factory.py:133 — UDID: emulator-5554
2026-08-12 13:29:05 [INFO    ] driver_factory.py:140 — App Package: com.zee5.hipi
2026-08-12 13:29:05 [INFO    ] driver_factory.py:141 — App Activity: com.creatoreconomy.MainActivity
2026-08-12 13:29:08 [ERROR   ] conftest.py:123 — Attempt 1 failed: Message: Cannot start the 'com.zee5.hipi' application. Consider checking the driver's troubleshooting documentation. Original error: Cannot start the 'com.zee5.hipi' application. Consider checking the driver's troubleshooting documentation. Original error: Activity name '.com.creatoreconomy.MainActivity' used to start the app doesn't exist or cannot be launched! Make sure it exists and is a launchable activity
Stacktrace:
UnknownError: Cannot start the 'com.zee5.hipi' application. Consider checking the driver's troubleshooting documentation. Original error: Cannot start the 'com.zee5.hipi' application. Consider checking the driver's troubleshooting documentation. Original error: Activity name '.com.creatoreconomy.MainActivity' used to start the app doesn't exist or cannot be launched! Make sure it exists and is a launchable activity
    at getResponseForW3CError (/opt/homebrew/lib/node_modules/appium/node_modules/@appium/base-driver/build/lib/protocol/errors.js:824:36)
    at asyncHandler (/opt/homebrew/lib/node_modules/appium/node_modules/@appium/base-driver/build/lib/protocol/protocol.js:430:77)
The above error is caused by
Error: Cannot start the 'com.zee5.hipi' application. Consider checking the driver's troubleshooting documentation. Original error: Cannot start the 'com.zee5.hipi' application. Consider checking the driver's troubleshooting documentation. Original error: Activity name '.com.creatoreconomy.MainActivity' used to start the app doesn't exist or cannot be launched! Make sure it exists and is a launchable activity
    at ADB.startApp (/Users/vc.rajdeep.kumar/.appium/node_modules/appium-uiautomator2-driver/node_modules/appium-adb/build/lib/tools/app-commands.js:612:15)
    at process.processTicksAndRejections (node:internal/process/task_queues:104:5)
    at async AndroidUiautomator2Driver.ensureAppStarts (/Users/vc.rajdeep.kumar/.appium/node_modules/appium-uiautomator2-driver/build/lib/driver.js:588:9)
    at async AndroidUiautomator2Driver.performSessionPostExecSetup (/Users/vc.rajdeep.kumar/.appium/node_modules/appium-uiautomator2-driver/build/lib/driver.js:443:13)
    at async AndroidUiautomator2Driver.startUiAutomator2Session (/Users/vc.rajdeep.kumar/.appium/node_modules/appium-uiautomator2-driver/build/lib/driver.js:492:9)
    at async AndroidUiautomator2Driver.createSession (/Users/vc.rajdeep.kumar/.appium/node_modules/appium-uiautomator2-driver/build/lib/driver.js:249:28)
    at async AppiumDriver.createSession (/opt/homebrew/lib/node_modules/appium/build/lib/appium.js:324:43)
2026-08-12 13:29:08 [INFO    ] conftest.py:131 — Waiting 10s before retry...
2026-08-12 13:29:18 [INFO    ] conftest.py:116 — Driver creation attempt 2/2
2026-08-12 13:29:18 [INFO    ] driver_factory.py:53 — ========== DRIVER CREATION START ==========
2026-08-12 13:29:18 [INFO    ] driver_factory.py:70 — Device: emulator | Env: qa | Platform: Android
2026-08-12 13:29:18 [INFO    ] driver_factory.py:132 — Device Name: Android Emulator
2026-08-12 13:29:18 [INFO    ] driver_factory.py:133 — UDID: emulator-5554
2026-08-12 13:29:18 [INFO    ] driver_factory.py:140 — App Package: com.zee5.hipi
2026-08-12 13:29:18 [INFO    ] driver_factory.py:141 — App Activity: com.creatoreconomy.MainActivity
2026-08-12 13:29:22 [ERROR   ] conftest.py:123 — Attempt 2 failed: Message: Cannot start the 'com.zee5.hipi' application. Consider checking the driver's troubleshooting documentation. Original error: Cannot start the 'com.zee5.hipi' application. Consider checking the driver's troubleshooting documentation. Original error: Activity name '.com.creatoreconomy.MainActivity' used to start the app doesn't exist or cannot be launched! Make sure it exists and is a launchable activity
Stacktrace:
UnknownError: Cannot start the 'com.zee5.hipi' application. Consider checking the driver's troubleshooting documentation. Original error: Cannot start the 'com.zee5.hipi' application. Consider checking the driver's troubleshooting documentation. Original error: Activity name '.com.creatoreconomy.MainActivity' used to start the app doesn't exist or cannot be launched! Make sure it exists and is a launchable activity
    at getResponseForW3CError (/opt/homebrew/lib/node_modules/appium/node_modules/@appium/base-driver/build/lib/protocol/errors.js:824:36)
    at asyncHandler (/opt/homebrew/lib/node_modules/appium/node_modules/@appium/base-driver/build/lib/protocol/protocol.js:430:77)
The above error is caused by
Error: Cannot start the 'com.zee5.hipi' application. Consider checking the driver's troubleshooting documentation. Original error: Cannot start the 'com.zee5.hipi' application. Consider checking the driver's troubleshooting documentation. Original error: Activity name '.com.creatoreconomy.MainActivity' used to start the app doesn't exist or cannot be launched! Make sure it exists and is a launchable activity
    at ADB.startApp (/Users/vc.rajdeep.kumar/.appium/node_modules/appium-uiautomator2-driver/node_modules/appium-adb/build/lib/tools/app-commands.js:612:15)
    at async AndroidUiautomator2Driver.ensureAppStarts (/Users/vc.rajdeep.kumar/.appium/node_modules/appium-uiautomator2-driver/build/lib/driver.js:588:9)
    at async AndroidUiautomator2Driver.performSessionPostExecSetup (/Users/vc.rajdeep.kumar/.appium/node_modules/appium-uiautomator2-driver/build/lib/driver.js:443:13)
    at async AndroidUiautomator2Driver.startUiAutomator2Session (/Users/vc.rajdeep.kumar/.appium/node_modules/appium-uiautomator2-driver/build/lib/driver.js:492:9)
    at async AndroidUiautomator2Driver.createSession (/Users/vc.rajdeep.kumar/.appium/node_modules/appium-uiautomator2-driver/build/lib/driver.js:249:28)
    at async AppiumDriver.createSession (/opt/homebrew/lib/node_modules/appium/build/lib/appium.js:324:43)
2026-08-12 13:29:22 [ERROR   ] conftest.py:255 — Driver fixture setup failed: Driver creation failed after 2 attempts: Message: Cannot start the 'com.zee5.hipi' application. Consider checking the driver's troubleshooting documentation. Original error: Cannot start the 'com.zee5.hipi' application. Consider checking the driver's troubleshooting documentation. Original error: Activity name '.com.creatoreconomy.MainActivity' used to start the app doesn't exist or cannot be launched! Make sure it exists and is a launchable activity
Stacktrace:
UnknownError: Cannot start the 'com.zee5.hipi' application. Consider checking the driver's troubleshooting documentation. Original error: Cannot start the 'com.zee5.hipi' application. Consider checking the driver's troubleshooting documentation. Original error: Activity name '.com.creatoreconomy.MainActivity' used to start the app doesn't exist or cannot be launched! Make sure it exists and is a launchable activity
    at getResponseForW3CError (/opt/homebrew/lib/node_modules/appium/node_modules/@appium/base-driver/build/lib/protocol/errors.js:824:36)
    at asyncHandler (/opt/homebrew/lib/node_modules/appium/node_modules/@appium/base-driver/build/lib/protocol/protocol.js:430:77)
The above error is caused by
Error: Cannot start the 'com.zee5.hipi' application. Consider checking the driver's troubleshooting documentation. Original error: Cannot start the 'com.zee5.hipi' application. Consider checking the driver's troubleshooting documentation. Original error: Activity name '.com.creatoreconomy.MainActivity' used to start the app doesn't exist or cannot be launched! Make sure it exists and is a launchable activity
    at ADB.startApp (/Users/vc.rajdeep.kumar/.appium/node_modules/appium-uiautomator2-driver/node_modules/appium-adb/build/lib/tools/app-commands.js:612:15)
    at async AndroidUiautomator2Driver.ensureAppStarts (/Users/vc.rajdeep.kumar/.appium/node_modules/appium-uiautomator2-driver/build/lib/driver.js:588:9)
    at async AndroidUiautomator2Driver.performSessionPostExecSetup (/Users/vc.rajdeep.kumar/.appium/node_modules/appium-uiautomator2-driver/build/lib/driver.js:443:13)
    at async AndroidUiautomator2Driver.startUiAutomator2Session (/Users/vc.rajdeep.kumar/.appium/node_modules/appium-uiautomator2-driver/build/lib/driver.js:492:9)
    at async AndroidUiautomator2Driver.createSession (/Users/vc.rajdeep.kumar/.appium/node_modules/appium-uiautomator2-driver/build/lib/driver.js:249:28)
    at async AppiumDriver.createSession (/opt/homebrew/lib/node_modules/appium/build/lib/appium.js:324:43)
2026-08-12 13:29:25 [INFO    ] conftest.py:227 — ==================================================
2026-08-12 13:29:25 [INFO    ] conftest.py:228 — DRIVER SETUP START
2026-08-12 13:29:25 [INFO    ] conftest.py:229 — ==================================================
2026-08-12 13:29:25 [INFO    ] conftest.py:116 — Driver creation attempt 1/2
2026-08-12 13:29:25 [INFO    ] driver_factory.py:53 — ========== DRIVER CREATION START ==========
2026-08-12 13:29:25 [INFO    ] driver_factory.py:70 — Device: emulator | Env: qa | Platform: Android
2026-08-12 13:29:25 [INFO    ] driver_factory.py:132 — Device Name: Android Emulator
2026-08-12 13:29:25 [INFO    ] driver_factory.py:133 — UDID: emulator-5554
2026-08-12 13:29:25 [INFO    ] driver_factory.py:140 — App Package: com.zee5.hipi
2026-08-12 13:29:25 [INFO    ] driver_factory.py:141 — App Activity: com.creatoreconomy.MainActivity
2026-08-12 13:29:28 [ERROR   ] conftest.py:123 — Attempt 1 failed: Message: Cannot start the 'com.zee5.hipi' application. Consider checking the driver's troubleshooting documentation. Original error: Cannot start the 'com.zee5.hipi' application. Consider checking the driver's troubleshooting documentation. Original error: Activity name '.com.creatoreconomy.MainActivity' used to start the app doesn't exist or cannot be launched! Make sure it exists and is a launchable activity
Stacktrace:
UnknownError: Cannot start the 'com.zee5.hipi' application. Consider checking the driver's troubleshooting documentation. Original error: Cannot start the 'com.zee5.hipi' application. Consider checking the driver's troubleshooting documentation. Original error: Activity name '.com.creatoreconomy.MainActivity' used to start the app doesn't exist or cannot be launched! Make sure it exists and is a launchable activity
    at getResponseForW3CError (/opt/homebrew/lib/node_modules/appium/node_modules/@appium/base-driver/build/lib/protocol/errors.js:824:36)
    at asyncHandler (/opt/homebrew/lib/node_modules/appium/node_modules/@appium/base-driver/build/lib/protocol/protocol.js:430:77)
The above error is caused by
Error: Cannot start the 'com.zee5.hipi' application. Consider checking the driver's troubleshooting documentation. Original error: Cannot start the 'com.zee5.hipi' application. Consider checking the driver's troubleshooting documentation. Original error: Activity name '.com.creatoreconomy.MainActivity' used to start the app doesn't exist or cannot be launched! Make sure it exists and is a launchable activity
    at ADB.startApp (/Users/vc.rajdeep.kumar/.appium/node_modules/appium-uiautomator2-driver/node_modules/appium-adb/build/lib/tools/app-commands.js:612:15)
    at process.processTicksAndRejections (node:internal/process/task_queues:104:5)
    at async AndroidUiautomator2Driver.ensureAppStarts (/Users/vc.rajdeep.kumar/.appium/node_modules/appium-uiautomator2-driver/build/lib/driver.js:588:9)
    at async AndroidUiautomator2Driver.performSessionPostExecSetup (/Users/vc.rajdeep.kumar/.appium/node_modules/appium-uiautomator2-driver/build/lib/driver.js:443:13)
    at async AndroidUiautomator2Driver.startUiAutomator2Session (/Users/vc.rajdeep.kumar/.appium/node_modules/appium-uiautomator2-driver/build/lib/driver.js:492:9)
    at async AndroidUiautomator2Driver.createSession (/Users/vc.rajdeep.kumar/.appium/node_modules/appium-uiautomator2-driver/build/lib/driver.js:249:28)
    at async AppiumDriver.createSession (/opt/homebrew/lib/node_modules/appium/build/lib/appium.js:324:43)
2026-08-12 13:29:28 [INFO    ] conftest.py:131 — Waiting 10s before retry...
2026-08-12 13:29:38 [INFO    ] conftest.py:116 — Driver creation attempt 2/2
2026-08-12 13:29:38 [INFO    ] driver_factory.py:53 — ========== DRIVER CREATION START ==========
2026-08-12 13:29:38 [INFO    ] driver_factory.py:70 — Device: emulator | Env: qa | Platform: Android
2026-08-12 13:29:38 [INFO    ] driver_factory.py:132 — Device Name: Android Emulator
2026-08-12 13:29:38 [INFO    ] driver_factory.py:133 — UDID: emulator-5554
2026-08-12 13:29:38 [INFO    ] driver_factory.py:140 — App Package: com.zee5.hipi
2026-08-12 13:29:38 [INFO    ] driver_factory.py:141 — App Activity: com.creatoreconomy.MainActivity
2026-08-12 13:29:42 [ERROR   ] conftest.py:123 — Attempt 2 failed: Message: Cannot start the 'com.zee5.hipi' application. Consider checking the driver's troubleshooting documentation. Original error: Cannot start the 'com.zee5.hipi' application. Consider checking the driver's troubleshooting documentation. Original error: Activity name '.com.creatoreconomy.MainActivity' used to start the app doesn't exist or cannot be launched! Make sure it exists and is a launchable activity
Stacktrace:
UnknownError: Cannot start the 'com.zee5.hipi' application. Consider checking the driver's troubleshooting documentation. Original error: Cannot start the 'com.zee5.hipi' application. Consider checking the driver's troubleshooting documentation. Original error: Activity name '.com.creatoreconomy.MainActivity' used to start the app doesn't exist or cannot be launched! Make sure it exists and is a launchable activity
    at getResponseForW3CError (/opt/homebrew/lib/node_modules/appium/node_modules/@appium/base-driver/build/lib/protocol/errors.js:824:36)
    at asyncHandler (/opt/homebrew/lib/node_modules/appium/node_modules/@appium/base-driver/build/lib/protocol/protocol.js:430:77)
The above error is caused by
Error: Cannot start the 'com.zee5.hipi' application. Consider checking the driver's troubleshooting documentation. Original error: Cannot start the 'com.zee5.hipi' application. Consider checking the driver's troubleshooting documentation. Original error: Activity name '.com.creatoreconomy.MainActivity' used to start the app doesn't exist or cannot be launched! Make sure it exists and is a launchable activity
    at ADB.startApp (/Users/vc.rajdeep.kumar/.appium/node_modules/appium-uiautomator2-driver/node_modules/appium-adb/build/lib/tools/app-commands.js:612:15)
    at process.processTicksAndRejections (node:internal/process/task_queues:104:5)
    at async AndroidUiautomator2Driver.ensureAppStarts (/Users/vc.rajdeep.kumar/.appium/node_modules/appium-uiautomator2-driver/build/lib/driver.js:588:9)
    at async AndroidUiautomator2Driver.performSessionPostExecSetup (/Users/vc.rajdeep.kumar/.appium/node_modules/appium-uiautomator2-driver/build/lib/driver.js:443:13)
    at async AndroidUiautomator2Driver.startUiAutomator2Session (/Users/vc.rajdeep.kumar/.appium/node_modules/appium-uiautomator2-driver/build/lib/driver.js:492:9)
    at async AndroidUiautomator2Driver.createSession (/Users/vc.rajdeep.kumar/.appium/node_modules/appium-uiautomator2-driver/build/lib/driver.js:249:28)
    at async AppiumDriver.createSession (/opt/homebrew/lib/node_modules/appium/build/lib/appium.js:324:43)
2026-08-12 13:29:42 [ERROR   ] conftest.py:255 — Driver fixture setup failed: Driver creation failed after 2 attempts: Message: Cannot start the 'com.zee5.hipi' application. Consider checking the driver's troubleshooting documentation. Original error: Cannot start the 'com.zee5.hipi' application. Consider checking the driver's troubleshooting documentation. Original error: Activity name '.com.creatoreconomy.MainActivity' used to start the app doesn't exist or cannot be launched! Make sure it exists and is a launchable activity
Stacktrace:
UnknownError: Cannot start the 'com.zee5.hipi' application. Consider checking the driver's troubleshooting documentation. Original error: Cannot start the 'com.zee5.hipi' application. Consider checking the driver's troubleshooting documentation. Original error: Activity name '.com.creatoreconomy.MainActivity' used to start the app doesn't exist or cannot be launched! Make sure it exists and is a launchable activity
    at getResponseForW3CError (/opt/homebrew/lib/node_modules/appium/node_modules/@appium/base-driver/build/lib/protocol/errors.js:824:36)
    at asyncHandler (/opt/homebrew/lib/node_modules/appium/node_modules/@appium/base-driver/build/lib/protocol/protocol.js:430:77)
The above error is caused by
Error: Cannot start the 'com.zee5.hipi' application. Consider checking the driver's troubleshooting documentation. Original error: Cannot start the 'com.zee5.hipi' application. Consider checking the driver's troubleshooting documentation. Original error: Activity name '.com.creatoreconomy.MainActivity' used to start the app doesn't exist or cannot be launched! Make sure it exists and is a launchable activity
    at ADB.startApp (/Users/vc.rajdeep.kumar/.appium/node_modules/appium-uiautomator2-driver/node_modules/appium-adb/build/lib/tools/app-commands.js:612:15)
    at process.processTicksAndRejections (node:internal/process/task_queues:104:5)
    at async AndroidUiautomator2Driver.ensureAppStarts (/Users/vc.rajdeep.kumar/.appium/node_modules/appium-uiautomator2-driver/build/lib/driver.js:588:9)
    at async AndroidUiautomator2Driver.performSessionPostExecSetup (/Users/vc.rajdeep.kumar/.appium/node_modules/appium-uiautomator2-driver/build/lib/driver.js:443:13)
    at async AndroidUiautomator2Driver.startUiAutomator2Session (/Users/vc.rajdeep.kumar/.appium/node_modules/appium-uiautomator2-driver/build/lib/driver.js:492:9)
    at async AndroidUiautomator2Driver.createSession (/Users/vc.rajdeep.kumar/.appium/node_modules/appium-uiautomator2-driver/build/lib/driver.js:249:28)
    at async AppiumDriver.createSession (/opt/homebrew/lib/node_modules/appium/build/lib/appium.js:324:43)
2026-08-12 13:29:42 [INFO    ] conftest.py:227 — ==================================================
2026-08-12 13:29:42 [INFO    ] conftest.py:228 — DRIVER SETUP START
2026-08-12 13:29:42 [INFO    ] conftest.py:229 — ==================================================
2026-08-12 13:29:42 [INFO    ] conftest.py:116 — Driver creation attempt 1/2
2026-08-12 13:29:42 [INFO    ] driver_factory.py:53 — ========== DRIVER CREATION START ==========
2026-08-12 13:29:42 [INFO    ] driver_factory.py:70 — Device: emulator | Env: qa | Platform: Android
2026-08-12 13:29:42 [INFO    ] driver_factory.py:132 — Device Name: Android Emulator
2026-08-12 13:29:42 [INFO    ] driver_factory.py:133 — UDID: emulator-5554
2026-08-12 13:29:42 [INFO    ] driver_factory.py:140 — App Package: com.zee5.hipi
2026-08-12 13:29:42 [INFO    ] driver_factory.py:141 — App Activity: com.creatoreconomy.MainActivity
2026-08-12 13:29:45 [ERROR   ] conftest.py:123 — Attempt 1 failed: Message: Cannot start the 'com.zee5.hipi' application. Consider checking the driver's troubleshooting documentation. Original error: Cannot start the 'com.zee5.hipi' application. Consider checking the driver's troubleshooting documentation. Original error: Activity name '.com.creatoreconomy.MainActivity' used to start the app doesn't exist or cannot be launched! Make sure it exists and is a launchable activity
Stacktrace:
UnknownError: Cannot start the 'com.zee5.hipi' application. Consider checking the driver's troubleshooting documentation. Original error: Cannot start the 'com.zee5.hipi' application. Consider checking the driver's troubleshooting documentation. Original error: Activity name '.com.creatoreconomy.MainActivity' used to start the app doesn't exist or cannot be launched! Make sure it exists and is a launchable activity
    at getResponseForW3CError (/opt/homebrew/lib/node_modules/appium/node_modules/@appium/base-driver/build/lib/protocol/errors.js:824:36)
    at asyncHandler (/opt/homebrew/lib/node_modules/appium/node_modules/@appium/base-driver/build/lib/protocol/protocol.js:430:77)
The above error is caused by
Error: Cannot start the 'com.zee5.hipi' application. Consider checking the driver's troubleshooting documentation. Original error: Cannot start the 'com.zee5.hipi' application. Consider checking the driver's troubleshooting documentation. Original error: Activity name '.com.creatoreconomy.MainActivity' used to start the app doesn't exist or cannot be launched! Make sure it exists and is a launchable activity
    at ADB.startApp (/Users/vc.rajdeep.kumar/.appium/node_modules/appium-uiautomator2-driver/node_modules/appium-adb/build/lib/tools/app-commands.js:612:15)
    at process.processTicksAndRejections (node:internal/process/task_queues:104:5)
    at async AndroidUiautomator2Driver.ensureAppStarts (/Users/vc.rajdeep.kumar/.appium/node_modules/appium-uiautomator2-driver/build/lib/driver.js:588:9)
    at async AndroidUiautomator2Driver.performSessionPostExecSetup (/Users/vc.rajdeep.kumar/.appium/node_modules/appium-uiautomator2-driver/build/lib/driver.js:443:13)
    at async AndroidUiautomator2Driver.startUiAutomator2Session (/Users/vc.rajdeep.kumar/.appium/node_modules/appium-uiautomator2-driver/build/lib/driver.js:492:9)
    at async AndroidUiautomator2Driver.createSession (/Users/vc.rajdeep.kumar/.appium/node_modules/appium-uiautomator2-driver/build/lib/driver.js:249:28)
    at async AppiumDriver.createSession (/opt/homebrew/lib/node_modules/appium/build/lib/appium.js:324:43)
2026-08-12 13:29:45 [INFO    ] conftest.py:131 — Waiting 10s before retry...
2026-08-12 13:29:55 [INFO    ] conftest.py:116 — Driver creation attempt 2/2
2026-08-12 13:29:55 [INFO    ] driver_factory.py:53 — ========== DRIVER CREATION START ==========
2026-08-12 13:29:55 [INFO    ] driver_factory.py:70 — Device: emulator | Env: qa | Platform: Android
2026-08-12 13:29:55 [INFO    ] driver_factory.py:132 — Device Name: Android Emulator
2026-08-12 13:29:55 [INFO    ] driver_factory.py:133 — UDID: emulator-5554
2026-08-12 13:29:55 [INFO    ] driver_factory.py:140 — App Package: com.zee5.hipi
2026-08-12 13:29:55 [INFO    ] driver_factory.py:141 — App Activity: com.creatoreconomy.MainActivity
2026-08-12 13:29:58 [ERROR   ] conftest.py:123 — Attempt 2 failed: Message: Cannot start the 'com.zee5.hipi' application. Consider checking the driver's troubleshooting documentation. Original error: Cannot start the 'com.zee5.hipi' application. Consider checking the driver's troubleshooting documentation. Original error: Activity name '.com.creatoreconomy.MainActivity' used to start the app doesn't exist or cannot be launched! Make sure it exists and is a launchable activity
Stacktrace:
UnknownError: Cannot start the 'com.zee5.hipi' application. Consider checking the driver's troubleshooting documentation. Original error: Cannot start the 'com.zee5.hipi' application. Consider checking the driver's troubleshooting documentation. Original error: Activity name '.com.creatoreconomy.MainActivity' used to start the app doesn't exist or cannot be launched! Make sure it exists and is a launchable activity
    at getResponseForW3CError (/opt/homebrew/lib/node_modules/appium/node_modules/@appium/base-driver/build/lib/protocol/errors.js:824:36)
    at asyncHandler (/opt/homebrew/lib/node_modules/appium/node_modules/@appium/base-driver/build/lib/protocol/protocol.js:430:77)
The above error is caused by
Error: Cannot start the 'com.zee5.hipi' application. Consider checking the driver's troubleshooting documentation. Original error: Cannot start the 'com.zee5.hipi' application. Consider checking the driver's troubleshooting documentation. Original error: Activity name '.com.creatoreconomy.MainActivity' used to start the app doesn't exist or cannot be launched! Make sure it exists and is a launchable activity
    at ADB.startApp (/Users/vc.rajdeep.kumar/.appium/node_modules/appium-uiautomator2-driver/node_modules/appium-adb/build/lib/tools/app-commands.js:612:15)
    at process.processTicksAndRejections (node:internal/process/task_queues:104:5)
    at async AndroidUiautomator2Driver.ensureAppStarts (/Users/vc.rajdeep.kumar/.appium/node_modules/appium-uiautomator2-driver/build/lib/driver.js:588:9)
    at async AndroidUiautomator2Driver.performSessionPostExecSetup (/Users/vc.rajdeep.kumar/.appium/node_modules/appium-uiautomator2-driver/build/lib/driver.js:443:13)
    at async AndroidUiautomator2Driver.startUiAutomator2Session (/Users/vc.rajdeep.kumar/.appium/node_modules/appium-uiautomator2-driver/build/lib/driver.js:492:9)
    at async AndroidUiautomator2Driver.createSession (/Users/vc.rajdeep.kumar/.appium/node_modules/appium-uiautomator2-driver/build/lib/driver.js:249:28)
    at async AppiumDriver.createSession (/opt/homebrew/lib/node_modules/appium/build/lib/appium.js:324:43)
2026-08-12 13:29:58 [ERROR   ] conftest.py:255 — Driver fixture setup failed: Driver creation failed after 2 attempts: Message: Cannot start the 'com.zee5.hipi' application. Consider checking the driver's troubleshooting documentation. Original error: Cannot start the 'com.zee5.hipi' application. Consider checking the driver's troubleshooting documentation. Original error: Activity name '.com.creatoreconomy.MainActivity' used to start the app doesn't exist or cannot be launched! Make sure it exists and is a launchable activity
Stacktrace:
UnknownError: Cannot start the 'com.zee5.hipi' application. Consider checking the driver's troubleshooting documentation. Original error: Cannot start the 'com.zee5.hipi' application. Consider checking the driver's troubleshooting documentation. Original error: Activity name '.com.creatoreconomy.MainActivity' used to start the app doesn't exist or cannot be launched! Make sure it exists and is a launchable activity
    at getResponseForW3CError (/opt/homebrew/lib/node_modules/appium/node_modules/@appium/base-driver/build/lib/protocol/errors.js:824:36)
    at asyncHandler (/opt/homebrew/lib/node_modules/appium/node_modules/@appium/base-driver/build/lib/protocol/protocol.js:430:77)
The above error is caused by
Error: Cannot start the 'com.zee5.hipi' application. Consider checking the driver's troubleshooting documentation. Original error: Cannot start the 'com.zee5.hipi' application. Consider checking the driver's troubleshooting documentation. Original error: Activity name '.com.creatoreconomy.MainActivity' used to start the app doesn't exist or cannot be launched! Make sure it exists and is a launchable activity
    at ADB.startApp (/Users/vc.rajdeep.kumar/.appium/node_modules/appium-uiautomator2-driver/node_modules/appium-adb/build/lib/tools/app-commands.js:612:15)
    at process.processTicksAndRejections (node:internal/process/task_queues:104:5)
    at async AndroidUiautomator2Driver.ensureAppStarts (/Users/vc.rajdeep.kumar/.appium/node_modules/appium-uiautomator2-driver/build/lib/driver.js:588:9)
    at async AndroidUiautomator2Driver.performSessionPostExecSetup (/Users/vc.rajdeep.kumar/.appium/node_modules/appium-uiautomator2-driver/build/lib/driver.js:443:13)
    at async AndroidUiautomator2Driver.startUiAutomator2Session (/Users/vc.rajdeep.kumar/.appium/node_modules/appium-uiautomator2-driver/build/lib/driver.js:492:9)
    at async AndroidUiautomator2Driver.createSession (/Users/vc.rajdeep.kumar/.appium/node_modules/appium-uiautomator2-driver/build/lib/driver.js:249:28)
    at async AppiumDriver.createSession (/opt/homebrew/lib/node_modules/appium/build/lib/appium.js:324:43)
2026-08-12 13:30:01 [INFO    ] conftest.py:227 — ==================================================
2026-08-12 13:30:01 [INFO    ] conftest.py:228 — DRIVER SETUP START
2026-08-12 13:30:01 [INFO    ] conftest.py:229 — ==================================================
2026-08-12 13:30:01 [INFO    ] conftest.py:116 — Driver creation attempt 1/2
2026-08-12 13:30:01 [INFO    ] driver_factory.py:53 — ========== DRIVER CREATION START ==========
2026-08-12 13:30:01 [INFO    ] driver_factory.py:70 — Device: emulator | Env: qa | Platform: Android
2026-08-12 13:30:01 [INFO    ] driver_factory.py:132 — Device Name: Android Emulator
2026-08-12 13:30:01 [INFO    ] driver_factory.py:133 — UDID: emulator-5554
2026-08-12 13:30:01 [INFO    ] driver_factory.py:140 — App Package: com.zee5.hipi
2026-08-12 13:30:01 [INFO    ] driver_factory.py:141 — App Activity: com.creatoreconomy.MainActivity
2026-08-12 13:30:04 [ERROR   ] conftest.py:123 — Attempt 1 failed: Message: Cannot start the 'com.zee5.hipi' application. Consider checking the driver's troubleshooting documentation. Original error: Cannot start the 'com.zee5.hipi' application. Consider checking the driver's troubleshooting documentation. Original error: Activity name '.com.creatoreconomy.MainActivity' used to start the app doesn't exist or cannot be launched! Make sure it exists and is a launchable activity
Stacktrace:
UnknownError: Cannot start the 'com.zee5.hipi' application. Consider checking the driver's troubleshooting documentation. Original error: Cannot start the 'com.zee5.hipi' application. Consider checking the driver's troubleshooting documentation. Original error: Activity name '.com.creatoreconomy.MainActivity' used to start the app doesn't exist or cannot be launched! Make sure it exists and is a launchable activity
    at getResponseForW3CError (/opt/homebrew/lib/node_modules/appium/node_modules/@appium/base-driver/build/lib/protocol/errors.js:824:36)
    at asyncHandler (/opt/homebrew/lib/node_modules/appium/node_modules/@appium/base-driver/build/lib/protocol/protocol.js:430:77)
The above error is caused by
Error: Cannot start the 'com.zee5.hipi' application. Consider checking the driver's troubleshooting documentation. Original error: Cannot start the 'com.zee5.hipi' application. Consider checking the driver's troubleshooting documentation. Original error: Activity name '.com.creatoreconomy.MainActivity' used to start the app doesn't exist or cannot be launched! Make sure it exists and is a launchable activity
    at ADB.startApp (/Users/vc.rajdeep.kumar/.appium/node_modules/appium-uiautomator2-driver/node_modules/appium-adb/build/lib/tools/app-commands.js:612:15)
    at process.processTicksAndRejections (node:internal/process/task_queues:104:5)
    at async AndroidUiautomator2Driver.ensureAppStarts (/Users/vc.rajdeep.kumar/.appium/node_modules/appium-uiautomator2-driver/build/lib/driver.js:588:9)
    at async AndroidUiautomator2Driver.performSessionPostExecSetup (/Users/vc.rajdeep.kumar/.appium/node_modules/appium-uiautomator2-driver/build/lib/driver.js:443:13)
    at async AndroidUiautomator2Driver.startUiAutomator2Session (/Users/vc.rajdeep.kumar/.appium/node_modules/appium-uiautomator2-driver/build/lib/driver.js:492:9)
    at async AndroidUiautomator2Driver.createSession (/Users/vc.rajdeep.kumar/.appium/node_modules/appium-uiautomator2-driver/build/lib/driver.js:249:28)
    at async AppiumDriver.createSession (/opt/homebrew/lib/node_modules/appium/build/lib/appium.js:324:43)
2026-08-12 13:30:04 [INFO    ] conftest.py:131 — Waiting 10s before retry...
2026-08-12 13:30:14 [INFO    ] conftest.py:116 — Driver creation attempt 2/2
2026-08-12 13:30:14 [INFO    ] driver_factory.py:53 — ========== DRIVER CREATION START ==========
2026-08-12 13:30:14 [INFO    ] driver_factory.py:70 — Device: emulator | Env: qa | Platform: Android
2026-08-12 13:30:14 [INFO    ] driver_factory.py:132 — Device Name: Android Emulator
2026-08-12 13:30:14 [INFO    ] driver_factory.py:133 — UDID: emulator-5554
2026-08-12 13:30:14 [INFO    ] driver_factory.py:140 — App Package: com.zee5.hipi
2026-08-12 13:30:14 [INFO    ] driver_factory.py:141 — App Activity: com.creatoreconomy.MainActivity
2026-08-12 13:30:16 [ERROR   ] conftest.py:123 — Attempt 2 failed: Message: Cannot start the 'com.zee5.hipi' application. Consider checking the driver's troubleshooting documentation. Original error: Cannot start the 'com.zee5.hipi' application. Consider checking the driver's troubleshooting documentation. Original error: Activity name '.com.creatoreconomy.MainActivity' used to start the app doesn't exist or cannot be launched! Make sure it exists and is a launchable activity
Stacktrace:
UnknownError: Cannot start the 'com.zee5.hipi' application. Consider checking the driver's troubleshooting documentation. Original error: Cannot start the 'com.zee5.hipi' application. Consider checking the driver's troubleshooting documentation. Original error: Activity name '.com.creatoreconomy.MainActivity' used to start the app doesn't exist or cannot be launched! Make sure it exists and is a launchable activity
    at getResponseForW3CError (/opt/homebrew/lib/node_modules/appium/node_modules/@appium/base-driver/build/lib/protocol/errors.js:824:36)
    at asyncHandler (/opt/homebrew/lib/node_modules/appium/node_modules/@appium/base-driver/build/lib/protocol/protocol.js:430:77)
The above error is caused by
Error: Cannot start the 'com.zee5.hipi' application. Consider checking the driver's troubleshooting documentation. Original error: Cannot start the 'com.zee5.hipi' application. Consider checking the driver's troubleshooting documentation. Original error: Activity name '.com.creatoreconomy.MainActivity' used to start the app doesn't exist or cannot be launched! Make sure it exists and is a launchable activity
    at ADB.startApp (/Users/vc.rajdeep.kumar/.appium/node_modules/appium-uiautomator2-driver/node_modules/appium-adb/build/lib/tools/app-commands.js:612:15)
    at async AndroidUiautomator2Driver.ensureAppStarts (/Users/vc.rajdeep.kumar/.appium/node_modules/appium-uiautomator2-driver/build/lib/driver.js:588:9)
    at async AndroidUiautomator2Driver.performSessionPostExecSetup (/Users/vc.rajdeep.kumar/.appium/node_modules/appium-uiautomator2-driver/build/lib/driver.js:443:13)
    at async AndroidUiautomator2Driver.startUiAutomator2Session (/Users/vc.rajdeep.kumar/.appium/node_modules/appium-uiautomator2-driver/build/lib/driver.js:492:9)
    at async AndroidUiautomator2Driver.createSession (/Users/vc.rajdeep.kumar/.appium/node_modules/appium-uiautomator2-driver/build/lib/driver.js:249:28)
    at async AppiumDriver.createSession (/opt/homebrew/lib/node_modules/appium/build/lib/appium.js:324:43)
2026-08-12 13:30:16 [ERROR   ] conftest.py:255 — Driver fixture setup failed: Driver creation failed after 2 attempts: Message: Cannot start the 'com.zee5.hipi' application. Consider checking the driver's troubleshooting documentation. Original error: Cannot start the 'com.zee5.hipi' application. Consider checking the driver's troubleshooting documentation. Original error: Activity name '.com.creatoreconomy.MainActivity' used to start the app doesn't exist or cannot be launched! Make sure it exists and is a launchable activity
Stacktrace:
UnknownError: Cannot start the 'com.zee5.hipi' application. Consider checking the driver's troubleshooting documentation. Original error: Cannot start the 'com.zee5.hipi' application. Consider checking the driver's troubleshooting documentation. Original error: Activity name '.com.creatoreconomy.MainActivity' used to start the app doesn't exist or cannot be launched! Make sure it exists and is a launchable activity
    at getResponseForW3CError (/opt/homebrew/lib/node_modules/appium/node_modules/@appium/base-driver/build/lib/protocol/errors.js:824:36)
    at asyncHandler (/opt/homebrew/lib/node_modules/appium/node_modules/@appium/base-driver/build/lib/protocol/protocol.js:430:77)
The above error is caused by
Error: Cannot start the 'com.zee5.hipi' application. Consider checking the driver's troubleshooting documentation. Original error: Cannot start the 'com.zee5.hipi' application. Consider checking the driver's troubleshooting documentation. Original error: Activity name '.com.creatoreconomy.MainActivity' used to start the app doesn't exist or cannot be launched! Make sure it exists and is a launchable activity
    at ADB.startApp (/Users/vc.rajdeep.kumar/.appium/node_modules/appium-uiautomator2-driver/node_modules/appium-adb/build/lib/tools/app-commands.js:612:15)
    at async AndroidUiautomator2Driver.ensureAppStarts (/Users/vc.rajdeep.kumar/.appium/node_modules/appium-uiautomator2-driver/build/lib/driver.js:588:9)
    at async AndroidUiautomator2Driver.performSessionPostExecSetup (/Users/vc.rajdeep.kumar/.appium/node_modules/appium-uiautomator2-driver/build/lib/driver.js:443:13)
    at async AndroidUiautomator2Driver.startUiAutomator2Session (/Users/vc.rajdeep.kumar/.appium/node_modules/appium-uiautomator2-driver/build/lib/driver.js:492:9)
    at async AndroidUiautomator2Driver.createSession (/Users/vc.rajdeep.kumar/.appium/node_modules/appium-uiautomator2-driver/build/lib/driver.js:249:28)
    at async AppiumDriver.createSession (/opt/homebrew/lib/node_modules/appium/build/lib/appium.js:324:43)
2026-08-12 13:30:16 [INFO    ] conftest.py:227 — ==================================================
2026-08-12 13:30:16 [INFO    ] conftest.py:228 — DRIVER SETUP START
2026-08-12 13:30:16 [INFO    ] conftest.py:229 — ==================================================
2026-08-12 13:30:16 [INFO    ] conftest.py:116 — Driver creation attempt 1/2
2026-08-12 13:30:16 [INFO    ] driver_factory.py:53 — ========== DRIVER CREATION START ==========
2026-08-12 13:30:16 [INFO    ] driver_factory.py:70 — Device: emulator | Env: qa | Platform: Android
2026-08-12 13:30:16 [INFO    ] driver_factory.py:132 — Device Name: Android Emulator
2026-08-12 13:30:16 [INFO    ] driver_factory.py:133 — UDID: emulator-5554
2026-08-12 13:30:16 [INFO    ] driver_factory.py:140 — App Package: com.zee5.hipi
2026-08-12 13:30:16 [INFO    ] driver_factory.py:141 — App Activity: com.creatoreconomy.MainActivity
2026-08-12 13:30:21 [ERROR   ] conftest.py:123 — Attempt 1 failed: Message: Cannot start the 'com.zee5.hipi' application. Consider checking the driver's troubleshooting documentation. Original error: Cannot start the 'com.zee5.hipi' application. Consider checking the driver's troubleshooting documentation. Original error: Activity name '.com.creatoreconomy.MainActivity' used to start the app doesn't exist or cannot be launched! Make sure it exists and is a launchable activity
Stacktrace:
UnknownError: Cannot start the 'com.zee5.hipi' application. Consider checking the driver's troubleshooting documentation. Original error: Cannot start the 'com.zee5.hipi' application. Consider checking the driver's troubleshooting documentation. Original error: Activity name '.com.creatoreconomy.MainActivity' used to start the app doesn't exist or cannot be launched! Make sure it exists and is a launchable activity
    at getResponseForW3CError (/opt/homebrew/lib/node_modules/appium/node_modules/@appium/base-driver/build/lib/protocol/errors.js:824:36)
    at asyncHandler (/opt/homebrew/lib/node_modules/appium/node_modules/@appium/base-driver/build/lib/protocol/protocol.js:430:77)
The above error is caused by
Error: Cannot start the 'com.zee5.hipi' application. Consider checking the driver's troubleshooting documentation. Original error: Cannot start the 'com.zee5.hipi' application. Consider checking the driver's troubleshooting documentation. Original error: Activity name '.com.creatoreconomy.MainActivity' used to start the app doesn't exist or cannot be launched! Make sure it exists and is a launchable activity
    at ADB.startApp (/Users/vc.rajdeep.kumar/.appium/node_modules/appium-uiautomator2-driver/node_modules/appium-adb/build/lib/tools/app-commands.js:612:15)
    at process.processTicksAndRejections (node:internal/process/task_queues:104:5)
    at async AndroidUiautomator2Driver.ensureAppStarts (/Users/vc.rajdeep.kumar/.appium/node_modules/appium-uiautomator2-driver/build/lib/driver.js:588:9)
    at async AndroidUiautomator2Driver.performSessionPostExecSetup (/Users/vc.rajdeep.kumar/.appium/node_modules/appium-uiautomator2-driver/build/lib/driver.js:443:13)
    at async AndroidUiautomator2Driver.startUiAutomator2Session (/Users/vc.rajdeep.kumar/.appium/node_modules/appium-uiautomator2-driver/build/lib/driver.js:492:9)
    at async AndroidUiautomator2Driver.createSession (/Users/vc.rajdeep.kumar/.appium/node_modules/appium-uiautomator2-driver/build/lib/driver.js:249:28)
    at async AppiumDriver.createSession (/opt/homebrew/lib/node_modules/appium/build/lib/appium.js:324:43)
2026-08-12 13:30:21 [INFO    ] conftest.py:131 — Waiting 10s before retry...
2026-08-12 13:30:31 [INFO    ] conftest.py:116 — Driver creation attempt 2/2
2026-08-12 13:30:31 [INFO    ] driver_factory.py:53 — ========== DRIVER CREATION START ==========
2026-08-12 13:30:31 [INFO    ] driver_factory.py:70 — Device: emulator | Env: qa | Platform: Android
2026-08-12 13:30:31 [INFO    ] driver_factory.py:132 — Device Name: Android Emulator
2026-08-12 13:30:31 [INFO    ] driver_factory.py:133 — UDID: emulator-5554
2026-08-12 13:30:31 [INFO    ] driver_factory.py:140 — App Package: com.zee5.hipi
2026-08-12 13:30:31 [INFO    ] driver_factory.py:141 — App Activity: com.creatoreconomy.MainActivity
2026-08-12 13:30:33 [ERROR   ] conftest.py:123 — Attempt 2 failed: Message: Cannot start the 'com.zee5.hipi' application. Consider checking the driver's troubleshooting documentation. Original error: Cannot start the 'com.zee5.hipi' application. Consider checking the driver's troubleshooting documentation. Original error: Activity name '.com.creatoreconomy.MainActivity' used to start the app doesn't exist or cannot be launched! Make sure it exists and is a launchable activity
Stacktrace:
UnknownError: Cannot start the 'com.zee5.hipi' application. Consider checking the driver's troubleshooting documentation. Original error: Cannot start the 'com.zee5.hipi' application. Consider checking the driver's troubleshooting documentation. Original error: Activity name '.com.creatoreconomy.MainActivity' used to start the app doesn't exist or cannot be launched! Make sure it exists and is a launchable activity
    at getResponseForW3CError (/opt/homebrew/lib/node_modules/appium/node_modules/@appium/base-driver/build/lib/protocol/errors.js:824:36)
    at asyncHandler (/opt/homebrew/lib/node_modules/appium/node_modules/@appium/base-driver/build/lib/protocol/protocol.js:430:77)
The above error is caused by
Error: Cannot start the 'com.zee5.hipi' application. Consider checking the driver's troubleshooting documentation. Original error: Cannot start the 'com.zee5.hipi' application. Consider checking the driver's troubleshooting documentation. Original error: Activity name '.com.creatoreconomy.MainActivity' used to start the app doesn't exist or cannot be launched! Make sure it exists and is a launchable activity
    at ADB.startApp (/Users/vc.rajdeep.kumar/.appium/node_modules/appium-uiautomator2-driver/node_modules/appium-adb/build/lib/tools/app-commands.js:612:15)
    at process.processTicksAndRejections (node:internal/process/task_queues:104:5)
    at async AndroidUiautomator2Driver.ensureAppStarts (/Users/vc.rajdeep.kumar/.appium/node_modules/appium-uiautomator2-driver/build/lib/driver.js:588:9)
    at async AndroidUiautomator2Driver.performSessionPostExecSetup (/Users/vc.rajdeep.kumar/.appium/node_modules/appium-uiautomator2-driver/build/lib/driver.js:443:13)
    at async AndroidUiautomator2Driver.startUiAutomator2Session (/Users/vc.rajdeep.kumar/.appium/node_modules/appium-uiautomator2-driver/build/lib/driver.js:492:9)
    at async AndroidUiautomator2Driver.createSession (/Users/vc.rajdeep.kumar/.appium/node_modules/appium-uiautomator2-driver/build/lib/driver.js:249:28)
    at async AppiumDriver.createSession (/opt/homebrew/lib/node_modules/appium/build/lib/appium.js:324:43)
2026-08-12 13:30:33 [ERROR   ] conftest.py:255 — Driver fixture setup failed: Driver creation failed after 2 attempts: Message: Cannot start the 'com.zee5.hipi' application. Consider checking the driver's troubleshooting documentation. Original error: Cannot start the 'com.zee5.hipi' application. Consider checking the driver's troubleshooting documentation. Original error: Activity name '.com.creatoreconomy.MainActivity' used to start the app doesn't exist or cannot be launched! Make sure it exists and is a launchable activity
Stacktrace:
UnknownError: Cannot start the 'com.zee5.hipi' application. Consider checking the driver's troubleshooting documentation. Original error: Cannot start the 'com.zee5.hipi' application. Consider checking the driver's troubleshooting documentation. Original error: Activity name '.com.creatoreconomy.MainActivity' used to start the app doesn't exist or cannot be launched! Make sure it exists and is a launchable activity
    at getResponseForW3CError (/opt/homebrew/lib/node_modules/appium/node_modules/@appium/base-driver/build/lib/protocol/errors.js:824:36)
    at asyncHandler (/opt/homebrew/lib/node_modules/appium/node_modules/@appium/base-driver/build/lib/protocol/protocol.js:430:77)
The above error is caused by
Error: Cannot start the 'com.zee5.hipi' application. Consider checking the driver's troubleshooting documentation. Original error: Cannot start the 'com.zee5.hipi' application. Consider checking the driver's troubleshooting documentation. Original error: Activity name '.com.creatoreconomy.MainActivity' used to start the app doesn't exist or cannot be launched! Make sure it exists and is a launchable activity
    at ADB.startApp (/Users/vc.rajdeep.kumar/.appium/node_modules/appium-uiautomator2-driver/node_modules/appium-adb/build/lib/tools/app-commands.js:612:15)
    at process.processTicksAndRejections (node:internal/process/task_queues:104:5)
    at async AndroidUiautomator2Driver.ensureAppStarts (/Users/vc.rajdeep.kumar/.appium/node_modules/appium-uiautomator2-driver/build/lib/driver.js:588:9)
    at async AndroidUiautomator2Driver.performSessionPostExecSetup (/Users/vc.rajdeep.kumar/.appium/node_modules/appium-uiautomator2-driver/build/lib/driver.js:443:13)
    at async AndroidUiautomator2Driver.startUiAutomator2Session (/Users/vc.rajdeep.kumar/.appium/node_modules/appium-uiautomator2-driver/build/lib/driver.js:492:9)
    at async AndroidUiautomator2Driver.createSession (/Users/vc.rajdeep.kumar/.appium/node_modules/appium-uiautomator2-driver/build/lib/driver.js:249:28)
    at async AppiumDriver.createSession (/opt/homebrew/lib/node_modules/appium/build/lib/appium.js:324:43)
2026-08-12 13:30:36 [INFO    ] conftest.py:227 — ==================================================
2026-08-12 13:30:36 [INFO    ] conftest.py:228 — DRIVER SETUP START
2026-08-12 13:30:36 [INFO    ] conftest.py:229 — ==================================================
2026-08-12 13:30:36 [INFO    ] conftest.py:116 — Driver creation attempt 1/2
2026-08-12 13:30:36 [INFO    ] driver_factory.py:53 — ========== DRIVER CREATION START ==========
2026-08-12 13:30:36 [INFO    ] driver_factory.py:70 — Device: emulator | Env: qa | Platform: Android
2026-08-12 13:30:36 [INFO    ] driver_factory.py:132 — Device Name: Android Emulator
2026-08-12 13:30:36 [INFO    ] driver_factory.py:133 — UDID: emulator-5554
2026-08-12 13:30:36 [INFO    ] driver_factory.py:140 — App Package: com.zee5.hipi
2026-08-12 13:30:36 [INFO    ] driver_factory.py:141 — App Activity: com.creatoreconomy.MainActivity
2026-08-12 13:30:39 [ERROR   ] conftest.py:123 — Attempt 1 failed: Message: Cannot start the 'com.zee5.hipi' application. Consider checking the driver's troubleshooting documentation. Original error: Cannot start the 'com.zee5.hipi' application. Consider checking the driver's troubleshooting documentation. Original error: Activity name '.com.creatoreconomy.MainActivity' used to start the app doesn't exist or cannot be launched! Make sure it exists and is a launchable activity
Stacktrace:
UnknownError: Cannot start the 'com.zee5.hipi' application. Consider checking the driver's troubleshooting documentation. Original error: Cannot start the 'com.zee5.hipi' application. Consider checking the driver's troubleshooting documentation. Original error: Activity name '.com.creatoreconomy.MainActivity' used to start the app doesn't exist or cannot be launched! Make sure it exists and is a launchable activity
    at getResponseForW3CError (/opt/homebrew/lib/node_modules/appium/node_modules/@appium/base-driver/build/lib/protocol/errors.js:824:36)
    at asyncHandler (/opt/homebrew/lib/node_modules/appium/node_modules/@appium/base-driver/build/lib/protocol/protocol.js:430:77)
The above error is caused by
Error: Cannot start the 'com.zee5.hipi' application. Consider checking the driver's troubleshooting documentation. Original error: Cannot start the 'com.zee5.hipi' application. Consider checking the driver's troubleshooting documentation. Original error: Activity name '.com.creatoreconomy.MainActivity' used to start the app doesn't exist or cannot be launched! Make sure it exists and is a launchable activity
    at ADB.startApp (/Users/vc.rajdeep.kumar/.appium/node_modules/appium-uiautomator2-driver/node_modules/appium-adb/build/lib/tools/app-commands.js:612:15)
    at async AndroidUiautomator2Driver.ensureAppStarts (/Users/vc.rajdeep.kumar/.appium/node_modules/appium-uiautomator2-driver/build/lib/driver.js:588:9)
    at async AndroidUiautomator2Driver.performSessionPostExecSetup (/Users/vc.rajdeep.kumar/.appium/node_modules/appium-uiautomator2-driver/build/lib/driver.js:443:13)
    at async AndroidUiautomator2Driver.startUiAutomator2Session (/Users/vc.rajdeep.kumar/.appium/node_modules/appium-uiautomator2-driver/build/lib/driver.js:492:9)
    at async AndroidUiautomator2Driver.createSession (/Users/vc.rajdeep.kumar/.appium/node_modules/appium-uiautomator2-driver/build/lib/driver.js:249:28)
    at async AppiumDriver.createSession (/opt/homebrew/lib/node_modules/appium/build/lib/appium.js:324:43)
2026-08-12 13:30:39 [INFO    ] conftest.py:131 — Waiting 10s before retry...
2026-08-12 13:30:49 [INFO    ] conftest.py:116 — Driver creation attempt 2/2
2026-08-12 13:30:49 [INFO    ] driver_factory.py:53 — ========== DRIVER CREATION START ==========
2026-08-12 13:30:49 [INFO    ] driver_factory.py:70 — Device: emulator | Env: qa | Platform: Android
2026-08-12 13:30:49 [INFO    ] driver_factory.py:132 — Device Name: Android Emulator
2026-08-12 13:30:49 [INFO    ] driver_factory.py:133 — UDID: emulator-5554
2026-08-12 13:30:49 [INFO    ] driver_factory.py:140 — App Package: com.zee5.hipi
2026-08-12 13:30:49 [INFO    ] driver_factory.py:141 — App Activity: com.creatoreconomy.MainActivity
2026-08-12 13:30:53 [ERROR   ] conftest.py:123 — Attempt 2 failed: Message: Cannot start the 'com.zee5.hipi' application. Consider checking the driver's troubleshooting documentation. Original error: Cannot start the 'com.zee5.hipi' application. Consider checking the driver's troubleshooting documentation. Original error: Activity name '.com.creatoreconomy.MainActivity' used to start the app doesn't exist or cannot be launched! Make sure it exists and is a launchable activity
Stacktrace:
UnknownError: Cannot start the 'com.zee5.hipi' application. Consider checking the driver's troubleshooting documentation. Original error: Cannot start the 'com.zee5.hipi' application. Consider checking the driver's troubleshooting documentation. Original error: Activity name '.com.creatoreconomy.MainActivity' used to start the app doesn't exist or cannot be launched! Make sure it exists and is a launchable activity
    at getResponseForW3CError (/opt/homebrew/lib/node_modules/appium/node_modules/@appium/base-driver/build/lib/protocol/errors.js:824:36)
    at asyncHandler (/opt/homebrew/lib/node_modules/appium/node_modules/@appium/base-driver/build/lib/protocol/protocol.js:430:77)
The above error is caused by
Error: Cannot start the 'com.zee5.hipi' application. Consider checking the driver's troubleshooting documentation. Original error: Cannot start the 'com.zee5.hipi' application. Consider checking the driver's troubleshooting documentation. Original error: Activity name '.com.creatoreconomy.MainActivity' used to start the app doesn't exist or cannot be launched! Make sure it exists and is a launchable activity
    at ADB.startApp (/Users/vc.rajdeep.kumar/.appium/node_modules/appium-uiautomator2-driver/node_modules/appium-adb/build/lib/tools/app-commands.js:612:15)
    at process.processTicksAndRejections (node:internal/process/task_queues:104:5)
    at async AndroidUiautomator2Driver.ensureAppStarts (/Users/vc.rajdeep.kumar/.appium/node_modules/appium-uiautomator2-driver/build/lib/driver.js:588:9)
    at async AndroidUiautomator2Driver.performSessionPostExecSetup (/Users/vc.rajdeep.kumar/.appium/node_modules/appium-uiautomator2-driver/build/lib/driver.js:443:13)
    at async AndroidUiautomator2Driver.startUiAutomator2Session (/Users/vc.rajdeep.kumar/.appium/node_modules/appium-uiautomator2-driver/build/lib/driver.js:492:9)
    at async AndroidUiautomator2Driver.createSession (/Users/vc.rajdeep.kumar/.appium/node_modules/appium-uiautomator2-driver/build/lib/driver.js:249:28)
    at async AppiumDriver.createSession (/opt/homebrew/lib/node_modules/appium/build/lib/appium.js:324:43)
2026-08-12 13:30:53 [ERROR   ] conftest.py:255 — Driver fixture setup failed: Driver creation failed after 2 attempts: Message: Cannot start the 'com.zee5.hipi' application. Consider checking the driver's troubleshooting documentation. Original error: Cannot start the 'com.zee5.hipi' application. Consider checking the driver's troubleshooting documentation. Original error: Activity name '.com.creatoreconomy.MainActivity' used to start the app doesn't exist or cannot be launched! Make sure it exists and is a launchable activity
Stacktrace:
UnknownError: Cannot start the 'com.zee5.hipi' application. Consider checking the driver's troubleshooting documentation. Original error: Cannot start the 'com.zee5.hipi' application. Consider checking the driver's troubleshooting documentation. Original error: Activity name '.com.creatoreconomy.MainActivity' used to start the app doesn't exist or cannot be launched! Make sure it exists and is a launchable activity
    at getResponseForW3CError (/opt/homebrew/lib/node_modules/appium/node_modules/@appium/base-driver/build/lib/protocol/errors.js:824:36)
    at asyncHandler (/opt/homebrew/lib/node_modules/appium/node_modules/@appium/base-driver/build/lib/protocol/protocol.js:430:77)
The above error is caused by
Error: Cannot start the 'com.zee5.hipi' application. Consider checking the driver's troubleshooting documentation. Original error: Cannot start the 'com.zee5.hipi' application. Consider checking the driver's troubleshooting documentation. Original error: Activity name '.com.creatoreconomy.MainActivity' used to start the app doesn't exist or cannot be launched! Make sure it exists and is a launchable activity
    at ADB.startApp (/Users/vc.rajdeep.kumar/.appium/node_modules/appium-uiautomator2-driver/node_modules/appium-adb/build/lib/tools/app-commands.js:612:15)
    at process.processTicksAndRejections (node:internal/process/task_queues:104:5)
    at async AndroidUiautomator2Driver.ensureAppStarts (/Users/vc.rajdeep.kumar/.appium/node_modules/appium-uiautomator2-driver/build/lib/driver.js:588:9)
    at async AndroidUiautomator2Driver.performSessionPostExecSetup (/Users/vc.rajdeep.kumar/.appium/node_modules/appium-uiautomator2-driver/build/lib/driver.js:443:13)
    at async AndroidUiautomator2Driver.startUiAutomator2Session (/Users/vc.rajdeep.kumar/.appium/node_modules/appium-uiautomator2-driver/build/lib/driver.js:492:9)
    at async AndroidUiautomator2Driver.createSession (/Users/vc.rajdeep.kumar/.appium/node_modules/appium-uiautomator2-driver/build/lib/driver.js:249:28)
    at async AppiumDriver.createSession (/opt/homebrew/lib/node_modules/appium/build/lib/appium.js:324:43)
2026-08-12 13:30:53 [INFO    ] conftest.py:369 — ==================================================
2026-08-12 13:30:53 [INFO    ] conftest.py:370 — PYTEST SESSION END | Exit status: 1
2026-08-12 13:30:53 [INFO    ] conftest.py:371 — ==================================================
