2026-08-12 14:29:12 [INFO    ] conftest.py:363 — ==================================================
2026-08-12 14:29:12 [INFO    ] conftest.py:364 — PYTEST SESSION START
2026-08-12 14:29:12 [INFO    ] conftest.py:365 — ==================================================
2026-08-12 14:29:13 [INFO    ] conftest.py:227 — ==================================================
2026-08-12 14:29:13 [INFO    ] conftest.py:228 — DRIVER SETUP START
2026-08-12 14:29:13 [INFO    ] conftest.py:229 — ==================================================
2026-08-12 14:29:13 [INFO    ] conftest.py:116 — Driver creation attempt 1/2
2026-08-12 14:29:13 [INFO    ] driver_factory.py:53 — ========== DRIVER CREATION START ==========
2026-08-12 14:29:13 [INFO    ] driver_factory.py:70 — Device: emulator | Env: qa | Platform: Android
2026-08-12 14:29:13 [INFO    ] driver_factory.py:132 — Device Name: Android Emulator
2026-08-12 14:29:13 [INFO    ] driver_factory.py:133 — UDID: emulator-5554
2026-08-12 14:29:13 [INFO    ] driver_factory.py:147 — App Package: com.zee5.hipi (noReset=true, activity not set)
2026-08-12 14:29:19 [INFO    ] driver_factory.py:108 — App launched by driver. Waiting for stabilization...
2026-08-12 14:29:21 [INFO    ] driver_factory.py:111 — ========== DRIVER CREATED SUCCESSFULLY ==========
2026-08-12 14:29:21 [INFO    ] conftest.py:238 — Driver created successfully.
2026-08-12 14:29:26 [INFO    ] popup_handler.py:122 — Checking for 'Get Started' screen...
2026-08-12 14:29:38 [INFO    ] popup_handler.py:134 — 'Get Started' screen not present — skipping.
2026-08-12 14:29:38 [INFO    ] conftest.py:153 — App readiness probe: HiPi is in foreground (com.zee5.hipi).
2026-08-12 14:29:38 [INFO    ] conftest.py:251 — DRIVER SETUP COMPLETE
2026-08-12 14:29:38 [INFO    ] base_test.py:20 — BaseTest setup completed.
2026-08-12 14:29:38 [INFO    ] base_test.py:58 — login_and_reach_feed: START
2026-08-12 14:29:38 [INFO    ] base_test.py:30 — Logging in as default test user.
2026-08-12 14:29:38 [INFO    ] login_page.py:590 — ========== LOGIN FLOW START ==========
2026-08-12 14:29:39 [INFO    ] login_page.py:34 — Opening profile tab
2026-08-12 14:29:40 [INFO    ] login_page.py:44 — Profile tab open attempt 1/2
2026-08-12 14:29:41 [INFO    ] base_page.py:110 — Clicked: ('-android uiautomator', 'new UiSelector().className("android.view.View").childSelector(new UiSelector().text("Profile")).clickable(true)')
2026-08-12 14:29:52 [ERROR   ] base_page.py:92 — None of the candidate locators became visible within 6s. Candidates: [('-android uiautomator', 'new UiSelector().textContains("Continue")'), ('class name', 'android.widget.EditText')]. Last error: None
2026-08-12 14:29:53 [INFO    ] screenshot_utils.py:54 — Screenshot saved: reports/screenshots/wait_for_any_visible_failed_20260812_142952.png
2026-08-12 14:29:53 [INFO    ] screenshot_utils.py:77 — Page source saved: reports/screenshots/wait_for_any_visible_failed_20260812_142953.xml
2026-08-12 14:29:53 [INFO    ] gestures.py:29 — Tap performed at X:760 Y:2246
2026-08-12 14:30:05 [ERROR   ] base_page.py:92 — None of the candidate locators became visible within 6s. Candidates: [('-android uiautomator', 'new UiSelector().textContains("Continue")'), ('class name', 'android.widget.EditText')]. Last error: None
2026-08-12 14:30:06 [INFO    ] screenshot_utils.py:54 — Screenshot saved: reports/screenshots/wait_for_any_visible_failed_20260812_143005.png
2026-08-12 14:30:06 [INFO    ] screenshot_utils.py:77 — Page source saved: reports/screenshots/wait_for_any_visible_failed_20260812_143006.xml
2026-08-12 14:30:06 [WARNING ] login_page.py:139 — Attempt 1 did not reach the login sheet, recovering and retrying...
2026-08-12 14:30:06 [WARNING ] base_page.py:262 — Attempting to recover application state...
2026-08-12 14:30:09 [INFO    ] base_page.py:266 — App recovery attempt completed.
2026-08-12 14:30:11 [INFO    ] login_page.py:44 — Profile tab open attempt 2/2
2026-08-12 14:30:13 [INFO    ] base_page.py:110 — Clicked: ('-android uiautomator', 'new UiSelector().className("android.view.View").childSelector(new UiSelector().text("Profile")).clickable(true)')
2026-08-12 14:30:23 [ERROR   ] base_page.py:92 — None of the candidate locators became visible within 6s. Candidates: [('-android uiautomator', 'new UiSelector().textContains("Continue")'), ('class name', 'android.widget.EditText')]. Last error: None
2026-08-12 14:30:24 [INFO    ] screenshot_utils.py:54 — Screenshot saved: reports/screenshots/wait_for_any_visible_failed_20260812_143023.png
2026-08-12 14:30:24 [INFO    ] screenshot_utils.py:77 — Page source saved: reports/screenshots/wait_for_any_visible_failed_20260812_143024.xml
2026-08-12 14:30:24 [INFO    ] gestures.py:29 — Tap performed at X:760 Y:2246
2026-08-12 14:30:37 [ERROR   ] base_page.py:92 — None of the candidate locators became visible within 6s. Candidates: [('-android uiautomator', 'new UiSelector().textContains("Continue")'), ('class name', 'android.widget.EditText')]. Last error: None
2026-08-12 14:30:38 [INFO    ] screenshot_utils.py:54 — Screenshot saved: reports/screenshots/wait_for_any_visible_failed_20260812_143037.png
2026-08-12 14:30:38 [INFO    ] screenshot_utils.py:77 — Page source saved: reports/screenshots/wait_for_any_visible_failed_20260812_143038.xml
2026-08-12 14:30:38 [WARNING ] login_page.py:139 — Attempt 2 did not reach the login sheet, recovering and retrying...
2026-08-12 14:30:38 [WARNING ] base_page.py:262 — Attempting to recover application state...
2026-08-12 14:30:41 [INFO    ] base_page.py:266 — App recovery attempt completed.
2026-08-12 14:30:43 [ERROR   ] login_page.py:152 — Unable to open profile tab / reach login sheet after 2 attempts
2026-08-12 14:30:44 [INFO    ] screenshot_utils.py:54 — Screenshot saved: reports/screenshots/profile_tab_failed_20260812_143043.png
2026-08-12 14:30:44 [INFO    ] screenshot_utils.py:77 — Page source saved: reports/screenshots/profile_tab_failed_20260812_143044.xml
2026-08-12 14:30:44 [ERROR   ] login_page.py:725 — Login flow failed: Unable to open profile tab / reach login sheet after 2 attempts
2026-08-12 14:30:45 [INFO    ] screenshot_utils.py:54 — Screenshot saved: reports/screenshots/login_failed_20260812_143044.png
2026-08-12 14:30:45 [INFO    ] screenshot_utils.py:77 — Page source saved: reports/screenshots/login_failed_20260812_143045.xml
2026-08-12 14:30:46 [INFO    ] screenshot_utils.py:54 — Screenshot saved: reports/screenshots/test_like_video_20260812_143045.png
2026-08-12 14:30:46 [INFO    ] screenshot_utils.py:77 — Page source saved: reports/screenshots/test_like_video_20260812_143046.xml
2026-08-12 14:30:46 [ERROR   ] conftest.py:355 — Test FAILED: test_like_video
2026-08-12 14:30:46 [INFO    ] conftest.py:262 — Closing driver session.
2026-08-12 14:30:47 [INFO    ] conftest.py:227 — ==================================================
2026-08-12 14:30:47 [INFO    ] conftest.py:228 — DRIVER SETUP START
2026-08-12 14:30:47 [INFO    ] conftest.py:229 — ==================================================
2026-08-12 14:30:47 [INFO    ] conftest.py:116 — Driver creation attempt 1/2
2026-08-12 14:30:47 [INFO    ] driver_factory.py:53 — ========== DRIVER CREATION START ==========
2026-08-12 14:30:47 [INFO    ] driver_factory.py:70 — Device: emulator | Env: qa | Platform: Android
2026-08-12 14:30:47 [INFO    ] driver_factory.py:132 — Device Name: Android Emulator
2026-08-12 14:30:47 [INFO    ] driver_factory.py:133 — UDID: emulator-5554
2026-08-12 14:30:47 [INFO    ] driver_factory.py:147 — App Package: com.zee5.hipi (noReset=true, activity not set)
2026-08-12 14:30:53 [INFO    ] driver_factory.py:108 — App launched by driver. Waiting for stabilization...
2026-08-12 14:30:55 [INFO    ] driver_factory.py:111 — ========== DRIVER CREATED SUCCESSFULLY ==========
2026-08-12 14:30:55 [INFO    ] conftest.py:238 — Driver created successfully.
2026-08-12 14:31:01 [INFO    ] popup_handler.py:122 — Checking for 'Get Started' screen...
2026-08-12 14:31:12 [INFO    ] popup_handler.py:134 — 'Get Started' screen not present — skipping.
2026-08-12 14:31:12 [INFO    ] conftest.py:153 — App readiness probe: HiPi is in foreground (com.zee5.hipi).
2026-08-12 14:31:12 [INFO    ] conftest.py:251 — DRIVER SETUP COMPLETE
2026-08-12 14:31:12 [INFO    ] base_test.py:20 — BaseTest setup completed.
2026-08-12 14:31:12 [INFO    ] base_test.py:58 — login_and_reach_feed: START
2026-08-12 14:31:12 [INFO    ] base_test.py:30 — Logging in as default test user.
2026-08-12 14:31:12 [INFO    ] login_page.py:590 — ========== LOGIN FLOW START ==========
2026-08-12 14:31:13 [INFO    ] login_page.py:34 — Opening profile tab
2026-08-12 14:31:14 [INFO    ] login_page.py:44 — Profile tab open attempt 1/2
2026-08-12 14:31:15 [INFO    ] base_page.py:110 — Clicked: ('-android uiautomator', 'new UiSelector().className("android.view.View").childSelector(new UiSelector().text("Profile")).clickable(true)')
2026-08-12 14:31:26 [ERROR   ] base_page.py:92 — None of the candidate locators became visible within 6s. Candidates: [('-android uiautomator', 'new UiSelector().textContains("Continue")'), ('class name', 'android.widget.EditText')]. Last error: None
2026-08-12 14:31:26 [INFO    ] screenshot_utils.py:54 — Screenshot saved: reports/screenshots/wait_for_any_visible_failed_20260812_143126.png
2026-08-12 14:31:27 [INFO    ] screenshot_utils.py:77 — Page source saved: reports/screenshots/wait_for_any_visible_failed_20260812_143126.xml
2026-08-12 14:31:27 [INFO    ] gestures.py:29 — Tap performed at X:760 Y:2246
2026-08-12 14:31:39 [ERROR   ] base_page.py:92 — None of the candidate locators became visible within 6s. Candidates: [('-android uiautomator', 'new UiSelector().textContains("Continue")'), ('class name', 'android.widget.EditText')]. Last error: None
2026-08-12 14:31:40 [INFO    ] screenshot_utils.py:54 — Screenshot saved: reports/screenshots/wait_for_any_visible_failed_20260812_143139.png
2026-08-12 14:31:40 [INFO    ] screenshot_utils.py:77 — Page source saved: reports/screenshots/wait_for_any_visible_failed_20260812_143140.xml
2026-08-12 14:31:40 [WARNING ] login_page.py:139 — Attempt 1 did not reach the login sheet, recovering and retrying...
2026-08-12 14:31:40 [WARNING ] base_page.py:262 — Attempting to recover application state...
2026-08-12 14:31:43 [INFO    ] base_page.py:266 — App recovery attempt completed.
2026-08-12 14:31:45 [INFO    ] login_page.py:44 — Profile tab open attempt 2/2
2026-08-12 14:31:46 [INFO    ] base_page.py:110 — Clicked: ('-android uiautomator', 'new UiSelector().className("android.view.View").childSelector(new UiSelector().text("Profile")).clickable(true)')
2026-08-12 14:31:56 [ERROR   ] base_page.py:92 — None of the candidate locators became visible within 6s. Candidates: [('-android uiautomator', 'new UiSelector().textContains("Continue")'), ('class name', 'android.widget.EditText')]. Last error: None
2026-08-12 14:31:57 [INFO    ] screenshot_utils.py:54 — Screenshot saved: reports/screenshots/wait_for_any_visible_failed_20260812_143156.png
2026-08-12 14:31:57 [INFO    ] screenshot_utils.py:77 — Page source saved: reports/screenshots/wait_for_any_visible_failed_20260812_143157.xml
2026-08-12 14:31:57 [INFO    ] gestures.py:29 — Tap performed at X:760 Y:2246
2026-08-12 14:32:09 [ERROR   ] base_page.py:92 — None of the candidate locators became visible within 6s. Candidates: [('-android uiautomator', 'new UiSelector().textContains("Continue")'), ('class name', 'android.widget.EditText')]. Last error: None
2026-08-12 14:32:10 [INFO    ] screenshot_utils.py:54 — Screenshot saved: reports/screenshots/wait_for_any_visible_failed_20260812_143209.png
2026-08-12 14:32:11 [INFO    ] screenshot_utils.py:77 — Page source saved: reports/screenshots/wait_for_any_visible_failed_20260812_143210.xml
2026-08-12 14:32:11 [WARNING ] login_page.py:139 — Attempt 2 did not reach the login sheet, recovering and retrying...
2026-08-12 14:32:11 [WARNING ] base_page.py:262 — Attempting to recover application state...
2026-08-12 14:32:14 [INFO    ] base_page.py:266 — App recovery attempt completed.
2026-08-12 14:32:16 [ERROR   ] login_page.py:152 — Unable to open profile tab / reach login sheet after 2 attempts
2026-08-12 14:32:16 [INFO    ] screenshot_utils.py:54 — Screenshot saved: reports/screenshots/profile_tab_failed_20260812_143216.png
2026-08-12 14:32:16 [INFO    ] screenshot_utils.py:77 — Page source saved: reports/screenshots/profile_tab_failed_20260812_143216.xml
2026-08-12 14:32:16 [ERROR   ] login_page.py:725 — Login flow failed: Unable to open profile tab / reach login sheet after 2 attempts
2026-08-12 14:32:17 [INFO    ] screenshot_utils.py:54 — Screenshot saved: reports/screenshots/login_failed_20260812_143216.png
2026-08-12 14:32:17 [INFO    ] screenshot_utils.py:77 — Page source saved: reports/screenshots/login_failed_20260812_143217.xml
2026-08-12 14:32:18 [INFO    ] screenshot_utils.py:54 — Screenshot saved: reports/screenshots/test_add_comment_20260812_143217.png
2026-08-12 14:32:18 [INFO    ] screenshot_utils.py:77 — Page source saved: reports/screenshots/test_add_comment_20260812_143218.xml
2026-08-12 14:32:18 [ERROR   ] conftest.py:355 — Test FAILED: test_add_comment
2026-08-12 14:32:18 [INFO    ] conftest.py:262 — Closing driver session.
2026-08-12 14:32:19 [INFO    ] conftest.py:227 — ==================================================
2026-08-12 14:32:19 [INFO    ] conftest.py:228 — DRIVER SETUP START
2026-08-12 14:32:19 [INFO    ] conftest.py:229 — ==================================================
2026-08-12 14:32:19 [INFO    ] conftest.py:116 — Driver creation attempt 1/2
2026-08-12 14:32:19 [INFO    ] driver_factory.py:53 — ========== DRIVER CREATION START ==========
2026-08-12 14:32:19 [INFO    ] driver_factory.py:70 — Device: emulator | Env: qa | Platform: Android
2026-08-12 14:32:19 [INFO    ] driver_factory.py:132 — Device Name: Android Emulator
2026-08-12 14:32:19 [INFO    ] driver_factory.py:133 — UDID: emulator-5554
2026-08-12 14:32:19 [INFO    ] driver_factory.py:147 — App Package: com.zee5.hipi (noReset=true, activity not set)
2026-08-12 14:32:23 [INFO    ] driver_factory.py:108 — App launched by driver. Waiting for stabilization...
2026-08-12 14:32:25 [INFO    ] driver_factory.py:111 — ========== DRIVER CREATED SUCCESSFULLY ==========
2026-08-12 14:32:25 [INFO    ] conftest.py:238 — Driver created successfully.
2026-08-12 14:32:31 [INFO    ] popup_handler.py:122 — Checking for 'Get Started' screen...
2026-08-12 14:32:42 [INFO    ] popup_handler.py:134 — 'Get Started' screen not present — skipping.
2026-08-12 14:32:42 [INFO    ] conftest.py:153 — App readiness probe: HiPi is in foreground (com.zee5.hipi).
2026-08-12 14:32:42 [INFO    ] conftest.py:251 — DRIVER SETUP COMPLETE
2026-08-12 14:32:42 [INFO    ] base_test.py:20 — BaseTest setup completed.
2026-08-12 14:32:42 [INFO    ] base_test.py:58 — login_and_reach_feed: START
2026-08-12 14:32:42 [INFO    ] base_test.py:30 — Logging in as default test user.
2026-08-12 14:32:42 [INFO    ] login_page.py:590 — ========== LOGIN FLOW START ==========
2026-08-12 14:32:43 [INFO    ] login_page.py:34 — Opening profile tab
2026-08-12 14:32:44 [INFO    ] login_page.py:44 — Profile tab open attempt 1/2
2026-08-12 14:32:45 [INFO    ] base_page.py:110 — Clicked: ('-android uiautomator', 'new UiSelector().className("android.view.View").childSelector(new UiSelector().text("Profile")).clickable(true)')
2026-08-12 14:32:56 [ERROR   ] base_page.py:92 — None of the candidate locators became visible within 6s. Candidates: [('-android uiautomator', 'new UiSelector().textContains("Continue")'), ('class name', 'android.widget.EditText')]. Last error: None
2026-08-12 14:32:57 [INFO    ] screenshot_utils.py:54 — Screenshot saved: reports/screenshots/wait_for_any_visible_failed_20260812_143256.png
2026-08-12 14:32:57 [INFO    ] screenshot_utils.py:77 — Page source saved: reports/screenshots/wait_for_any_visible_failed_20260812_143257.xml
2026-08-12 14:32:57 [INFO    ] gestures.py:29 — Tap performed at X:760 Y:2246
2026-08-12 14:33:09 [ERROR   ] base_page.py:92 — None of the candidate locators became visible within 6s. Candidates: [('-android uiautomator', 'new UiSelector().textContains("Continue")'), ('class name', 'android.widget.EditText')]. Last error: None
2026-08-12 14:33:10 [INFO    ] screenshot_utils.py:54 — Screenshot saved: reports/screenshots/wait_for_any_visible_failed_20260812_143309.png
2026-08-12 14:33:10 [INFO    ] screenshot_utils.py:77 — Page source saved: reports/screenshots/wait_for_any_visible_failed_20260812_143310.xml
2026-08-12 14:33:10 [WARNING ] login_page.py:139 — Attempt 1 did not reach the login sheet, recovering and retrying...
2026-08-12 14:33:10 [WARNING ] base_page.py:262 — Attempting to recover application state...
2026-08-12 14:33:13 [INFO    ] base_page.py:266 — App recovery attempt completed.
2026-08-12 14:33:15 [INFO    ] login_page.py:44 — Profile tab open attempt 2/2
2026-08-12 14:33:17 [INFO    ] base_page.py:110 — Clicked: ('-android uiautomator', 'new UiSelector().className("android.view.View").childSelector(new UiSelector().text("Profile")).clickable(true)')
2026-08-12 14:33:27 [ERROR   ] base_page.py:92 — None of the candidate locators became visible within 6s. Candidates: [('-android uiautomator', 'new UiSelector().textContains("Continue")'), ('class name', 'android.widget.EditText')]. Last error: None
2026-08-12 14:33:28 [INFO    ] screenshot_utils.py:54 — Screenshot saved: reports/screenshots/wait_for_any_visible_failed_20260812_143327.png
2026-08-12 14:33:28 [INFO    ] screenshot_utils.py:77 — Page source saved: reports/screenshots/wait_for_any_visible_failed_20260812_143328.xml
2026-08-12 14:33:28 [INFO    ] gestures.py:29 — Tap performed at X:760 Y:2246
2026-08-12 14:33:41 [ERROR   ] base_page.py:92 — None of the candidate locators became visible within 6s. Candidates: [('-android uiautomator', 'new UiSelector().textContains("Continue")'), ('class name', 'android.widget.EditText')]. Last error: None
2026-08-12 14:33:41 [INFO    ] screenshot_utils.py:54 — Screenshot saved: reports/screenshots/wait_for_any_visible_failed_20260812_143341.png
2026-08-12 14:33:41 [INFO    ] screenshot_utils.py:77 — Page source saved: reports/screenshots/wait_for_any_visible_failed_20260812_143341.xml
2026-08-12 14:33:41 [WARNING ] login_page.py:139 — Attempt 2 did not reach the login sheet, recovering and retrying...
2026-08-12 14:33:41 [WARNING ] base_page.py:262 — Attempting to recover application state...
2026-08-12 14:33:44 [INFO    ] base_page.py:266 — App recovery attempt completed.
2026-08-12 14:33:46 [ERROR   ] login_page.py:152 — Unable to open profile tab / reach login sheet after 2 attempts
2026-08-12 14:33:47 [INFO    ] screenshot_utils.py:54 — Screenshot saved: reports/screenshots/profile_tab_failed_20260812_143346.png
2026-08-12 14:33:47 [INFO    ] screenshot_utils.py:77 — Page source saved: reports/screenshots/profile_tab_failed_20260812_143347.xml
2026-08-12 14:33:47 [ERROR   ] login_page.py:725 — Login flow failed: Unable to open profile tab / reach login sheet after 2 attempts
2026-08-12 14:33:48 [INFO    ] screenshot_utils.py:54 — Screenshot saved: reports/screenshots/login_failed_20260812_143347.png
2026-08-12 14:33:48 [INFO    ] screenshot_utils.py:77 — Page source saved: reports/screenshots/login_failed_20260812_143348.xml
2026-08-12 14:33:48 [INFO    ] screenshot_utils.py:54 — Screenshot saved: reports/screenshots/test_pause_and_resume_reel_20260812_143348.png
2026-08-12 14:33:49 [INFO    ] screenshot_utils.py:77 — Page source saved: reports/screenshots/test_pause_and_resume_reel_20260812_143348.xml
2026-08-12 14:33:49 [ERROR   ] conftest.py:355 — Test FAILED: test_pause_and_resume_reel
2026-08-12 14:33:49 [INFO    ] conftest.py:262 — Closing driver session.
2026-08-12 14:33:50 [INFO    ] conftest.py:227 — ==================================================
2026-08-12 14:33:50 [INFO    ] conftest.py:228 — DRIVER SETUP START
2026-08-12 14:33:50 [INFO    ] conftest.py:229 — ==================================================
2026-08-12 14:33:50 [INFO    ] conftest.py:116 — Driver creation attempt 1/2
2026-08-12 14:33:50 [INFO    ] driver_factory.py:53 — ========== DRIVER CREATION START ==========
2026-08-12 14:33:50 [INFO    ] driver_factory.py:70 — Device: emulator | Env: qa | Platform: Android
2026-08-12 14:33:50 [INFO    ] driver_factory.py:132 — Device Name: Android Emulator
2026-08-12 14:33:50 [INFO    ] driver_factory.py:133 — UDID: emulator-5554
2026-08-12 14:33:50 [INFO    ] driver_factory.py:147 — App Package: com.zee5.hipi (noReset=true, activity not set)
2026-08-12 14:33:57 [INFO    ] driver_factory.py:108 — App launched by driver. Waiting for stabilization...
2026-08-12 14:33:59 [INFO    ] driver_factory.py:111 — ========== DRIVER CREATED SUCCESSFULLY ==========
2026-08-12 14:33:59 [INFO    ] conftest.py:238 — Driver created successfully.
2026-08-12 14:34:04 [INFO    ] popup_handler.py:122 — Checking for 'Get Started' screen...
2026-08-12 14:34:15 [INFO    ] popup_handler.py:134 — 'Get Started' screen not present — skipping.
2026-08-12 14:34:16 [INFO    ] conftest.py:153 — App readiness probe: HiPi is in foreground (com.zee5.hipi).
2026-08-12 14:34:16 [INFO    ] conftest.py:251 — DRIVER SETUP COMPLETE
2026-08-12 14:34:16 [INFO    ] base_test.py:20 — BaseTest setup completed.
2026-08-12 14:34:16 [INFO    ] base_test.py:58 — login_and_reach_feed: START
2026-08-12 14:34:16 [INFO    ] base_test.py:30 — Logging in as default test user.
2026-08-12 14:34:16 [INFO    ] login_page.py:590 — ========== LOGIN FLOW START ==========
2026-08-12 14:34:17 [INFO    ] login_page.py:34 — Opening profile tab
2026-08-12 14:34:18 [INFO    ] login_page.py:44 — Profile tab open attempt 1/2
2026-08-12 14:34:18 [INFO    ] base_page.py:110 — Clicked: ('-android uiautomator', 'new UiSelector().className("android.view.View").childSelector(new UiSelector().text("Profile")).clickable(true)')
2026-08-12 14:34:29 [ERROR   ] base_page.py:92 — None of the candidate locators became visible within 6s. Candidates: [('-android uiautomator', 'new UiSelector().textContains("Continue")'), ('class name', 'android.widget.EditText')]. Last error: None
2026-08-12 14:34:30 [INFO    ] screenshot_utils.py:54 — Screenshot saved: reports/screenshots/wait_for_any_visible_failed_20260812_143429.png
2026-08-12 14:34:30 [INFO    ] screenshot_utils.py:77 — Page source saved: reports/screenshots/wait_for_any_visible_failed_20260812_143430.xml
2026-08-12 14:34:30 [INFO    ] gestures.py:29 — Tap performed at X:760 Y:2246
2026-08-12 14:34:42 [ERROR   ] base_page.py:92 — None of the candidate locators became visible within 6s. Candidates: [('-android uiautomator', 'new UiSelector().textContains("Continue")'), ('class name', 'android.widget.EditText')]. Last error: None
2026-08-12 14:34:43 [INFO    ] screenshot_utils.py:54 — Screenshot saved: reports/screenshots/wait_for_any_visible_failed_20260812_143442.png
2026-08-12 14:34:43 [INFO    ] screenshot_utils.py:77 — Page source saved: reports/screenshots/wait_for_any_visible_failed_20260812_143443.xml
2026-08-12 14:34:43 [WARNING ] login_page.py:139 — Attempt 1 did not reach the login sheet, recovering and retrying...
2026-08-12 14:34:43 [WARNING ] base_page.py:262 — Attempting to recover application state...
2026-08-12 14:34:46 [INFO    ] base_page.py:266 — App recovery attempt completed.
2026-08-12 14:34:48 [INFO    ] login_page.py:44 — Profile tab open attempt 2/2
2026-08-12 14:34:49 [INFO    ] base_page.py:110 — Clicked: ('-android uiautomator', 'new UiSelector().className("android.view.View").childSelector(new UiSelector().text("Profile")).clickable(true)')
2026-08-12 14:35:00 [ERROR   ] base_page.py:92 — None of the candidate locators became visible within 6s. Candidates: [('-android uiautomator', 'new UiSelector().textContains("Continue")'), ('class name', 'android.widget.EditText')]. Last error: None
2026-08-12 14:35:01 [INFO    ] screenshot_utils.py:54 — Screenshot saved: reports/screenshots/wait_for_any_visible_failed_20260812_143500.png
2026-08-12 14:35:01 [INFO    ] screenshot_utils.py:77 — Page source saved: reports/screenshots/wait_for_any_visible_failed_20260812_143501.xml
2026-08-12 14:35:01 [INFO    ] gestures.py:29 — Tap performed at X:760 Y:2246
2026-08-12 14:35:13 [ERROR   ] base_page.py:92 — None of the candidate locators became visible within 6s. Candidates: [('-android uiautomator', 'new UiSelector().textContains("Continue")'), ('class name', 'android.widget.EditText')]. Last error: None
2026-08-12 14:35:14 [INFO    ] screenshot_utils.py:54 — Screenshot saved: reports/screenshots/wait_for_any_visible_failed_20260812_143513.png
2026-08-12 14:35:15 [INFO    ] screenshot_utils.py:77 — Page source saved: reports/screenshots/wait_for_any_visible_failed_20260812_143514.xml
2026-08-12 14:35:15 [WARNING ] login_page.py:139 — Attempt 2 did not reach the login sheet, recovering and retrying...
2026-08-12 14:35:15 [WARNING ] base_page.py:262 — Attempting to recover application state...
2026-08-12 14:35:18 [INFO    ] base_page.py:266 — App recovery attempt completed.
2026-08-12 14:35:20 [ERROR   ] login_page.py:152 — Unable to open profile tab / reach login sheet after 2 attempts
2026-08-12 14:35:21 [INFO    ] screenshot_utils.py:54 — Screenshot saved: reports/screenshots/profile_tab_failed_20260812_143520.png
2026-08-12 14:35:21 [INFO    ] screenshot_utils.py:77 — Page source saved: reports/screenshots/profile_tab_failed_20260812_143521.xml
2026-08-12 14:35:21 [ERROR   ] login_page.py:725 — Login flow failed: Unable to open profile tab / reach login sheet after 2 attempts
2026-08-12 14:35:21 [INFO    ] screenshot_utils.py:54 — Screenshot saved: reports/screenshots/login_failed_20260812_143521.png
2026-08-12 14:35:21 [INFO    ] screenshot_utils.py:77 — Page source saved: reports/screenshots/login_failed_20260812_143521.xml
2026-08-12 14:35:22 [INFO    ] screenshot_utils.py:54 — Screenshot saved: reports/screenshots/test_swipe_to_next_video_20260812_143521.png
2026-08-12 14:35:22 [INFO    ] screenshot_utils.py:77 — Page source saved: reports/screenshots/test_swipe_to_next_video_20260812_143522.xml
2026-08-12 14:35:22 [ERROR   ] conftest.py:355 — Test FAILED: test_swipe_to_next_video
2026-08-12 14:35:22 [INFO    ] conftest.py:262 — Closing driver session.
2026-08-12 14:35:23 [INFO    ] conftest.py:227 — ==================================================
2026-08-12 14:35:23 [INFO    ] conftest.py:228 — DRIVER SETUP START
2026-08-12 14:35:23 [INFO    ] conftest.py:229 — ==================================================
2026-08-12 14:35:23 [INFO    ] conftest.py:116 — Driver creation attempt 1/2
2026-08-12 14:35:23 [INFO    ] driver_factory.py:53 — ========== DRIVER CREATION START ==========
2026-08-12 14:35:23 [INFO    ] driver_factory.py:70 — Device: emulator | Env: qa | Platform: Android
2026-08-12 14:35:23 [INFO    ] driver_factory.py:132 — Device Name: Android Emulator
2026-08-12 14:35:23 [INFO    ] driver_factory.py:133 — UDID: emulator-5554
2026-08-12 14:35:23 [INFO    ] driver_factory.py:147 — App Package: com.zee5.hipi (noReset=true, activity not set)
2026-08-12 14:35:29 [INFO    ] driver_factory.py:108 — App launched by driver. Waiting for stabilization...
2026-08-12 14:35:31 [INFO    ] driver_factory.py:111 — ========== DRIVER CREATED SUCCESSFULLY ==========
2026-08-12 14:35:31 [INFO    ] conftest.py:238 — Driver created successfully.
2026-08-12 14:35:37 [INFO    ] popup_handler.py:122 — Checking for 'Get Started' screen...
2026-08-12 14:35:48 [INFO    ] popup_handler.py:134 — 'Get Started' screen not present — skipping.
2026-08-12 14:35:48 [INFO    ] conftest.py:153 — App readiness probe: HiPi is in foreground (com.zee5.hipi).
2026-08-12 14:35:48 [INFO    ] conftest.py:251 — DRIVER SETUP COMPLETE
2026-08-12 14:35:48 [INFO    ] base_test.py:20 — BaseTest setup completed.
2026-08-12 14:35:48 [INFO    ] test_login.py:126 — ========== SMOKE LOGIN START ==========
2026-08-12 14:35:48 [INFO    ] base_test.py:30 — Logging in as default test user.
2026-08-12 14:35:48 [INFO    ] login_page.py:590 — ========== LOGIN FLOW START ==========
2026-08-12 14:35:49 [INFO    ] login_page.py:34 — Opening profile tab
2026-08-12 14:35:50 [INFO    ] login_page.py:44 — Profile tab open attempt 1/2
2026-08-12 14:35:51 [INFO    ] base_page.py:110 — Clicked: ('-android uiautomator', 'new UiSelector().className("android.view.View").childSelector(new UiSelector().text("Profile")).clickable(true)')
2026-08-12 14:36:02 [ERROR   ] base_page.py:92 — None of the candidate locators became visible within 6s. Candidates: [('-android uiautomator', 'new UiSelector().textContains("Continue")'), ('class name', 'android.widget.EditText')]. Last error: None
2026-08-12 14:36:03 [INFO    ] screenshot_utils.py:54 — Screenshot saved: reports/screenshots/wait_for_any_visible_failed_20260812_143602.png
2026-08-12 14:36:03 [INFO    ] screenshot_utils.py:77 — Page source saved: reports/screenshots/wait_for_any_visible_failed_20260812_143603.xml
2026-08-12 14:36:03 [INFO    ] gestures.py:29 — Tap performed at X:760 Y:2246
2026-08-12 14:36:16 [ERROR   ] base_page.py:92 — None of the candidate locators became visible within 6s. Candidates: [('-android uiautomator', 'new UiSelector().textContains("Continue")'), ('class name', 'android.widget.EditText')]. Last error: None
2026-08-12 14:36:16 [INFO    ] screenshot_utils.py:54 — Screenshot saved: reports/screenshots/wait_for_any_visible_failed_20260812_143616.png
2026-08-12 14:36:17 [INFO    ] screenshot_utils.py:77 — Page source saved: reports/screenshots/wait_for_any_visible_failed_20260812_143616.xml
2026-08-12 14:36:17 [WARNING ] login_page.py:139 — Attempt 1 did not reach the login sheet, recovering and retrying...
2026-08-12 14:36:17 [WARNING ] base_page.py:262 — Attempting to recover application state...
2026-08-12 14:36:20 [INFO    ] base_page.py:266 — App recovery attempt completed.
2026-08-12 14:36:22 [INFO    ] login_page.py:44 — Profile tab open attempt 2/2
2026-08-12 14:36:23 [INFO    ] base_page.py:110 — Clicked: ('-android uiautomator', 'new UiSelector().className("android.view.View").childSelector(new UiSelector().text("Profile")).clickable(true)')
2026-08-12 14:36:33 [ERROR   ] base_page.py:92 — None of the candidate locators became visible within 6s. Candidates: [('-android uiautomator', 'new UiSelector().textContains("Continue")'), ('class name', 'android.widget.EditText')]. Last error: None
2026-08-12 14:36:34 [INFO    ] screenshot_utils.py:54 — Screenshot saved: reports/screenshots/wait_for_any_visible_failed_20260812_143633.png
2026-08-12 14:36:34 [INFO    ] screenshot_utils.py:77 — Page source saved: reports/screenshots/wait_for_any_visible_failed_20260812_143634.xml
2026-08-12 14:36:35 [INFO    ] gestures.py:29 — Tap performed at X:760 Y:2246
2026-08-12 14:36:47 [ERROR   ] base_page.py:92 — None of the candidate locators became visible within 6s. Candidates: [('-android uiautomator', 'new UiSelector().textContains("Continue")'), ('class name', 'android.widget.EditText')]. Last error: None
2026-08-12 14:36:47 [INFO    ] screenshot_utils.py:54 — Screenshot saved: reports/screenshots/wait_for_any_visible_failed_20260812_143647.png
2026-08-12 14:36:47 [INFO    ] screenshot_utils.py:77 — Page source saved: reports/screenshots/wait_for_any_visible_failed_20260812_143647.xml
2026-08-12 14:36:47 [WARNING ] login_page.py:139 — Attempt 2 did not reach the login sheet, recovering and retrying...
2026-08-12 14:36:47 [WARNING ] base_page.py:262 — Attempting to recover application state...
2026-08-12 14:36:50 [INFO    ] base_page.py:266 — App recovery attempt completed.
2026-08-12 14:36:52 [ERROR   ] login_page.py:152 — Unable to open profile tab / reach login sheet after 2 attempts
2026-08-12 14:36:53 [INFO    ] screenshot_utils.py:54 — Screenshot saved: reports/screenshots/profile_tab_failed_20260812_143652.png
2026-08-12 14:36:53 [INFO    ] screenshot_utils.py:77 — Page source saved: reports/screenshots/profile_tab_failed_20260812_143653.xml
2026-08-12 14:36:53 [ERROR   ] login_page.py:725 — Login flow failed: Unable to open profile tab / reach login sheet after 2 attempts
2026-08-12 14:36:54 [INFO    ] screenshot_utils.py:54 — Screenshot saved: reports/screenshots/login_failed_20260812_143653.png
2026-08-12 14:36:54 [INFO    ] screenshot_utils.py:77 — Page source saved: reports/screenshots/login_failed_20260812_143654.xml
2026-08-12 14:36:54 [INFO    ] screenshot_utils.py:54 — Screenshot saved: reports/screenshots/test_valid_login_smoke_20260812_143654.png
2026-08-12 14:36:55 [INFO    ] screenshot_utils.py:77 — Page source saved: reports/screenshots/test_valid_login_smoke_20260812_143654.xml
2026-08-12 14:36:55 [ERROR   ] conftest.py:355 — Test FAILED: test_valid_login_smoke
2026-08-12 14:36:55 [INFO    ] conftest.py:262 — Closing driver session.
2026-08-12 14:36:56 [INFO    ] conftest.py:369 — ==================================================
2026-08-12 14:36:56 [INFO    ] conftest.py:370 — PYTEST SESSION END | Exit status: 1
2026-08-12 14:36:56 [INFO    ] conftest.py:371 — ==================================================
