2026-08-14 13:48:34 [INFO    ] conftest.py:389 — ==================================================
2026-08-14 13:48:34 [INFO    ] conftest.py:390 — PYTEST SESSION START
2026-08-14 13:48:34 [INFO    ] conftest.py:391 — ==================================================
2026-08-14 13:48:34 [INFO    ] conftest.py:253 — ==================================================
2026-08-14 13:48:34 [INFO    ] conftest.py:254 — DRIVER SETUP START
2026-08-14 13:48:34 [INFO    ] conftest.py:255 — ==================================================
2026-08-14 13:48:34 [INFO    ] conftest.py:141 — Driver creation attempt 1/2
2026-08-14 13:48:44 [INFO    ] driver_factory.py:53 — ========== DRIVER CREATION START ==========
2026-08-14 13:48:44 [INFO    ] driver_factory.py:70 — Device: emulator | Env: qa | Platform: Android
2026-08-14 13:48:44 [INFO    ] driver_factory.py:136 — Device Name: Android Emulator
2026-08-14 13:48:44 [INFO    ] driver_factory.py:137 — UDID: emulator-5554
2026-08-14 13:48:44 [INFO    ] driver_factory.py:151 — App Package: com.zee5.hipi (noReset=true, activity not set)
2026-08-14 13:49:44 [ERROR   ] conftest.py:149 — Attempt 1 failed: Message: Error getting device API level. Original error: Error executing adbExec. Original error: 'Command '/Users/vc.rajdeep.kumar/Library/Android/sdk/platform-tools/adb -P 5037 -s emulator-5554 shell getprop ro.build.version.sdk' timed out after 30000ms'. Try to increase the 30000ms adb execution timeout represented by 'adbExecTimeout' capability
Stacktrace:
UnknownError: Error getting device API level. Original error: Error executing adbExec. Original error: 'Command '/Users/vc.rajdeep.kumar/Library/Android/sdk/platform-tools/adb -P 5037 -s emulator-5554 shell getprop ro.build.version.sdk' timed out after 30000ms'. Try to increase the 30000ms adb execution timeout represented by 'adbExecTimeout' capability
    at getResponseForW3CError (/opt/homebrew/lib/node_modules/appium/node_modules/@appium/base-driver/build/lib/protocol/errors.js:824:36)
    at asyncHandler (/opt/homebrew/lib/node_modules/appium/node_modules/@appium/base-driver/build/lib/protocol/protocol.js:430:77)
The above error is caused by
Error: Error getting device API level. Original error: Error executing adbExec. Original error: 'Command '/Users/vc.rajdeep.kumar/Library/Android/sdk/platform-tools/adb -P 5037 -s emulator-5554 shell getprop ro.build.version.sdk' timed out after 30000ms'. Try to increase the 30000ms adb execution timeout represented by 'adbExecTimeout' capability
    at ADB.getApiLevel (/Users/vc.rajdeep.kumar/.appium/node_modules/appium-uiautomator2-driver/node_modules/appium-adb/build/lib/tools/general-commands.js:101:19)
    at async AndroidUiautomator2Driver.deleteSession (/Users/vc.rajdeep.kumar/.appium/node_modules/appium-uiautomator2-driver/build/lib/driver.js:697:18)
    at async AndroidUiautomator2Driver.createSession (/Users/vc.rajdeep.kumar/.appium/node_modules/appium-uiautomator2-driver/build/lib/driver.js:258:13)
    at async AppiumDriver.createSession (/opt/homebrew/lib/node_modules/appium/build/lib/appium.js:324:43)
2026-08-14 13:49:44 [INFO    ] conftest.py:157 — Waiting 3s before retry...
2026-08-14 13:49:47 [INFO    ] conftest.py:141 — Driver creation attempt 2/2
2026-08-14 13:49:57 [INFO    ] driver_factory.py:53 — ========== DRIVER CREATION START ==========
2026-08-14 13:49:57 [INFO    ] driver_factory.py:70 — Device: emulator | Env: qa | Platform: Android
2026-08-14 13:49:57 [INFO    ] driver_factory.py:136 — Device Name: Android Emulator
2026-08-14 13:49:57 [INFO    ] driver_factory.py:137 — UDID: emulator-5554
2026-08-14 13:49:57 [INFO    ] driver_factory.py:151 — App Package: com.zee5.hipi (noReset=true, activity not set)
2026-08-14 13:50:57 [ERROR   ] conftest.py:149 — Attempt 2 failed: Message: Error getting device API level. Original error: Error executing adbExec. Original error: 'Command '/Users/vc.rajdeep.kumar/Library/Android/sdk/platform-tools/adb -P 5037 -s emulator-5554 shell getprop ro.build.version.sdk' timed out after 30000ms'. Try to increase the 30000ms adb execution timeout represented by 'adbExecTimeout' capability
Stacktrace:
UnknownError: Error getting device API level. Original error: Error executing adbExec. Original error: 'Command '/Users/vc.rajdeep.kumar/Library/Android/sdk/platform-tools/adb -P 5037 -s emulator-5554 shell getprop ro.build.version.sdk' timed out after 30000ms'. Try to increase the 30000ms adb execution timeout represented by 'adbExecTimeout' capability
    at getResponseForW3CError (/opt/homebrew/lib/node_modules/appium/node_modules/@appium/base-driver/build/lib/protocol/errors.js:824:36)
    at asyncHandler (/opt/homebrew/lib/node_modules/appium/node_modules/@appium/base-driver/build/lib/protocol/protocol.js:430:77)
The above error is caused by
Error: Error getting device API level. Original error: Error executing adbExec. Original error: 'Command '/Users/vc.rajdeep.kumar/Library/Android/sdk/platform-tools/adb -P 5037 -s emulator-5554 shell getprop ro.build.version.sdk' timed out after 30000ms'. Try to increase the 30000ms adb execution timeout represented by 'adbExecTimeout' capability
    at ADB.getApiLevel (/Users/vc.rajdeep.kumar/.appium/node_modules/appium-uiautomator2-driver/node_modules/appium-adb/build/lib/tools/general-commands.js:101:19)
    at async AndroidUiautomator2Driver.deleteSession (/Users/vc.rajdeep.kumar/.appium/node_modules/appium-uiautomator2-driver/build/lib/driver.js:697:18)
    at async AndroidUiautomator2Driver.createSession (/Users/vc.rajdeep.kumar/.appium/node_modules/appium-uiautomator2-driver/build/lib/driver.js:258:13)
    at async AppiumDriver.createSession (/opt/homebrew/lib/node_modules/appium/build/lib/appium.js:324:43)
2026-08-14 13:50:57 [ERROR   ] conftest.py:281 — Driver fixture setup failed: Driver creation failed after 2 attempts: Message: Error getting device API level. Original error: Error executing adbExec. Original error: 'Command '/Users/vc.rajdeep.kumar/Library/Android/sdk/platform-tools/adb -P 5037 -s emulator-5554 shell getprop ro.build.version.sdk' timed out after 30000ms'. Try to increase the 30000ms adb execution timeout represented by 'adbExecTimeout' capability
Stacktrace:
UnknownError: Error getting device API level. Original error: Error executing adbExec. Original error: 'Command '/Users/vc.rajdeep.kumar/Library/Android/sdk/platform-tools/adb -P 5037 -s emulator-5554 shell getprop ro.build.version.sdk' timed out after 30000ms'. Try to increase the 30000ms adb execution timeout represented by 'adbExecTimeout' capability
    at getResponseForW3CError (/opt/homebrew/lib/node_modules/appium/node_modules/@appium/base-driver/build/lib/protocol/errors.js:824:36)
    at asyncHandler (/opt/homebrew/lib/node_modules/appium/node_modules/@appium/base-driver/build/lib/protocol/protocol.js:430:77)
The above error is caused by
Error: Error getting device API level. Original error: Error executing adbExec. Original error: 'Command '/Users/vc.rajdeep.kumar/Library/Android/sdk/platform-tools/adb -P 5037 -s emulator-5554 shell getprop ro.build.version.sdk' timed out after 30000ms'. Try to increase the 30000ms adb execution timeout represented by 'adbExecTimeout' capability
    at ADB.getApiLevel (/Users/vc.rajdeep.kumar/.appium/node_modules/appium-uiautomator2-driver/node_modules/appium-adb/build/lib/tools/general-commands.js:101:19)
    at async AndroidUiautomator2Driver.deleteSession (/Users/vc.rajdeep.kumar/.appium/node_modules/appium-uiautomator2-driver/build/lib/driver.js:697:18)
    at async AndroidUiautomator2Driver.createSession (/Users/vc.rajdeep.kumar/.appium/node_modules/appium-uiautomator2-driver/build/lib/driver.js:258:13)
    at async AppiumDriver.createSession (/opt/homebrew/lib/node_modules/appium/build/lib/appium.js:324:43)
2026-08-14 13:50:57 [INFO    ] conftest.py:253 — ==================================================
2026-08-14 13:50:57 [INFO    ] conftest.py:254 — DRIVER SETUP START
2026-08-14 13:50:57 [INFO    ] conftest.py:255 — ==================================================
2026-08-14 13:50:57 [INFO    ] conftest.py:141 — Driver creation attempt 1/2
2026-08-14 13:51:07 [INFO    ] driver_factory.py:53 — ========== DRIVER CREATION START ==========
2026-08-14 13:51:07 [INFO    ] driver_factory.py:70 — Device: emulator | Env: qa | Platform: Android
2026-08-14 13:51:07 [INFO    ] driver_factory.py:136 — Device Name: Android Emulator
2026-08-14 13:51:07 [INFO    ] driver_factory.py:137 — UDID: emulator-5554
2026-08-14 13:51:07 [INFO    ] driver_factory.py:151 — App Package: com.zee5.hipi (noReset=true, activity not set)
2026-08-14 13:52:08 [ERROR   ] conftest.py:149 — Attempt 1 failed: Message: Error getting device API level. Original error: Error executing adbExec. Original error: 'Command '/Users/vc.rajdeep.kumar/Library/Android/sdk/platform-tools/adb -P 5037 -s emulator-5554 shell getprop ro.build.version.sdk' timed out after 30000ms'. Try to increase the 30000ms adb execution timeout represented by 'adbExecTimeout' capability
Stacktrace:
UnknownError: Error getting device API level. Original error: Error executing adbExec. Original error: 'Command '/Users/vc.rajdeep.kumar/Library/Android/sdk/platform-tools/adb -P 5037 -s emulator-5554 shell getprop ro.build.version.sdk' timed out after 30000ms'. Try to increase the 30000ms adb execution timeout represented by 'adbExecTimeout' capability
    at getResponseForW3CError (/opt/homebrew/lib/node_modules/appium/node_modules/@appium/base-driver/build/lib/protocol/errors.js:824:36)
    at asyncHandler (/opt/homebrew/lib/node_modules/appium/node_modules/@appium/base-driver/build/lib/protocol/protocol.js:430:77)
The above error is caused by
Error: Error getting device API level. Original error: Error executing adbExec. Original error: 'Command '/Users/vc.rajdeep.kumar/Library/Android/sdk/platform-tools/adb -P 5037 -s emulator-5554 shell getprop ro.build.version.sdk' timed out after 30000ms'. Try to increase the 30000ms adb execution timeout represented by 'adbExecTimeout' capability
    at ADB.getApiLevel (/Users/vc.rajdeep.kumar/.appium/node_modules/appium-uiautomator2-driver/node_modules/appium-adb/build/lib/tools/general-commands.js:101:19)
    at async AndroidUiautomator2Driver.deleteSession (/Users/vc.rajdeep.kumar/.appium/node_modules/appium-uiautomator2-driver/build/lib/driver.js:697:18)
    at async AndroidUiautomator2Driver.createSession (/Users/vc.rajdeep.kumar/.appium/node_modules/appium-uiautomator2-driver/build/lib/driver.js:258:13)
    at async AppiumDriver.createSession (/opt/homebrew/lib/node_modules/appium/build/lib/appium.js:324:43)
2026-08-14 13:52:08 [INFO    ] conftest.py:157 — Waiting 3s before retry...
2026-08-14 13:52:11 [INFO    ] conftest.py:141 — Driver creation attempt 2/2
2026-08-14 13:52:21 [INFO    ] driver_factory.py:53 — ========== DRIVER CREATION START ==========
2026-08-14 13:52:21 [INFO    ] driver_factory.py:70 — Device: emulator | Env: qa | Platform: Android
2026-08-14 13:52:21 [INFO    ] driver_factory.py:136 — Device Name: Android Emulator
2026-08-14 13:52:21 [INFO    ] driver_factory.py:137 — UDID: emulator-5554
2026-08-14 13:52:21 [INFO    ] driver_factory.py:151 — App Package: com.zee5.hipi (noReset=true, activity not set)
2026-08-14 13:55:20 [ERROR   ] conftest.py:149 — Attempt 2 failed: Message: Error getting device API level. Original error: Error executing adbExec. Original error: 'Command '/Users/vc.rajdeep.kumar/Library/Android/sdk/platform-tools/adb -P 5037 -s emulator-5554 shell getprop ro.build.version.sdk' timed out after 30000ms'. Try to increase the 30000ms adb execution timeout represented by 'adbExecTimeout' capability
Stacktrace:
UnknownError: Error getting device API level. Original error: Error executing adbExec. Original error: 'Command '/Users/vc.rajdeep.kumar/Library/Android/sdk/platform-tools/adb -P 5037 -s emulator-5554 shell getprop ro.build.version.sdk' timed out after 30000ms'. Try to increase the 30000ms adb execution timeout represented by 'adbExecTimeout' capability
    at getResponseForW3CError (/opt/homebrew/lib/node_modules/appium/node_modules/@appium/base-driver/build/lib/protocol/errors.js:824:36)
    at asyncHandler (/opt/homebrew/lib/node_modules/appium/node_modules/@appium/base-driver/build/lib/protocol/protocol.js:430:77)
The above error is caused by
Error: Error getting device API level. Original error: Error executing adbExec. Original error: 'Command '/Users/vc.rajdeep.kumar/Library/Android/sdk/platform-tools/adb -P 5037 -s emulator-5554 shell getprop ro.build.version.sdk' timed out after 30000ms'. Try to increase the 30000ms adb execution timeout represented by 'adbExecTimeout' capability
    at ADB.getApiLevel (/Users/vc.rajdeep.kumar/.appium/node_modules/appium-uiautomator2-driver/node_modules/appium-adb/build/lib/tools/general-commands.js:101:19)
    at async AndroidUiautomator2Driver.deleteSession (/Users/vc.rajdeep.kumar/.appium/node_modules/appium-uiautomator2-driver/build/lib/driver.js:697:18)
    at async AndroidUiautomator2Driver.createSession (/Users/vc.rajdeep.kumar/.appium/node_modules/appium-uiautomator2-driver/build/lib/driver.js:258:13)
    at async AppiumDriver.createSession (/opt/homebrew/lib/node_modules/appium/build/lib/appium.js:324:43)
2026-08-14 13:55:20 [ERROR   ] conftest.py:281 — Driver fixture setup failed: Driver creation failed after 2 attempts: Message: Error getting device API level. Original error: Error executing adbExec. Original error: 'Command '/Users/vc.rajdeep.kumar/Library/Android/sdk/platform-tools/adb -P 5037 -s emulator-5554 shell getprop ro.build.version.sdk' timed out after 30000ms'. Try to increase the 30000ms adb execution timeout represented by 'adbExecTimeout' capability
Stacktrace:
UnknownError: Error getting device API level. Original error: Error executing adbExec. Original error: 'Command '/Users/vc.rajdeep.kumar/Library/Android/sdk/platform-tools/adb -P 5037 -s emulator-5554 shell getprop ro.build.version.sdk' timed out after 30000ms'. Try to increase the 30000ms adb execution timeout represented by 'adbExecTimeout' capability
    at getResponseForW3CError (/opt/homebrew/lib/node_modules/appium/node_modules/@appium/base-driver/build/lib/protocol/errors.js:824:36)
    at asyncHandler (/opt/homebrew/lib/node_modules/appium/node_modules/@appium/base-driver/build/lib/protocol/protocol.js:430:77)
The above error is caused by
Error: Error getting device API level. Original error: Error executing adbExec. Original error: 'Command '/Users/vc.rajdeep.kumar/Library/Android/sdk/platform-tools/adb -P 5037 -s emulator-5554 shell getprop ro.build.version.sdk' timed out after 30000ms'. Try to increase the 30000ms adb execution timeout represented by 'adbExecTimeout' capability
    at ADB.getApiLevel (/Users/vc.rajdeep.kumar/.appium/node_modules/appium-uiautomator2-driver/node_modules/appium-adb/build/lib/tools/general-commands.js:101:19)
    at async AndroidUiautomator2Driver.deleteSession (/Users/vc.rajdeep.kumar/.appium/node_modules/appium-uiautomator2-driver/build/lib/driver.js:697:18)
    at async AndroidUiautomator2Driver.createSession (/Users/vc.rajdeep.kumar/.appium/node_modules/appium-uiautomator2-driver/build/lib/driver.js:258:13)
    at async AppiumDriver.createSession (/opt/homebrew/lib/node_modules/appium/build/lib/appium.js:324:43)
2026-08-14 13:55:20 [INFO    ] conftest.py:253 — ==================================================
2026-08-14 13:55:20 [INFO    ] conftest.py:254 — DRIVER SETUP START
2026-08-14 13:55:20 [INFO    ] conftest.py:255 — ==================================================
2026-08-14 13:55:20 [INFO    ] conftest.py:141 — Driver creation attempt 1/2
2026-08-14 13:55:30 [INFO    ] driver_factory.py:53 — ========== DRIVER CREATION START ==========
2026-08-14 13:55:30 [INFO    ] driver_factory.py:70 — Device: emulator | Env: qa | Platform: Android
2026-08-14 13:55:30 [INFO    ] driver_factory.py:136 — Device Name: Android Emulator
2026-08-14 13:55:30 [INFO    ] driver_factory.py:137 — UDID: emulator-5554
2026-08-14 13:55:30 [INFO    ] driver_factory.py:151 — App Package: com.zee5.hipi (noReset=true, activity not set)
2026-08-14 13:56:30 [ERROR   ] conftest.py:149 — Attempt 1 failed: Message: Error getting device API level. Original error: Error executing adbExec. Original error: 'Command '/Users/vc.rajdeep.kumar/Library/Android/sdk/platform-tools/adb -P 5037 -s emulator-5554 shell getprop ro.build.version.sdk' timed out after 30000ms'. Try to increase the 30000ms adb execution timeout represented by 'adbExecTimeout' capability
Stacktrace:
UnknownError: Error getting device API level. Original error: Error executing adbExec. Original error: 'Command '/Users/vc.rajdeep.kumar/Library/Android/sdk/platform-tools/adb -P 5037 -s emulator-5554 shell getprop ro.build.version.sdk' timed out after 30000ms'. Try to increase the 30000ms adb execution timeout represented by 'adbExecTimeout' capability
    at getResponseForW3CError (/opt/homebrew/lib/node_modules/appium/node_modules/@appium/base-driver/build/lib/protocol/errors.js:824:36)
    at asyncHandler (/opt/homebrew/lib/node_modules/appium/node_modules/@appium/base-driver/build/lib/protocol/protocol.js:430:77)
The above error is caused by
Error: Error getting device API level. Original error: Error executing adbExec. Original error: 'Command '/Users/vc.rajdeep.kumar/Library/Android/sdk/platform-tools/adb -P 5037 -s emulator-5554 shell getprop ro.build.version.sdk' timed out after 30000ms'. Try to increase the 30000ms adb execution timeout represented by 'adbExecTimeout' capability
    at ADB.getApiLevel (/Users/vc.rajdeep.kumar/.appium/node_modules/appium-uiautomator2-driver/node_modules/appium-adb/build/lib/tools/general-commands.js:101:19)
    at async AndroidUiautomator2Driver.deleteSession (/Users/vc.rajdeep.kumar/.appium/node_modules/appium-uiautomator2-driver/build/lib/driver.js:697:18)
    at async AndroidUiautomator2Driver.createSession (/Users/vc.rajdeep.kumar/.appium/node_modules/appium-uiautomator2-driver/build/lib/driver.js:258:13)
    at async AppiumDriver.createSession (/opt/homebrew/lib/node_modules/appium/build/lib/appium.js:324:43)
2026-08-14 13:56:30 [INFO    ] conftest.py:157 — Waiting 3s before retry...
2026-08-14 13:56:33 [INFO    ] conftest.py:141 — Driver creation attempt 2/2
2026-08-14 13:56:43 [INFO    ] driver_factory.py:53 — ========== DRIVER CREATION START ==========
2026-08-14 13:56:43 [INFO    ] driver_factory.py:70 — Device: emulator | Env: qa | Platform: Android
2026-08-14 13:56:43 [INFO    ] driver_factory.py:136 — Device Name: Android Emulator
2026-08-14 13:56:43 [INFO    ] driver_factory.py:137 — UDID: emulator-5554
2026-08-14 13:56:43 [INFO    ] driver_factory.py:151 — App Package: com.zee5.hipi (noReset=true, activity not set)
2026-08-14 13:57:43 [ERROR   ] conftest.py:149 — Attempt 2 failed: Message: Error getting device API level. Original error: Error executing adbExec. Original error: 'Command '/Users/vc.rajdeep.kumar/Library/Android/sdk/platform-tools/adb -P 5037 -s emulator-5554 shell getprop ro.build.version.sdk' timed out after 30000ms'. Try to increase the 30000ms adb execution timeout represented by 'adbExecTimeout' capability
Stacktrace:
UnknownError: Error getting device API level. Original error: Error executing adbExec. Original error: 'Command '/Users/vc.rajdeep.kumar/Library/Android/sdk/platform-tools/adb -P 5037 -s emulator-5554 shell getprop ro.build.version.sdk' timed out after 30000ms'. Try to increase the 30000ms adb execution timeout represented by 'adbExecTimeout' capability
    at getResponseForW3CError (/opt/homebrew/lib/node_modules/appium/node_modules/@appium/base-driver/build/lib/protocol/errors.js:824:36)
    at asyncHandler (/opt/homebrew/lib/node_modules/appium/node_modules/@appium/base-driver/build/lib/protocol/protocol.js:430:77)
The above error is caused by
Error: Error getting device API level. Original error: Error executing adbExec. Original error: 'Command '/Users/vc.rajdeep.kumar/Library/Android/sdk/platform-tools/adb -P 5037 -s emulator-5554 shell getprop ro.build.version.sdk' timed out after 30000ms'. Try to increase the 30000ms adb execution timeout represented by 'adbExecTimeout' capability
    at ADB.getApiLevel (/Users/vc.rajdeep.kumar/.appium/node_modules/appium-uiautomator2-driver/node_modules/appium-adb/build/lib/tools/general-commands.js:101:19)
    at async AndroidUiautomator2Driver.deleteSession (/Users/vc.rajdeep.kumar/.appium/node_modules/appium-uiautomator2-driver/build/lib/driver.js:697:18)
    at async AndroidUiautomator2Driver.createSession (/Users/vc.rajdeep.kumar/.appium/node_modules/appium-uiautomator2-driver/build/lib/driver.js:258:13)
    at async AppiumDriver.createSession (/opt/homebrew/lib/node_modules/appium/build/lib/appium.js:324:43)
2026-08-14 13:57:43 [ERROR   ] conftest.py:281 — Driver fixture setup failed: Driver creation failed after 2 attempts: Message: Error getting device API level. Original error: Error executing adbExec. Original error: 'Command '/Users/vc.rajdeep.kumar/Library/Android/sdk/platform-tools/adb -P 5037 -s emulator-5554 shell getprop ro.build.version.sdk' timed out after 30000ms'. Try to increase the 30000ms adb execution timeout represented by 'adbExecTimeout' capability
Stacktrace:
UnknownError: Error getting device API level. Original error: Error executing adbExec. Original error: 'Command '/Users/vc.rajdeep.kumar/Library/Android/sdk/platform-tools/adb -P 5037 -s emulator-5554 shell getprop ro.build.version.sdk' timed out after 30000ms'. Try to increase the 30000ms adb execution timeout represented by 'adbExecTimeout' capability
    at getResponseForW3CError (/opt/homebrew/lib/node_modules/appium/node_modules/@appium/base-driver/build/lib/protocol/errors.js:824:36)
    at asyncHandler (/opt/homebrew/lib/node_modules/appium/node_modules/@appium/base-driver/build/lib/protocol/protocol.js:430:77)
The above error is caused by
Error: Error getting device API level. Original error: Error executing adbExec. Original error: 'Command '/Users/vc.rajdeep.kumar/Library/Android/sdk/platform-tools/adb -P 5037 -s emulator-5554 shell getprop ro.build.version.sdk' timed out after 30000ms'. Try to increase the 30000ms adb execution timeout represented by 'adbExecTimeout' capability
    at ADB.getApiLevel (/Users/vc.rajdeep.kumar/.appium/node_modules/appium-uiautomator2-driver/node_modules/appium-adb/build/lib/tools/general-commands.js:101:19)
    at async AndroidUiautomator2Driver.deleteSession (/Users/vc.rajdeep.kumar/.appium/node_modules/appium-uiautomator2-driver/build/lib/driver.js:697:18)
    at async AndroidUiautomator2Driver.createSession (/Users/vc.rajdeep.kumar/.appium/node_modules/appium-uiautomator2-driver/build/lib/driver.js:258:13)
    at async AppiumDriver.createSession (/opt/homebrew/lib/node_modules/appium/build/lib/appium.js:324:43)
2026-08-14 13:57:43 [INFO    ] conftest.py:253 — ==================================================
2026-08-14 13:57:43 [INFO    ] conftest.py:254 — DRIVER SETUP START
2026-08-14 13:57:43 [INFO    ] conftest.py:255 — ==================================================
2026-08-14 13:57:43 [INFO    ] conftest.py:141 — Driver creation attempt 1/2
2026-08-14 13:59:35 [INFO    ] driver_factory.py:53 — ========== DRIVER CREATION START ==========
2026-08-14 13:59:35 [INFO    ] driver_factory.py:70 — Device: emulator | Env: qa | Platform: Android
2026-08-14 13:59:35 [INFO    ] driver_factory.py:136 — Device Name: Android Emulator
2026-08-14 13:59:35 [INFO    ] driver_factory.py:137 — UDID: emulator-5554
2026-08-14 13:59:35 [INFO    ] driver_factory.py:151 — App Package: com.zee5.hipi (noReset=true, activity not set)
2026-08-14 14:00:35 [ERROR   ] conftest.py:149 — Attempt 1 failed: Message: Error getting device API level. Original error: Error executing adbExec. Original error: 'Command '/Users/vc.rajdeep.kumar/Library/Android/sdk/platform-tools/adb -P 5037 -s emulator-5554 shell getprop ro.build.version.sdk' timed out after 30000ms'. Try to increase the 30000ms adb execution timeout represented by 'adbExecTimeout' capability
Stacktrace:
UnknownError: Error getting device API level. Original error: Error executing adbExec. Original error: 'Command '/Users/vc.rajdeep.kumar/Library/Android/sdk/platform-tools/adb -P 5037 -s emulator-5554 shell getprop ro.build.version.sdk' timed out after 30000ms'. Try to increase the 30000ms adb execution timeout represented by 'adbExecTimeout' capability
    at getResponseForW3CError (/opt/homebrew/lib/node_modules/appium/node_modules/@appium/base-driver/build/lib/protocol/errors.js:824:36)
    at asyncHandler (/opt/homebrew/lib/node_modules/appium/node_modules/@appium/base-driver/build/lib/protocol/protocol.js:430:77)
The above error is caused by
Error: Error getting device API level. Original error: Error executing adbExec. Original error: 'Command '/Users/vc.rajdeep.kumar/Library/Android/sdk/platform-tools/adb -P 5037 -s emulator-5554 shell getprop ro.build.version.sdk' timed out after 30000ms'. Try to increase the 30000ms adb execution timeout represented by 'adbExecTimeout' capability
    at ADB.getApiLevel (/Users/vc.rajdeep.kumar/.appium/node_modules/appium-uiautomator2-driver/node_modules/appium-adb/build/lib/tools/general-commands.js:101:19)
    at async AndroidUiautomator2Driver.deleteSession (/Users/vc.rajdeep.kumar/.appium/node_modules/appium-uiautomator2-driver/build/lib/driver.js:697:18)
    at async AndroidUiautomator2Driver.createSession (/Users/vc.rajdeep.kumar/.appium/node_modules/appium-uiautomator2-driver/build/lib/driver.js:258:13)
    at async AppiumDriver.createSession (/opt/homebrew/lib/node_modules/appium/build/lib/appium.js:324:43)
2026-08-14 14:00:35 [INFO    ] conftest.py:157 — Waiting 3s before retry...
2026-08-14 14:00:38 [INFO    ] conftest.py:141 — Driver creation attempt 2/2
2026-08-14 14:00:48 [INFO    ] driver_factory.py:53 — ========== DRIVER CREATION START ==========
2026-08-14 14:00:48 [INFO    ] driver_factory.py:70 — Device: emulator | Env: qa | Platform: Android
2026-08-14 14:00:48 [INFO    ] driver_factory.py:136 — Device Name: Android Emulator
2026-08-14 14:00:48 [INFO    ] driver_factory.py:137 — UDID: emulator-5554
2026-08-14 14:00:48 [INFO    ] driver_factory.py:151 — App Package: com.zee5.hipi (noReset=true, activity not set)
2026-08-14 14:01:48 [ERROR   ] conftest.py:149 — Attempt 2 failed: Message: Error getting device API level. Original error: Error executing adbExec. Original error: 'Command '/Users/vc.rajdeep.kumar/Library/Android/sdk/platform-tools/adb -P 5037 -s emulator-5554 shell getprop ro.build.version.sdk' timed out after 30000ms'. Try to increase the 30000ms adb execution timeout represented by 'adbExecTimeout' capability
Stacktrace:
UnknownError: Error getting device API level. Original error: Error executing adbExec. Original error: 'Command '/Users/vc.rajdeep.kumar/Library/Android/sdk/platform-tools/adb -P 5037 -s emulator-5554 shell getprop ro.build.version.sdk' timed out after 30000ms'. Try to increase the 30000ms adb execution timeout represented by 'adbExecTimeout' capability
    at getResponseForW3CError (/opt/homebrew/lib/node_modules/appium/node_modules/@appium/base-driver/build/lib/protocol/errors.js:824:36)
    at asyncHandler (/opt/homebrew/lib/node_modules/appium/node_modules/@appium/base-driver/build/lib/protocol/protocol.js:430:77)
The above error is caused by
Error: Error getting device API level. Original error: Error executing adbExec. Original error: 'Command '/Users/vc.rajdeep.kumar/Library/Android/sdk/platform-tools/adb -P 5037 -s emulator-5554 shell getprop ro.build.version.sdk' timed out after 30000ms'. Try to increase the 30000ms adb execution timeout represented by 'adbExecTimeout' capability
    at ADB.getApiLevel (/Users/vc.rajdeep.kumar/.appium/node_modules/appium-uiautomator2-driver/node_modules/appium-adb/build/lib/tools/general-commands.js:101:19)
    at async AndroidUiautomator2Driver.deleteSession (/Users/vc.rajdeep.kumar/.appium/node_modules/appium-uiautomator2-driver/build/lib/driver.js:697:18)
    at async AndroidUiautomator2Driver.createSession (/Users/vc.rajdeep.kumar/.appium/node_modules/appium-uiautomator2-driver/build/lib/driver.js:258:13)
    at async AppiumDriver.createSession (/opt/homebrew/lib/node_modules/appium/build/lib/appium.js:324:43)
2026-08-14 14:01:48 [ERROR   ] conftest.py:281 — Driver fixture setup failed: Driver creation failed after 2 attempts: Message: Error getting device API level. Original error: Error executing adbExec. Original error: 'Command '/Users/vc.rajdeep.kumar/Library/Android/sdk/platform-tools/adb -P 5037 -s emulator-5554 shell getprop ro.build.version.sdk' timed out after 30000ms'. Try to increase the 30000ms adb execution timeout represented by 'adbExecTimeout' capability
Stacktrace:
UnknownError: Error getting device API level. Original error: Error executing adbExec. Original error: 'Command '/Users/vc.rajdeep.kumar/Library/Android/sdk/platform-tools/adb -P 5037 -s emulator-5554 shell getprop ro.build.version.sdk' timed out after 30000ms'. Try to increase the 30000ms adb execution timeout represented by 'adbExecTimeout' capability
    at getResponseForW3CError (/opt/homebrew/lib/node_modules/appium/node_modules/@appium/base-driver/build/lib/protocol/errors.js:824:36)
    at asyncHandler (/opt/homebrew/lib/node_modules/appium/node_modules/@appium/base-driver/build/lib/protocol/protocol.js:430:77)
The above error is caused by
Error: Error getting device API level. Original error: Error executing adbExec. Original error: 'Command '/Users/vc.rajdeep.kumar/Library/Android/sdk/platform-tools/adb -P 5037 -s emulator-5554 shell getprop ro.build.version.sdk' timed out after 30000ms'. Try to increase the 30000ms adb execution timeout represented by 'adbExecTimeout' capability
    at ADB.getApiLevel (/Users/vc.rajdeep.kumar/.appium/node_modules/appium-uiautomator2-driver/node_modules/appium-adb/build/lib/tools/general-commands.js:101:19)
    at async AndroidUiautomator2Driver.deleteSession (/Users/vc.rajdeep.kumar/.appium/node_modules/appium-uiautomator2-driver/build/lib/driver.js:697:18)
    at async AndroidUiautomator2Driver.createSession (/Users/vc.rajdeep.kumar/.appium/node_modules/appium-uiautomator2-driver/build/lib/driver.js:258:13)
    at async AppiumDriver.createSession (/opt/homebrew/lib/node_modules/appium/build/lib/appium.js:324:43)
2026-08-14 14:01:48 [INFO    ] conftest.py:253 — ==================================================
2026-08-14 14:01:48 [INFO    ] conftest.py:254 — DRIVER SETUP START
2026-08-14 14:01:48 [INFO    ] conftest.py:255 — ==================================================
2026-08-14 14:01:48 [INFO    ] conftest.py:141 — Driver creation attempt 1/2
2026-08-14 14:01:58 [INFO    ] driver_factory.py:53 — ========== DRIVER CREATION START ==========
2026-08-14 14:01:58 [INFO    ] driver_factory.py:70 — Device: emulator | Env: qa | Platform: Android
2026-08-14 14:01:58 [INFO    ] driver_factory.py:136 — Device Name: Android Emulator
2026-08-14 14:01:58 [INFO    ] driver_factory.py:137 — UDID: emulator-5554
2026-08-14 14:01:58 [INFO    ] driver_factory.py:151 — App Package: com.zee5.hipi (noReset=true, activity not set)
2026-08-14 14:02:58 [ERROR   ] conftest.py:149 — Attempt 1 failed: Message: Error getting device API level. Original error: Error executing adbExec. Original error: 'Command '/Users/vc.rajdeep.kumar/Library/Android/sdk/platform-tools/adb -P 5037 -s emulator-5554 shell getprop ro.build.version.sdk' timed out after 30000ms'. Try to increase the 30000ms adb execution timeout represented by 'adbExecTimeout' capability
Stacktrace:
UnknownError: Error getting device API level. Original error: Error executing adbExec. Original error: 'Command '/Users/vc.rajdeep.kumar/Library/Android/sdk/platform-tools/adb -P 5037 -s emulator-5554 shell getprop ro.build.version.sdk' timed out after 30000ms'. Try to increase the 30000ms adb execution timeout represented by 'adbExecTimeout' capability
    at getResponseForW3CError (/opt/homebrew/lib/node_modules/appium/node_modules/@appium/base-driver/build/lib/protocol/errors.js:824:36)
    at asyncHandler (/opt/homebrew/lib/node_modules/appium/node_modules/@appium/base-driver/build/lib/protocol/protocol.js:430:77)
The above error is caused by
Error: Error getting device API level. Original error: Error executing adbExec. Original error: 'Command '/Users/vc.rajdeep.kumar/Library/Android/sdk/platform-tools/adb -P 5037 -s emulator-5554 shell getprop ro.build.version.sdk' timed out after 30000ms'. Try to increase the 30000ms adb execution timeout represented by 'adbExecTimeout' capability
    at ADB.getApiLevel (/Users/vc.rajdeep.kumar/.appium/node_modules/appium-uiautomator2-driver/node_modules/appium-adb/build/lib/tools/general-commands.js:101:19)
    at async AndroidUiautomator2Driver.deleteSession (/Users/vc.rajdeep.kumar/.appium/node_modules/appium-uiautomator2-driver/build/lib/driver.js:697:18)
    at async AndroidUiautomator2Driver.createSession (/Users/vc.rajdeep.kumar/.appium/node_modules/appium-uiautomator2-driver/build/lib/driver.js:258:13)
    at async AppiumDriver.createSession (/opt/homebrew/lib/node_modules/appium/build/lib/appium.js:324:43)
2026-08-14 14:02:58 [INFO    ] conftest.py:157 — Waiting 3s before retry...
2026-08-14 14:03:01 [INFO    ] conftest.py:141 — Driver creation attempt 2/2
2026-08-14 14:03:12 [INFO    ] driver_factory.py:53 — ========== DRIVER CREATION START ==========
2026-08-14 14:03:12 [INFO    ] driver_factory.py:70 — Device: emulator | Env: qa | Platform: Android
2026-08-14 14:03:12 [INFO    ] driver_factory.py:136 — Device Name: Android Emulator
2026-08-14 14:03:12 [INFO    ] driver_factory.py:137 — UDID: emulator-5554
2026-08-14 14:03:12 [INFO    ] driver_factory.py:151 — App Package: com.zee5.hipi (noReset=true, activity not set)
2026-08-14 14:04:12 [ERROR   ] conftest.py:149 — Attempt 2 failed: Message: Error getting device API level. Original error: Error executing adbExec. Original error: 'Command '/Users/vc.rajdeep.kumar/Library/Android/sdk/platform-tools/adb -P 5037 -s emulator-5554 shell getprop ro.build.version.sdk' timed out after 30000ms'. Try to increase the 30000ms adb execution timeout represented by 'adbExecTimeout' capability
Stacktrace:
UnknownError: Error getting device API level. Original error: Error executing adbExec. Original error: 'Command '/Users/vc.rajdeep.kumar/Library/Android/sdk/platform-tools/adb -P 5037 -s emulator-5554 shell getprop ro.build.version.sdk' timed out after 30000ms'. Try to increase the 30000ms adb execution timeout represented by 'adbExecTimeout' capability
    at getResponseForW3CError (/opt/homebrew/lib/node_modules/appium/node_modules/@appium/base-driver/build/lib/protocol/errors.js:824:36)
    at asyncHandler (/opt/homebrew/lib/node_modules/appium/node_modules/@appium/base-driver/build/lib/protocol/protocol.js:430:77)
The above error is caused by
Error: Error getting device API level. Original error: Error executing adbExec. Original error: 'Command '/Users/vc.rajdeep.kumar/Library/Android/sdk/platform-tools/adb -P 5037 -s emulator-5554 shell getprop ro.build.version.sdk' timed out after 30000ms'. Try to increase the 30000ms adb execution timeout represented by 'adbExecTimeout' capability
    at ADB.getApiLevel (/Users/vc.rajdeep.kumar/.appium/node_modules/appium-uiautomator2-driver/node_modules/appium-adb/build/lib/tools/general-commands.js:101:19)
    at async AndroidUiautomator2Driver.deleteSession (/Users/vc.rajdeep.kumar/.appium/node_modules/appium-uiautomator2-driver/build/lib/driver.js:697:18)
    at async AndroidUiautomator2Driver.createSession (/Users/vc.rajdeep.kumar/.appium/node_modules/appium-uiautomator2-driver/build/lib/driver.js:258:13)
    at async AppiumDriver.createSession (/opt/homebrew/lib/node_modules/appium/build/lib/appium.js:324:43)
2026-08-14 14:04:12 [ERROR   ] conftest.py:281 — Driver fixture setup failed: Driver creation failed after 2 attempts: Message: Error getting device API level. Original error: Error executing adbExec. Original error: 'Command '/Users/vc.rajdeep.kumar/Library/Android/sdk/platform-tools/adb -P 5037 -s emulator-5554 shell getprop ro.build.version.sdk' timed out after 30000ms'. Try to increase the 30000ms adb execution timeout represented by 'adbExecTimeout' capability
Stacktrace:
UnknownError: Error getting device API level. Original error: Error executing adbExec. Original error: 'Command '/Users/vc.rajdeep.kumar/Library/Android/sdk/platform-tools/adb -P 5037 -s emulator-5554 shell getprop ro.build.version.sdk' timed out after 30000ms'. Try to increase the 30000ms adb execution timeout represented by 'adbExecTimeout' capability
    at getResponseForW3CError (/opt/homebrew/lib/node_modules/appium/node_modules/@appium/base-driver/build/lib/protocol/errors.js:824:36)
    at asyncHandler (/opt/homebrew/lib/node_modules/appium/node_modules/@appium/base-driver/build/lib/protocol/protocol.js:430:77)
The above error is caused by
Error: Error getting device API level. Original error: Error executing adbExec. Original error: 'Command '/Users/vc.rajdeep.kumar/Library/Android/sdk/platform-tools/adb -P 5037 -s emulator-5554 shell getprop ro.build.version.sdk' timed out after 30000ms'. Try to increase the 30000ms adb execution timeout represented by 'adbExecTimeout' capability
    at ADB.getApiLevel (/Users/vc.rajdeep.kumar/.appium/node_modules/appium-uiautomator2-driver/node_modules/appium-adb/build/lib/tools/general-commands.js:101:19)
    at async AndroidUiautomator2Driver.deleteSession (/Users/vc.rajdeep.kumar/.appium/node_modules/appium-uiautomator2-driver/build/lib/driver.js:697:18)
    at async AndroidUiautomator2Driver.createSession (/Users/vc.rajdeep.kumar/.appium/node_modules/appium-uiautomator2-driver/build/lib/driver.js:258:13)
    at async AppiumDriver.createSession (/opt/homebrew/lib/node_modules/appium/build/lib/appium.js:324:43)
2026-08-14 14:04:12 [INFO    ] conftest.py:395 — ==================================================
2026-08-14 14:04:12 [INFO    ] conftest.py:396 — PYTEST SESSION END | Exit status: 1
2026-08-14 14:04:12 [INFO    ] conftest.py:397 — ==================================================
