2026-08-18 11:24:21 [INFO    ] conftest.py:610 — ==================================================
2026-08-18 11:24:21 [INFO    ] conftest.py:611 — PYTEST SESSION START
2026-08-18 11:24:21 [INFO    ] conftest.py:612 — ==================================================
2026-08-18 11:24:21 [INFO    ] conftest.py:298 — ==================================================
2026-08-18 11:24:21 [INFO    ] conftest.py:299 — SUITE START: resetting and relaunching com.zee5.hipi on 'emulator' (emulator-5554) for a clean run...
2026-08-18 11:24:21 [INFO    ] conftest.py:301 — ==================================================
2026-08-18 11:24:22 [INFO    ] conftest.py:229 — Cleared app data for com.zee5.hipi (logged-out state guaranteed).
2026-08-18 11:24:22 [INFO    ] conftest.py:307 — SUITE START: app reset and relaunched successfully.
2026-08-18 11:24:25 [INFO    ] conftest.py:549 — LOGGED-IN DRIVER: creating shared feed session...
2026-08-18 11:24:25 [INFO    ] conftest.py:158 — Driver creation attempt 1/3
2026-08-18 11:24:26 [INFO    ] driver_factory.py:53 — ========== DRIVER CREATION START ==========
2026-08-18 11:24:26 [INFO    ] driver_factory.py:70 — Device: emulator | Env: qa | Platform: Android
2026-08-18 11:24:26 [INFO    ] driver_factory.py:136 — Device Name: Android Emulator
2026-08-18 11:24:26 [INFO    ] driver_factory.py:137 — UDID: emulator-5554
2026-08-18 11:24:26 [INFO    ] driver_factory.py:151 — App Package: com.zee5.hipi (noReset=true, activity not set)
2026-08-18 11:24:28 [INFO    ] driver_factory.py:112 — App launched by driver. Waiting for stabilization...
2026-08-18 11:24:30 [INFO    ] driver_factory.py:115 — ========== DRIVER CREATED SUCCESSFULLY ==========
2026-08-18 11:24:33 [INFO    ] popup_handler.py:122 — Checking for 'Get Started' screen...
2026-08-18 11:24:35 [INFO    ] popup_handler.py:130 — 'Get Started' screen dismissed.
2026-08-18 11:24:38 [INFO    ] login_page.py:599 — ========== LOGIN FLOW START ==========
2026-08-18 11:24:39 [WARNING ] base_page.py:353 — System dialog in foreground (com.google.android.permissioncontroller) — clearing it.
2026-08-18 11:24:39 [INFO    ] base_page.py:398 — Cleared system dialog via ('id', 'com.android.permissioncontroller:id/permission_allow_button')
2026-08-18 11:24:42 [INFO    ] login_page.py:43 — Opening profile tab
2026-08-18 11:24:43 [INFO    ] login_page.py:53 — Profile tab open attempt 1/2
2026-08-18 11:24:43 [INFO    ] base_page.py:173 — Clicked: ('xpath', "//android.view.View[@clickable='true'][.//android.widget.TextView[@text='Profile']]")
2026-08-18 11:24:45 [INFO    ] base_page.py:140 — wait_for_any_visible matched: ('class name', 'android.widget.EditText')
2026-08-18 11:24:45 [INFO    ] login_page.py:78 — Profile tab opened (element click, verified)
2026-08-18 11:24:45 [INFO    ] login_page.py:238 — Clicking continue button
2026-08-18 11:24:46 [INFO    ] base_page.py:173 — Clicked: ('-android uiautomator', 'new UiSelector().textContains("Continue")')
2026-08-18 11:24:46 [INFO    ] login_page.py:248 — Continue button clicked
2026-08-18 11:24:46 [INFO    ] login_page.py:276 — Entering mobile number: 9876543210
2026-08-18 11:24:46 [INFO    ] base_page.py:209 — Entered text '9876543210' into ('class name', 'android.widget.EditText')
2026-08-18 11:24:46 [INFO    ] base_page.py:287 — Keyboard hidden.
2026-08-18 11:24:47 [INFO    ] login_page.py:298 — Mobile number entered
2026-08-18 11:24:47 [INFO    ] login_page.py:323 — Clicking proceed button
2026-08-18 11:24:48 [INFO    ] base_page.py:173 — Clicked: ('accessibility id', 'Proceed')
2026-08-18 11:24:48 [INFO    ] login_page.py:333 — Proceed button clicked
2026-08-18 11:24:48 [INFO    ] login_page.py:361 — Entering OTP: 5186
2026-08-18 11:24:49 [INFO    ] base_page.py:209 — Entered text '5186' into ('class name', 'android.widget.EditText')
2026-08-18 11:24:49 [INFO    ] base_page.py:287 — Keyboard hidden.
2026-08-18 11:24:49 [INFO    ] login_page.py:380 — OTP entered successfully
2026-08-18 11:24:49 [INFO    ] login_page.py:466 — Waiting for OTP verification outcome (sheet closes = success, sheet stays open = invalid)...
2026-08-18 11:24:49 [INFO    ] login_page.py:480 — Login sheet indicator present at start: True
2026-08-18 11:24:51 [INFO    ] login_page.py:495 — Login sheet closed -> treating as login SUCCESS
2026-08-18 11:24:52 [INFO    ] login_page.py:712 — ========== LOGIN SUCCESS ==========
2026-08-18 11:24:52 [INFO    ] conftest.py:553 — LOGGED-IN DRIVER: login successful.
2026-08-18 11:24:52 [INFO    ] base_test.py:137 — BaseFeedTest setup completed (session-scoped, already logged in).
2026-08-18 11:24:52 [INFO    ] base_test.py:151 — login_and_reach_feed: START (session-scoped)
2026-08-18 11:24:52 [INFO    ] login_page.py:556 — Validating home page
2026-08-18 11:24:52 [INFO    ] login_page.py:566 — Home page displayed (exo_content_frame visible)
2026-08-18 11:24:52 [INFO    ] base_test.py:154 — login_and_reach_feed: already on home feed (session reused)
2026-08-18 11:24:52 [INFO    ] base_test.py:155 — login_and_reach_feed: COMPLETE
2026-08-18 11:24:52 [INFO    ] feed_page.py:171 — Liking current video
2026-08-18 11:24:52 [INFO    ] base_page.py:173 — Clicked: ('-android uiautomator', 'new UiSelector().className("android.widget.Button").instance(0)')
2026-08-18 11:24:52 [INFO    ] feed_page.py:181 — Video liked
2026-08-18 11:24:52 [INFO    ] test_feed.py:99 — TEST PASSED: Like video
2026-08-18 11:24:53 [INFO    ] base_test.py:137 — BaseFeedTest setup completed (session-scoped, already logged in).
2026-08-18 11:24:53 [INFO    ] base_test.py:151 — login_and_reach_feed: START (session-scoped)
2026-08-18 11:24:53 [INFO    ] login_page.py:556 — Validating home page
2026-08-18 11:24:53 [INFO    ] login_page.py:566 — Home page displayed (exo_content_frame visible)
2026-08-18 11:24:53 [INFO    ] base_test.py:154 — login_and_reach_feed: already on home feed (session reused)
2026-08-18 11:24:53 [INFO    ] base_test.py:155 — login_and_reach_feed: COMPLETE
2026-08-18 11:24:53 [INFO    ] feed_page.py:171 — Liking current video
2026-08-18 11:24:53 [INFO    ] base_page.py:173 — Clicked: ('-android uiautomator', 'new UiSelector().className("android.widget.Button").instance(0)')
2026-08-18 11:24:53 [INFO    ] feed_page.py:181 — Video liked
2026-08-18 11:24:54 [INFO    ] feed_page.py:213 — Unliking current video
2026-08-18 11:24:55 [INFO    ] base_page.py:173 — Clicked: ('-android uiautomator', 'new UiSelector().className("android.widget.Button").instance(0)')
2026-08-18 11:24:55 [INFO    ] feed_page.py:223 — Video unliked
2026-08-18 11:24:55 [INFO    ] test_feed.py:122 — TEST PASSED: Like/unlike toggle
2026-08-18 11:24:55 [INFO    ] base_test.py:137 — BaseFeedTest setup completed (session-scoped, already logged in).
2026-08-18 11:24:55 [INFO    ] base_test.py:151 — login_and_reach_feed: START (session-scoped)
2026-08-18 11:24:55 [INFO    ] login_page.py:556 — Validating home page
2026-08-18 11:24:55 [INFO    ] login_page.py:566 — Home page displayed (exo_content_frame visible)
2026-08-18 11:24:55 [INFO    ] base_test.py:154 — login_and_reach_feed: already on home feed (session reused)
2026-08-18 11:24:55 [INFO    ] base_test.py:155 — login_and_reach_feed: COMPLETE
2026-08-18 11:24:55 [INFO    ] feed_page.py:363 — Adding comment: Awesome 🔥
2026-08-18 11:24:55 [INFO    ] feed_page.py:253 — Opening comment sheet
2026-08-18 11:24:56 [INFO    ] base_page.py:173 — Clicked: ('-android uiautomator', 'new UiSelector().className("android.widget.Button").instance(1)')
2026-08-18 11:24:57 [INFO    ] feed_page.py:267 — Comment sheet opened
2026-08-18 11:24:57 [INFO    ] base_page.py:209 — Entered text 'Awesome 🔥' into ('xpath', "//*[@resource-id='com.zee5.hipi:id/etComment' or (@class='android.widget.EditText' and @package='com.zee5.hipi')]")
2026-08-18 11:24:57 [INFO    ] base_page.py:287 — Keyboard hidden.
2026-08-18 11:24:58 [INFO    ] base_page.py:173 — Clicked: ('xpath', "//*[@resource-id='com.zee5.hipi:id/ivSend' or (@content-desc='Send' and @package='com.zee5.hipi')]")
2026-08-18 11:25:00 [INFO    ] base_page.py:173 — Clicked: ('xpath', "//*[@resource-id='com.zee5.hipi:id/ivClose' or (@content-desc='Close' and @package='com.zee5.hipi')]")
2026-08-18 11:25:00 [INFO    ] feed_page.py:392 — Comment added
2026-08-18 11:25:00 [INFO    ] base_page.py:277 — Element ('xpath', "//*[@resource-id='com.zee5.hipi:id/etComment' or (@class='android.widget.EditText' and @package='com.zee5.hipi')]") disappeared.
2026-08-18 11:25:00 [INFO    ] test_feed.py:149 — TEST PASSED: Add comment
2026-08-18 11:25:00 [INFO    ] base_test.py:137 — BaseFeedTest setup completed (session-scoped, already logged in).
2026-08-18 11:25:00 [INFO    ] base_test.py:151 — login_and_reach_feed: START (session-scoped)
2026-08-18 11:25:00 [INFO    ] login_page.py:556 — Validating home page
2026-08-18 11:25:00 [INFO    ] login_page.py:566 — Home page displayed (exo_content_frame visible)
2026-08-18 11:25:00 [INFO    ] base_test.py:154 — login_and_reach_feed: already on home feed (session reused)
2026-08-18 11:25:00 [INFO    ] base_test.py:155 — login_and_reach_feed: COMPLETE
2026-08-18 11:25:00 [INFO    ] feed_page.py:363 — Adding comment: Awesome 🔥
2026-08-18 11:25:00 [INFO    ] feed_page.py:253 — Opening comment sheet
2026-08-18 11:25:01 [INFO    ] base_page.py:173 — Clicked: ('-android uiautomator', 'new UiSelector().className("android.widget.Button").instance(1)')
2026-08-18 11:25:02 [INFO    ] feed_page.py:267 — Comment sheet opened
2026-08-18 11:25:03 [INFO    ] base_page.py:209 — Entered text 'Awesome 🔥' into ('xpath', "//*[@resource-id='com.zee5.hipi:id/etComment' or (@class='android.widget.EditText' and @package='com.zee5.hipi')]")
2026-08-18 11:25:03 [INFO    ] base_page.py:287 — Keyboard hidden.
2026-08-18 11:25:04 [INFO    ] base_page.py:173 — Clicked: ('xpath', "//*[@resource-id='com.zee5.hipi:id/ivSend' or (@content-desc='Send' and @package='com.zee5.hipi')]")
2026-08-18 11:25:05 [INFO    ] base_page.py:173 — Clicked: ('xpath', "//*[@resource-id='com.zee5.hipi:id/ivClose' or (@content-desc='Close' and @package='com.zee5.hipi')]")
2026-08-18 11:25:05 [INFO    ] feed_page.py:392 — Comment added
2026-08-18 11:25:06 [INFO    ] base_page.py:277 — Element ('xpath', "//*[@resource-id='com.zee5.hipi:id/etComment' or (@class='android.widget.EditText' and @package='com.zee5.hipi')]") disappeared.
2026-08-18 11:25:06 [INFO    ] test_feed.py:172 — TEST PASSED: Add comment variant — 'Awesome 🔥'
2026-08-18 11:25:06 [INFO    ] base_test.py:137 — BaseFeedTest setup completed (session-scoped, already logged in).
2026-08-18 11:25:06 [INFO    ] base_test.py:151 — login_and_reach_feed: START (session-scoped)
2026-08-18 11:25:06 [INFO    ] login_page.py:556 — Validating home page
2026-08-18 11:25:06 [INFO    ] login_page.py:566 — Home page displayed (exo_content_frame visible)
2026-08-18 11:25:06 [INFO    ] base_test.py:154 — login_and_reach_feed: already on home feed (session reused)
2026-08-18 11:25:06 [INFO    ] base_test.py:155 — login_and_reach_feed: COMPLETE
2026-08-18 11:25:06 [INFO    ] feed_page.py:363 — Adding comment: Nice ❤️
2026-08-18 11:25:06 [INFO    ] feed_page.py:253 — Opening comment sheet
2026-08-18 11:25:06 [INFO    ] base_page.py:173 — Clicked: ('-android uiautomator', 'new UiSelector().className("android.widget.Button").instance(1)')
2026-08-18 11:25:07 [INFO    ] feed_page.py:267 — Comment sheet opened
2026-08-18 11:25:07 [INFO    ] base_page.py:209 — Entered text 'Nice ❤️' into ('xpath', "//*[@resource-id='com.zee5.hipi:id/etComment' or (@class='android.widget.EditText' and @package='com.zee5.hipi')]")
2026-08-18 11:25:07 [INFO    ] base_page.py:287 — Keyboard hidden.
2026-08-18 11:25:09 [INFO    ] base_page.py:173 — Clicked: ('xpath', "//*[@resource-id='com.zee5.hipi:id/ivSend' or (@content-desc='Send' and @package='com.zee5.hipi')]")
2026-08-18 11:25:10 [INFO    ] base_page.py:173 — Clicked: ('xpath', "//*[@resource-id='com.zee5.hipi:id/ivClose' or (@content-desc='Close' and @package='com.zee5.hipi')]")
2026-08-18 11:25:10 [INFO    ] feed_page.py:392 — Comment added
2026-08-18 11:25:10 [INFO    ] base_page.py:277 — Element ('xpath', "//*[@resource-id='com.zee5.hipi:id/etComment' or (@class='android.widget.EditText' and @package='com.zee5.hipi')]") disappeared.
2026-08-18 11:25:10 [INFO    ] test_feed.py:172 — TEST PASSED: Add comment variant — 'Nice ❤️'
2026-08-18 11:25:11 [INFO    ] base_test.py:137 — BaseFeedTest setup completed (session-scoped, already logged in).
2026-08-18 11:25:11 [INFO    ] base_test.py:151 — login_and_reach_feed: START (session-scoped)
2026-08-18 11:25:11 [INFO    ] login_page.py:556 — Validating home page
2026-08-18 11:25:11 [INFO    ] login_page.py:566 — Home page displayed (exo_content_frame visible)
2026-08-18 11:25:11 [INFO    ] base_test.py:154 — login_and_reach_feed: already on home feed (session reused)
2026-08-18 11:25:11 [INFO    ] base_test.py:155 — login_and_reach_feed: COMPLETE
2026-08-18 11:25:11 [INFO    ] feed_page.py:363 — Adding comment: Amazing 😍
2026-08-18 11:25:11 [INFO    ] feed_page.py:253 — Opening comment sheet
2026-08-18 11:25:11 [INFO    ] base_page.py:173 — Clicked: ('-android uiautomator', 'new UiSelector().className("android.widget.Button").instance(1)')
2026-08-18 11:25:12 [INFO    ] feed_page.py:267 — Comment sheet opened
2026-08-18 11:25:13 [INFO    ] base_page.py:209 — Entered text 'Amazing 😍' into ('xpath', "//*[@resource-id='com.zee5.hipi:id/etComment' or (@class='android.widget.EditText' and @package='com.zee5.hipi')]")
2026-08-18 11:25:13 [INFO    ] base_page.py:287 — Keyboard hidden.
2026-08-18 11:25:14 [INFO    ] base_page.py:173 — Clicked: ('xpath', "//*[@resource-id='com.zee5.hipi:id/ivSend' or (@content-desc='Send' and @package='com.zee5.hipi')]")
2026-08-18 11:25:16 [INFO    ] base_page.py:173 — Clicked: ('xpath', "//*[@resource-id='com.zee5.hipi:id/ivClose' or (@content-desc='Close' and @package='com.zee5.hipi')]")
2026-08-18 11:25:16 [INFO    ] feed_page.py:392 — Comment added
2026-08-18 11:25:16 [INFO    ] base_page.py:277 — Element ('xpath', "//*[@resource-id='com.zee5.hipi:id/etComment' or (@class='android.widget.EditText' and @package='com.zee5.hipi')]") disappeared.
2026-08-18 11:25:16 [INFO    ] test_feed.py:172 — TEST PASSED: Add comment variant — 'Amazing 😍'
2026-08-18 11:25:16 [INFO    ] base_test.py:137 — BaseFeedTest setup completed (session-scoped, already logged in).
2026-08-18 11:25:16 [INFO    ] base_test.py:151 — login_and_reach_feed: START (session-scoped)
2026-08-18 11:25:16 [INFO    ] login_page.py:556 — Validating home page
2026-08-18 11:25:16 [INFO    ] login_page.py:566 — Home page displayed (exo_content_frame visible)
2026-08-18 11:25:16 [INFO    ] base_test.py:154 — login_and_reach_feed: already on home feed (session reused)
2026-08-18 11:25:16 [INFO    ] base_test.py:155 — login_and_reach_feed: COMPLETE
2026-08-18 11:25:16 [INFO    ] feed_page.py:363 — Adding comment: Superb 🔥
2026-08-18 11:25:16 [INFO    ] feed_page.py:253 — Opening comment sheet
2026-08-18 11:25:16 [INFO    ] base_page.py:173 — Clicked: ('-android uiautomator', 'new UiSelector().className("android.widget.Button").instance(1)')
2026-08-18 11:25:17 [INFO    ] feed_page.py:267 — Comment sheet opened
2026-08-18 11:25:17 [INFO    ] base_page.py:209 — Entered text 'Superb 🔥' into ('xpath', "//*[@resource-id='com.zee5.hipi:id/etComment' or (@class='android.widget.EditText' and @package='com.zee5.hipi')]")
2026-08-18 11:25:17 [INFO    ] base_page.py:287 — Keyboard hidden.
2026-08-18 11:25:19 [INFO    ] base_page.py:173 — Clicked: ('xpath', "//*[@resource-id='com.zee5.hipi:id/ivSend' or (@content-desc='Send' and @package='com.zee5.hipi')]")
2026-08-18 11:25:20 [INFO    ] base_page.py:173 — Clicked: ('xpath', "//*[@resource-id='com.zee5.hipi:id/ivClose' or (@content-desc='Close' and @package='com.zee5.hipi')]")
2026-08-18 11:25:20 [INFO    ] feed_page.py:392 — Comment added
2026-08-18 11:25:20 [INFO    ] base_page.py:277 — Element ('xpath', "//*[@resource-id='com.zee5.hipi:id/etComment' or (@class='android.widget.EditText' and @package='com.zee5.hipi')]") disappeared.
2026-08-18 11:25:20 [INFO    ] test_feed.py:172 — TEST PASSED: Add comment variant — 'Superb 🔥'
2026-08-18 11:25:20 [INFO    ] base_test.py:137 — BaseFeedTest setup completed (session-scoped, already logged in).
2026-08-18 11:25:20 [INFO    ] base_test.py:151 — login_and_reach_feed: START (session-scoped)
2026-08-18 11:25:20 [INFO    ] login_page.py:556 — Validating home page
2026-08-18 11:25:20 [INFO    ] login_page.py:566 — Home page displayed (exo_content_frame visible)
2026-08-18 11:25:20 [INFO    ] base_test.py:154 — login_and_reach_feed: already on home feed (session reused)
2026-08-18 11:25:20 [INFO    ] base_test.py:155 — login_and_reach_feed: COMPLETE
2026-08-18 11:25:20 [INFO    ] feed_page.py:363 — Adding comment: Cool Video 😎
2026-08-18 11:25:20 [INFO    ] feed_page.py:253 — Opening comment sheet
2026-08-18 11:25:21 [INFO    ] base_page.py:173 — Clicked: ('-android uiautomator', 'new UiSelector().className("android.widget.Button").instance(1)')
2026-08-18 11:25:22 [INFO    ] feed_page.py:267 — Comment sheet opened
2026-08-18 11:25:22 [INFO    ] base_page.py:209 — Entered text 'Cool Video 😎' into ('xpath', "//*[@resource-id='com.zee5.hipi:id/etComment' or (@class='android.widget.EditText' and @package='com.zee5.hipi')]")
2026-08-18 11:25:22 [INFO    ] base_page.py:287 — Keyboard hidden.
2026-08-18 11:25:23 [INFO    ] base_page.py:173 — Clicked: ('xpath', "//*[@resource-id='com.zee5.hipi:id/ivSend' or (@content-desc='Send' and @package='com.zee5.hipi')]")
2026-08-18 11:25:25 [INFO    ] base_page.py:173 — Clicked: ('xpath', "//*[@resource-id='com.zee5.hipi:id/ivClose' or (@content-desc='Close' and @package='com.zee5.hipi')]")
2026-08-18 11:25:25 [INFO    ] feed_page.py:392 — Comment added
2026-08-18 11:25:25 [INFO    ] base_page.py:277 — Element ('xpath', "//*[@resource-id='com.zee5.hipi:id/etComment' or (@class='android.widget.EditText' and @package='com.zee5.hipi')]") disappeared.
2026-08-18 11:25:25 [INFO    ] test_feed.py:172 — TEST PASSED: Add comment variant — 'Cool Video 😎'
2026-08-18 11:25:25 [INFO    ] base_test.py:137 — BaseFeedTest setup completed (session-scoped, already logged in).
2026-08-18 11:25:25 [INFO    ] base_test.py:151 — login_and_reach_feed: START (session-scoped)
2026-08-18 11:25:25 [INFO    ] login_page.py:556 — Validating home page
2026-08-18 11:25:25 [INFO    ] login_page.py:566 — Home page displayed (exo_content_frame visible)
2026-08-18 11:25:25 [INFO    ] base_test.py:154 — login_and_reach_feed: already on home feed (session reused)
2026-08-18 11:25:25 [INFO    ] base_test.py:155 — login_and_reach_feed: COMPLETE
2026-08-18 11:25:25 [INFO    ] feed_page.py:363 — Adding comment: Great Reel 🚀
2026-08-18 11:25:25 [INFO    ] feed_page.py:253 — Opening comment sheet
2026-08-18 11:25:26 [INFO    ] base_page.py:173 — Clicked: ('-android uiautomator', 'new UiSelector().className("android.widget.Button").instance(1)')
2026-08-18 11:25:27 [INFO    ] feed_page.py:267 — Comment sheet opened
2026-08-18 11:25:28 [INFO    ] base_page.py:209 — Entered text 'Great Reel 🚀' into ('xpath', "//*[@resource-id='com.zee5.hipi:id/etComment' or (@class='android.widget.EditText' and @package='com.zee5.hipi')]")
2026-08-18 11:25:28 [INFO    ] base_page.py:287 — Keyboard hidden.
2026-08-18 11:25:29 [INFO    ] base_page.py:173 — Clicked: ('xpath', "//*[@resource-id='com.zee5.hipi:id/ivSend' or (@content-desc='Send' and @package='com.zee5.hipi')]")
2026-08-18 11:25:30 [INFO    ] base_page.py:173 — Clicked: ('xpath', "//*[@resource-id='com.zee5.hipi:id/ivClose' or (@content-desc='Close' and @package='com.zee5.hipi')]")
2026-08-18 11:25:30 [INFO    ] feed_page.py:392 — Comment added
2026-08-18 11:25:30 [INFO    ] base_page.py:277 — Element ('xpath', "//*[@resource-id='com.zee5.hipi:id/etComment' or (@class='android.widget.EditText' and @package='com.zee5.hipi')]") disappeared.
2026-08-18 11:25:30 [INFO    ] test_feed.py:172 — TEST PASSED: Add comment variant — 'Great Reel 🚀'
2026-08-18 11:25:31 [INFO    ] base_test.py:137 — BaseFeedTest setup completed (session-scoped, already logged in).
2026-08-18 11:25:31 [INFO    ] base_test.py:151 — login_and_reach_feed: START (session-scoped)
2026-08-18 11:25:31 [INFO    ] login_page.py:556 — Validating home page
2026-08-18 11:25:31 [INFO    ] login_page.py:566 — Home page displayed (exo_content_frame visible)
2026-08-18 11:25:31 [INFO    ] base_test.py:154 — login_and_reach_feed: already on home feed (session reused)
2026-08-18 11:25:31 [INFO    ] base_test.py:155 — login_and_reach_feed: COMPLETE
2026-08-18 11:25:31 [INFO    ] feed_page.py:473 — Saving current video
2026-08-18 11:25:32 [INFO    ] base_page.py:173 — Clicked: ('-android uiautomator', 'new UiSelector().className("android.widget.Button").instance(3)')
2026-08-18 11:25:32 [INFO    ] feed_page.py:483 — Video saved
2026-08-18 11:25:32 [INFO    ] test_feed.py:190 — TEST PASSED: Save video
2026-08-18 11:25:32 [INFO    ] base_test.py:137 — BaseFeedTest setup completed (session-scoped, already logged in).
2026-08-18 11:25:32 [INFO    ] base_test.py:151 — login_and_reach_feed: START (session-scoped)
2026-08-18 11:25:32 [INFO    ] login_page.py:556 — Validating home page
2026-08-18 11:25:32 [INFO    ] login_page.py:566 — Home page displayed (exo_content_frame visible)
2026-08-18 11:25:32 [INFO    ] base_test.py:154 — login_and_reach_feed: already on home feed (session reused)
2026-08-18 11:25:32 [INFO    ] base_test.py:155 — login_and_reach_feed: COMPLETE
2026-08-18 11:25:32 [INFO    ] feed_page.py:416 — Sharing current video
2026-08-18 11:25:33 [INFO    ] base_page.py:173 — Clicked: ('-android uiautomator', 'new UiSelector().className("android.widget.Button").instance(2)')
2026-08-18 11:25:35 [INFO    ] base_page.py:295 — Pressed back button.
2026-08-18 11:25:39 [INFO    ] feed_page.py:449 — Share sheet dismissed
2026-08-18 11:25:39 [INFO    ] test_feed.py:223 — TEST PASSED: Share video
2026-08-18 11:25:39 [INFO    ] base_test.py:137 — BaseFeedTest setup completed (session-scoped, already logged in).
2026-08-18 11:25:39 [INFO    ] base_test.py:151 — login_and_reach_feed: START (session-scoped)
2026-08-18 11:25:39 [INFO    ] login_page.py:556 — Validating home page
2026-08-18 11:25:39 [INFO    ] login_page.py:566 — Home page displayed (exo_content_frame visible)
2026-08-18 11:25:39 [INFO    ] base_test.py:154 — login_and_reach_feed: already on home feed (session reused)
2026-08-18 11:25:39 [INFO    ] base_test.py:155 — login_and_reach_feed: COMPLETE
2026-08-18 11:25:39 [INFO    ] test_feed.py:240 — Pre-test follow state: Following
2026-08-18 11:25:39 [INFO    ] feed_page.py:518 — Following current user
2026-08-18 11:25:40 [INFO    ] feed_page.py:529 — User already followed - skipping
2026-08-18 11:25:40 [INFO    ] test_feed.py:252 — TEST PASSED: Follow user
2026-08-18 11:25:40 [INFO    ] base_test.py:137 — BaseFeedTest setup completed (session-scoped, already logged in).
2026-08-18 11:25:40 [INFO    ] base_test.py:151 — login_and_reach_feed: START (session-scoped)
2026-08-18 11:25:40 [INFO    ] login_page.py:556 — Validating home page
2026-08-18 11:25:40 [INFO    ] login_page.py:566 — Home page displayed (exo_content_frame visible)
2026-08-18 11:25:40 [INFO    ] base_test.py:154 — login_and_reach_feed: already on home feed (session reused)
2026-08-18 11:25:40 [INFO    ] base_test.py:155 — login_and_reach_feed: COMPLETE
2026-08-18 11:25:40 [INFO    ] feed_page.py:600 — Toggling mute on current video
2026-08-18 11:25:40 [INFO    ] base_page.py:173 — Clicked: ('xpath', '(//android.widget.Button)[last()-1]')
2026-08-18 11:25:43 [ERROR   ] base_page.py:106 — Element not visible after 2s: ('xpath', "//*[@package='com.zee5.hipi' and (contains(@text,'Report') or contains(@text,'Not interested') or contains(@text,'Not Interested') or contains(@text,'Cancel') or contains(@text,'Hide') or contains(@text,'Block') or contains(@text,'Spam'))]")
2026-08-18 11:25:45 [INFO    ] screenshot_utils.py:60 — Screenshot saved: reports/screenshots/element_not_visible______package=_com.zee5.hipi_ and (contains(_text,_Report_) or contains(_text,_Not interested_) or contains(_text,_Not Interested_) or contains(_text,_Cancel_) or contains(_text,_Hide_) or contains(_text,_Block_) or contains(_text,_Spam_))__20260818_112543.png
2026-08-18 11:25:45 [ERROR   ] screenshot_utils.py:87 — Page source save failed: [Errno 63] File name too long: 'reports/screenshots/element_not_visible______package=_com.zee5.hipi_ and (contains(_text,_Report_) or contains(_text,_Not interested_) or contains(_text,_Not Interested_) or contains(_text,_Cancel_) or contains(_text,_Hide_) or contains(_text,_Block_) or contains(_text,_Spam_))__20260818_112545.xml'
2026-08-18 11:25:47 [ERROR   ] base_page.py:106 — Element not visible after 2s: ('xpath', "//*[@resource-id='com.zee5.hipi:id/etComment' or (@class='android.widget.EditText' and @package='com.zee5.hipi')]")
2026-08-18 11:25:48 [INFO    ] screenshot_utils.py:60 — Screenshot saved: reports/screenshots/element_not_visible______resource-id=_com.zee5.hipi_id_etComment_ or (_class=_android.widget.EditText_ and _package=_com.zee5.hipi_)__20260818_112547.png
2026-08-18 11:25:48 [INFO    ] screenshot_utils.py:83 — Page source saved: reports/screenshots/element_not_visible______resource-id=_com.zee5.hipi_id_etComment_ or (_class=_android.widget.EditText_ and _package=_com.zee5.hipi_)__20260818_112548.xml
2026-08-18 11:25:48 [INFO    ] feed_page.py:643 — Mute toggled (verified: correct element, no known wrong-button sheet opened, feed still visible)
2026-08-18 11:25:48 [INFO    ] test_feed.py:279 — TEST PASSED: Mute video
2026-08-18 11:25:48 [INFO    ] base_test.py:137 — BaseFeedTest setup completed (session-scoped, already logged in).
2026-08-18 11:25:48 [INFO    ] base_test.py:151 — login_and_reach_feed: START (session-scoped)
2026-08-18 11:25:48 [INFO    ] login_page.py:556 — Validating home page
2026-08-18 11:25:48 [INFO    ] login_page.py:566 — Home page displayed (exo_content_frame visible)
2026-08-18 11:25:48 [INFO    ] base_test.py:154 — login_and_reach_feed: already on home feed (session reused)
2026-08-18 11:25:48 [INFO    ] base_test.py:155 — login_and_reach_feed: COMPLETE
2026-08-18 11:25:48 [INFO    ] feed_page.py:600 — Toggling mute on current video
2026-08-18 11:25:49 [INFO    ] base_page.py:173 — Clicked: ('xpath', '(//android.widget.Button)[last()-1]')
2026-08-18 11:25:52 [ERROR   ] base_page.py:106 — Element not visible after 2s: ('xpath', "//*[@package='com.zee5.hipi' and (contains(@text,'Report') or contains(@text,'Not interested') or contains(@text,'Not Interested') or contains(@text,'Cancel') or contains(@text,'Hide') or contains(@text,'Block') or contains(@text,'Spam'))]")
2026-08-18 11:25:53 [INFO    ] screenshot_utils.py:60 — Screenshot saved: reports/screenshots/element_not_visible______package=_com.zee5.hipi_ and (contains(_text,_Report_) or contains(_text,_Not interested_) or contains(_text,_Not Interested_) or contains(_text,_Cancel_) or contains(_text,_Hide_) or contains(_text,_Block_) or contains(_text,_Spam_))__20260818_112552.png
2026-08-18 11:25:53 [ERROR   ] screenshot_utils.py:87 — Page source save failed: [Errno 63] File name too long: 'reports/screenshots/element_not_visible______package=_com.zee5.hipi_ and (contains(_text,_Report_) or contains(_text,_Not interested_) or contains(_text,_Not Interested_) or contains(_text,_Cancel_) or contains(_text,_Hide_) or contains(_text,_Block_) or contains(_text,_Spam_))__20260818_112553.xml'
2026-08-18 11:25:55 [ERROR   ] base_page.py:106 — Element not visible after 2s: ('xpath', "//*[@resource-id='com.zee5.hipi:id/etComment' or (@class='android.widget.EditText' and @package='com.zee5.hipi')]")
2026-08-18 11:25:56 [INFO    ] screenshot_utils.py:60 — Screenshot saved: reports/screenshots/element_not_visible______resource-id=_com.zee5.hipi_id_etComment_ or (_class=_android.widget.EditText_ and _package=_com.zee5.hipi_)__20260818_112555.png
2026-08-18 11:25:56 [INFO    ] screenshot_utils.py:83 — Page source saved: reports/screenshots/element_not_visible______resource-id=_com.zee5.hipi_id_etComment_ or (_class=_android.widget.EditText_ and _package=_com.zee5.hipi_)__20260818_112556.xml
2026-08-18 11:25:56 [INFO    ] feed_page.py:643 — Mute toggled (verified: correct element, no known wrong-button sheet opened, feed still visible)
2026-08-18 11:25:57 [INFO    ] feed_page.py:600 — Toggling mute on current video
2026-08-18 11:25:58 [INFO    ] base_page.py:173 — Clicked: ('xpath', '(//android.widget.Button)[last()-1]')
2026-08-18 11:26:01 [ERROR   ] base_page.py:106 — Element not visible after 2s: ('xpath', "//*[@package='com.zee5.hipi' and (contains(@text,'Report') or contains(@text,'Not interested') or contains(@text,'Not Interested') or contains(@text,'Cancel') or contains(@text,'Hide') or contains(@text,'Block') or contains(@text,'Spam'))]")
2026-08-18 11:26:02 [INFO    ] screenshot_utils.py:60 — Screenshot saved: reports/screenshots/element_not_visible______package=_com.zee5.hipi_ and (contains(_text,_Report_) or contains(_text,_Not interested_) or contains(_text,_Not Interested_) or contains(_text,_Cancel_) or contains(_text,_Hide_) or contains(_text,_Block_) or contains(_text,_Spam_))__20260818_112601.png
2026-08-18 11:26:02 [ERROR   ] screenshot_utils.py:87 — Page source save failed: [Errno 63] File name too long: 'reports/screenshots/element_not_visible______package=_com.zee5.hipi_ and (contains(_text,_Report_) or contains(_text,_Not interested_) or contains(_text,_Not Interested_) or contains(_text,_Cancel_) or contains(_text,_Hide_) or contains(_text,_Block_) or contains(_text,_Spam_))__20260818_112602.xml'
2026-08-18 11:26:04 [ERROR   ] base_page.py:106 — Element not visible after 2s: ('xpath', "//*[@resource-id='com.zee5.hipi:id/etComment' or (@class='android.widget.EditText' and @package='com.zee5.hipi')]")
2026-08-18 11:26:06 [INFO    ] screenshot_utils.py:60 — Screenshot saved: reports/screenshots/element_not_visible______resource-id=_com.zee5.hipi_id_etComment_ or (_class=_android.widget.EditText_ and _package=_com.zee5.hipi_)__20260818_112604.png
2026-08-18 11:26:06 [INFO    ] screenshot_utils.py:83 — Page source saved: reports/screenshots/element_not_visible______resource-id=_com.zee5.hipi_id_etComment_ or (_class=_android.widget.EditText_ and _package=_com.zee5.hipi_)__20260818_112606.xml
2026-08-18 11:26:06 [INFO    ] feed_page.py:643 — Mute toggled (verified: correct element, no known wrong-button sheet opened, feed still visible)
2026-08-18 11:26:06 [INFO    ] test_feed.py:302 — TEST PASSED: Mute/unmute toggle
2026-08-18 11:26:06 [INFO    ] base_test.py:137 — BaseFeedTest setup completed (session-scoped, already logged in).
2026-08-18 11:26:06 [INFO    ] base_test.py:151 — login_and_reach_feed: START (session-scoped)
2026-08-18 11:26:06 [INFO    ] login_page.py:556 — Validating home page
2026-08-18 11:26:06 [INFO    ] login_page.py:566 — Home page displayed (exo_content_frame visible)
2026-08-18 11:26:06 [INFO    ] base_test.py:154 — login_and_reach_feed: already on home feed (session reused)
2026-08-18 11:26:06 [INFO    ] base_test.py:155 — login_and_reach_feed: COMPLETE
2026-08-18 11:26:06 [INFO    ] feed_page.py:668 — Pausing current reel
2026-08-18 11:26:07 [INFO    ] gestures.py:29 — Tap performed at X:432 Y:960
2026-08-18 11:26:07 [INFO    ] feed_page.py:683 — Reel paused (coordinate tap on video area)
2026-08-18 11:26:07 [INFO    ] test_feed.py:325 — TEST PASSED: Pause reel
2026-08-18 11:26:07 [INFO    ] base_test.py:137 — BaseFeedTest setup completed (session-scoped, already logged in).
2026-08-18 11:26:07 [INFO    ] base_test.py:151 — login_and_reach_feed: START (session-scoped)
2026-08-18 11:26:07 [INFO    ] login_page.py:556 — Validating home page
2026-08-18 11:26:07 [INFO    ] login_page.py:566 — Home page displayed (exo_content_frame visible)
2026-08-18 11:26:07 [INFO    ] base_test.py:154 — login_and_reach_feed: already on home feed (session reused)
2026-08-18 11:26:07 [INFO    ] base_test.py:155 — login_and_reach_feed: COMPLETE
2026-08-18 11:26:07 [INFO    ] feed_page.py:668 — Pausing current reel
2026-08-18 11:26:07 [INFO    ] gestures.py:29 — Tap performed at X:432 Y:960
2026-08-18 11:26:07 [INFO    ] feed_page.py:683 — Reel paused (coordinate tap on video area)
2026-08-18 11:26:10 [INFO    ] feed_page.py:707 — Resuming current reel
2026-08-18 11:26:10 [INFO    ] gestures.py:29 — Tap performed at X:432 Y:960
2026-08-18 11:26:10 [INFO    ] feed_page.py:717 — Reel resumed (coordinate tap on video area)
2026-08-18 11:26:10 [INFO    ] test_feed.py:356 — TEST PASSED: Pause and resume reel
2026-08-18 11:26:10 [INFO    ] base_test.py:137 — BaseFeedTest setup completed (session-scoped, already logged in).
2026-08-18 11:26:10 [INFO    ] base_test.py:151 — login_and_reach_feed: START (session-scoped)
2026-08-18 11:26:10 [INFO    ] login_page.py:556 — Validating home page
2026-08-18 11:26:11 [INFO    ] login_page.py:566 — Home page displayed (exo_content_frame visible)
2026-08-18 11:26:11 [INFO    ] base_test.py:154 — login_and_reach_feed: already on home feed (session reused)
2026-08-18 11:26:11 [INFO    ] base_test.py:155 — login_and_reach_feed: COMPLETE
2026-08-18 11:26:11 [INFO    ] feed_page.py:913 — Swiping to next video
2026-08-18 11:26:17 [INFO    ] gestures.py:102 — Swipe up performed
2026-08-18 11:26:28 [WARNING ] base_page.py:321 — Page source did not change within timeout.
2026-08-18 11:26:28 [INFO    ] feed_page.py:934 — Swiped to next video
2026-08-18 11:26:30 [INFO    ] screenshot_utils.py:60 — Screenshot saved: reports/screenshots/test_swipe_to_next_video_20260818_112628.png
2026-08-18 11:26:30 [INFO    ] screenshot_utils.py:83 — Page source saved: reports/screenshots/test_swipe_to_next_video_20260818_112630.xml
2026-08-18 11:26:30 [ERROR   ] conftest.py:602 — Test FAILED: test_swipe_to_next_video
2026-08-18 11:26:30 [INFO    ] base_test.py:137 — BaseFeedTest setup completed (session-scoped, already logged in).
2026-08-18 11:26:30 [INFO    ] base_test.py:151 — login_and_reach_feed: START (session-scoped)
2026-08-18 11:26:30 [INFO    ] login_page.py:556 — Validating home page
2026-08-18 11:26:30 [INFO    ] login_page.py:566 — Home page displayed (exo_content_frame visible)
2026-08-18 11:26:30 [INFO    ] base_test.py:154 — login_and_reach_feed: already on home feed (session reused)
2026-08-18 11:26:30 [INFO    ] base_test.py:155 — login_and_reach_feed: COMPLETE
2026-08-18 11:26:31 [INFO    ] feed_page.py:913 — Swiping to next video
2026-08-18 11:26:36 [INFO    ] gestures.py:102 — Swipe up performed
2026-08-18 11:26:47 [WARNING ] base_page.py:321 — Page source did not change within timeout.
2026-08-18 11:26:47 [INFO    ] feed_page.py:934 — Swiped to next video
2026-08-18 11:26:51 [INFO    ] screenshot_utils.py:60 — Screenshot saved: reports/screenshots/test_swipe_multiple_reels_20260818_112650.png
2026-08-18 11:26:51 [INFO    ] screenshot_utils.py:83 — Page source saved: reports/screenshots/test_swipe_multiple_reels_20260818_112651.xml
2026-08-18 11:26:51 [ERROR   ] conftest.py:602 — Test FAILED: test_swipe_multiple_reels
2026-08-18 11:26:51 [INFO    ] base_test.py:137 — BaseFeedTest setup completed (session-scoped, already logged in).
2026-08-18 11:26:51 [INFO    ] base_test.py:151 — login_and_reach_feed: START (session-scoped)
2026-08-18 11:26:51 [INFO    ] login_page.py:556 — Validating home page
2026-08-18 11:26:51 [INFO    ] login_page.py:566 — Home page displayed (exo_content_frame visible)
2026-08-18 11:26:51 [INFO    ] base_test.py:154 — login_and_reach_feed: already on home feed (session reused)
2026-08-18 11:26:51 [INFO    ] base_test.py:155 — login_and_reach_feed: COMPLETE
2026-08-18 11:26:52 [INFO    ] feed_page.py:116 — Opening creator's profile
2026-08-18 11:26:52 [INFO    ] gestures.py:29 — Tap performed at X:324 Y:1967
2026-08-18 11:27:02 [WARNING ] base_page.py:321 — Page source did not change within timeout.
2026-08-18 11:27:02 [INFO    ] feed_page.py:147 — Creator profile opened (coordinate tap)
2026-08-18 11:27:04 [INFO    ] screenshot_utils.py:60 — Screenshot saved: reports/screenshots/test_open_creator_profile_20260818_112702.png
2026-08-18 11:27:04 [INFO    ] screenshot_utils.py:83 — Page source saved: reports/screenshots/test_open_creator_profile_20260818_112704.xml
2026-08-18 11:27:04 [ERROR   ] conftest.py:602 — Test FAILED: test_open_creator_profile
2026-08-18 11:27:04 [INFO    ] base_test.py:137 — BaseFeedTest setup completed (session-scoped, already logged in).
2026-08-18 11:27:04 [INFO    ] base_test.py:151 — login_and_reach_feed: START (session-scoped)
2026-08-18 11:27:04 [INFO    ] login_page.py:556 — Validating home page
2026-08-18 11:27:04 [INFO    ] login_page.py:566 — Home page displayed (exo_content_frame visible)
2026-08-18 11:27:04 [INFO    ] base_test.py:154 — login_and_reach_feed: already on home feed (session reused)
2026-08-18 11:27:04 [INFO    ] base_test.py:155 — login_and_reach_feed: COMPLETE
2026-08-18 11:27:04 [INFO    ] feed_page.py:253 — Opening comment sheet
2026-08-18 11:27:05 [INFO    ] base_page.py:173 — Clicked: ('-android uiautomator', 'new UiSelector().className("android.widget.Button").instance(1)')
