2026-08-12 13:23:25 [INFO    ] conftest.py:363 — ==================================================
2026-08-12 13:23:25 [INFO    ] conftest.py:364 — PYTEST SESSION START
2026-08-12 13:23:25 [INFO    ] conftest.py:365 — ==================================================
2026-08-12 13:23:25 [INFO    ] conftest.py:227 — ==================================================
2026-08-12 13:23:25 [INFO    ] conftest.py:228 — DRIVER SETUP START
2026-08-12 13:23:25 [INFO    ] conftest.py:229 — ==================================================
2026-08-12 13:23:25 [INFO    ] conftest.py:116 — Driver creation attempt 1/2
2026-08-12 13:23:25 [INFO    ] driver_factory.py:53 — ========== DRIVER CREATION START ==========
2026-08-12 13:23:25 [INFO    ] driver_factory.py:70 — Device: emulator | Env: qa | Platform: Android
2026-08-12 13:23:25 [INFO    ] driver_factory.py:132 — Device Name: Android Emulator
2026-08-12 13:23:25 [INFO    ] driver_factory.py:133 — UDID: emulator-5554
2026-08-12 13:23:25 [INFO    ] driver_factory.py:140 — App Package: com.zee5.hipi
2026-08-12 13:23:25 [INFO    ] driver_factory.py:141 — App Activity: com.creatoreconomy.MainActivity
2026-08-12 13:23:27 [ERROR   ] conftest.py:123 — Attempt 1 failed: Message: Either provide 'app' option to install 'com.zee5.hipi' or consider setting 'noReset' to 'true' if 'com.zee5.hipi' is supposed to be preinstalled.
Stacktrace:
UnknownError: Either provide 'app' option to install 'com.zee5.hipi' or consider setting 'noReset' to 'true' if 'com.zee5.hipi' is supposed to be preinstalled.
    at getResponseForW3CError (/opt/homebrew/lib/node_modules/appium/node_modules/@appium/base-driver/build/lib/protocol/errors.js:824:36)
    at asyncHandler (/opt/homebrew/lib/node_modules/appium/node_modules/@appium/base-driver/build/lib/protocol/protocol.js:430:77)
The above error is caused by
Error: Either provide 'app' option to install 'com.zee5.hipi' or consider setting 'noReset' to 'true' if 'com.zee5.hipi' is supposed to be preinstalled.
    at AndroidUiautomator2Driver.resetAUT (/Users/vc.rajdeep.kumar/.appium/node_modules/appium-uiautomator2-driver/node_modules/appium-android-driver/build/lib/commands/app-management.js:438:15)
    at async AndroidUiautomator2Driver.initAUT (/Users/vc.rajdeep.kumar/.appium/node_modules/appium-uiautomator2-driver/build/lib/driver.js:571:17)
2026-08-12 13:23:27 [INFO    ] conftest.py:131 — Waiting 10s before retry...
2026-08-12 13:23:37 [INFO    ] conftest.py:116 — Driver creation attempt 2/2
2026-08-12 13:23:37 [INFO    ] driver_factory.py:53 — ========== DRIVER CREATION START ==========
2026-08-12 13:23:37 [INFO    ] driver_factory.py:70 — Device: emulator | Env: qa | Platform: Android
2026-08-12 13:23:37 [INFO    ] driver_factory.py:132 — Device Name: Android Emulator
2026-08-12 13:23:37 [INFO    ] driver_factory.py:133 — UDID: emulator-5554
2026-08-12 13:23:37 [INFO    ] driver_factory.py:140 — App Package: com.zee5.hipi
2026-08-12 13:23:37 [INFO    ] driver_factory.py:141 — App Activity: com.creatoreconomy.MainActivity
2026-08-12 13:23:38 [ERROR   ] conftest.py:123 — Attempt 2 failed: Message: Either provide 'app' option to install 'com.zee5.hipi' or consider setting 'noReset' to 'true' if 'com.zee5.hipi' is supposed to be preinstalled.
Stacktrace:
UnknownError: Either provide 'app' option to install 'com.zee5.hipi' or consider setting 'noReset' to 'true' if 'com.zee5.hipi' is supposed to be preinstalled.
    at getResponseForW3CError (/opt/homebrew/lib/node_modules/appium/node_modules/@appium/base-driver/build/lib/protocol/errors.js:824:36)
    at asyncHandler (/opt/homebrew/lib/node_modules/appium/node_modules/@appium/base-driver/build/lib/protocol/protocol.js:430:77)
The above error is caused by
Error: Either provide 'app' option to install 'com.zee5.hipi' or consider setting 'noReset' to 'true' if 'com.zee5.hipi' is supposed to be preinstalled.
    at AndroidUiautomator2Driver.resetAUT (/Users/vc.rajdeep.kumar/.appium/node_modules/appium-uiautomator2-driver/node_modules/appium-android-driver/build/lib/commands/app-management.js:438:15)
    at async AndroidUiautomator2Driver.initAUT (/Users/vc.rajdeep.kumar/.appium/node_modules/appium-uiautomator2-driver/build/lib/driver.js:571:17)
2026-08-12 13:23:38 [ERROR   ] conftest.py:255 — Driver fixture setup failed: Driver creation failed after 2 attempts: Message: Either provide 'app' option to install 'com.zee5.hipi' or consider setting 'noReset' to 'true' if 'com.zee5.hipi' is supposed to be preinstalled.
Stacktrace:
UnknownError: Either provide 'app' option to install 'com.zee5.hipi' or consider setting 'noReset' to 'true' if 'com.zee5.hipi' is supposed to be preinstalled.
    at getResponseForW3CError (/opt/homebrew/lib/node_modules/appium/node_modules/@appium/base-driver/build/lib/protocol/errors.js:824:36)
    at asyncHandler (/opt/homebrew/lib/node_modules/appium/node_modules/@appium/base-driver/build/lib/protocol/protocol.js:430:77)
The above error is caused by
Error: Either provide 'app' option to install 'com.zee5.hipi' or consider setting 'noReset' to 'true' if 'com.zee5.hipi' is supposed to be preinstalled.
    at AndroidUiautomator2Driver.resetAUT (/Users/vc.rajdeep.kumar/.appium/node_modules/appium-uiautomator2-driver/node_modules/appium-android-driver/build/lib/commands/app-management.js:438:15)
    at async AndroidUiautomator2Driver.initAUT (/Users/vc.rajdeep.kumar/.appium/node_modules/appium-uiautomator2-driver/build/lib/driver.js:571:17)
2026-08-12 13:23:41 [INFO    ] conftest.py:227 — ==================================================
2026-08-12 13:23:41 [INFO    ] conftest.py:228 — DRIVER SETUP START
2026-08-12 13:23:41 [INFO    ] conftest.py:229 — ==================================================
2026-08-12 13:23:41 [INFO    ] conftest.py:116 — Driver creation attempt 1/2
2026-08-12 13:23:41 [INFO    ] driver_factory.py:53 — ========== DRIVER CREATION START ==========
2026-08-12 13:23:41 [INFO    ] driver_factory.py:70 — Device: emulator | Env: qa | Platform: Android
2026-08-12 13:23:41 [INFO    ] driver_factory.py:132 — Device Name: Android Emulator
2026-08-12 13:23:41 [INFO    ] driver_factory.py:133 — UDID: emulator-5554
2026-08-12 13:23:41 [INFO    ] driver_factory.py:140 — App Package: com.zee5.hipi
2026-08-12 13:23:41 [INFO    ] driver_factory.py:141 — App Activity: com.creatoreconomy.MainActivity
2026-08-12 13:23:42 [ERROR   ] conftest.py:123 — Attempt 1 failed: Message: Either provide 'app' option to install 'com.zee5.hipi' or consider setting 'noReset' to 'true' if 'com.zee5.hipi' is supposed to be preinstalled.
Stacktrace:
UnknownError: Either provide 'app' option to install 'com.zee5.hipi' or consider setting 'noReset' to 'true' if 'com.zee5.hipi' is supposed to be preinstalled.
    at getResponseForW3CError (/opt/homebrew/lib/node_modules/appium/node_modules/@appium/base-driver/build/lib/protocol/errors.js:824:36)
    at asyncHandler (/opt/homebrew/lib/node_modules/appium/node_modules/@appium/base-driver/build/lib/protocol/protocol.js:430:77)
The above error is caused by
Error: Either provide 'app' option to install 'com.zee5.hipi' or consider setting 'noReset' to 'true' if 'com.zee5.hipi' is supposed to be preinstalled.
    at AndroidUiautomator2Driver.resetAUT (/Users/vc.rajdeep.kumar/.appium/node_modules/appium-uiautomator2-driver/node_modules/appium-android-driver/build/lib/commands/app-management.js:438:15)
    at async AndroidUiautomator2Driver.initAUT (/Users/vc.rajdeep.kumar/.appium/node_modules/appium-uiautomator2-driver/build/lib/driver.js:571:17)
2026-08-12 13:23:42 [INFO    ] conftest.py:131 — Waiting 10s before retry...
2026-08-12 13:23:52 [INFO    ] conftest.py:116 — Driver creation attempt 2/2
2026-08-12 13:23:52 [INFO    ] driver_factory.py:53 — ========== DRIVER CREATION START ==========
2026-08-12 13:23:52 [INFO    ] driver_factory.py:70 — Device: emulator | Env: qa | Platform: Android
2026-08-12 13:23:52 [INFO    ] driver_factory.py:132 — Device Name: Android Emulator
2026-08-12 13:23:52 [INFO    ] driver_factory.py:133 — UDID: emulator-5554
2026-08-12 13:23:52 [INFO    ] driver_factory.py:140 — App Package: com.zee5.hipi
2026-08-12 13:23:52 [INFO    ] driver_factory.py:141 — App Activity: com.creatoreconomy.MainActivity
2026-08-12 13:23:53 [ERROR   ] conftest.py:123 — Attempt 2 failed: Message: Either provide 'app' option to install 'com.zee5.hipi' or consider setting 'noReset' to 'true' if 'com.zee5.hipi' is supposed to be preinstalled.
Stacktrace:
UnknownError: Either provide 'app' option to install 'com.zee5.hipi' or consider setting 'noReset' to 'true' if 'com.zee5.hipi' is supposed to be preinstalled.
    at getResponseForW3CError (/opt/homebrew/lib/node_modules/appium/node_modules/@appium/base-driver/build/lib/protocol/errors.js:824:36)
    at asyncHandler (/opt/homebrew/lib/node_modules/appium/node_modules/@appium/base-driver/build/lib/protocol/protocol.js:430:77)
The above error is caused by
Error: Either provide 'app' option to install 'com.zee5.hipi' or consider setting 'noReset' to 'true' if 'com.zee5.hipi' is supposed to be preinstalled.
    at AndroidUiautomator2Driver.resetAUT (/Users/vc.rajdeep.kumar/.appium/node_modules/appium-uiautomator2-driver/node_modules/appium-android-driver/build/lib/commands/app-management.js:438:15)
    at async AndroidUiautomator2Driver.initAUT (/Users/vc.rajdeep.kumar/.appium/node_modules/appium-uiautomator2-driver/build/lib/driver.js:571:17)
2026-08-12 13:23:53 [ERROR   ] conftest.py:255 — Driver fixture setup failed: Driver creation failed after 2 attempts: Message: Either provide 'app' option to install 'com.zee5.hipi' or consider setting 'noReset' to 'true' if 'com.zee5.hipi' is supposed to be preinstalled.
Stacktrace:
UnknownError: Either provide 'app' option to install 'com.zee5.hipi' or consider setting 'noReset' to 'true' if 'com.zee5.hipi' is supposed to be preinstalled.
    at getResponseForW3CError (/opt/homebrew/lib/node_modules/appium/node_modules/@appium/base-driver/build/lib/protocol/errors.js:824:36)
    at asyncHandler (/opt/homebrew/lib/node_modules/appium/node_modules/@appium/base-driver/build/lib/protocol/protocol.js:430:77)
The above error is caused by
Error: Either provide 'app' option to install 'com.zee5.hipi' or consider setting 'noReset' to 'true' if 'com.zee5.hipi' is supposed to be preinstalled.
    at AndroidUiautomator2Driver.resetAUT (/Users/vc.rajdeep.kumar/.appium/node_modules/appium-uiautomator2-driver/node_modules/appium-android-driver/build/lib/commands/app-management.js:438:15)
    at async AndroidUiautomator2Driver.initAUT (/Users/vc.rajdeep.kumar/.appium/node_modules/appium-uiautomator2-driver/build/lib/driver.js:571:17)
2026-08-12 13:23:53 [INFO    ] conftest.py:227 — ==================================================
2026-08-12 13:23:53 [INFO    ] conftest.py:228 — DRIVER SETUP START
2026-08-12 13:23:53 [INFO    ] conftest.py:229 — ==================================================
2026-08-12 13:23:53 [INFO    ] conftest.py:116 — Driver creation attempt 1/2
2026-08-12 13:23:53 [INFO    ] driver_factory.py:53 — ========== DRIVER CREATION START ==========
2026-08-12 13:23:53 [INFO    ] driver_factory.py:70 — Device: emulator | Env: qa | Platform: Android
2026-08-12 13:23:53 [INFO    ] driver_factory.py:132 — Device Name: Android Emulator
2026-08-12 13:23:53 [INFO    ] driver_factory.py:133 — UDID: emulator-5554
2026-08-12 13:23:53 [INFO    ] driver_factory.py:140 — App Package: com.zee5.hipi
2026-08-12 13:23:53 [INFO    ] driver_factory.py:141 — App Activity: com.creatoreconomy.MainActivity
2026-08-12 13:23:53 [ERROR   ] conftest.py:123 — Attempt 1 failed: Message: Either provide 'app' option to install 'com.zee5.hipi' or consider setting 'noReset' to 'true' if 'com.zee5.hipi' is supposed to be preinstalled.
Stacktrace:
UnknownError: Either provide 'app' option to install 'com.zee5.hipi' or consider setting 'noReset' to 'true' if 'com.zee5.hipi' is supposed to be preinstalled.
    at getResponseForW3CError (/opt/homebrew/lib/node_modules/appium/node_modules/@appium/base-driver/build/lib/protocol/errors.js:824:36)
    at asyncHandler (/opt/homebrew/lib/node_modules/appium/node_modules/@appium/base-driver/build/lib/protocol/protocol.js:430:77)
The above error is caused by
Error: Either provide 'app' option to install 'com.zee5.hipi' or consider setting 'noReset' to 'true' if 'com.zee5.hipi' is supposed to be preinstalled.
    at AndroidUiautomator2Driver.resetAUT (/Users/vc.rajdeep.kumar/.appium/node_modules/appium-uiautomator2-driver/node_modules/appium-android-driver/build/lib/commands/app-management.js:438:15)
    at async AndroidUiautomator2Driver.initAUT (/Users/vc.rajdeep.kumar/.appium/node_modules/appium-uiautomator2-driver/build/lib/driver.js:571:17)
2026-08-12 13:23:53 [INFO    ] conftest.py:131 — Waiting 10s before retry...
