2026-08-12 13:32:26 [INFO    ] conftest.py:363 — ==================================================
2026-08-12 13:32:26 [INFO    ] conftest.py:364 — PYTEST SESSION START
2026-08-12 13:32:26 [INFO    ] conftest.py:365 — ==================================================
2026-08-12 13:32:26 [INFO    ] conftest.py:227 — ==================================================
2026-08-12 13:32:26 [INFO    ] conftest.py:228 — DRIVER SETUP START
2026-08-12 13:32:26 [INFO    ] conftest.py:229 — ==================================================
2026-08-12 13:32:26 [INFO    ] conftest.py:116 — Driver creation attempt 1/2
2026-08-12 13:32:26 [INFO    ] driver_factory.py:53 — ========== DRIVER CREATION START ==========
2026-08-12 13:32:26 [INFO    ] driver_factory.py:70 — Device: emulator | Env: qa | Platform: Android
2026-08-12 13:32:26 [INFO    ] driver_factory.py:132 — Device Name: Android Emulator
2026-08-12 13:32:26 [INFO    ] driver_factory.py:133 — UDID: emulator-5554
2026-08-12 13:32:26 [INFO    ] driver_factory.py:140 — App Package: com.zee5.hipi
2026-08-12 13:32:26 [INFO    ] driver_factory.py:141 — App Activity: .MainActivity
2026-08-12 13:32:30 [ERROR   ] conftest.py:123 — Attempt 1 failed: Message: Cannot start the 'com.zee5.hipi' application. Consider checking the driver's troubleshooting documentation. Original error: Activity name '.MainActivity' used to start the app doesn't exist or cannot be launched! Make sure it exists and is a launchable activity
Stacktrace:
UnknownError: Cannot start the 'com.zee5.hipi' application. Consider checking the driver's troubleshooting documentation. Original error: Activity name '.MainActivity' used to start the app doesn't exist or cannot be launched! Make sure it exists and is a launchable activity
    at getResponseForW3CError (/opt/homebrew/lib/node_modules/appium/node_modules/@appium/base-driver/build/lib/protocol/errors.js:824:36)
    at asyncHandler (/opt/homebrew/lib/node_modules/appium/node_modules/@appium/base-driver/build/lib/protocol/protocol.js:430:77)
The above error is caused by
Error: Cannot start the 'com.zee5.hipi' application. Consider checking the driver's troubleshooting documentation. Original error: Activity name '.MainActivity' used to start the app doesn't exist or cannot be launched! Make sure it exists and is a launchable activity
    at ADB.startApp (/Users/vc.rajdeep.kumar/.appium/node_modules/appium-uiautomator2-driver/node_modules/appium-adb/build/lib/tools/app-commands.js:612:15)
    at async AndroidUiautomator2Driver.ensureAppStarts (/Users/vc.rajdeep.kumar/.appium/node_modules/appium-uiautomator2-driver/build/lib/driver.js:588:9)
    at async AndroidUiautomator2Driver.performSessionPostExecSetup (/Users/vc.rajdeep.kumar/.appium/node_modules/appium-uiautomator2-driver/build/lib/driver.js:443:13)
    at async AndroidUiautomator2Driver.startUiAutomator2Session (/Users/vc.rajdeep.kumar/.appium/node_modules/appium-uiautomator2-driver/build/lib/driver.js:492:9)
    at async AndroidUiautomator2Driver.createSession (/Users/vc.rajdeep.kumar/.appium/node_modules/appium-uiautomator2-driver/build/lib/driver.js:249:28)
    at async AppiumDriver.createSession (/opt/homebrew/lib/node_modules/appium/build/lib/appium.js:324:43)
2026-08-12 13:32:30 [INFO    ] conftest.py:131 — Waiting 10s before retry...
2026-08-12 13:32:40 [INFO    ] conftest.py:116 — Driver creation attempt 2/2
2026-08-12 13:32:40 [INFO    ] driver_factory.py:53 — ========== DRIVER CREATION START ==========
2026-08-12 13:32:40 [INFO    ] driver_factory.py:70 — Device: emulator | Env: qa | Platform: Android
2026-08-12 13:32:40 [INFO    ] driver_factory.py:132 — Device Name: Android Emulator
2026-08-12 13:32:40 [INFO    ] driver_factory.py:133 — UDID: emulator-5554
2026-08-12 13:32:40 [INFO    ] driver_factory.py:140 — App Package: com.zee5.hipi
2026-08-12 13:32:40 [INFO    ] driver_factory.py:141 — App Activity: .MainActivity
2026-08-12 13:32:44 [ERROR   ] conftest.py:123 — Attempt 2 failed: Message: Cannot start the 'com.zee5.hipi' application. Consider checking the driver's troubleshooting documentation. Original error: Activity name '.MainActivity' used to start the app doesn't exist or cannot be launched! Make sure it exists and is a launchable activity
Stacktrace:
UnknownError: Cannot start the 'com.zee5.hipi' application. Consider checking the driver's troubleshooting documentation. Original error: Activity name '.MainActivity' used to start the app doesn't exist or cannot be launched! Make sure it exists and is a launchable activity
    at getResponseForW3CError (/opt/homebrew/lib/node_modules/appium/node_modules/@appium/base-driver/build/lib/protocol/errors.js:824:36)
    at asyncHandler (/opt/homebrew/lib/node_modules/appium/node_modules/@appium/base-driver/build/lib/protocol/protocol.js:430:77)
The above error is caused by
Error: Cannot start the 'com.zee5.hipi' application. Consider checking the driver's troubleshooting documentation. Original error: Activity name '.MainActivity' used to start the app doesn't exist or cannot be launched! Make sure it exists and is a launchable activity
    at ADB.startApp (/Users/vc.rajdeep.kumar/.appium/node_modules/appium-uiautomator2-driver/node_modules/appium-adb/build/lib/tools/app-commands.js:612:15)
    at process.processTicksAndRejections (node:internal/process/task_queues:104:5)
    at async AndroidUiautomator2Driver.ensureAppStarts (/Users/vc.rajdeep.kumar/.appium/node_modules/appium-uiautomator2-driver/build/lib/driver.js:588:9)
    at async AndroidUiautomator2Driver.performSessionPostExecSetup (/Users/vc.rajdeep.kumar/.appium/node_modules/appium-uiautomator2-driver/build/lib/driver.js:443:13)
    at async AndroidUiautomator2Driver.startUiAutomator2Session (/Users/vc.rajdeep.kumar/.appium/node_modules/appium-uiautomator2-driver/build/lib/driver.js:492:9)
    at async AndroidUiautomator2Driver.createSession (/Users/vc.rajdeep.kumar/.appium/node_modules/appium-uiautomator2-driver/build/lib/driver.js:249:28)
    at async AppiumDriver.createSession (/opt/homebrew/lib/node_modules/appium/build/lib/appium.js:324:43)
2026-08-12 13:32:44 [ERROR   ] conftest.py:255 — Driver fixture setup failed: Driver creation failed after 2 attempts: Message: Cannot start the 'com.zee5.hipi' application. Consider checking the driver's troubleshooting documentation. Original error: Activity name '.MainActivity' used to start the app doesn't exist or cannot be launched! Make sure it exists and is a launchable activity
Stacktrace:
UnknownError: Cannot start the 'com.zee5.hipi' application. Consider checking the driver's troubleshooting documentation. Original error: Activity name '.MainActivity' used to start the app doesn't exist or cannot be launched! Make sure it exists and is a launchable activity
    at getResponseForW3CError (/opt/homebrew/lib/node_modules/appium/node_modules/@appium/base-driver/build/lib/protocol/errors.js:824:36)
    at asyncHandler (/opt/homebrew/lib/node_modules/appium/node_modules/@appium/base-driver/build/lib/protocol/protocol.js:430:77)
The above error is caused by
Error: Cannot start the 'com.zee5.hipi' application. Consider checking the driver's troubleshooting documentation. Original error: Activity name '.MainActivity' used to start the app doesn't exist or cannot be launched! Make sure it exists and is a launchable activity
    at ADB.startApp (/Users/vc.rajdeep.kumar/.appium/node_modules/appium-uiautomator2-driver/node_modules/appium-adb/build/lib/tools/app-commands.js:612:15)
    at process.processTicksAndRejections (node:internal/process/task_queues:104:5)
    at async AndroidUiautomator2Driver.ensureAppStarts (/Users/vc.rajdeep.kumar/.appium/node_modules/appium-uiautomator2-driver/build/lib/driver.js:588:9)
    at async AndroidUiautomator2Driver.performSessionPostExecSetup (/Users/vc.rajdeep.kumar/.appium/node_modules/appium-uiautomator2-driver/build/lib/driver.js:443:13)
    at async AndroidUiautomator2Driver.startUiAutomator2Session (/Users/vc.rajdeep.kumar/.appium/node_modules/appium-uiautomator2-driver/build/lib/driver.js:492:9)
    at async AndroidUiautomator2Driver.createSession (/Users/vc.rajdeep.kumar/.appium/node_modules/appium-uiautomator2-driver/build/lib/driver.js:249:28)
    at async AppiumDriver.createSession (/opt/homebrew/lib/node_modules/appium/build/lib/appium.js:324:43)
2026-08-12 13:32:47 [INFO    ] conftest.py:227 — ==================================================
2026-08-12 13:32:47 [INFO    ] conftest.py:228 — DRIVER SETUP START
2026-08-12 13:32:47 [INFO    ] conftest.py:229 — ==================================================
2026-08-12 13:32:47 [INFO    ] conftest.py:116 — Driver creation attempt 1/2
2026-08-12 13:32:47 [INFO    ] driver_factory.py:53 — ========== DRIVER CREATION START ==========
2026-08-12 13:32:47 [INFO    ] driver_factory.py:70 — Device: emulator | Env: qa | Platform: Android
2026-08-12 13:32:47 [INFO    ] driver_factory.py:132 — Device Name: Android Emulator
2026-08-12 13:32:47 [INFO    ] driver_factory.py:133 — UDID: emulator-5554
2026-08-12 13:32:47 [INFO    ] driver_factory.py:140 — App Package: com.zee5.hipi
2026-08-12 13:32:47 [INFO    ] driver_factory.py:141 — App Activity: .MainActivity
2026-08-12 13:32:51 [ERROR   ] conftest.py:123 — Attempt 1 failed: Message: Cannot start the 'com.zee5.hipi' application. Consider checking the driver's troubleshooting documentation. Original error: Activity name '.MainActivity' used to start the app doesn't exist or cannot be launched! Make sure it exists and is a launchable activity
Stacktrace:
UnknownError: Cannot start the 'com.zee5.hipi' application. Consider checking the driver's troubleshooting documentation. Original error: Activity name '.MainActivity' used to start the app doesn't exist or cannot be launched! Make sure it exists and is a launchable activity
    at getResponseForW3CError (/opt/homebrew/lib/node_modules/appium/node_modules/@appium/base-driver/build/lib/protocol/errors.js:824:36)
    at asyncHandler (/opt/homebrew/lib/node_modules/appium/node_modules/@appium/base-driver/build/lib/protocol/protocol.js:430:77)
The above error is caused by
Error: Cannot start the 'com.zee5.hipi' application. Consider checking the driver's troubleshooting documentation. Original error: Activity name '.MainActivity' used to start the app doesn't exist or cannot be launched! Make sure it exists and is a launchable activity
    at ADB.startApp (/Users/vc.rajdeep.kumar/.appium/node_modules/appium-uiautomator2-driver/node_modules/appium-adb/build/lib/tools/app-commands.js:612:15)
    at process.processTicksAndRejections (node:internal/process/task_queues:104:5)
    at async AndroidUiautomator2Driver.ensureAppStarts (/Users/vc.rajdeep.kumar/.appium/node_modules/appium-uiautomator2-driver/build/lib/driver.js:588:9)
    at async AndroidUiautomator2Driver.performSessionPostExecSetup (/Users/vc.rajdeep.kumar/.appium/node_modules/appium-uiautomator2-driver/build/lib/driver.js:443:13)
    at async AndroidUiautomator2Driver.startUiAutomator2Session (/Users/vc.rajdeep.kumar/.appium/node_modules/appium-uiautomator2-driver/build/lib/driver.js:492:9)
    at async AndroidUiautomator2Driver.createSession (/Users/vc.rajdeep.kumar/.appium/node_modules/appium-uiautomator2-driver/build/lib/driver.js:249:28)
    at async AppiumDriver.createSession (/opt/homebrew/lib/node_modules/appium/build/lib/appium.js:324:43)
2026-08-12 13:32:51 [INFO    ] conftest.py:131 — Waiting 10s before retry...
2026-08-12 13:33:01 [INFO    ] conftest.py:116 — Driver creation attempt 2/2
2026-08-12 13:33:01 [INFO    ] driver_factory.py:53 — ========== DRIVER CREATION START ==========
2026-08-12 13:33:01 [INFO    ] driver_factory.py:70 — Device: emulator | Env: qa | Platform: Android
2026-08-12 13:33:01 [INFO    ] driver_factory.py:132 — Device Name: Android Emulator
2026-08-12 13:33:01 [INFO    ] driver_factory.py:133 — UDID: emulator-5554
2026-08-12 13:33:01 [INFO    ] driver_factory.py:140 — App Package: com.zee5.hipi
2026-08-12 13:33:01 [INFO    ] driver_factory.py:141 — App Activity: .MainActivity
2026-08-12 13:33:04 [ERROR   ] conftest.py:123 — Attempt 2 failed: Message: Cannot start the 'com.zee5.hipi' application. Consider checking the driver's troubleshooting documentation. Original error: Activity name '.MainActivity' used to start the app doesn't exist or cannot be launched! Make sure it exists and is a launchable activity
Stacktrace:
UnknownError: Cannot start the 'com.zee5.hipi' application. Consider checking the driver's troubleshooting documentation. Original error: Activity name '.MainActivity' used to start the app doesn't exist or cannot be launched! Make sure it exists and is a launchable activity
    at getResponseForW3CError (/opt/homebrew/lib/node_modules/appium/node_modules/@appium/base-driver/build/lib/protocol/errors.js:824:36)
    at asyncHandler (/opt/homebrew/lib/node_modules/appium/node_modules/@appium/base-driver/build/lib/protocol/protocol.js:430:77)
The above error is caused by
Error: Cannot start the 'com.zee5.hipi' application. Consider checking the driver's troubleshooting documentation. Original error: Activity name '.MainActivity' used to start the app doesn't exist or cannot be launched! Make sure it exists and is a launchable activity
    at ADB.startApp (/Users/vc.rajdeep.kumar/.appium/node_modules/appium-uiautomator2-driver/node_modules/appium-adb/build/lib/tools/app-commands.js:612:15)
    at async AndroidUiautomator2Driver.ensureAppStarts (/Users/vc.rajdeep.kumar/.appium/node_modules/appium-uiautomator2-driver/build/lib/driver.js:588:9)
    at async AndroidUiautomator2Driver.performSessionPostExecSetup (/Users/vc.rajdeep.kumar/.appium/node_modules/appium-uiautomator2-driver/build/lib/driver.js:443:13)
    at async AndroidUiautomator2Driver.startUiAutomator2Session (/Users/vc.rajdeep.kumar/.appium/node_modules/appium-uiautomator2-driver/build/lib/driver.js:492:9)
    at async AndroidUiautomator2Driver.createSession (/Users/vc.rajdeep.kumar/.appium/node_modules/appium-uiautomator2-driver/build/lib/driver.js:249:28)
    at async AppiumDriver.createSession (/opt/homebrew/lib/node_modules/appium/build/lib/appium.js:324:43)
2026-08-12 13:33:04 [ERROR   ] conftest.py:255 — Driver fixture setup failed: Driver creation failed after 2 attempts: Message: Cannot start the 'com.zee5.hipi' application. Consider checking the driver's troubleshooting documentation. Original error: Activity name '.MainActivity' used to start the app doesn't exist or cannot be launched! Make sure it exists and is a launchable activity
Stacktrace:
UnknownError: Cannot start the 'com.zee5.hipi' application. Consider checking the driver's troubleshooting documentation. Original error: Activity name '.MainActivity' used to start the app doesn't exist or cannot be launched! Make sure it exists and is a launchable activity
    at getResponseForW3CError (/opt/homebrew/lib/node_modules/appium/node_modules/@appium/base-driver/build/lib/protocol/errors.js:824:36)
    at asyncHandler (/opt/homebrew/lib/node_modules/appium/node_modules/@appium/base-driver/build/lib/protocol/protocol.js:430:77)
The above error is caused by
Error: Cannot start the 'com.zee5.hipi' application. Consider checking the driver's troubleshooting documentation. Original error: Activity name '.MainActivity' used to start the app doesn't exist or cannot be launched! Make sure it exists and is a launchable activity
    at ADB.startApp (/Users/vc.rajdeep.kumar/.appium/node_modules/appium-uiautomator2-driver/node_modules/appium-adb/build/lib/tools/app-commands.js:612:15)
    at async AndroidUiautomator2Driver.ensureAppStarts (/Users/vc.rajdeep.kumar/.appium/node_modules/appium-uiautomator2-driver/build/lib/driver.js:588:9)
    at async AndroidUiautomator2Driver.performSessionPostExecSetup (/Users/vc.rajdeep.kumar/.appium/node_modules/appium-uiautomator2-driver/build/lib/driver.js:443:13)
    at async AndroidUiautomator2Driver.startUiAutomator2Session (/Users/vc.rajdeep.kumar/.appium/node_modules/appium-uiautomator2-driver/build/lib/driver.js:492:9)
    at async AndroidUiautomator2Driver.createSession (/Users/vc.rajdeep.kumar/.appium/node_modules/appium-uiautomator2-driver/build/lib/driver.js:249:28)
    at async AppiumDriver.createSession (/opt/homebrew/lib/node_modules/appium/build/lib/appium.js:324:43)
2026-08-12 13:33:04 [INFO    ] conftest.py:227 — ==================================================
2026-08-12 13:33:04 [INFO    ] conftest.py:228 — DRIVER SETUP START
2026-08-12 13:33:04 [INFO    ] conftest.py:229 — ==================================================
2026-08-12 13:33:04 [INFO    ] conftest.py:116 — Driver creation attempt 1/2
2026-08-12 13:33:04 [INFO    ] driver_factory.py:53 — ========== DRIVER CREATION START ==========
2026-08-12 13:33:04 [INFO    ] driver_factory.py:70 — Device: emulator | Env: qa | Platform: Android
2026-08-12 13:33:04 [INFO    ] driver_factory.py:132 — Device Name: Android Emulator
2026-08-12 13:33:04 [INFO    ] driver_factory.py:133 — UDID: emulator-5554
2026-08-12 13:33:04 [INFO    ] driver_factory.py:140 — App Package: com.zee5.hipi
2026-08-12 13:33:04 [INFO    ] driver_factory.py:141 — App Activity: .MainActivity
2026-08-12 13:33:06 [ERROR   ] conftest.py:123 — Attempt 1 failed: Message: Cannot start the 'com.zee5.hipi' application. Consider checking the driver's troubleshooting documentation. Original error: Activity name '.MainActivity' used to start the app doesn't exist or cannot be launched! Make sure it exists and is a launchable activity
Stacktrace:
UnknownError: Cannot start the 'com.zee5.hipi' application. Consider checking the driver's troubleshooting documentation. Original error: Activity name '.MainActivity' used to start the app doesn't exist or cannot be launched! Make sure it exists and is a launchable activity
    at getResponseForW3CError (/opt/homebrew/lib/node_modules/appium/node_modules/@appium/base-driver/build/lib/protocol/errors.js:824:36)
    at asyncHandler (/opt/homebrew/lib/node_modules/appium/node_modules/@appium/base-driver/build/lib/protocol/protocol.js:430:77)
The above error is caused by
Error: Cannot start the 'com.zee5.hipi' application. Consider checking the driver's troubleshooting documentation. Original error: Activity name '.MainActivity' used to start the app doesn't exist or cannot be launched! Make sure it exists and is a launchable activity
    at ADB.startApp (/Users/vc.rajdeep.kumar/.appium/node_modules/appium-uiautomator2-driver/node_modules/appium-adb/build/lib/tools/app-commands.js:612:15)
    at process.processTicksAndRejections (node:internal/process/task_queues:104:5)
    at async AndroidUiautomator2Driver.ensureAppStarts (/Users/vc.rajdeep.kumar/.appium/node_modules/appium-uiautomator2-driver/build/lib/driver.js:588:9)
    at async AndroidUiautomator2Driver.performSessionPostExecSetup (/Users/vc.rajdeep.kumar/.appium/node_modules/appium-uiautomator2-driver/build/lib/driver.js:443:13)
    at async AndroidUiautomator2Driver.startUiAutomator2Session (/Users/vc.rajdeep.kumar/.appium/node_modules/appium-uiautomator2-driver/build/lib/driver.js:492:9)
    at async AndroidUiautomator2Driver.createSession (/Users/vc.rajdeep.kumar/.appium/node_modules/appium-uiautomator2-driver/build/lib/driver.js:249:28)
    at async AppiumDriver.createSession (/opt/homebrew/lib/node_modules/appium/build/lib/appium.js:324:43)
2026-08-12 13:33:06 [INFO    ] conftest.py:131 — Waiting 10s before retry...
2026-08-12 13:33:16 [INFO    ] conftest.py:116 — Driver creation attempt 2/2
2026-08-12 13:33:16 [INFO    ] driver_factory.py:53 — ========== DRIVER CREATION START ==========
2026-08-12 13:33:16 [INFO    ] driver_factory.py:70 — Device: emulator | Env: qa | Platform: Android
2026-08-12 13:33:16 [INFO    ] driver_factory.py:132 — Device Name: Android Emulator
2026-08-12 13:33:16 [INFO    ] driver_factory.py:133 — UDID: emulator-5554
2026-08-12 13:33:16 [INFO    ] driver_factory.py:140 — App Package: com.zee5.hipi
2026-08-12 13:33:16 [INFO    ] driver_factory.py:141 — App Activity: .MainActivity
2026-08-12 13:33:20 [ERROR   ] conftest.py:123 — Attempt 2 failed: Message: Cannot start the 'com.zee5.hipi' application. Consider checking the driver's troubleshooting documentation. Original error: Activity name '.MainActivity' used to start the app doesn't exist or cannot be launched! Make sure it exists and is a launchable activity
Stacktrace:
UnknownError: Cannot start the 'com.zee5.hipi' application. Consider checking the driver's troubleshooting documentation. Original error: Activity name '.MainActivity' used to start the app doesn't exist or cannot be launched! Make sure it exists and is a launchable activity
    at getResponseForW3CError (/opt/homebrew/lib/node_modules/appium/node_modules/@appium/base-driver/build/lib/protocol/errors.js:824:36)
    at asyncHandler (/opt/homebrew/lib/node_modules/appium/node_modules/@appium/base-driver/build/lib/protocol/protocol.js:430:77)
The above error is caused by
Error: Cannot start the 'com.zee5.hipi' application. Consider checking the driver's troubleshooting documentation. Original error: Activity name '.MainActivity' used to start the app doesn't exist or cannot be launched! Make sure it exists and is a launchable activity
    at ADB.startApp (/Users/vc.rajdeep.kumar/.appium/node_modules/appium-uiautomator2-driver/node_modules/appium-adb/build/lib/tools/app-commands.js:612:15)
    at process.processTicksAndRejections (node:internal/process/task_queues:104:5)
    at async AndroidUiautomator2Driver.ensureAppStarts (/Users/vc.rajdeep.kumar/.appium/node_modules/appium-uiautomator2-driver/build/lib/driver.js:588:9)
    at async AndroidUiautomator2Driver.performSessionPostExecSetup (/Users/vc.rajdeep.kumar/.appium/node_modules/appium-uiautomator2-driver/build/lib/driver.js:443:13)
    at async AndroidUiautomator2Driver.startUiAutomator2Session (/Users/vc.rajdeep.kumar/.appium/node_modules/appium-uiautomator2-driver/build/lib/driver.js:492:9)
    at async AndroidUiautomator2Driver.createSession (/Users/vc.rajdeep.kumar/.appium/node_modules/appium-uiautomator2-driver/build/lib/driver.js:249:28)
    at async AppiumDriver.createSession (/opt/homebrew/lib/node_modules/appium/build/lib/appium.js:324:43)
2026-08-12 13:33:20 [ERROR   ] conftest.py:255 — Driver fixture setup failed: Driver creation failed after 2 attempts: Message: Cannot start the 'com.zee5.hipi' application. Consider checking the driver's troubleshooting documentation. Original error: Activity name '.MainActivity' used to start the app doesn't exist or cannot be launched! Make sure it exists and is a launchable activity
Stacktrace:
UnknownError: Cannot start the 'com.zee5.hipi' application. Consider checking the driver's troubleshooting documentation. Original error: Activity name '.MainActivity' used to start the app doesn't exist or cannot be launched! Make sure it exists and is a launchable activity
    at getResponseForW3CError (/opt/homebrew/lib/node_modules/appium/node_modules/@appium/base-driver/build/lib/protocol/errors.js:824:36)
    at asyncHandler (/opt/homebrew/lib/node_modules/appium/node_modules/@appium/base-driver/build/lib/protocol/protocol.js:430:77)
The above error is caused by
Error: Cannot start the 'com.zee5.hipi' application. Consider checking the driver's troubleshooting documentation. Original error: Activity name '.MainActivity' used to start the app doesn't exist or cannot be launched! Make sure it exists and is a launchable activity
    at ADB.startApp (/Users/vc.rajdeep.kumar/.appium/node_modules/appium-uiautomator2-driver/node_modules/appium-adb/build/lib/tools/app-commands.js:612:15)
    at process.processTicksAndRejections (node:internal/process/task_queues:104:5)
    at async AndroidUiautomator2Driver.ensureAppStarts (/Users/vc.rajdeep.kumar/.appium/node_modules/appium-uiautomator2-driver/build/lib/driver.js:588:9)
    at async AndroidUiautomator2Driver.performSessionPostExecSetup (/Users/vc.rajdeep.kumar/.appium/node_modules/appium-uiautomator2-driver/build/lib/driver.js:443:13)
    at async AndroidUiautomator2Driver.startUiAutomator2Session (/Users/vc.rajdeep.kumar/.appium/node_modules/appium-uiautomator2-driver/build/lib/driver.js:492:9)
    at async AndroidUiautomator2Driver.createSession (/Users/vc.rajdeep.kumar/.appium/node_modules/appium-uiautomator2-driver/build/lib/driver.js:249:28)
    at async AppiumDriver.createSession (/opt/homebrew/lib/node_modules/appium/build/lib/appium.js:324:43)
2026-08-12 13:33:23 [INFO    ] conftest.py:227 — ==================================================
2026-08-12 13:33:23 [INFO    ] conftest.py:228 — DRIVER SETUP START
2026-08-12 13:33:23 [INFO    ] conftest.py:229 — ==================================================
2026-08-12 13:33:23 [INFO    ] conftest.py:116 — Driver creation attempt 1/2
2026-08-12 13:33:23 [INFO    ] driver_factory.py:53 — ========== DRIVER CREATION START ==========
2026-08-12 13:33:23 [INFO    ] driver_factory.py:70 — Device: emulator | Env: qa | Platform: Android
2026-08-12 13:33:23 [INFO    ] driver_factory.py:132 — Device Name: Android Emulator
2026-08-12 13:33:23 [INFO    ] driver_factory.py:133 — UDID: emulator-5554
2026-08-12 13:33:23 [INFO    ] driver_factory.py:140 — App Package: com.zee5.hipi
2026-08-12 13:33:23 [INFO    ] driver_factory.py:141 — App Activity: .MainActivity
2026-08-12 13:33:25 [ERROR   ] conftest.py:123 — Attempt 1 failed: Message: Cannot start the 'com.zee5.hipi' application. Consider checking the driver's troubleshooting documentation. Original error: Activity name '.MainActivity' used to start the app doesn't exist or cannot be launched! Make sure it exists and is a launchable activity
Stacktrace:
UnknownError: Cannot start the 'com.zee5.hipi' application. Consider checking the driver's troubleshooting documentation. Original error: Activity name '.MainActivity' used to start the app doesn't exist or cannot be launched! Make sure it exists and is a launchable activity
    at getResponseForW3CError (/opt/homebrew/lib/node_modules/appium/node_modules/@appium/base-driver/build/lib/protocol/errors.js:824:36)
    at asyncHandler (/opt/homebrew/lib/node_modules/appium/node_modules/@appium/base-driver/build/lib/protocol/protocol.js:430:77)
The above error is caused by
Error: Cannot start the 'com.zee5.hipi' application. Consider checking the driver's troubleshooting documentation. Original error: Activity name '.MainActivity' used to start the app doesn't exist or cannot be launched! Make sure it exists and is a launchable activity
    at ADB.startApp (/Users/vc.rajdeep.kumar/.appium/node_modules/appium-uiautomator2-driver/node_modules/appium-adb/build/lib/tools/app-commands.js:612:15)
    at async AndroidUiautomator2Driver.ensureAppStarts (/Users/vc.rajdeep.kumar/.appium/node_modules/appium-uiautomator2-driver/build/lib/driver.js:588:9)
    at async AndroidUiautomator2Driver.performSessionPostExecSetup (/Users/vc.rajdeep.kumar/.appium/node_modules/appium-uiautomator2-driver/build/lib/driver.js:443:13)
    at async AndroidUiautomator2Driver.startUiAutomator2Session (/Users/vc.rajdeep.kumar/.appium/node_modules/appium-uiautomator2-driver/build/lib/driver.js:492:9)
    at async AndroidUiautomator2Driver.createSession (/Users/vc.rajdeep.kumar/.appium/node_modules/appium-uiautomator2-driver/build/lib/driver.js:249:28)
    at async AppiumDriver.createSession (/opt/homebrew/lib/node_modules/appium/build/lib/appium.js:324:43)
2026-08-12 13:33:25 [INFO    ] conftest.py:131 — Waiting 10s before retry...
2026-08-12 13:33:35 [INFO    ] conftest.py:116 — Driver creation attempt 2/2
2026-08-12 13:33:35 [INFO    ] driver_factory.py:53 — ========== DRIVER CREATION START ==========
2026-08-12 13:33:35 [INFO    ] driver_factory.py:70 — Device: emulator | Env: qa | Platform: Android
2026-08-12 13:33:35 [INFO    ] driver_factory.py:132 — Device Name: Android Emulator
2026-08-12 13:33:35 [INFO    ] driver_factory.py:133 — UDID: emulator-5554
2026-08-12 13:33:35 [INFO    ] driver_factory.py:140 — App Package: com.zee5.hipi
2026-08-12 13:33:35 [INFO    ] driver_factory.py:141 — App Activity: .MainActivity
2026-08-12 13:33:38 [ERROR   ] conftest.py:123 — Attempt 2 failed: Message: Cannot start the 'com.zee5.hipi' application. Consider checking the driver's troubleshooting documentation. Original error: Activity name '.MainActivity' used to start the app doesn't exist or cannot be launched! Make sure it exists and is a launchable activity
Stacktrace:
UnknownError: Cannot start the 'com.zee5.hipi' application. Consider checking the driver's troubleshooting documentation. Original error: Activity name '.MainActivity' used to start the app doesn't exist or cannot be launched! Make sure it exists and is a launchable activity
    at getResponseForW3CError (/opt/homebrew/lib/node_modules/appium/node_modules/@appium/base-driver/build/lib/protocol/errors.js:824:36)
    at asyncHandler (/opt/homebrew/lib/node_modules/appium/node_modules/@appium/base-driver/build/lib/protocol/protocol.js:430:77)
The above error is caused by
Error: Cannot start the 'com.zee5.hipi' application. Consider checking the driver's troubleshooting documentation. Original error: Activity name '.MainActivity' used to start the app doesn't exist or cannot be launched! Make sure it exists and is a launchable activity
    at ADB.startApp (/Users/vc.rajdeep.kumar/.appium/node_modules/appium-uiautomator2-driver/node_modules/appium-adb/build/lib/tools/app-commands.js:612:15)
    at process.processTicksAndRejections (node:internal/process/task_queues:104:5)
    at async AndroidUiautomator2Driver.ensureAppStarts (/Users/vc.rajdeep.kumar/.appium/node_modules/appium-uiautomator2-driver/build/lib/driver.js:588:9)
    at async AndroidUiautomator2Driver.performSessionPostExecSetup (/Users/vc.rajdeep.kumar/.appium/node_modules/appium-uiautomator2-driver/build/lib/driver.js:443:13)
    at async AndroidUiautomator2Driver.startUiAutomator2Session (/Users/vc.rajdeep.kumar/.appium/node_modules/appium-uiautomator2-driver/build/lib/driver.js:492:9)
    at async AndroidUiautomator2Driver.createSession (/Users/vc.rajdeep.kumar/.appium/node_modules/appium-uiautomator2-driver/build/lib/driver.js:249:28)
    at async AppiumDriver.createSession (/opt/homebrew/lib/node_modules/appium/build/lib/appium.js:324:43)
2026-08-12 13:33:38 [ERROR   ] conftest.py:255 — Driver fixture setup failed: Driver creation failed after 2 attempts: Message: Cannot start the 'com.zee5.hipi' application. Consider checking the driver's troubleshooting documentation. Original error: Activity name '.MainActivity' used to start the app doesn't exist or cannot be launched! Make sure it exists and is a launchable activity
Stacktrace:
UnknownError: Cannot start the 'com.zee5.hipi' application. Consider checking the driver's troubleshooting documentation. Original error: Activity name '.MainActivity' used to start the app doesn't exist or cannot be launched! Make sure it exists and is a launchable activity
    at getResponseForW3CError (/opt/homebrew/lib/node_modules/appium/node_modules/@appium/base-driver/build/lib/protocol/errors.js:824:36)
    at asyncHandler (/opt/homebrew/lib/node_modules/appium/node_modules/@appium/base-driver/build/lib/protocol/protocol.js:430:77)
The above error is caused by
Error: Cannot start the 'com.zee5.hipi' application. Consider checking the driver's troubleshooting documentation. Original error: Activity name '.MainActivity' used to start the app doesn't exist or cannot be launched! Make sure it exists and is a launchable activity
    at ADB.startApp (/Users/vc.rajdeep.kumar/.appium/node_modules/appium-uiautomator2-driver/node_modules/appium-adb/build/lib/tools/app-commands.js:612:15)
    at process.processTicksAndRejections (node:internal/process/task_queues:104:5)
    at async AndroidUiautomator2Driver.ensureAppStarts (/Users/vc.rajdeep.kumar/.appium/node_modules/appium-uiautomator2-driver/build/lib/driver.js:588:9)
    at async AndroidUiautomator2Driver.performSessionPostExecSetup (/Users/vc.rajdeep.kumar/.appium/node_modules/appium-uiautomator2-driver/build/lib/driver.js:443:13)
    at async AndroidUiautomator2Driver.startUiAutomator2Session (/Users/vc.rajdeep.kumar/.appium/node_modules/appium-uiautomator2-driver/build/lib/driver.js:492:9)
    at async AndroidUiautomator2Driver.createSession (/Users/vc.rajdeep.kumar/.appium/node_modules/appium-uiautomator2-driver/build/lib/driver.js:249:28)
    at async AppiumDriver.createSession (/opt/homebrew/lib/node_modules/appium/build/lib/appium.js:324:43)
2026-08-12 13:33:38 [INFO    ] conftest.py:227 — ==================================================
2026-08-12 13:33:38 [INFO    ] conftest.py:228 — DRIVER SETUP START
2026-08-12 13:33:38 [INFO    ] conftest.py:229 — ==================================================
2026-08-12 13:33:38 [INFO    ] conftest.py:116 — Driver creation attempt 1/2
2026-08-12 13:33:38 [INFO    ] driver_factory.py:53 — ========== DRIVER CREATION START ==========
2026-08-12 13:33:38 [INFO    ] driver_factory.py:70 — Device: emulator | Env: qa | Platform: Android
2026-08-12 13:33:38 [INFO    ] driver_factory.py:132 — Device Name: Android Emulator
2026-08-12 13:33:38 [INFO    ] driver_factory.py:133 — UDID: emulator-5554
2026-08-12 13:33:38 [INFO    ] driver_factory.py:140 — App Package: com.zee5.hipi
2026-08-12 13:33:38 [INFO    ] driver_factory.py:141 — App Activity: .MainActivity
2026-08-12 13:33:40 [ERROR   ] conftest.py:123 — Attempt 1 failed: Message: Cannot start the 'com.zee5.hipi' application. Consider checking the driver's troubleshooting documentation. Original error: Activity name '.MainActivity' used to start the app doesn't exist or cannot be launched! Make sure it exists and is a launchable activity
Stacktrace:
UnknownError: Cannot start the 'com.zee5.hipi' application. Consider checking the driver's troubleshooting documentation. Original error: Activity name '.MainActivity' used to start the app doesn't exist or cannot be launched! Make sure it exists and is a launchable activity
    at getResponseForW3CError (/opt/homebrew/lib/node_modules/appium/node_modules/@appium/base-driver/build/lib/protocol/errors.js:824:36)
    at asyncHandler (/opt/homebrew/lib/node_modules/appium/node_modules/@appium/base-driver/build/lib/protocol/protocol.js:430:77)
The above error is caused by
Error: Cannot start the 'com.zee5.hipi' application. Consider checking the driver's troubleshooting documentation. Original error: Activity name '.MainActivity' used to start the app doesn't exist or cannot be launched! Make sure it exists and is a launchable activity
    at ADB.startApp (/Users/vc.rajdeep.kumar/.appium/node_modules/appium-uiautomator2-driver/node_modules/appium-adb/build/lib/tools/app-commands.js:612:15)
    at process.processTicksAndRejections (node:internal/process/task_queues:104:5)
    at async AndroidUiautomator2Driver.ensureAppStarts (/Users/vc.rajdeep.kumar/.appium/node_modules/appium-uiautomator2-driver/build/lib/driver.js:588:9)
    at async AndroidUiautomator2Driver.performSessionPostExecSetup (/Users/vc.rajdeep.kumar/.appium/node_modules/appium-uiautomator2-driver/build/lib/driver.js:443:13)
    at async AndroidUiautomator2Driver.startUiAutomator2Session (/Users/vc.rajdeep.kumar/.appium/node_modules/appium-uiautomator2-driver/build/lib/driver.js:492:9)
    at async AndroidUiautomator2Driver.createSession (/Users/vc.rajdeep.kumar/.appium/node_modules/appium-uiautomator2-driver/build/lib/driver.js:249:28)
    at async AppiumDriver.createSession (/opt/homebrew/lib/node_modules/appium/build/lib/appium.js:324:43)
2026-08-12 13:33:40 [INFO    ] conftest.py:131 — Waiting 10s before retry...
2026-08-12 13:33:50 [INFO    ] conftest.py:116 — Driver creation attempt 2/2
2026-08-12 13:33:50 [INFO    ] driver_factory.py:53 — ========== DRIVER CREATION START ==========
2026-08-12 13:33:50 [INFO    ] driver_factory.py:70 — Device: emulator | Env: qa | Platform: Android
2026-08-12 13:33:50 [INFO    ] driver_factory.py:132 — Device Name: Android Emulator
2026-08-12 13:33:50 [INFO    ] driver_factory.py:133 — UDID: emulator-5554
2026-08-12 13:33:50 [INFO    ] driver_factory.py:140 — App Package: com.zee5.hipi
2026-08-12 13:33:50 [INFO    ] driver_factory.py:141 — App Activity: .MainActivity
2026-08-12 13:33:54 [ERROR   ] conftest.py:123 — Attempt 2 failed: Message: Cannot start the 'com.zee5.hipi' application. Consider checking the driver's troubleshooting documentation. Original error: Activity name '.MainActivity' used to start the app doesn't exist or cannot be launched! Make sure it exists and is a launchable activity
Stacktrace:
UnknownError: Cannot start the 'com.zee5.hipi' application. Consider checking the driver's troubleshooting documentation. Original error: Activity name '.MainActivity' used to start the app doesn't exist or cannot be launched! Make sure it exists and is a launchable activity
    at getResponseForW3CError (/opt/homebrew/lib/node_modules/appium/node_modules/@appium/base-driver/build/lib/protocol/errors.js:824:36)
    at asyncHandler (/opt/homebrew/lib/node_modules/appium/node_modules/@appium/base-driver/build/lib/protocol/protocol.js:430:77)
The above error is caused by
Error: Cannot start the 'com.zee5.hipi' application. Consider checking the driver's troubleshooting documentation. Original error: Activity name '.MainActivity' used to start the app doesn't exist or cannot be launched! Make sure it exists and is a launchable activity
    at ADB.startApp (/Users/vc.rajdeep.kumar/.appium/node_modules/appium-uiautomator2-driver/node_modules/appium-adb/build/lib/tools/app-commands.js:612:15)
    at process.processTicksAndRejections (node:internal/process/task_queues:104:5)
    at async AndroidUiautomator2Driver.ensureAppStarts (/Users/vc.rajdeep.kumar/.appium/node_modules/appium-uiautomator2-driver/build/lib/driver.js:588:9)
    at async AndroidUiautomator2Driver.performSessionPostExecSetup (/Users/vc.rajdeep.kumar/.appium/node_modules/appium-uiautomator2-driver/build/lib/driver.js:443:13)
    at async AndroidUiautomator2Driver.startUiAutomator2Session (/Users/vc.rajdeep.kumar/.appium/node_modules/appium-uiautomator2-driver/build/lib/driver.js:492:9)
    at async AndroidUiautomator2Driver.createSession (/Users/vc.rajdeep.kumar/.appium/node_modules/appium-uiautomator2-driver/build/lib/driver.js:249:28)
    at async AppiumDriver.createSession (/opt/homebrew/lib/node_modules/appium/build/lib/appium.js:324:43)
2026-08-12 13:33:54 [ERROR   ] conftest.py:255 — Driver fixture setup failed: Driver creation failed after 2 attempts: Message: Cannot start the 'com.zee5.hipi' application. Consider checking the driver's troubleshooting documentation. Original error: Activity name '.MainActivity' used to start the app doesn't exist or cannot be launched! Make sure it exists and is a launchable activity
Stacktrace:
UnknownError: Cannot start the 'com.zee5.hipi' application. Consider checking the driver's troubleshooting documentation. Original error: Activity name '.MainActivity' used to start the app doesn't exist or cannot be launched! Make sure it exists and is a launchable activity
    at getResponseForW3CError (/opt/homebrew/lib/node_modules/appium/node_modules/@appium/base-driver/build/lib/protocol/errors.js:824:36)
    at asyncHandler (/opt/homebrew/lib/node_modules/appium/node_modules/@appium/base-driver/build/lib/protocol/protocol.js:430:77)
The above error is caused by
Error: Cannot start the 'com.zee5.hipi' application. Consider checking the driver's troubleshooting documentation. Original error: Activity name '.MainActivity' used to start the app doesn't exist or cannot be launched! Make sure it exists and is a launchable activity
    at ADB.startApp (/Users/vc.rajdeep.kumar/.appium/node_modules/appium-uiautomator2-driver/node_modules/appium-adb/build/lib/tools/app-commands.js:612:15)
    at process.processTicksAndRejections (node:internal/process/task_queues:104:5)
    at async AndroidUiautomator2Driver.ensureAppStarts (/Users/vc.rajdeep.kumar/.appium/node_modules/appium-uiautomator2-driver/build/lib/driver.js:588:9)
    at async AndroidUiautomator2Driver.performSessionPostExecSetup (/Users/vc.rajdeep.kumar/.appium/node_modules/appium-uiautomator2-driver/build/lib/driver.js:443:13)
    at async AndroidUiautomator2Driver.startUiAutomator2Session (/Users/vc.rajdeep.kumar/.appium/node_modules/appium-uiautomator2-driver/build/lib/driver.js:492:9)
    at async AndroidUiautomator2Driver.createSession (/Users/vc.rajdeep.kumar/.appium/node_modules/appium-uiautomator2-driver/build/lib/driver.js:249:28)
    at async AppiumDriver.createSession (/opt/homebrew/lib/node_modules/appium/build/lib/appium.js:324:43)
2026-08-12 13:33:57 [INFO    ] conftest.py:227 — ==================================================
2026-08-12 13:33:57 [INFO    ] conftest.py:228 — DRIVER SETUP START
2026-08-12 13:33:57 [INFO    ] conftest.py:229 — ==================================================
2026-08-12 13:33:57 [INFO    ] conftest.py:116 — Driver creation attempt 1/2
2026-08-12 13:33:57 [INFO    ] driver_factory.py:53 — ========== DRIVER CREATION START ==========
2026-08-12 13:33:57 [INFO    ] driver_factory.py:70 — Device: emulator | Env: qa | Platform: Android
2026-08-12 13:33:57 [INFO    ] driver_factory.py:132 — Device Name: Android Emulator
2026-08-12 13:33:57 [INFO    ] driver_factory.py:133 — UDID: emulator-5554
2026-08-12 13:33:57 [INFO    ] driver_factory.py:140 — App Package: com.zee5.hipi
2026-08-12 13:33:57 [INFO    ] driver_factory.py:141 — App Activity: .MainActivity
2026-08-12 13:34:01 [ERROR   ] conftest.py:123 — Attempt 1 failed: Message: Cannot start the 'com.zee5.hipi' application. Consider checking the driver's troubleshooting documentation. Original error: Activity name '.MainActivity' used to start the app doesn't exist or cannot be launched! Make sure it exists and is a launchable activity
Stacktrace:
UnknownError: Cannot start the 'com.zee5.hipi' application. Consider checking the driver's troubleshooting documentation. Original error: Activity name '.MainActivity' used to start the app doesn't exist or cannot be launched! Make sure it exists and is a launchable activity
    at getResponseForW3CError (/opt/homebrew/lib/node_modules/appium/node_modules/@appium/base-driver/build/lib/protocol/errors.js:824:36)
    at asyncHandler (/opt/homebrew/lib/node_modules/appium/node_modules/@appium/base-driver/build/lib/protocol/protocol.js:430:77)
The above error is caused by
Error: Cannot start the 'com.zee5.hipi' application. Consider checking the driver's troubleshooting documentation. Original error: Activity name '.MainActivity' used to start the app doesn't exist or cannot be launched! Make sure it exists and is a launchable activity
    at ADB.startApp (/Users/vc.rajdeep.kumar/.appium/node_modules/appium-uiautomator2-driver/node_modules/appium-adb/build/lib/tools/app-commands.js:612:15)
    at process.processTicksAndRejections (node:internal/process/task_queues:104:5)
    at async AndroidUiautomator2Driver.ensureAppStarts (/Users/vc.rajdeep.kumar/.appium/node_modules/appium-uiautomator2-driver/build/lib/driver.js:588:9)
    at async AndroidUiautomator2Driver.performSessionPostExecSetup (/Users/vc.rajdeep.kumar/.appium/node_modules/appium-uiautomator2-driver/build/lib/driver.js:443:13)
    at async AndroidUiautomator2Driver.startUiAutomator2Session (/Users/vc.rajdeep.kumar/.appium/node_modules/appium-uiautomator2-driver/build/lib/driver.js:492:9)
    at async AndroidUiautomator2Driver.createSession (/Users/vc.rajdeep.kumar/.appium/node_modules/appium-uiautomator2-driver/build/lib/driver.js:249:28)
    at async AppiumDriver.createSession (/opt/homebrew/lib/node_modules/appium/build/lib/appium.js:324:43)
2026-08-12 13:34:01 [INFO    ] conftest.py:131 — Waiting 10s before retry...
2026-08-12 13:34:11 [INFO    ] conftest.py:116 — Driver creation attempt 2/2
2026-08-12 13:34:11 [INFO    ] driver_factory.py:53 — ========== DRIVER CREATION START ==========
2026-08-12 13:34:11 [INFO    ] driver_factory.py:70 — Device: emulator | Env: qa | Platform: Android
2026-08-12 13:34:11 [INFO    ] driver_factory.py:132 — Device Name: Android Emulator
2026-08-12 13:34:11 [INFO    ] driver_factory.py:133 — UDID: emulator-5554
2026-08-12 13:34:11 [INFO    ] driver_factory.py:140 — App Package: com.zee5.hipi
2026-08-12 13:34:11 [INFO    ] driver_factory.py:141 — App Activity: .MainActivity
2026-08-12 13:34:14 [ERROR   ] conftest.py:123 — Attempt 2 failed: Message: Cannot start the 'com.zee5.hipi' application. Consider checking the driver's troubleshooting documentation. Original error: Activity name '.MainActivity' used to start the app doesn't exist or cannot be launched! Make sure it exists and is a launchable activity
Stacktrace:
UnknownError: Cannot start the 'com.zee5.hipi' application. Consider checking the driver's troubleshooting documentation. Original error: Activity name '.MainActivity' used to start the app doesn't exist or cannot be launched! Make sure it exists and is a launchable activity
    at getResponseForW3CError (/opt/homebrew/lib/node_modules/appium/node_modules/@appium/base-driver/build/lib/protocol/errors.js:824:36)
    at asyncHandler (/opt/homebrew/lib/node_modules/appium/node_modules/@appium/base-driver/build/lib/protocol/protocol.js:430:77)
The above error is caused by
Error: Cannot start the 'com.zee5.hipi' application. Consider checking the driver's troubleshooting documentation. Original error: Activity name '.MainActivity' used to start the app doesn't exist or cannot be launched! Make sure it exists and is a launchable activity
    at ADB.startApp (/Users/vc.rajdeep.kumar/.appium/node_modules/appium-uiautomator2-driver/node_modules/appium-adb/build/lib/tools/app-commands.js:612:15)
    at process.processTicksAndRejections (node:internal/process/task_queues:104:5)
    at async AndroidUiautomator2Driver.ensureAppStarts (/Users/vc.rajdeep.kumar/.appium/node_modules/appium-uiautomator2-driver/build/lib/driver.js:588:9)
    at async AndroidUiautomator2Driver.performSessionPostExecSetup (/Users/vc.rajdeep.kumar/.appium/node_modules/appium-uiautomator2-driver/build/lib/driver.js:443:13)
    at async AndroidUiautomator2Driver.startUiAutomator2Session (/Users/vc.rajdeep.kumar/.appium/node_modules/appium-uiautomator2-driver/build/lib/driver.js:492:9)
    at async AndroidUiautomator2Driver.createSession (/Users/vc.rajdeep.kumar/.appium/node_modules/appium-uiautomator2-driver/build/lib/driver.js:249:28)
    at async AppiumDriver.createSession (/opt/homebrew/lib/node_modules/appium/build/lib/appium.js:324:43)
2026-08-12 13:34:14 [ERROR   ] conftest.py:255 — Driver fixture setup failed: Driver creation failed after 2 attempts: Message: Cannot start the 'com.zee5.hipi' application. Consider checking the driver's troubleshooting documentation. Original error: Activity name '.MainActivity' used to start the app doesn't exist or cannot be launched! Make sure it exists and is a launchable activity
Stacktrace:
UnknownError: Cannot start the 'com.zee5.hipi' application. Consider checking the driver's troubleshooting documentation. Original error: Activity name '.MainActivity' used to start the app doesn't exist or cannot be launched! Make sure it exists and is a launchable activity
    at getResponseForW3CError (/opt/homebrew/lib/node_modules/appium/node_modules/@appium/base-driver/build/lib/protocol/errors.js:824:36)
    at asyncHandler (/opt/homebrew/lib/node_modules/appium/node_modules/@appium/base-driver/build/lib/protocol/protocol.js:430:77)
The above error is caused by
Error: Cannot start the 'com.zee5.hipi' application. Consider checking the driver's troubleshooting documentation. Original error: Activity name '.MainActivity' used to start the app doesn't exist or cannot be launched! Make sure it exists and is a launchable activity
    at ADB.startApp (/Users/vc.rajdeep.kumar/.appium/node_modules/appium-uiautomator2-driver/node_modules/appium-adb/build/lib/tools/app-commands.js:612:15)
    at process.processTicksAndRejections (node:internal/process/task_queues:104:5)
    at async AndroidUiautomator2Driver.ensureAppStarts (/Users/vc.rajdeep.kumar/.appium/node_modules/appium-uiautomator2-driver/build/lib/driver.js:588:9)
    at async AndroidUiautomator2Driver.performSessionPostExecSetup (/Users/vc.rajdeep.kumar/.appium/node_modules/appium-uiautomator2-driver/build/lib/driver.js:443:13)
    at async AndroidUiautomator2Driver.startUiAutomator2Session (/Users/vc.rajdeep.kumar/.appium/node_modules/appium-uiautomator2-driver/build/lib/driver.js:492:9)
    at async AndroidUiautomator2Driver.createSession (/Users/vc.rajdeep.kumar/.appium/node_modules/appium-uiautomator2-driver/build/lib/driver.js:249:28)
    at async AppiumDriver.createSession (/opt/homebrew/lib/node_modules/appium/build/lib/appium.js:324:43)
2026-08-12 13:34:14 [INFO    ] conftest.py:227 — ==================================================
2026-08-12 13:34:14 [INFO    ] conftest.py:228 — DRIVER SETUP START
2026-08-12 13:34:14 [INFO    ] conftest.py:229 — ==================================================
2026-08-12 13:34:14 [INFO    ] conftest.py:116 — Driver creation attempt 1/2
2026-08-12 13:34:14 [INFO    ] driver_factory.py:53 — ========== DRIVER CREATION START ==========
2026-08-12 13:34:14 [INFO    ] driver_factory.py:70 — Device: emulator | Env: qa | Platform: Android
2026-08-12 13:34:14 [INFO    ] driver_factory.py:132 — Device Name: Android Emulator
2026-08-12 13:34:14 [INFO    ] driver_factory.py:133 — UDID: emulator-5554
2026-08-12 13:34:14 [INFO    ] driver_factory.py:140 — App Package: com.zee5.hipi
2026-08-12 13:34:14 [INFO    ] driver_factory.py:141 — App Activity: .MainActivity
2026-08-12 13:34:16 [ERROR   ] conftest.py:123 — Attempt 1 failed: Message: Cannot start the 'com.zee5.hipi' application. Consider checking the driver's troubleshooting documentation. Original error: Activity name '.MainActivity' used to start the app doesn't exist or cannot be launched! Make sure it exists and is a launchable activity
Stacktrace:
UnknownError: Cannot start the 'com.zee5.hipi' application. Consider checking the driver's troubleshooting documentation. Original error: Activity name '.MainActivity' used to start the app doesn't exist or cannot be launched! Make sure it exists and is a launchable activity
    at getResponseForW3CError (/opt/homebrew/lib/node_modules/appium/node_modules/@appium/base-driver/build/lib/protocol/errors.js:824:36)
    at asyncHandler (/opt/homebrew/lib/node_modules/appium/node_modules/@appium/base-driver/build/lib/protocol/protocol.js:430:77)
The above error is caused by
Error: Cannot start the 'com.zee5.hipi' application. Consider checking the driver's troubleshooting documentation. Original error: Activity name '.MainActivity' used to start the app doesn't exist or cannot be launched! Make sure it exists and is a launchable activity
    at ADB.startApp (/Users/vc.rajdeep.kumar/.appium/node_modules/appium-uiautomator2-driver/node_modules/appium-adb/build/lib/tools/app-commands.js:612:15)
    at process.processTicksAndRejections (node:internal/process/task_queues:104:5)
    at async AndroidUiautomator2Driver.ensureAppStarts (/Users/vc.rajdeep.kumar/.appium/node_modules/appium-uiautomator2-driver/build/lib/driver.js:588:9)
    at async AndroidUiautomator2Driver.performSessionPostExecSetup (/Users/vc.rajdeep.kumar/.appium/node_modules/appium-uiautomator2-driver/build/lib/driver.js:443:13)
    at async AndroidUiautomator2Driver.startUiAutomator2Session (/Users/vc.rajdeep.kumar/.appium/node_modules/appium-uiautomator2-driver/build/lib/driver.js:492:9)
    at async AndroidUiautomator2Driver.createSession (/Users/vc.rajdeep.kumar/.appium/node_modules/appium-uiautomator2-driver/build/lib/driver.js:249:28)
    at async AppiumDriver.createSession (/opt/homebrew/lib/node_modules/appium/build/lib/appium.js:324:43)
2026-08-12 13:34:16 [INFO    ] conftest.py:131 — Waiting 10s before retry...
2026-08-12 13:34:26 [INFO    ] conftest.py:116 — Driver creation attempt 2/2
2026-08-12 13:34:26 [INFO    ] driver_factory.py:53 — ========== DRIVER CREATION START ==========
2026-08-12 13:34:26 [INFO    ] driver_factory.py:70 — Device: emulator | Env: qa | Platform: Android
2026-08-12 13:34:26 [INFO    ] driver_factory.py:132 — Device Name: Android Emulator
2026-08-12 13:34:26 [INFO    ] driver_factory.py:133 — UDID: emulator-5554
2026-08-12 13:34:26 [INFO    ] driver_factory.py:140 — App Package: com.zee5.hipi
2026-08-12 13:34:26 [INFO    ] driver_factory.py:141 — App Activity: .MainActivity
2026-08-12 13:34:29 [ERROR   ] conftest.py:123 — Attempt 2 failed: Message: Cannot start the 'com.zee5.hipi' application. Consider checking the driver's troubleshooting documentation. Original error: Activity name '.MainActivity' used to start the app doesn't exist or cannot be launched! Make sure it exists and is a launchable activity
Stacktrace:
UnknownError: Cannot start the 'com.zee5.hipi' application. Consider checking the driver's troubleshooting documentation. Original error: Activity name '.MainActivity' used to start the app doesn't exist or cannot be launched! Make sure it exists and is a launchable activity
    at getResponseForW3CError (/opt/homebrew/lib/node_modules/appium/node_modules/@appium/base-driver/build/lib/protocol/errors.js:824:36)
    at asyncHandler (/opt/homebrew/lib/node_modules/appium/node_modules/@appium/base-driver/build/lib/protocol/protocol.js:430:77)
The above error is caused by
Error: Cannot start the 'com.zee5.hipi' application. Consider checking the driver's troubleshooting documentation. Original error: Activity name '.MainActivity' used to start the app doesn't exist or cannot be launched! Make sure it exists and is a launchable activity
    at ADB.startApp (/Users/vc.rajdeep.kumar/.appium/node_modules/appium-uiautomator2-driver/node_modules/appium-adb/build/lib/tools/app-commands.js:612:15)
    at process.processTicksAndRejections (node:internal/process/task_queues:104:5)
    at async AndroidUiautomator2Driver.ensureAppStarts (/Users/vc.rajdeep.kumar/.appium/node_modules/appium-uiautomator2-driver/build/lib/driver.js:588:9)
    at async AndroidUiautomator2Driver.performSessionPostExecSetup (/Users/vc.rajdeep.kumar/.appium/node_modules/appium-uiautomator2-driver/build/lib/driver.js:443:13)
    at async AndroidUiautomator2Driver.startUiAutomator2Session (/Users/vc.rajdeep.kumar/.appium/node_modules/appium-uiautomator2-driver/build/lib/driver.js:492:9)
    at async AndroidUiautomator2Driver.createSession (/Users/vc.rajdeep.kumar/.appium/node_modules/appium-uiautomator2-driver/build/lib/driver.js:249:28)
    at async AppiumDriver.createSession (/opt/homebrew/lib/node_modules/appium/build/lib/appium.js:324:43)
2026-08-12 13:34:29 [ERROR   ] conftest.py:255 — Driver fixture setup failed: Driver creation failed after 2 attempts: Message: Cannot start the 'com.zee5.hipi' application. Consider checking the driver's troubleshooting documentation. Original error: Activity name '.MainActivity' used to start the app doesn't exist or cannot be launched! Make sure it exists and is a launchable activity
Stacktrace:
UnknownError: Cannot start the 'com.zee5.hipi' application. Consider checking the driver's troubleshooting documentation. Original error: Activity name '.MainActivity' used to start the app doesn't exist or cannot be launched! Make sure it exists and is a launchable activity
    at getResponseForW3CError (/opt/homebrew/lib/node_modules/appium/node_modules/@appium/base-driver/build/lib/protocol/errors.js:824:36)
    at asyncHandler (/opt/homebrew/lib/node_modules/appium/node_modules/@appium/base-driver/build/lib/protocol/protocol.js:430:77)
The above error is caused by
Error: Cannot start the 'com.zee5.hipi' application. Consider checking the driver's troubleshooting documentation. Original error: Activity name '.MainActivity' used to start the app doesn't exist or cannot be launched! Make sure it exists and is a launchable activity
    at ADB.startApp (/Users/vc.rajdeep.kumar/.appium/node_modules/appium-uiautomator2-driver/node_modules/appium-adb/build/lib/tools/app-commands.js:612:15)
    at process.processTicksAndRejections (node:internal/process/task_queues:104:5)
    at async AndroidUiautomator2Driver.ensureAppStarts (/Users/vc.rajdeep.kumar/.appium/node_modules/appium-uiautomator2-driver/build/lib/driver.js:588:9)
    at async AndroidUiautomator2Driver.performSessionPostExecSetup (/Users/vc.rajdeep.kumar/.appium/node_modules/appium-uiautomator2-driver/build/lib/driver.js:443:13)
    at async AndroidUiautomator2Driver.startUiAutomator2Session (/Users/vc.rajdeep.kumar/.appium/node_modules/appium-uiautomator2-driver/build/lib/driver.js:492:9)
    at async AndroidUiautomator2Driver.createSession (/Users/vc.rajdeep.kumar/.appium/node_modules/appium-uiautomator2-driver/build/lib/driver.js:249:28)
    at async AppiumDriver.createSession (/opt/homebrew/lib/node_modules/appium/build/lib/appium.js:324:43)
2026-08-12 13:34:32 [INFO    ] conftest.py:227 — ==================================================
2026-08-12 13:34:32 [INFO    ] conftest.py:228 — DRIVER SETUP START
2026-08-12 13:34:32 [INFO    ] conftest.py:229 — ==================================================
2026-08-12 13:34:32 [INFO    ] conftest.py:116 — Driver creation attempt 1/2
2026-08-12 13:34:32 [INFO    ] driver_factory.py:53 — ========== DRIVER CREATION START ==========
2026-08-12 13:34:32 [INFO    ] driver_factory.py:70 — Device: emulator | Env: qa | Platform: Android
2026-08-12 13:34:32 [INFO    ] driver_factory.py:132 — Device Name: Android Emulator
2026-08-12 13:34:32 [INFO    ] driver_factory.py:133 — UDID: emulator-5554
2026-08-12 13:34:32 [INFO    ] driver_factory.py:140 — App Package: com.zee5.hipi
2026-08-12 13:34:32 [INFO    ] driver_factory.py:141 — App Activity: .MainActivity
2026-08-12 13:34:36 [ERROR   ] conftest.py:123 — Attempt 1 failed: Message: Cannot start the 'com.zee5.hipi' application. Consider checking the driver's troubleshooting documentation. Original error: Activity name '.MainActivity' used to start the app doesn't exist or cannot be launched! Make sure it exists and is a launchable activity
Stacktrace:
UnknownError: Cannot start the 'com.zee5.hipi' application. Consider checking the driver's troubleshooting documentation. Original error: Activity name '.MainActivity' used to start the app doesn't exist or cannot be launched! Make sure it exists and is a launchable activity
    at getResponseForW3CError (/opt/homebrew/lib/node_modules/appium/node_modules/@appium/base-driver/build/lib/protocol/errors.js:824:36)
    at asyncHandler (/opt/homebrew/lib/node_modules/appium/node_modules/@appium/base-driver/build/lib/protocol/protocol.js:430:77)
The above error is caused by
Error: Cannot start the 'com.zee5.hipi' application. Consider checking the driver's troubleshooting documentation. Original error: Activity name '.MainActivity' used to start the app doesn't exist or cannot be launched! Make sure it exists and is a launchable activity
    at ADB.startApp (/Users/vc.rajdeep.kumar/.appium/node_modules/appium-uiautomator2-driver/node_modules/appium-adb/build/lib/tools/app-commands.js:612:15)
    at async AndroidUiautomator2Driver.ensureAppStarts (/Users/vc.rajdeep.kumar/.appium/node_modules/appium-uiautomator2-driver/build/lib/driver.js:588:9)
    at async AndroidUiautomator2Driver.performSessionPostExecSetup (/Users/vc.rajdeep.kumar/.appium/node_modules/appium-uiautomator2-driver/build/lib/driver.js:443:13)
    at async AndroidUiautomator2Driver.startUiAutomator2Session (/Users/vc.rajdeep.kumar/.appium/node_modules/appium-uiautomator2-driver/build/lib/driver.js:492:9)
    at async AndroidUiautomator2Driver.createSession (/Users/vc.rajdeep.kumar/.appium/node_modules/appium-uiautomator2-driver/build/lib/driver.js:249:28)
    at async AppiumDriver.createSession (/opt/homebrew/lib/node_modules/appium/build/lib/appium.js:324:43)
2026-08-12 13:34:36 [INFO    ] conftest.py:131 — Waiting 10s before retry...
2026-08-12 13:34:46 [INFO    ] conftest.py:116 — Driver creation attempt 2/2
2026-08-12 13:34:46 [INFO    ] driver_factory.py:53 — ========== DRIVER CREATION START ==========
2026-08-12 13:34:46 [INFO    ] driver_factory.py:70 — Device: emulator | Env: qa | Platform: Android
2026-08-12 13:34:46 [INFO    ] driver_factory.py:132 — Device Name: Android Emulator
2026-08-12 13:34:46 [INFO    ] driver_factory.py:133 — UDID: emulator-5554
2026-08-12 13:34:46 [INFO    ] driver_factory.py:140 — App Package: com.zee5.hipi
2026-08-12 13:34:46 [INFO    ] driver_factory.py:141 — App Activity: .MainActivity
2026-08-12 13:34:50 [ERROR   ] conftest.py:123 — Attempt 2 failed: Message: Cannot start the 'com.zee5.hipi' application. Consider checking the driver's troubleshooting documentation. Original error: Activity name '.MainActivity' used to start the app doesn't exist or cannot be launched! Make sure it exists and is a launchable activity
Stacktrace:
UnknownError: Cannot start the 'com.zee5.hipi' application. Consider checking the driver's troubleshooting documentation. Original error: Activity name '.MainActivity' used to start the app doesn't exist or cannot be launched! Make sure it exists and is a launchable activity
    at getResponseForW3CError (/opt/homebrew/lib/node_modules/appium/node_modules/@appium/base-driver/build/lib/protocol/errors.js:824:36)
    at asyncHandler (/opt/homebrew/lib/node_modules/appium/node_modules/@appium/base-driver/build/lib/protocol/protocol.js:430:77)
The above error is caused by
Error: Cannot start the 'com.zee5.hipi' application. Consider checking the driver's troubleshooting documentation. Original error: Activity name '.MainActivity' used to start the app doesn't exist or cannot be launched! Make sure it exists and is a launchable activity
    at ADB.startApp (/Users/vc.rajdeep.kumar/.appium/node_modules/appium-uiautomator2-driver/node_modules/appium-adb/build/lib/tools/app-commands.js:612:15)
    at process.processTicksAndRejections (node:internal/process/task_queues:104:5)
    at async AndroidUiautomator2Driver.ensureAppStarts (/Users/vc.rajdeep.kumar/.appium/node_modules/appium-uiautomator2-driver/build/lib/driver.js:588:9)
    at async AndroidUiautomator2Driver.performSessionPostExecSetup (/Users/vc.rajdeep.kumar/.appium/node_modules/appium-uiautomator2-driver/build/lib/driver.js:443:13)
    at async AndroidUiautomator2Driver.startUiAutomator2Session (/Users/vc.rajdeep.kumar/.appium/node_modules/appium-uiautomator2-driver/build/lib/driver.js:492:9)
    at async AndroidUiautomator2Driver.createSession (/Users/vc.rajdeep.kumar/.appium/node_modules/appium-uiautomator2-driver/build/lib/driver.js:249:28)
    at async AppiumDriver.createSession (/opt/homebrew/lib/node_modules/appium/build/lib/appium.js:324:43)
2026-08-12 13:34:50 [ERROR   ] conftest.py:255 — Driver fixture setup failed: Driver creation failed after 2 attempts: Message: Cannot start the 'com.zee5.hipi' application. Consider checking the driver's troubleshooting documentation. Original error: Activity name '.MainActivity' used to start the app doesn't exist or cannot be launched! Make sure it exists and is a launchable activity
Stacktrace:
UnknownError: Cannot start the 'com.zee5.hipi' application. Consider checking the driver's troubleshooting documentation. Original error: Activity name '.MainActivity' used to start the app doesn't exist or cannot be launched! Make sure it exists and is a launchable activity
    at getResponseForW3CError (/opt/homebrew/lib/node_modules/appium/node_modules/@appium/base-driver/build/lib/protocol/errors.js:824:36)
    at asyncHandler (/opt/homebrew/lib/node_modules/appium/node_modules/@appium/base-driver/build/lib/protocol/protocol.js:430:77)
The above error is caused by
Error: Cannot start the 'com.zee5.hipi' application. Consider checking the driver's troubleshooting documentation. Original error: Activity name '.MainActivity' used to start the app doesn't exist or cannot be launched! Make sure it exists and is a launchable activity
    at ADB.startApp (/Users/vc.rajdeep.kumar/.appium/node_modules/appium-uiautomator2-driver/node_modules/appium-adb/build/lib/tools/app-commands.js:612:15)
    at process.processTicksAndRejections (node:internal/process/task_queues:104:5)
    at async AndroidUiautomator2Driver.ensureAppStarts (/Users/vc.rajdeep.kumar/.appium/node_modules/appium-uiautomator2-driver/build/lib/driver.js:588:9)
    at async AndroidUiautomator2Driver.performSessionPostExecSetup (/Users/vc.rajdeep.kumar/.appium/node_modules/appium-uiautomator2-driver/build/lib/driver.js:443:13)
    at async AndroidUiautomator2Driver.startUiAutomator2Session (/Users/vc.rajdeep.kumar/.appium/node_modules/appium-uiautomator2-driver/build/lib/driver.js:492:9)
    at async AndroidUiautomator2Driver.createSession (/Users/vc.rajdeep.kumar/.appium/node_modules/appium-uiautomator2-driver/build/lib/driver.js:249:28)
    at async AppiumDriver.createSession (/opt/homebrew/lib/node_modules/appium/build/lib/appium.js:324:43)
2026-08-12 13:34:50 [INFO    ] conftest.py:227 — ==================================================
2026-08-12 13:34:50 [INFO    ] conftest.py:228 — DRIVER SETUP START
2026-08-12 13:34:50 [INFO    ] conftest.py:229 — ==================================================
2026-08-12 13:34:50 [INFO    ] conftest.py:116 — Driver creation attempt 1/2
2026-08-12 13:34:50 [INFO    ] driver_factory.py:53 — ========== DRIVER CREATION START ==========
2026-08-12 13:34:50 [INFO    ] driver_factory.py:70 — Device: emulator | Env: qa | Platform: Android
2026-08-12 13:34:50 [INFO    ] driver_factory.py:132 — Device Name: Android Emulator
2026-08-12 13:34:50 [INFO    ] driver_factory.py:133 — UDID: emulator-5554
2026-08-12 13:34:50 [INFO    ] driver_factory.py:140 — App Package: com.zee5.hipi
2026-08-12 13:34:50 [INFO    ] driver_factory.py:141 — App Activity: .MainActivity
2026-08-12 13:34:52 [ERROR   ] conftest.py:123 — Attempt 1 failed: Message: Cannot start the 'com.zee5.hipi' application. Consider checking the driver's troubleshooting documentation. Original error: Activity name '.MainActivity' used to start the app doesn't exist or cannot be launched! Make sure it exists and is a launchable activity
Stacktrace:
UnknownError: Cannot start the 'com.zee5.hipi' application. Consider checking the driver's troubleshooting documentation. Original error: Activity name '.MainActivity' used to start the app doesn't exist or cannot be launched! Make sure it exists and is a launchable activity
    at getResponseForW3CError (/opt/homebrew/lib/node_modules/appium/node_modules/@appium/base-driver/build/lib/protocol/errors.js:824:36)
    at asyncHandler (/opt/homebrew/lib/node_modules/appium/node_modules/@appium/base-driver/build/lib/protocol/protocol.js:430:77)
The above error is caused by
Error: Cannot start the 'com.zee5.hipi' application. Consider checking the driver's troubleshooting documentation. Original error: Activity name '.MainActivity' used to start the app doesn't exist or cannot be launched! Make sure it exists and is a launchable activity
    at ADB.startApp (/Users/vc.rajdeep.kumar/.appium/node_modules/appium-uiautomator2-driver/node_modules/appium-adb/build/lib/tools/app-commands.js:612:15)
    at async AndroidUiautomator2Driver.ensureAppStarts (/Users/vc.rajdeep.kumar/.appium/node_modules/appium-uiautomator2-driver/build/lib/driver.js:588:9)
    at async AndroidUiautomator2Driver.performSessionPostExecSetup (/Users/vc.rajdeep.kumar/.appium/node_modules/appium-uiautomator2-driver/build/lib/driver.js:443:13)
    at async AndroidUiautomator2Driver.startUiAutomator2Session (/Users/vc.rajdeep.kumar/.appium/node_modules/appium-uiautomator2-driver/build/lib/driver.js:492:9)
    at async AndroidUiautomator2Driver.createSession (/Users/vc.rajdeep.kumar/.appium/node_modules/appium-uiautomator2-driver/build/lib/driver.js:249:28)
    at async AppiumDriver.createSession (/opt/homebrew/lib/node_modules/appium/build/lib/appium.js:324:43)
2026-08-12 13:34:52 [INFO    ] conftest.py:131 — Waiting 10s before retry...
2026-08-12 13:35:02 [INFO    ] conftest.py:116 — Driver creation attempt 2/2
2026-08-12 13:35:02 [INFO    ] driver_factory.py:53 — ========== DRIVER CREATION START ==========
2026-08-12 13:35:02 [INFO    ] driver_factory.py:70 — Device: emulator | Env: qa | Platform: Android
2026-08-12 13:35:02 [INFO    ] driver_factory.py:132 — Device Name: Android Emulator
2026-08-12 13:35:02 [INFO    ] driver_factory.py:133 — UDID: emulator-5554
2026-08-12 13:35:02 [INFO    ] driver_factory.py:140 — App Package: com.zee5.hipi
2026-08-12 13:35:02 [INFO    ] driver_factory.py:141 — App Activity: .MainActivity
2026-08-12 13:35:07 [ERROR   ] conftest.py:123 — Attempt 2 failed: Message: Cannot start the 'com.zee5.hipi' application. Consider checking the driver's troubleshooting documentation. Original error: Activity name '.MainActivity' used to start the app doesn't exist or cannot be launched! Make sure it exists and is a launchable activity
Stacktrace:
UnknownError: Cannot start the 'com.zee5.hipi' application. Consider checking the driver's troubleshooting documentation. Original error: Activity name '.MainActivity' used to start the app doesn't exist or cannot be launched! Make sure it exists and is a launchable activity
    at getResponseForW3CError (/opt/homebrew/lib/node_modules/appium/node_modules/@appium/base-driver/build/lib/protocol/errors.js:824:36)
    at asyncHandler (/opt/homebrew/lib/node_modules/appium/node_modules/@appium/base-driver/build/lib/protocol/protocol.js:430:77)
The above error is caused by
Error: Cannot start the 'com.zee5.hipi' application. Consider checking the driver's troubleshooting documentation. Original error: Activity name '.MainActivity' used to start the app doesn't exist or cannot be launched! Make sure it exists and is a launchable activity
    at ADB.startApp (/Users/vc.rajdeep.kumar/.appium/node_modules/appium-uiautomator2-driver/node_modules/appium-adb/build/lib/tools/app-commands.js:612:15)
    at process.processTicksAndRejections (node:internal/process/task_queues:104:5)
    at async AndroidUiautomator2Driver.ensureAppStarts (/Users/vc.rajdeep.kumar/.appium/node_modules/appium-uiautomator2-driver/build/lib/driver.js:588:9)
    at async AndroidUiautomator2Driver.performSessionPostExecSetup (/Users/vc.rajdeep.kumar/.appium/node_modules/appium-uiautomator2-driver/build/lib/driver.js:443:13)
    at async AndroidUiautomator2Driver.startUiAutomator2Session (/Users/vc.rajdeep.kumar/.appium/node_modules/appium-uiautomator2-driver/build/lib/driver.js:492:9)
    at async AndroidUiautomator2Driver.createSession (/Users/vc.rajdeep.kumar/.appium/node_modules/appium-uiautomator2-driver/build/lib/driver.js:249:28)
    at async AppiumDriver.createSession (/opt/homebrew/lib/node_modules/appium/build/lib/appium.js:324:43)
2026-08-12 13:35:07 [ERROR   ] conftest.py:255 — Driver fixture setup failed: Driver creation failed after 2 attempts: Message: Cannot start the 'com.zee5.hipi' application. Consider checking the driver's troubleshooting documentation. Original error: Activity name '.MainActivity' used to start the app doesn't exist or cannot be launched! Make sure it exists and is a launchable activity
Stacktrace:
UnknownError: Cannot start the 'com.zee5.hipi' application. Consider checking the driver's troubleshooting documentation. Original error: Activity name '.MainActivity' used to start the app doesn't exist or cannot be launched! Make sure it exists and is a launchable activity
    at getResponseForW3CError (/opt/homebrew/lib/node_modules/appium/node_modules/@appium/base-driver/build/lib/protocol/errors.js:824:36)
    at asyncHandler (/opt/homebrew/lib/node_modules/appium/node_modules/@appium/base-driver/build/lib/protocol/protocol.js:430:77)
The above error is caused by
Error: Cannot start the 'com.zee5.hipi' application. Consider checking the driver's troubleshooting documentation. Original error: Activity name '.MainActivity' used to start the app doesn't exist or cannot be launched! Make sure it exists and is a launchable activity
    at ADB.startApp (/Users/vc.rajdeep.kumar/.appium/node_modules/appium-uiautomator2-driver/node_modules/appium-adb/build/lib/tools/app-commands.js:612:15)
    at process.processTicksAndRejections (node:internal/process/task_queues:104:5)
    at async AndroidUiautomator2Driver.ensureAppStarts (/Users/vc.rajdeep.kumar/.appium/node_modules/appium-uiautomator2-driver/build/lib/driver.js:588:9)
    at async AndroidUiautomator2Driver.performSessionPostExecSetup (/Users/vc.rajdeep.kumar/.appium/node_modules/appium-uiautomator2-driver/build/lib/driver.js:443:13)
    at async AndroidUiautomator2Driver.startUiAutomator2Session (/Users/vc.rajdeep.kumar/.appium/node_modules/appium-uiautomator2-driver/build/lib/driver.js:492:9)
    at async AndroidUiautomator2Driver.createSession (/Users/vc.rajdeep.kumar/.appium/node_modules/appium-uiautomator2-driver/build/lib/driver.js:249:28)
    at async AppiumDriver.createSession (/opt/homebrew/lib/node_modules/appium/build/lib/appium.js:324:43)
2026-08-12 13:35:10 [INFO    ] conftest.py:227 — ==================================================
2026-08-12 13:35:10 [INFO    ] conftest.py:228 — DRIVER SETUP START
2026-08-12 13:35:10 [INFO    ] conftest.py:229 — ==================================================
2026-08-12 13:35:10 [INFO    ] conftest.py:116 — Driver creation attempt 1/2
2026-08-12 13:35:10 [INFO    ] driver_factory.py:53 — ========== DRIVER CREATION START ==========
2026-08-12 13:35:10 [INFO    ] driver_factory.py:70 — Device: emulator | Env: qa | Platform: Android
2026-08-12 13:35:10 [INFO    ] driver_factory.py:132 — Device Name: Android Emulator
2026-08-12 13:35:10 [INFO    ] driver_factory.py:133 — UDID: emulator-5554
2026-08-12 13:35:10 [INFO    ] driver_factory.py:140 — App Package: com.zee5.hipi
2026-08-12 13:35:10 [INFO    ] driver_factory.py:141 — App Activity: .MainActivity
2026-08-12 13:35:16 [ERROR   ] conftest.py:123 — Attempt 1 failed: Message: Cannot start the 'com.zee5.hipi' application. Consider checking the driver's troubleshooting documentation. Original error: Activity name '.MainActivity' used to start the app doesn't exist or cannot be launched! Make sure it exists and is a launchable activity
Stacktrace:
UnknownError: Cannot start the 'com.zee5.hipi' application. Consider checking the driver's troubleshooting documentation. Original error: Activity name '.MainActivity' used to start the app doesn't exist or cannot be launched! Make sure it exists and is a launchable activity
    at getResponseForW3CError (/opt/homebrew/lib/node_modules/appium/node_modules/@appium/base-driver/build/lib/protocol/errors.js:824:36)
    at asyncHandler (/opt/homebrew/lib/node_modules/appium/node_modules/@appium/base-driver/build/lib/protocol/protocol.js:430:77)
The above error is caused by
Error: Cannot start the 'com.zee5.hipi' application. Consider checking the driver's troubleshooting documentation. Original error: Activity name '.MainActivity' used to start the app doesn't exist or cannot be launched! Make sure it exists and is a launchable activity
    at ADB.startApp (/Users/vc.rajdeep.kumar/.appium/node_modules/appium-uiautomator2-driver/node_modules/appium-adb/build/lib/tools/app-commands.js:612:15)
    at async AndroidUiautomator2Driver.ensureAppStarts (/Users/vc.rajdeep.kumar/.appium/node_modules/appium-uiautomator2-driver/build/lib/driver.js:588:9)
    at async AndroidUiautomator2Driver.performSessionPostExecSetup (/Users/vc.rajdeep.kumar/.appium/node_modules/appium-uiautomator2-driver/build/lib/driver.js:443:13)
    at async AndroidUiautomator2Driver.startUiAutomator2Session (/Users/vc.rajdeep.kumar/.appium/node_modules/appium-uiautomator2-driver/build/lib/driver.js:492:9)
    at async AndroidUiautomator2Driver.createSession (/Users/vc.rajdeep.kumar/.appium/node_modules/appium-uiautomator2-driver/build/lib/driver.js:249:28)
    at async AppiumDriver.createSession (/opt/homebrew/lib/node_modules/appium/build/lib/appium.js:324:43)
2026-08-12 13:35:16 [INFO    ] conftest.py:131 — Waiting 10s before retry...
2026-08-12 13:35:26 [INFO    ] conftest.py:116 — Driver creation attempt 2/2
2026-08-12 13:35:26 [INFO    ] driver_factory.py:53 — ========== DRIVER CREATION START ==========
2026-08-12 13:35:26 [INFO    ] driver_factory.py:70 — Device: emulator | Env: qa | Platform: Android
2026-08-12 13:35:26 [INFO    ] driver_factory.py:132 — Device Name: Android Emulator
2026-08-12 13:35:26 [INFO    ] driver_factory.py:133 — UDID: emulator-5554
2026-08-12 13:35:26 [INFO    ] driver_factory.py:140 — App Package: com.zee5.hipi
2026-08-12 13:35:26 [INFO    ] driver_factory.py:141 — App Activity: .MainActivity
2026-08-12 13:35:31 [ERROR   ] conftest.py:123 — Attempt 2 failed: Message: Cannot start the 'com.zee5.hipi' application. Consider checking the driver's troubleshooting documentation. Original error: Activity name '.MainActivity' used to start the app doesn't exist or cannot be launched! Make sure it exists and is a launchable activity
Stacktrace:
UnknownError: Cannot start the 'com.zee5.hipi' application. Consider checking the driver's troubleshooting documentation. Original error: Activity name '.MainActivity' used to start the app doesn't exist or cannot be launched! Make sure it exists and is a launchable activity
    at getResponseForW3CError (/opt/homebrew/lib/node_modules/appium/node_modules/@appium/base-driver/build/lib/protocol/errors.js:824:36)
    at asyncHandler (/opt/homebrew/lib/node_modules/appium/node_modules/@appium/base-driver/build/lib/protocol/protocol.js:430:77)
The above error is caused by
Error: Cannot start the 'com.zee5.hipi' application. Consider checking the driver's troubleshooting documentation. Original error: Activity name '.MainActivity' used to start the app doesn't exist or cannot be launched! Make sure it exists and is a launchable activity
    at ADB.startApp (/Users/vc.rajdeep.kumar/.appium/node_modules/appium-uiautomator2-driver/node_modules/appium-adb/build/lib/tools/app-commands.js:612:15)
    at process.processTicksAndRejections (node:internal/process/task_queues:104:5)
    at async AndroidUiautomator2Driver.ensureAppStarts (/Users/vc.rajdeep.kumar/.appium/node_modules/appium-uiautomator2-driver/build/lib/driver.js:588:9)
    at async AndroidUiautomator2Driver.performSessionPostExecSetup (/Users/vc.rajdeep.kumar/.appium/node_modules/appium-uiautomator2-driver/build/lib/driver.js:443:13)
    at async AndroidUiautomator2Driver.startUiAutomator2Session (/Users/vc.rajdeep.kumar/.appium/node_modules/appium-uiautomator2-driver/build/lib/driver.js:492:9)
    at async AndroidUiautomator2Driver.createSession (/Users/vc.rajdeep.kumar/.appium/node_modules/appium-uiautomator2-driver/build/lib/driver.js:249:28)
    at async AppiumDriver.createSession (/opt/homebrew/lib/node_modules/appium/build/lib/appium.js:324:43)
2026-08-12 13:35:31 [ERROR   ] conftest.py:255 — Driver fixture setup failed: Driver creation failed after 2 attempts: Message: Cannot start the 'com.zee5.hipi' application. Consider checking the driver's troubleshooting documentation. Original error: Activity name '.MainActivity' used to start the app doesn't exist or cannot be launched! Make sure it exists and is a launchable activity
Stacktrace:
UnknownError: Cannot start the 'com.zee5.hipi' application. Consider checking the driver's troubleshooting documentation. Original error: Activity name '.MainActivity' used to start the app doesn't exist or cannot be launched! Make sure it exists and is a launchable activity
    at getResponseForW3CError (/opt/homebrew/lib/node_modules/appium/node_modules/@appium/base-driver/build/lib/protocol/errors.js:824:36)
    at asyncHandler (/opt/homebrew/lib/node_modules/appium/node_modules/@appium/base-driver/build/lib/protocol/protocol.js:430:77)
The above error is caused by
Error: Cannot start the 'com.zee5.hipi' application. Consider checking the driver's troubleshooting documentation. Original error: Activity name '.MainActivity' used to start the app doesn't exist or cannot be launched! Make sure it exists and is a launchable activity
    at ADB.startApp (/Users/vc.rajdeep.kumar/.appium/node_modules/appium-uiautomator2-driver/node_modules/appium-adb/build/lib/tools/app-commands.js:612:15)
    at process.processTicksAndRejections (node:internal/process/task_queues:104:5)
    at async AndroidUiautomator2Driver.ensureAppStarts (/Users/vc.rajdeep.kumar/.appium/node_modules/appium-uiautomator2-driver/build/lib/driver.js:588:9)
    at async AndroidUiautomator2Driver.performSessionPostExecSetup (/Users/vc.rajdeep.kumar/.appium/node_modules/appium-uiautomator2-driver/build/lib/driver.js:443:13)
    at async AndroidUiautomator2Driver.startUiAutomator2Session (/Users/vc.rajdeep.kumar/.appium/node_modules/appium-uiautomator2-driver/build/lib/driver.js:492:9)
    at async AndroidUiautomator2Driver.createSession (/Users/vc.rajdeep.kumar/.appium/node_modules/appium-uiautomator2-driver/build/lib/driver.js:249:28)
    at async AppiumDriver.createSession (/opt/homebrew/lib/node_modules/appium/build/lib/appium.js:324:43)
2026-08-12 13:35:31 [INFO    ] conftest.py:369 — ==================================================
2026-08-12 13:35:31 [INFO    ] conftest.py:370 — PYTEST SESSION END | Exit status: 1
2026-08-12 13:35:31 [INFO    ] conftest.py:371 — ==================================================
