2026-08-12 13:39:43 [INFO    ] conftest.py:363 — ==================================================
2026-08-12 13:39:43 [INFO    ] conftest.py:364 — PYTEST SESSION START
2026-08-12 13:39:43 [INFO    ] conftest.py:365 — ==================================================
2026-08-12 13:39:43 [INFO    ] conftest.py:227 — ==================================================
2026-08-12 13:39:43 [INFO    ] conftest.py:228 — DRIVER SETUP START
2026-08-12 13:39:43 [INFO    ] conftest.py:229 — ==================================================
2026-08-12 13:39:43 [INFO    ] conftest.py:116 — Driver creation attempt 1/2
2026-08-12 13:39:43 [INFO    ] driver_factory.py:53 — ========== DRIVER CREATION START ==========
2026-08-12 13:39:43 [INFO    ] driver_factory.py:70 — Device: emulator | Env: qa | Platform: Android
2026-08-12 13:39:43 [INFO    ] driver_factory.py:132 — Device Name: Android Emulator
2026-08-12 13:39:43 [INFO    ] driver_factory.py:133 — UDID: emulator-5554
2026-08-12 13:39:43 [INFO    ] driver_factory.py:147 — App Package: com.zee5.hipi (noReset=true, activity not set)
2026-08-12 13:39:44 [ERROR   ] conftest.py:123 — Attempt 1 failed: Message: Unable to resolve the launchable activity of 'com.zee5.hipi'. Original error: No activity found
Stacktrace:
UnknownError: Unable to resolve the launchable activity of 'com.zee5.hipi'. Original error: No activity found
    at getResponseForW3CError (/opt/homebrew/lib/node_modules/appium/node_modules/@appium/base-driver/build/lib/protocol/errors.js:824:36)
    at asyncHandler (/opt/homebrew/lib/node_modules/appium/node_modules/@appium/base-driver/build/lib/protocol/protocol.js:430:77)
The above error is caused by
Error: Unable to resolve the launchable activity of 'com.zee5.hipi'. Original error: No activity found
    at ADB.resolveLaunchableActivity (/Users/vc.rajdeep.kumar/.appium/node_modules/appium-uiautomator2-driver/node_modules/appium-adb/build/lib/tools/app-commands.js:119:11)
    at process.processTicksAndRejections (node:internal/process/task_queues:104:5)
    at async AndroidUiautomator2Driver.getLaunchInfo (/Users/vc.rajdeep.kumar/.appium/node_modules/appium-uiautomator2-driver/node_modules/appium-android-driver/build/lib/commands/device/common.js:190:23)
    at async /Users/vc.rajdeep.kumar/.appium/node_modules/appium-uiautomator2-driver/build/lib/driver.js:382:23
2026-08-12 13:39:44 [INFO    ] conftest.py:131 — Waiting 10s before retry...
2026-08-12 13:39:54 [INFO    ] conftest.py:116 — Driver creation attempt 2/2
2026-08-12 13:39:54 [INFO    ] driver_factory.py:53 — ========== DRIVER CREATION START ==========
2026-08-12 13:39:54 [INFO    ] driver_factory.py:70 — Device: emulator | Env: qa | Platform: Android
2026-08-12 13:39:54 [INFO    ] driver_factory.py:132 — Device Name: Android Emulator
2026-08-12 13:39:54 [INFO    ] driver_factory.py:133 — UDID: emulator-5554
2026-08-12 13:39:54 [INFO    ] driver_factory.py:147 — App Package: com.zee5.hipi (noReset=true, activity not set)
2026-08-12 13:39:54 [ERROR   ] conftest.py:123 — Attempt 2 failed: Message: Unable to resolve the launchable activity of 'com.zee5.hipi'. Original error: No activity found
Stacktrace:
UnknownError: Unable to resolve the launchable activity of 'com.zee5.hipi'. Original error: No activity found
    at getResponseForW3CError (/opt/homebrew/lib/node_modules/appium/node_modules/@appium/base-driver/build/lib/protocol/errors.js:824:36)
    at asyncHandler (/opt/homebrew/lib/node_modules/appium/node_modules/@appium/base-driver/build/lib/protocol/protocol.js:430:77)
The above error is caused by
Error: Unable to resolve the launchable activity of 'com.zee5.hipi'. Original error: No activity found
    at ADB.resolveLaunchableActivity (/Users/vc.rajdeep.kumar/.appium/node_modules/appium-uiautomator2-driver/node_modules/appium-adb/build/lib/tools/app-commands.js:119:11)
    at process.processTicksAndRejections (node:internal/process/task_queues:104:5)
    at async AndroidUiautomator2Driver.getLaunchInfo (/Users/vc.rajdeep.kumar/.appium/node_modules/appium-uiautomator2-driver/node_modules/appium-android-driver/build/lib/commands/device/common.js:190:23)
    at async /Users/vc.rajdeep.kumar/.appium/node_modules/appium-uiautomator2-driver/build/lib/driver.js:382:23
2026-08-12 13:39:54 [ERROR   ] conftest.py:255 — Driver fixture setup failed: Driver creation failed after 2 attempts: Message: Unable to resolve the launchable activity of 'com.zee5.hipi'. Original error: No activity found
Stacktrace:
UnknownError: Unable to resolve the launchable activity of 'com.zee5.hipi'. Original error: No activity found
    at getResponseForW3CError (/opt/homebrew/lib/node_modules/appium/node_modules/@appium/base-driver/build/lib/protocol/errors.js:824:36)
    at asyncHandler (/opt/homebrew/lib/node_modules/appium/node_modules/@appium/base-driver/build/lib/protocol/protocol.js:430:77)
The above error is caused by
Error: Unable to resolve the launchable activity of 'com.zee5.hipi'. Original error: No activity found
    at ADB.resolveLaunchableActivity (/Users/vc.rajdeep.kumar/.appium/node_modules/appium-uiautomator2-driver/node_modules/appium-adb/build/lib/tools/app-commands.js:119:11)
    at process.processTicksAndRejections (node:internal/process/task_queues:104:5)
    at async AndroidUiautomator2Driver.getLaunchInfo (/Users/vc.rajdeep.kumar/.appium/node_modules/appium-uiautomator2-driver/node_modules/appium-android-driver/build/lib/commands/device/common.js:190:23)
    at async /Users/vc.rajdeep.kumar/.appium/node_modules/appium-uiautomator2-driver/build/lib/driver.js:382:23
2026-08-12 13:39:57 [INFO    ] conftest.py:227 — ==================================================
2026-08-12 13:39:57 [INFO    ] conftest.py:228 — DRIVER SETUP START
2026-08-12 13:39:57 [INFO    ] conftest.py:229 — ==================================================
2026-08-12 13:39:57 [INFO    ] conftest.py:116 — Driver creation attempt 1/2
2026-08-12 13:39:57 [INFO    ] driver_factory.py:53 — ========== DRIVER CREATION START ==========
2026-08-12 13:39:57 [INFO    ] driver_factory.py:70 — Device: emulator | Env: qa | Platform: Android
2026-08-12 13:39:57 [INFO    ] driver_factory.py:132 — Device Name: Android Emulator
2026-08-12 13:39:57 [INFO    ] driver_factory.py:133 — UDID: emulator-5554
2026-08-12 13:39:57 [INFO    ] driver_factory.py:147 — App Package: com.zee5.hipi (noReset=true, activity not set)
2026-08-12 13:39:57 [ERROR   ] conftest.py:123 — Attempt 1 failed: Message: Unable to resolve the launchable activity of 'com.zee5.hipi'. Original error: No activity found
Stacktrace:
UnknownError: Unable to resolve the launchable activity of 'com.zee5.hipi'. Original error: No activity found
    at getResponseForW3CError (/opt/homebrew/lib/node_modules/appium/node_modules/@appium/base-driver/build/lib/protocol/errors.js:824:36)
    at asyncHandler (/opt/homebrew/lib/node_modules/appium/node_modules/@appium/base-driver/build/lib/protocol/protocol.js:430:77)
The above error is caused by
Error: Unable to resolve the launchable activity of 'com.zee5.hipi'. Original error: No activity found
    at ADB.resolveLaunchableActivity (/Users/vc.rajdeep.kumar/.appium/node_modules/appium-uiautomator2-driver/node_modules/appium-adb/build/lib/tools/app-commands.js:119:11)
    at async AndroidUiautomator2Driver.getLaunchInfo (/Users/vc.rajdeep.kumar/.appium/node_modules/appium-uiautomator2-driver/node_modules/appium-android-driver/build/lib/commands/device/common.js:190:23)
    at async /Users/vc.rajdeep.kumar/.appium/node_modules/appium-uiautomator2-driver/build/lib/driver.js:382:23
2026-08-12 13:39:57 [INFO    ] conftest.py:131 — Waiting 10s before retry...
2026-08-12 13:40:07 [INFO    ] conftest.py:116 — Driver creation attempt 2/2
2026-08-12 13:40:07 [INFO    ] driver_factory.py:53 — ========== DRIVER CREATION START ==========
2026-08-12 13:40:07 [INFO    ] driver_factory.py:70 — Device: emulator | Env: qa | Platform: Android
2026-08-12 13:40:07 [INFO    ] driver_factory.py:132 — Device Name: Android Emulator
2026-08-12 13:40:07 [INFO    ] driver_factory.py:133 — UDID: emulator-5554
2026-08-12 13:40:07 [INFO    ] driver_factory.py:147 — App Package: com.zee5.hipi (noReset=true, activity not set)
2026-08-12 13:40:08 [ERROR   ] conftest.py:123 — Attempt 2 failed: Message: Unable to resolve the launchable activity of 'com.zee5.hipi'. Original error: No activity found
Stacktrace:
UnknownError: Unable to resolve the launchable activity of 'com.zee5.hipi'. Original error: No activity found
    at getResponseForW3CError (/opt/homebrew/lib/node_modules/appium/node_modules/@appium/base-driver/build/lib/protocol/errors.js:824:36)
    at asyncHandler (/opt/homebrew/lib/node_modules/appium/node_modules/@appium/base-driver/build/lib/protocol/protocol.js:430:77)
The above error is caused by
Error: Unable to resolve the launchable activity of 'com.zee5.hipi'. Original error: No activity found
    at ADB.resolveLaunchableActivity (/Users/vc.rajdeep.kumar/.appium/node_modules/appium-uiautomator2-driver/node_modules/appium-adb/build/lib/tools/app-commands.js:119:11)
    at async AndroidUiautomator2Driver.getLaunchInfo (/Users/vc.rajdeep.kumar/.appium/node_modules/appium-uiautomator2-driver/node_modules/appium-android-driver/build/lib/commands/device/common.js:190:23)
    at async /Users/vc.rajdeep.kumar/.appium/node_modules/appium-uiautomator2-driver/build/lib/driver.js:382:23
2026-08-12 13:40:08 [ERROR   ] conftest.py:255 — Driver fixture setup failed: Driver creation failed after 2 attempts: Message: Unable to resolve the launchable activity of 'com.zee5.hipi'. Original error: No activity found
Stacktrace:
UnknownError: Unable to resolve the launchable activity of 'com.zee5.hipi'. Original error: No activity found
    at getResponseForW3CError (/opt/homebrew/lib/node_modules/appium/node_modules/@appium/base-driver/build/lib/protocol/errors.js:824:36)
    at asyncHandler (/opt/homebrew/lib/node_modules/appium/node_modules/@appium/base-driver/build/lib/protocol/protocol.js:430:77)
The above error is caused by
Error: Unable to resolve the launchable activity of 'com.zee5.hipi'. Original error: No activity found
    at ADB.resolveLaunchableActivity (/Users/vc.rajdeep.kumar/.appium/node_modules/appium-uiautomator2-driver/node_modules/appium-adb/build/lib/tools/app-commands.js:119:11)
    at async AndroidUiautomator2Driver.getLaunchInfo (/Users/vc.rajdeep.kumar/.appium/node_modules/appium-uiautomator2-driver/node_modules/appium-android-driver/build/lib/commands/device/common.js:190:23)
    at async /Users/vc.rajdeep.kumar/.appium/node_modules/appium-uiautomator2-driver/build/lib/driver.js:382:23
2026-08-12 13:40:08 [INFO    ] conftest.py:227 — ==================================================
2026-08-12 13:40:08 [INFO    ] conftest.py:228 — DRIVER SETUP START
2026-08-12 13:40:08 [INFO    ] conftest.py:229 — ==================================================
2026-08-12 13:40:08 [INFO    ] conftest.py:116 — Driver creation attempt 1/2
2026-08-12 13:40:08 [INFO    ] driver_factory.py:53 — ========== DRIVER CREATION START ==========
2026-08-12 13:40:08 [INFO    ] driver_factory.py:70 — Device: emulator | Env: qa | Platform: Android
2026-08-12 13:40:08 [INFO    ] driver_factory.py:132 — Device Name: Android Emulator
2026-08-12 13:40:08 [INFO    ] driver_factory.py:133 — UDID: emulator-5554
2026-08-12 13:40:08 [INFO    ] driver_factory.py:147 — App Package: com.zee5.hipi (noReset=true, activity not set)
2026-08-12 13:40:08 [ERROR   ] conftest.py:123 — Attempt 1 failed: Message: Unable to resolve the launchable activity of 'com.zee5.hipi'. Original error: No activity found
Stacktrace:
UnknownError: Unable to resolve the launchable activity of 'com.zee5.hipi'. Original error: No activity found
    at getResponseForW3CError (/opt/homebrew/lib/node_modules/appium/node_modules/@appium/base-driver/build/lib/protocol/errors.js:824:36)
    at asyncHandler (/opt/homebrew/lib/node_modules/appium/node_modules/@appium/base-driver/build/lib/protocol/protocol.js:430:77)
The above error is caused by
Error: Unable to resolve the launchable activity of 'com.zee5.hipi'. Original error: No activity found
    at ADB.resolveLaunchableActivity (/Users/vc.rajdeep.kumar/.appium/node_modules/appium-uiautomator2-driver/node_modules/appium-adb/build/lib/tools/app-commands.js:119:11)
    at async AndroidUiautomator2Driver.getLaunchInfo (/Users/vc.rajdeep.kumar/.appium/node_modules/appium-uiautomator2-driver/node_modules/appium-android-driver/build/lib/commands/device/common.js:190:23)
    at async /Users/vc.rajdeep.kumar/.appium/node_modules/appium-uiautomator2-driver/build/lib/driver.js:382:23
2026-08-12 13:40:08 [INFO    ] conftest.py:131 — Waiting 10s before retry...
2026-08-12 13:40:18 [INFO    ] conftest.py:116 — Driver creation attempt 2/2
2026-08-12 13:40:18 [INFO    ] driver_factory.py:53 — ========== DRIVER CREATION START ==========
2026-08-12 13:40:18 [INFO    ] driver_factory.py:70 — Device: emulator | Env: qa | Platform: Android
2026-08-12 13:40:18 [INFO    ] driver_factory.py:132 — Device Name: Android Emulator
2026-08-12 13:40:18 [INFO    ] driver_factory.py:133 — UDID: emulator-5554
2026-08-12 13:40:18 [INFO    ] driver_factory.py:147 — App Package: com.zee5.hipi (noReset=true, activity not set)
2026-08-12 13:40:18 [ERROR   ] conftest.py:123 — Attempt 2 failed: Message: Unable to resolve the launchable activity of 'com.zee5.hipi'. Original error: No activity found
Stacktrace:
UnknownError: Unable to resolve the launchable activity of 'com.zee5.hipi'. Original error: No activity found
    at getResponseForW3CError (/opt/homebrew/lib/node_modules/appium/node_modules/@appium/base-driver/build/lib/protocol/errors.js:824:36)
    at asyncHandler (/opt/homebrew/lib/node_modules/appium/node_modules/@appium/base-driver/build/lib/protocol/protocol.js:430:77)
The above error is caused by
Error: Unable to resolve the launchable activity of 'com.zee5.hipi'. Original error: No activity found
    at ADB.resolveLaunchableActivity (/Users/vc.rajdeep.kumar/.appium/node_modules/appium-uiautomator2-driver/node_modules/appium-adb/build/lib/tools/app-commands.js:119:11)
    at process.processTicksAndRejections (node:internal/process/task_queues:104:5)
    at async AndroidUiautomator2Driver.getLaunchInfo (/Users/vc.rajdeep.kumar/.appium/node_modules/appium-uiautomator2-driver/node_modules/appium-android-driver/build/lib/commands/device/common.js:190:23)
    at async /Users/vc.rajdeep.kumar/.appium/node_modules/appium-uiautomator2-driver/build/lib/driver.js:382:23
2026-08-12 13:40:18 [ERROR   ] conftest.py:255 — Driver fixture setup failed: Driver creation failed after 2 attempts: Message: Unable to resolve the launchable activity of 'com.zee5.hipi'. Original error: No activity found
Stacktrace:
UnknownError: Unable to resolve the launchable activity of 'com.zee5.hipi'. Original error: No activity found
    at getResponseForW3CError (/opt/homebrew/lib/node_modules/appium/node_modules/@appium/base-driver/build/lib/protocol/errors.js:824:36)
    at asyncHandler (/opt/homebrew/lib/node_modules/appium/node_modules/@appium/base-driver/build/lib/protocol/protocol.js:430:77)
The above error is caused by
Error: Unable to resolve the launchable activity of 'com.zee5.hipi'. Original error: No activity found
    at ADB.resolveLaunchableActivity (/Users/vc.rajdeep.kumar/.appium/node_modules/appium-uiautomator2-driver/node_modules/appium-adb/build/lib/tools/app-commands.js:119:11)
    at process.processTicksAndRejections (node:internal/process/task_queues:104:5)
    at async AndroidUiautomator2Driver.getLaunchInfo (/Users/vc.rajdeep.kumar/.appium/node_modules/appium-uiautomator2-driver/node_modules/appium-android-driver/build/lib/commands/device/common.js:190:23)
    at async /Users/vc.rajdeep.kumar/.appium/node_modules/appium-uiautomator2-driver/build/lib/driver.js:382:23
2026-08-12 13:40:21 [INFO    ] conftest.py:227 — ==================================================
2026-08-12 13:40:21 [INFO    ] conftest.py:228 — DRIVER SETUP START
2026-08-12 13:40:21 [INFO    ] conftest.py:229 — ==================================================
2026-08-12 13:40:21 [INFO    ] conftest.py:116 — Driver creation attempt 1/2
2026-08-12 13:40:21 [INFO    ] driver_factory.py:53 — ========== DRIVER CREATION START ==========
2026-08-12 13:40:21 [INFO    ] driver_factory.py:70 — Device: emulator | Env: qa | Platform: Android
2026-08-12 13:40:21 [INFO    ] driver_factory.py:132 — Device Name: Android Emulator
2026-08-12 13:40:21 [INFO    ] driver_factory.py:133 — UDID: emulator-5554
2026-08-12 13:40:21 [INFO    ] driver_factory.py:147 — App Package: com.zee5.hipi (noReset=true, activity not set)
2026-08-12 13:40:22 [ERROR   ] conftest.py:123 — Attempt 1 failed: Message: Unable to resolve the launchable activity of 'com.zee5.hipi'. Original error: No activity found
Stacktrace:
UnknownError: Unable to resolve the launchable activity of 'com.zee5.hipi'. Original error: No activity found
    at getResponseForW3CError (/opt/homebrew/lib/node_modules/appium/node_modules/@appium/base-driver/build/lib/protocol/errors.js:824:36)
    at asyncHandler (/opt/homebrew/lib/node_modules/appium/node_modules/@appium/base-driver/build/lib/protocol/protocol.js:430:77)
The above error is caused by
Error: Unable to resolve the launchable activity of 'com.zee5.hipi'. Original error: No activity found
    at ADB.resolveLaunchableActivity (/Users/vc.rajdeep.kumar/.appium/node_modules/appium-uiautomator2-driver/node_modules/appium-adb/build/lib/tools/app-commands.js:119:11)
    at async AndroidUiautomator2Driver.getLaunchInfo (/Users/vc.rajdeep.kumar/.appium/node_modules/appium-uiautomator2-driver/node_modules/appium-android-driver/build/lib/commands/device/common.js:190:23)
    at async /Users/vc.rajdeep.kumar/.appium/node_modules/appium-uiautomator2-driver/build/lib/driver.js:382:23
2026-08-12 13:40:22 [INFO    ] conftest.py:131 — Waiting 10s before retry...
2026-08-12 13:40:32 [INFO    ] conftest.py:116 — Driver creation attempt 2/2
2026-08-12 13:40:32 [INFO    ] driver_factory.py:53 — ========== DRIVER CREATION START ==========
2026-08-12 13:40:32 [INFO    ] driver_factory.py:70 — Device: emulator | Env: qa | Platform: Android
2026-08-12 13:40:32 [INFO    ] driver_factory.py:132 — Device Name: Android Emulator
2026-08-12 13:40:32 [INFO    ] driver_factory.py:133 — UDID: emulator-5554
2026-08-12 13:40:32 [INFO    ] driver_factory.py:147 — App Package: com.zee5.hipi (noReset=true, activity not set)
2026-08-12 13:40:32 [ERROR   ] conftest.py:123 — Attempt 2 failed: Message: Unable to resolve the launchable activity of 'com.zee5.hipi'. Original error: No activity found
Stacktrace:
UnknownError: Unable to resolve the launchable activity of 'com.zee5.hipi'. Original error: No activity found
    at getResponseForW3CError (/opt/homebrew/lib/node_modules/appium/node_modules/@appium/base-driver/build/lib/protocol/errors.js:824:36)
    at asyncHandler (/opt/homebrew/lib/node_modules/appium/node_modules/@appium/base-driver/build/lib/protocol/protocol.js:430:77)
The above error is caused by
Error: Unable to resolve the launchable activity of 'com.zee5.hipi'. Original error: No activity found
    at ADB.resolveLaunchableActivity (/Users/vc.rajdeep.kumar/.appium/node_modules/appium-uiautomator2-driver/node_modules/appium-adb/build/lib/tools/app-commands.js:119:11)
    at async AndroidUiautomator2Driver.getLaunchInfo (/Users/vc.rajdeep.kumar/.appium/node_modules/appium-uiautomator2-driver/node_modules/appium-android-driver/build/lib/commands/device/common.js:190:23)
    at async /Users/vc.rajdeep.kumar/.appium/node_modules/appium-uiautomator2-driver/build/lib/driver.js:382:23
2026-08-12 13:40:32 [ERROR   ] conftest.py:255 — Driver fixture setup failed: Driver creation failed after 2 attempts: Message: Unable to resolve the launchable activity of 'com.zee5.hipi'. Original error: No activity found
Stacktrace:
UnknownError: Unable to resolve the launchable activity of 'com.zee5.hipi'. Original error: No activity found
    at getResponseForW3CError (/opt/homebrew/lib/node_modules/appium/node_modules/@appium/base-driver/build/lib/protocol/errors.js:824:36)
    at asyncHandler (/opt/homebrew/lib/node_modules/appium/node_modules/@appium/base-driver/build/lib/protocol/protocol.js:430:77)
The above error is caused by
Error: Unable to resolve the launchable activity of 'com.zee5.hipi'. Original error: No activity found
    at ADB.resolveLaunchableActivity (/Users/vc.rajdeep.kumar/.appium/node_modules/appium-uiautomator2-driver/node_modules/appium-adb/build/lib/tools/app-commands.js:119:11)
    at async AndroidUiautomator2Driver.getLaunchInfo (/Users/vc.rajdeep.kumar/.appium/node_modules/appium-uiautomator2-driver/node_modules/appium-android-driver/build/lib/commands/device/common.js:190:23)
    at async /Users/vc.rajdeep.kumar/.appium/node_modules/appium-uiautomator2-driver/build/lib/driver.js:382:23
2026-08-12 13:40:32 [INFO    ] conftest.py:227 — ==================================================
2026-08-12 13:40:32 [INFO    ] conftest.py:228 — DRIVER SETUP START
2026-08-12 13:40:32 [INFO    ] conftest.py:229 — ==================================================
2026-08-12 13:40:32 [INFO    ] conftest.py:116 — Driver creation attempt 1/2
2026-08-12 13:40:32 [INFO    ] driver_factory.py:53 — ========== DRIVER CREATION START ==========
2026-08-12 13:40:32 [INFO    ] driver_factory.py:70 — Device: emulator | Env: qa | Platform: Android
2026-08-12 13:40:32 [INFO    ] driver_factory.py:132 — Device Name: Android Emulator
2026-08-12 13:40:32 [INFO    ] driver_factory.py:133 — UDID: emulator-5554
2026-08-12 13:40:32 [INFO    ] driver_factory.py:147 — App Package: com.zee5.hipi (noReset=true, activity not set)
2026-08-12 13:40:32 [ERROR   ] conftest.py:123 — Attempt 1 failed: Message: Unable to resolve the launchable activity of 'com.zee5.hipi'. Original error: No activity found
Stacktrace:
UnknownError: Unable to resolve the launchable activity of 'com.zee5.hipi'. Original error: No activity found
    at getResponseForW3CError (/opt/homebrew/lib/node_modules/appium/node_modules/@appium/base-driver/build/lib/protocol/errors.js:824:36)
    at asyncHandler (/opt/homebrew/lib/node_modules/appium/node_modules/@appium/base-driver/build/lib/protocol/protocol.js:430:77)
The above error is caused by
Error: Unable to resolve the launchable activity of 'com.zee5.hipi'. Original error: No activity found
    at ADB.resolveLaunchableActivity (/Users/vc.rajdeep.kumar/.appium/node_modules/appium-uiautomator2-driver/node_modules/appium-adb/build/lib/tools/app-commands.js:119:11)
    at async AndroidUiautomator2Driver.getLaunchInfo (/Users/vc.rajdeep.kumar/.appium/node_modules/appium-uiautomator2-driver/node_modules/appium-android-driver/build/lib/commands/device/common.js:190:23)
    at async /Users/vc.rajdeep.kumar/.appium/node_modules/appium-uiautomator2-driver/build/lib/driver.js:382:23
2026-08-12 13:40:32 [INFO    ] conftest.py:131 — Waiting 10s before retry...
2026-08-12 13:40:42 [INFO    ] conftest.py:116 — Driver creation attempt 2/2
2026-08-12 13:40:42 [INFO    ] driver_factory.py:53 — ========== DRIVER CREATION START ==========
2026-08-12 13:40:42 [INFO    ] driver_factory.py:70 — Device: emulator | Env: qa | Platform: Android
2026-08-12 13:40:42 [INFO    ] driver_factory.py:132 — Device Name: Android Emulator
2026-08-12 13:40:42 [INFO    ] driver_factory.py:133 — UDID: emulator-5554
2026-08-12 13:40:42 [INFO    ] driver_factory.py:147 — App Package: com.zee5.hipi (noReset=true, activity not set)
2026-08-12 13:40:43 [ERROR   ] conftest.py:123 — Attempt 2 failed: Message: Unable to resolve the launchable activity of 'com.zee5.hipi'. Original error: No activity found
Stacktrace:
UnknownError: Unable to resolve the launchable activity of 'com.zee5.hipi'. Original error: No activity found
    at getResponseForW3CError (/opt/homebrew/lib/node_modules/appium/node_modules/@appium/base-driver/build/lib/protocol/errors.js:824:36)
    at asyncHandler (/opt/homebrew/lib/node_modules/appium/node_modules/@appium/base-driver/build/lib/protocol/protocol.js:430:77)
The above error is caused by
Error: Unable to resolve the launchable activity of 'com.zee5.hipi'. Original error: No activity found
    at ADB.resolveLaunchableActivity (/Users/vc.rajdeep.kumar/.appium/node_modules/appium-uiautomator2-driver/node_modules/appium-adb/build/lib/tools/app-commands.js:119:11)
    at async AndroidUiautomator2Driver.getLaunchInfo (/Users/vc.rajdeep.kumar/.appium/node_modules/appium-uiautomator2-driver/node_modules/appium-android-driver/build/lib/commands/device/common.js:190:23)
    at async /Users/vc.rajdeep.kumar/.appium/node_modules/appium-uiautomator2-driver/build/lib/driver.js:382:23
2026-08-12 13:40:43 [ERROR   ] conftest.py:255 — Driver fixture setup failed: Driver creation failed after 2 attempts: Message: Unable to resolve the launchable activity of 'com.zee5.hipi'. Original error: No activity found
Stacktrace:
UnknownError: Unable to resolve the launchable activity of 'com.zee5.hipi'. Original error: No activity found
    at getResponseForW3CError (/opt/homebrew/lib/node_modules/appium/node_modules/@appium/base-driver/build/lib/protocol/errors.js:824:36)
    at asyncHandler (/opt/homebrew/lib/node_modules/appium/node_modules/@appium/base-driver/build/lib/protocol/protocol.js:430:77)
The above error is caused by
Error: Unable to resolve the launchable activity of 'com.zee5.hipi'. Original error: No activity found
    at ADB.resolveLaunchableActivity (/Users/vc.rajdeep.kumar/.appium/node_modules/appium-uiautomator2-driver/node_modules/appium-adb/build/lib/tools/app-commands.js:119:11)
    at async AndroidUiautomator2Driver.getLaunchInfo (/Users/vc.rajdeep.kumar/.appium/node_modules/appium-uiautomator2-driver/node_modules/appium-android-driver/build/lib/commands/device/common.js:190:23)
    at async /Users/vc.rajdeep.kumar/.appium/node_modules/appium-uiautomator2-driver/build/lib/driver.js:382:23
2026-08-12 13:40:46 [INFO    ] conftest.py:227 — ==================================================
2026-08-12 13:40:46 [INFO    ] conftest.py:228 — DRIVER SETUP START
2026-08-12 13:40:46 [INFO    ] conftest.py:229 — ==================================================
2026-08-12 13:40:46 [INFO    ] conftest.py:116 — Driver creation attempt 1/2
2026-08-12 13:40:46 [INFO    ] driver_factory.py:53 — ========== DRIVER CREATION START ==========
2026-08-12 13:40:46 [INFO    ] driver_factory.py:70 — Device: emulator | Env: qa | Platform: Android
2026-08-12 13:40:46 [INFO    ] driver_factory.py:132 — Device Name: Android Emulator
2026-08-12 13:40:46 [INFO    ] driver_factory.py:133 — UDID: emulator-5554
2026-08-12 13:40:46 [INFO    ] driver_factory.py:147 — App Package: com.zee5.hipi (noReset=true, activity not set)
2026-08-12 13:40:46 [ERROR   ] conftest.py:123 — Attempt 1 failed: Message: Unable to resolve the launchable activity of 'com.zee5.hipi'. Original error: No activity found
Stacktrace:
UnknownError: Unable to resolve the launchable activity of 'com.zee5.hipi'. Original error: No activity found
    at getResponseForW3CError (/opt/homebrew/lib/node_modules/appium/node_modules/@appium/base-driver/build/lib/protocol/errors.js:824:36)
    at asyncHandler (/opt/homebrew/lib/node_modules/appium/node_modules/@appium/base-driver/build/lib/protocol/protocol.js:430:77)
The above error is caused by
Error: Unable to resolve the launchable activity of 'com.zee5.hipi'. Original error: No activity found
    at ADB.resolveLaunchableActivity (/Users/vc.rajdeep.kumar/.appium/node_modules/appium-uiautomator2-driver/node_modules/appium-adb/build/lib/tools/app-commands.js:119:11)
    at process.processTicksAndRejections (node:internal/process/task_queues:104:5)
    at async AndroidUiautomator2Driver.getLaunchInfo (/Users/vc.rajdeep.kumar/.appium/node_modules/appium-uiautomator2-driver/node_modules/appium-android-driver/build/lib/commands/device/common.js:190:23)
    at async /Users/vc.rajdeep.kumar/.appium/node_modules/appium-uiautomator2-driver/build/lib/driver.js:382:23
2026-08-12 13:40:46 [INFO    ] conftest.py:131 — Waiting 10s before retry...
2026-08-12 13:40:56 [INFO    ] conftest.py:116 — Driver creation attempt 2/2
2026-08-12 13:40:56 [INFO    ] driver_factory.py:53 — ========== DRIVER CREATION START ==========
2026-08-12 13:40:56 [INFO    ] driver_factory.py:70 — Device: emulator | Env: qa | Platform: Android
2026-08-12 13:40:56 [INFO    ] driver_factory.py:132 — Device Name: Android Emulator
2026-08-12 13:40:56 [INFO    ] driver_factory.py:133 — UDID: emulator-5554
2026-08-12 13:40:56 [INFO    ] driver_factory.py:147 — App Package: com.zee5.hipi (noReset=true, activity not set)
2026-08-12 13:40:56 [ERROR   ] conftest.py:123 — Attempt 2 failed: Message: Unable to resolve the launchable activity of 'com.zee5.hipi'. Original error: No activity found
Stacktrace:
UnknownError: Unable to resolve the launchable activity of 'com.zee5.hipi'. Original error: No activity found
    at getResponseForW3CError (/opt/homebrew/lib/node_modules/appium/node_modules/@appium/base-driver/build/lib/protocol/errors.js:824:36)
    at asyncHandler (/opt/homebrew/lib/node_modules/appium/node_modules/@appium/base-driver/build/lib/protocol/protocol.js:430:77)
The above error is caused by
Error: Unable to resolve the launchable activity of 'com.zee5.hipi'. Original error: No activity found
    at ADB.resolveLaunchableActivity (/Users/vc.rajdeep.kumar/.appium/node_modules/appium-uiautomator2-driver/node_modules/appium-adb/build/lib/tools/app-commands.js:119:11)
    at async AndroidUiautomator2Driver.getLaunchInfo (/Users/vc.rajdeep.kumar/.appium/node_modules/appium-uiautomator2-driver/node_modules/appium-android-driver/build/lib/commands/device/common.js:190:23)
    at async /Users/vc.rajdeep.kumar/.appium/node_modules/appium-uiautomator2-driver/build/lib/driver.js:382:23
2026-08-12 13:40:56 [ERROR   ] conftest.py:255 — Driver fixture setup failed: Driver creation failed after 2 attempts: Message: Unable to resolve the launchable activity of 'com.zee5.hipi'. Original error: No activity found
Stacktrace:
UnknownError: Unable to resolve the launchable activity of 'com.zee5.hipi'. Original error: No activity found
    at getResponseForW3CError (/opt/homebrew/lib/node_modules/appium/node_modules/@appium/base-driver/build/lib/protocol/errors.js:824:36)
    at asyncHandler (/opt/homebrew/lib/node_modules/appium/node_modules/@appium/base-driver/build/lib/protocol/protocol.js:430:77)
The above error is caused by
Error: Unable to resolve the launchable activity of 'com.zee5.hipi'. Original error: No activity found
    at ADB.resolveLaunchableActivity (/Users/vc.rajdeep.kumar/.appium/node_modules/appium-uiautomator2-driver/node_modules/appium-adb/build/lib/tools/app-commands.js:119:11)
    at async AndroidUiautomator2Driver.getLaunchInfo (/Users/vc.rajdeep.kumar/.appium/node_modules/appium-uiautomator2-driver/node_modules/appium-android-driver/build/lib/commands/device/common.js:190:23)
    at async /Users/vc.rajdeep.kumar/.appium/node_modules/appium-uiautomator2-driver/build/lib/driver.js:382:23
2026-08-12 13:40:56 [INFO    ] conftest.py:227 — ==================================================
2026-08-12 13:40:56 [INFO    ] conftest.py:228 — DRIVER SETUP START
2026-08-12 13:40:56 [INFO    ] conftest.py:229 — ==================================================
2026-08-12 13:40:56 [INFO    ] conftest.py:116 — Driver creation attempt 1/2
2026-08-12 13:40:56 [INFO    ] driver_factory.py:53 — ========== DRIVER CREATION START ==========
2026-08-12 13:40:56 [INFO    ] driver_factory.py:70 — Device: emulator | Env: qa | Platform: Android
2026-08-12 13:40:56 [INFO    ] driver_factory.py:132 — Device Name: Android Emulator
2026-08-12 13:40:56 [INFO    ] driver_factory.py:133 — UDID: emulator-5554
2026-08-12 13:40:56 [INFO    ] driver_factory.py:147 — App Package: com.zee5.hipi (noReset=true, activity not set)
2026-08-12 13:40:57 [ERROR   ] conftest.py:123 — Attempt 1 failed: Message: Unable to resolve the launchable activity of 'com.zee5.hipi'. Original error: No activity found
Stacktrace:
UnknownError: Unable to resolve the launchable activity of 'com.zee5.hipi'. Original error: No activity found
    at getResponseForW3CError (/opt/homebrew/lib/node_modules/appium/node_modules/@appium/base-driver/build/lib/protocol/errors.js:824:36)
    at asyncHandler (/opt/homebrew/lib/node_modules/appium/node_modules/@appium/base-driver/build/lib/protocol/protocol.js:430:77)
The above error is caused by
Error: Unable to resolve the launchable activity of 'com.zee5.hipi'. Original error: No activity found
    at ADB.resolveLaunchableActivity (/Users/vc.rajdeep.kumar/.appium/node_modules/appium-uiautomator2-driver/node_modules/appium-adb/build/lib/tools/app-commands.js:119:11)
    at process.processTicksAndRejections (node:internal/process/task_queues:104:5)
    at async AndroidUiautomator2Driver.getLaunchInfo (/Users/vc.rajdeep.kumar/.appium/node_modules/appium-uiautomator2-driver/node_modules/appium-android-driver/build/lib/commands/device/common.js:190:23)
    at async /Users/vc.rajdeep.kumar/.appium/node_modules/appium-uiautomator2-driver/build/lib/driver.js:382:23
2026-08-12 13:40:57 [INFO    ] conftest.py:131 — Waiting 10s before retry...
2026-08-12 13:41:07 [INFO    ] conftest.py:116 — Driver creation attempt 2/2
2026-08-12 13:41:07 [INFO    ] driver_factory.py:53 — ========== DRIVER CREATION START ==========
2026-08-12 13:41:07 [INFO    ] driver_factory.py:70 — Device: emulator | Env: qa | Platform: Android
2026-08-12 13:41:07 [INFO    ] driver_factory.py:132 — Device Name: Android Emulator
2026-08-12 13:41:07 [INFO    ] driver_factory.py:133 — UDID: emulator-5554
2026-08-12 13:41:07 [INFO    ] driver_factory.py:147 — App Package: com.zee5.hipi (noReset=true, activity not set)
2026-08-12 13:41:07 [ERROR   ] conftest.py:123 — Attempt 2 failed: Message: Unable to resolve the launchable activity of 'com.zee5.hipi'. Original error: No activity found
Stacktrace:
UnknownError: Unable to resolve the launchable activity of 'com.zee5.hipi'. Original error: No activity found
    at getResponseForW3CError (/opt/homebrew/lib/node_modules/appium/node_modules/@appium/base-driver/build/lib/protocol/errors.js:824:36)
    at asyncHandler (/opt/homebrew/lib/node_modules/appium/node_modules/@appium/base-driver/build/lib/protocol/protocol.js:430:77)
The above error is caused by
Error: Unable to resolve the launchable activity of 'com.zee5.hipi'. Original error: No activity found
    at ADB.resolveLaunchableActivity (/Users/vc.rajdeep.kumar/.appium/node_modules/appium-uiautomator2-driver/node_modules/appium-adb/build/lib/tools/app-commands.js:119:11)
    at process.processTicksAndRejections (node:internal/process/task_queues:104:5)
    at async AndroidUiautomator2Driver.getLaunchInfo (/Users/vc.rajdeep.kumar/.appium/node_modules/appium-uiautomator2-driver/node_modules/appium-android-driver/build/lib/commands/device/common.js:190:23)
    at async /Users/vc.rajdeep.kumar/.appium/node_modules/appium-uiautomator2-driver/build/lib/driver.js:382:23
2026-08-12 13:41:07 [ERROR   ] conftest.py:255 — Driver fixture setup failed: Driver creation failed after 2 attempts: Message: Unable to resolve the launchable activity of 'com.zee5.hipi'. Original error: No activity found
Stacktrace:
UnknownError: Unable to resolve the launchable activity of 'com.zee5.hipi'. Original error: No activity found
    at getResponseForW3CError (/opt/homebrew/lib/node_modules/appium/node_modules/@appium/base-driver/build/lib/protocol/errors.js:824:36)
    at asyncHandler (/opt/homebrew/lib/node_modules/appium/node_modules/@appium/base-driver/build/lib/protocol/protocol.js:430:77)
The above error is caused by
Error: Unable to resolve the launchable activity of 'com.zee5.hipi'. Original error: No activity found
    at ADB.resolveLaunchableActivity (/Users/vc.rajdeep.kumar/.appium/node_modules/appium-uiautomator2-driver/node_modules/appium-adb/build/lib/tools/app-commands.js:119:11)
    at process.processTicksAndRejections (node:internal/process/task_queues:104:5)
    at async AndroidUiautomator2Driver.getLaunchInfo (/Users/vc.rajdeep.kumar/.appium/node_modules/appium-uiautomator2-driver/node_modules/appium-android-driver/build/lib/commands/device/common.js:190:23)
    at async /Users/vc.rajdeep.kumar/.appium/node_modules/appium-uiautomator2-driver/build/lib/driver.js:382:23
2026-08-12 13:41:10 [INFO    ] conftest.py:227 — ==================================================
2026-08-12 13:41:10 [INFO    ] conftest.py:228 — DRIVER SETUP START
2026-08-12 13:41:10 [INFO    ] conftest.py:229 — ==================================================
2026-08-12 13:41:10 [INFO    ] conftest.py:116 — Driver creation attempt 1/2
2026-08-12 13:41:10 [INFO    ] driver_factory.py:53 — ========== DRIVER CREATION START ==========
2026-08-12 13:41:10 [INFO    ] driver_factory.py:70 — Device: emulator | Env: qa | Platform: Android
2026-08-12 13:41:10 [INFO    ] driver_factory.py:132 — Device Name: Android Emulator
2026-08-12 13:41:10 [INFO    ] driver_factory.py:133 — UDID: emulator-5554
2026-08-12 13:41:10 [INFO    ] driver_factory.py:147 — App Package: com.zee5.hipi (noReset=true, activity not set)
2026-08-12 13:41:10 [ERROR   ] conftest.py:123 — Attempt 1 failed: Message: Unable to resolve the launchable activity of 'com.zee5.hipi'. Original error: No activity found
Stacktrace:
UnknownError: Unable to resolve the launchable activity of 'com.zee5.hipi'. Original error: No activity found
    at getResponseForW3CError (/opt/homebrew/lib/node_modules/appium/node_modules/@appium/base-driver/build/lib/protocol/errors.js:824:36)
    at asyncHandler (/opt/homebrew/lib/node_modules/appium/node_modules/@appium/base-driver/build/lib/protocol/protocol.js:430:77)
The above error is caused by
Error: Unable to resolve the launchable activity of 'com.zee5.hipi'. Original error: No activity found
    at ADB.resolveLaunchableActivity (/Users/vc.rajdeep.kumar/.appium/node_modules/appium-uiautomator2-driver/node_modules/appium-adb/build/lib/tools/app-commands.js:119:11)
    at process.processTicksAndRejections (node:internal/process/task_queues:104:5)
    at async AndroidUiautomator2Driver.getLaunchInfo (/Users/vc.rajdeep.kumar/.appium/node_modules/appium-uiautomator2-driver/node_modules/appium-android-driver/build/lib/commands/device/common.js:190:23)
    at async /Users/vc.rajdeep.kumar/.appium/node_modules/appium-uiautomator2-driver/build/lib/driver.js:382:23
2026-08-12 13:41:10 [INFO    ] conftest.py:131 — Waiting 10s before retry...
2026-08-12 13:41:20 [INFO    ] conftest.py:116 — Driver creation attempt 2/2
2026-08-12 13:41:20 [INFO    ] driver_factory.py:53 — ========== DRIVER CREATION START ==========
2026-08-12 13:41:20 [INFO    ] driver_factory.py:70 — Device: emulator | Env: qa | Platform: Android
2026-08-12 13:41:20 [INFO    ] driver_factory.py:132 — Device Name: Android Emulator
2026-08-12 13:41:20 [INFO    ] driver_factory.py:133 — UDID: emulator-5554
2026-08-12 13:41:20 [INFO    ] driver_factory.py:147 — App Package: com.zee5.hipi (noReset=true, activity not set)
2026-08-12 13:41:21 [ERROR   ] conftest.py:123 — Attempt 2 failed: Message: Unable to resolve the launchable activity of 'com.zee5.hipi'. Original error: No activity found
Stacktrace:
UnknownError: Unable to resolve the launchable activity of 'com.zee5.hipi'. Original error: No activity found
    at getResponseForW3CError (/opt/homebrew/lib/node_modules/appium/node_modules/@appium/base-driver/build/lib/protocol/errors.js:824:36)
    at asyncHandler (/opt/homebrew/lib/node_modules/appium/node_modules/@appium/base-driver/build/lib/protocol/protocol.js:430:77)
The above error is caused by
Error: Unable to resolve the launchable activity of 'com.zee5.hipi'. Original error: No activity found
    at ADB.resolveLaunchableActivity (/Users/vc.rajdeep.kumar/.appium/node_modules/appium-uiautomator2-driver/node_modules/appium-adb/build/lib/tools/app-commands.js:119:11)
    at async AndroidUiautomator2Driver.getLaunchInfo (/Users/vc.rajdeep.kumar/.appium/node_modules/appium-uiautomator2-driver/node_modules/appium-android-driver/build/lib/commands/device/common.js:190:23)
    at async /Users/vc.rajdeep.kumar/.appium/node_modules/appium-uiautomator2-driver/build/lib/driver.js:382:23
2026-08-12 13:41:21 [ERROR   ] conftest.py:255 — Driver fixture setup failed: Driver creation failed after 2 attempts: Message: Unable to resolve the launchable activity of 'com.zee5.hipi'. Original error: No activity found
Stacktrace:
UnknownError: Unable to resolve the launchable activity of 'com.zee5.hipi'. Original error: No activity found
    at getResponseForW3CError (/opt/homebrew/lib/node_modules/appium/node_modules/@appium/base-driver/build/lib/protocol/errors.js:824:36)
    at asyncHandler (/opt/homebrew/lib/node_modules/appium/node_modules/@appium/base-driver/build/lib/protocol/protocol.js:430:77)
The above error is caused by
Error: Unable to resolve the launchable activity of 'com.zee5.hipi'. Original error: No activity found
    at ADB.resolveLaunchableActivity (/Users/vc.rajdeep.kumar/.appium/node_modules/appium-uiautomator2-driver/node_modules/appium-adb/build/lib/tools/app-commands.js:119:11)
    at async AndroidUiautomator2Driver.getLaunchInfo (/Users/vc.rajdeep.kumar/.appium/node_modules/appium-uiautomator2-driver/node_modules/appium-android-driver/build/lib/commands/device/common.js:190:23)
    at async /Users/vc.rajdeep.kumar/.appium/node_modules/appium-uiautomator2-driver/build/lib/driver.js:382:23
2026-08-12 13:41:21 [INFO    ] conftest.py:227 — ==================================================
2026-08-12 13:41:21 [INFO    ] conftest.py:228 — DRIVER SETUP START
2026-08-12 13:41:21 [INFO    ] conftest.py:229 — ==================================================
2026-08-12 13:41:21 [INFO    ] conftest.py:116 — Driver creation attempt 1/2
2026-08-12 13:41:21 [INFO    ] driver_factory.py:53 — ========== DRIVER CREATION START ==========
2026-08-12 13:41:21 [INFO    ] driver_factory.py:70 — Device: emulator | Env: qa | Platform: Android
2026-08-12 13:41:21 [INFO    ] driver_factory.py:132 — Device Name: Android Emulator
2026-08-12 13:41:21 [INFO    ] driver_factory.py:133 — UDID: emulator-5554
2026-08-12 13:41:21 [INFO    ] driver_factory.py:147 — App Package: com.zee5.hipi (noReset=true, activity not set)
2026-08-12 13:41:21 [ERROR   ] conftest.py:123 — Attempt 1 failed: Message: Unable to resolve the launchable activity of 'com.zee5.hipi'. Original error: No activity found
Stacktrace:
UnknownError: Unable to resolve the launchable activity of 'com.zee5.hipi'. Original error: No activity found
    at getResponseForW3CError (/opt/homebrew/lib/node_modules/appium/node_modules/@appium/base-driver/build/lib/protocol/errors.js:824:36)
    at asyncHandler (/opt/homebrew/lib/node_modules/appium/node_modules/@appium/base-driver/build/lib/protocol/protocol.js:430:77)
The above error is caused by
Error: Unable to resolve the launchable activity of 'com.zee5.hipi'. Original error: No activity found
    at ADB.resolveLaunchableActivity (/Users/vc.rajdeep.kumar/.appium/node_modules/appium-uiautomator2-driver/node_modules/appium-adb/build/lib/tools/app-commands.js:119:11)
    at process.processTicksAndRejections (node:internal/process/task_queues:104:5)
    at async AndroidUiautomator2Driver.getLaunchInfo (/Users/vc.rajdeep.kumar/.appium/node_modules/appium-uiautomator2-driver/node_modules/appium-android-driver/build/lib/commands/device/common.js:190:23)
    at async /Users/vc.rajdeep.kumar/.appium/node_modules/appium-uiautomator2-driver/build/lib/driver.js:382:23
2026-08-12 13:41:21 [INFO    ] conftest.py:131 — Waiting 10s before retry...
2026-08-12 13:41:31 [INFO    ] conftest.py:116 — Driver creation attempt 2/2
2026-08-12 13:41:31 [INFO    ] driver_factory.py:53 — ========== DRIVER CREATION START ==========
2026-08-12 13:41:31 [INFO    ] driver_factory.py:70 — Device: emulator | Env: qa | Platform: Android
2026-08-12 13:41:31 [INFO    ] driver_factory.py:132 — Device Name: Android Emulator
2026-08-12 13:41:31 [INFO    ] driver_factory.py:133 — UDID: emulator-5554
2026-08-12 13:41:31 [INFO    ] driver_factory.py:147 — App Package: com.zee5.hipi (noReset=true, activity not set)
2026-08-12 13:41:31 [ERROR   ] conftest.py:123 — Attempt 2 failed: Message: Unable to resolve the launchable activity of 'com.zee5.hipi'. Original error: No activity found
Stacktrace:
UnknownError: Unable to resolve the launchable activity of 'com.zee5.hipi'. Original error: No activity found
    at getResponseForW3CError (/opt/homebrew/lib/node_modules/appium/node_modules/@appium/base-driver/build/lib/protocol/errors.js:824:36)
    at asyncHandler (/opt/homebrew/lib/node_modules/appium/node_modules/@appium/base-driver/build/lib/protocol/protocol.js:430:77)
The above error is caused by
Error: Unable to resolve the launchable activity of 'com.zee5.hipi'. Original error: No activity found
    at ADB.resolveLaunchableActivity (/Users/vc.rajdeep.kumar/.appium/node_modules/appium-uiautomator2-driver/node_modules/appium-adb/build/lib/tools/app-commands.js:119:11)
    at process.processTicksAndRejections (node:internal/process/task_queues:104:5)
    at async AndroidUiautomator2Driver.getLaunchInfo (/Users/vc.rajdeep.kumar/.appium/node_modules/appium-uiautomator2-driver/node_modules/appium-android-driver/build/lib/commands/device/common.js:190:23)
    at async /Users/vc.rajdeep.kumar/.appium/node_modules/appium-uiautomator2-driver/build/lib/driver.js:382:23
2026-08-12 13:41:31 [ERROR   ] conftest.py:255 — Driver fixture setup failed: Driver creation failed after 2 attempts: Message: Unable to resolve the launchable activity of 'com.zee5.hipi'. Original error: No activity found
Stacktrace:
UnknownError: Unable to resolve the launchable activity of 'com.zee5.hipi'. Original error: No activity found
    at getResponseForW3CError (/opt/homebrew/lib/node_modules/appium/node_modules/@appium/base-driver/build/lib/protocol/errors.js:824:36)
    at asyncHandler (/opt/homebrew/lib/node_modules/appium/node_modules/@appium/base-driver/build/lib/protocol/protocol.js:430:77)
The above error is caused by
Error: Unable to resolve the launchable activity of 'com.zee5.hipi'. Original error: No activity found
    at ADB.resolveLaunchableActivity (/Users/vc.rajdeep.kumar/.appium/node_modules/appium-uiautomator2-driver/node_modules/appium-adb/build/lib/tools/app-commands.js:119:11)
    at process.processTicksAndRejections (node:internal/process/task_queues:104:5)
    at async AndroidUiautomator2Driver.getLaunchInfo (/Users/vc.rajdeep.kumar/.appium/node_modules/appium-uiautomator2-driver/node_modules/appium-android-driver/build/lib/commands/device/common.js:190:23)
    at async /Users/vc.rajdeep.kumar/.appium/node_modules/appium-uiautomator2-driver/build/lib/driver.js:382:23
2026-08-12 13:41:34 [INFO    ] conftest.py:227 — ==================================================
2026-08-12 13:41:34 [INFO    ] conftest.py:228 — DRIVER SETUP START
2026-08-12 13:41:34 [INFO    ] conftest.py:229 — ==================================================
2026-08-12 13:41:34 [INFO    ] conftest.py:116 — Driver creation attempt 1/2
2026-08-12 13:41:34 [INFO    ] driver_factory.py:53 — ========== DRIVER CREATION START ==========
2026-08-12 13:41:34 [INFO    ] driver_factory.py:70 — Device: emulator | Env: qa | Platform: Android
2026-08-12 13:41:34 [INFO    ] driver_factory.py:132 — Device Name: Android Emulator
2026-08-12 13:41:34 [INFO    ] driver_factory.py:133 — UDID: emulator-5554
2026-08-12 13:41:34 [INFO    ] driver_factory.py:147 — App Package: com.zee5.hipi (noReset=true, activity not set)
2026-08-12 13:41:34 [ERROR   ] conftest.py:123 — Attempt 1 failed: Message: Unable to resolve the launchable activity of 'com.zee5.hipi'. Original error: No activity found
Stacktrace:
UnknownError: Unable to resolve the launchable activity of 'com.zee5.hipi'. Original error: No activity found
    at getResponseForW3CError (/opt/homebrew/lib/node_modules/appium/node_modules/@appium/base-driver/build/lib/protocol/errors.js:824:36)
    at asyncHandler (/opt/homebrew/lib/node_modules/appium/node_modules/@appium/base-driver/build/lib/protocol/protocol.js:430:77)
The above error is caused by
Error: Unable to resolve the launchable activity of 'com.zee5.hipi'. Original error: No activity found
    at ADB.resolveLaunchableActivity (/Users/vc.rajdeep.kumar/.appium/node_modules/appium-uiautomator2-driver/node_modules/appium-adb/build/lib/tools/app-commands.js:119:11)
    at process.processTicksAndRejections (node:internal/process/task_queues:104:5)
    at async AndroidUiautomator2Driver.getLaunchInfo (/Users/vc.rajdeep.kumar/.appium/node_modules/appium-uiautomator2-driver/node_modules/appium-android-driver/build/lib/commands/device/common.js:190:23)
    at async /Users/vc.rajdeep.kumar/.appium/node_modules/appium-uiautomator2-driver/build/lib/driver.js:382:23
2026-08-12 13:41:34 [INFO    ] conftest.py:131 — Waiting 10s before retry...
2026-08-12 13:41:44 [INFO    ] conftest.py:116 — Driver creation attempt 2/2
2026-08-12 13:41:44 [INFO    ] driver_factory.py:53 — ========== DRIVER CREATION START ==========
2026-08-12 13:41:44 [INFO    ] driver_factory.py:70 — Device: emulator | Env: qa | Platform: Android
2026-08-12 13:41:44 [INFO    ] driver_factory.py:132 — Device Name: Android Emulator
2026-08-12 13:41:44 [INFO    ] driver_factory.py:133 — UDID: emulator-5554
2026-08-12 13:41:44 [INFO    ] driver_factory.py:147 — App Package: com.zee5.hipi (noReset=true, activity not set)
2026-08-12 13:41:45 [ERROR   ] conftest.py:123 — Attempt 2 failed: Message: Unable to resolve the launchable activity of 'com.zee5.hipi'. Original error: No activity found
Stacktrace:
UnknownError: Unable to resolve the launchable activity of 'com.zee5.hipi'. Original error: No activity found
    at getResponseForW3CError (/opt/homebrew/lib/node_modules/appium/node_modules/@appium/base-driver/build/lib/protocol/errors.js:824:36)
    at asyncHandler (/opt/homebrew/lib/node_modules/appium/node_modules/@appium/base-driver/build/lib/protocol/protocol.js:430:77)
The above error is caused by
Error: Unable to resolve the launchable activity of 'com.zee5.hipi'. Original error: No activity found
    at ADB.resolveLaunchableActivity (/Users/vc.rajdeep.kumar/.appium/node_modules/appium-uiautomator2-driver/node_modules/appium-adb/build/lib/tools/app-commands.js:119:11)
    at process.processTicksAndRejections (node:internal/process/task_queues:104:5)
    at async AndroidUiautomator2Driver.getLaunchInfo (/Users/vc.rajdeep.kumar/.appium/node_modules/appium-uiautomator2-driver/node_modules/appium-android-driver/build/lib/commands/device/common.js:190:23)
    at async /Users/vc.rajdeep.kumar/.appium/node_modules/appium-uiautomator2-driver/build/lib/driver.js:382:23
2026-08-12 13:41:45 [ERROR   ] conftest.py:255 — Driver fixture setup failed: Driver creation failed after 2 attempts: Message: Unable to resolve the launchable activity of 'com.zee5.hipi'. Original error: No activity found
Stacktrace:
UnknownError: Unable to resolve the launchable activity of 'com.zee5.hipi'. Original error: No activity found
    at getResponseForW3CError (/opt/homebrew/lib/node_modules/appium/node_modules/@appium/base-driver/build/lib/protocol/errors.js:824:36)
    at asyncHandler (/opt/homebrew/lib/node_modules/appium/node_modules/@appium/base-driver/build/lib/protocol/protocol.js:430:77)
The above error is caused by
Error: Unable to resolve the launchable activity of 'com.zee5.hipi'. Original error: No activity found
    at ADB.resolveLaunchableActivity (/Users/vc.rajdeep.kumar/.appium/node_modules/appium-uiautomator2-driver/node_modules/appium-adb/build/lib/tools/app-commands.js:119:11)
    at process.processTicksAndRejections (node:internal/process/task_queues:104:5)
    at async AndroidUiautomator2Driver.getLaunchInfo (/Users/vc.rajdeep.kumar/.appium/node_modules/appium-uiautomator2-driver/node_modules/appium-android-driver/build/lib/commands/device/common.js:190:23)
    at async /Users/vc.rajdeep.kumar/.appium/node_modules/appium-uiautomator2-driver/build/lib/driver.js:382:23
2026-08-12 13:41:45 [INFO    ] conftest.py:227 — ==================================================
2026-08-12 13:41:45 [INFO    ] conftest.py:228 — DRIVER SETUP START
2026-08-12 13:41:45 [INFO    ] conftest.py:229 — ==================================================
2026-08-12 13:41:45 [INFO    ] conftest.py:116 — Driver creation attempt 1/2
2026-08-12 13:41:45 [INFO    ] driver_factory.py:53 — ========== DRIVER CREATION START ==========
2026-08-12 13:41:45 [INFO    ] driver_factory.py:70 — Device: emulator | Env: qa | Platform: Android
2026-08-12 13:41:45 [INFO    ] driver_factory.py:132 — Device Name: Android Emulator
2026-08-12 13:41:45 [INFO    ] driver_factory.py:133 — UDID: emulator-5554
2026-08-12 13:41:45 [INFO    ] driver_factory.py:147 — App Package: com.zee5.hipi (noReset=true, activity not set)
2026-08-12 13:41:46 [ERROR   ] conftest.py:123 — Attempt 1 failed: Message: Unable to resolve the launchable activity of 'com.zee5.hipi'. Original error: No activity found
Stacktrace:
UnknownError: Unable to resolve the launchable activity of 'com.zee5.hipi'. Original error: No activity found
    at getResponseForW3CError (/opt/homebrew/lib/node_modules/appium/node_modules/@appium/base-driver/build/lib/protocol/errors.js:824:36)
    at asyncHandler (/opt/homebrew/lib/node_modules/appium/node_modules/@appium/base-driver/build/lib/protocol/protocol.js:430:77)
The above error is caused by
Error: Unable to resolve the launchable activity of 'com.zee5.hipi'. Original error: No activity found
    at ADB.resolveLaunchableActivity (/Users/vc.rajdeep.kumar/.appium/node_modules/appium-uiautomator2-driver/node_modules/appium-adb/build/lib/tools/app-commands.js:119:11)
    at async AndroidUiautomator2Driver.getLaunchInfo (/Users/vc.rajdeep.kumar/.appium/node_modules/appium-uiautomator2-driver/node_modules/appium-android-driver/build/lib/commands/device/common.js:190:23)
    at async /Users/vc.rajdeep.kumar/.appium/node_modules/appium-uiautomator2-driver/build/lib/driver.js:382:23
2026-08-12 13:41:46 [INFO    ] conftest.py:131 — Waiting 10s before retry...
2026-08-12 13:41:56 [INFO    ] conftest.py:116 — Driver creation attempt 2/2
2026-08-12 13:41:56 [INFO    ] driver_factory.py:53 — ========== DRIVER CREATION START ==========
2026-08-12 13:41:56 [INFO    ] driver_factory.py:70 — Device: emulator | Env: qa | Platform: Android
2026-08-12 13:41:56 [INFO    ] driver_factory.py:132 — Device Name: Android Emulator
2026-08-12 13:41:56 [INFO    ] driver_factory.py:133 — UDID: emulator-5554
2026-08-12 13:41:56 [INFO    ] driver_factory.py:147 — App Package: com.zee5.hipi (noReset=true, activity not set)
2026-08-12 13:41:56 [ERROR   ] conftest.py:123 — Attempt 2 failed: Message: Unable to resolve the launchable activity of 'com.zee5.hipi'. Original error: No activity found
Stacktrace:
UnknownError: Unable to resolve the launchable activity of 'com.zee5.hipi'. Original error: No activity found
    at getResponseForW3CError (/opt/homebrew/lib/node_modules/appium/node_modules/@appium/base-driver/build/lib/protocol/errors.js:824:36)
    at asyncHandler (/opt/homebrew/lib/node_modules/appium/node_modules/@appium/base-driver/build/lib/protocol/protocol.js:430:77)
The above error is caused by
Error: Unable to resolve the launchable activity of 'com.zee5.hipi'. Original error: No activity found
    at ADB.resolveLaunchableActivity (/Users/vc.rajdeep.kumar/.appium/node_modules/appium-uiautomator2-driver/node_modules/appium-adb/build/lib/tools/app-commands.js:119:11)
    at async AndroidUiautomator2Driver.getLaunchInfo (/Users/vc.rajdeep.kumar/.appium/node_modules/appium-uiautomator2-driver/node_modules/appium-android-driver/build/lib/commands/device/common.js:190:23)
    at async /Users/vc.rajdeep.kumar/.appium/node_modules/appium-uiautomator2-driver/build/lib/driver.js:382:23
2026-08-12 13:41:56 [ERROR   ] conftest.py:255 — Driver fixture setup failed: Driver creation failed after 2 attempts: Message: Unable to resolve the launchable activity of 'com.zee5.hipi'. Original error: No activity found
Stacktrace:
UnknownError: Unable to resolve the launchable activity of 'com.zee5.hipi'. Original error: No activity found
    at getResponseForW3CError (/opt/homebrew/lib/node_modules/appium/node_modules/@appium/base-driver/build/lib/protocol/errors.js:824:36)
    at asyncHandler (/opt/homebrew/lib/node_modules/appium/node_modules/@appium/base-driver/build/lib/protocol/protocol.js:430:77)
The above error is caused by
Error: Unable to resolve the launchable activity of 'com.zee5.hipi'. Original error: No activity found
    at ADB.resolveLaunchableActivity (/Users/vc.rajdeep.kumar/.appium/node_modules/appium-uiautomator2-driver/node_modules/appium-adb/build/lib/tools/app-commands.js:119:11)
    at async AndroidUiautomator2Driver.getLaunchInfo (/Users/vc.rajdeep.kumar/.appium/node_modules/appium-uiautomator2-driver/node_modules/appium-android-driver/build/lib/commands/device/common.js:190:23)
    at async /Users/vc.rajdeep.kumar/.appium/node_modules/appium-uiautomator2-driver/build/lib/driver.js:382:23
2026-08-12 13:41:59 [INFO    ] conftest.py:227 — ==================================================
2026-08-12 13:41:59 [INFO    ] conftest.py:228 — DRIVER SETUP START
2026-08-12 13:41:59 [INFO    ] conftest.py:229 — ==================================================
2026-08-12 13:41:59 [INFO    ] conftest.py:116 — Driver creation attempt 1/2
2026-08-12 13:41:59 [INFO    ] driver_factory.py:53 — ========== DRIVER CREATION START ==========
2026-08-12 13:41:59 [INFO    ] driver_factory.py:70 — Device: emulator | Env: qa | Platform: Android
2026-08-12 13:41:59 [INFO    ] driver_factory.py:132 — Device Name: Android Emulator
2026-08-12 13:41:59 [INFO    ] driver_factory.py:133 — UDID: emulator-5554
2026-08-12 13:41:59 [INFO    ] driver_factory.py:147 — App Package: com.zee5.hipi (noReset=true, activity not set)
2026-08-12 13:42:00 [ERROR   ] conftest.py:123 — Attempt 1 failed: Message: Unable to resolve the launchable activity of 'com.zee5.hipi'. Original error: No activity found
Stacktrace:
UnknownError: Unable to resolve the launchable activity of 'com.zee5.hipi'. Original error: No activity found
    at getResponseForW3CError (/opt/homebrew/lib/node_modules/appium/node_modules/@appium/base-driver/build/lib/protocol/errors.js:824:36)
    at asyncHandler (/opt/homebrew/lib/node_modules/appium/node_modules/@appium/base-driver/build/lib/protocol/protocol.js:430:77)
The above error is caused by
Error: Unable to resolve the launchable activity of 'com.zee5.hipi'. Original error: No activity found
    at ADB.resolveLaunchableActivity (/Users/vc.rajdeep.kumar/.appium/node_modules/appium-uiautomator2-driver/node_modules/appium-adb/build/lib/tools/app-commands.js:119:11)
    at process.processTicksAndRejections (node:internal/process/task_queues:104:5)
    at async AndroidUiautomator2Driver.getLaunchInfo (/Users/vc.rajdeep.kumar/.appium/node_modules/appium-uiautomator2-driver/node_modules/appium-android-driver/build/lib/commands/device/common.js:190:23)
    at async /Users/vc.rajdeep.kumar/.appium/node_modules/appium-uiautomator2-driver/build/lib/driver.js:382:23
2026-08-12 13:42:00 [INFO    ] conftest.py:131 — Waiting 10s before retry...
2026-08-12 13:42:10 [INFO    ] conftest.py:116 — Driver creation attempt 2/2
2026-08-12 13:42:10 [INFO    ] driver_factory.py:53 — ========== DRIVER CREATION START ==========
2026-08-12 13:42:10 [INFO    ] driver_factory.py:70 — Device: emulator | Env: qa | Platform: Android
2026-08-12 13:42:10 [INFO    ] driver_factory.py:132 — Device Name: Android Emulator
2026-08-12 13:42:10 [INFO    ] driver_factory.py:133 — UDID: emulator-5554
2026-08-12 13:42:10 [INFO    ] driver_factory.py:147 — App Package: com.zee5.hipi (noReset=true, activity not set)
2026-08-12 13:42:10 [ERROR   ] conftest.py:123 — Attempt 2 failed: Message: Unable to resolve the launchable activity of 'com.zee5.hipi'. Original error: No activity found
Stacktrace:
UnknownError: Unable to resolve the launchable activity of 'com.zee5.hipi'. Original error: No activity found
    at getResponseForW3CError (/opt/homebrew/lib/node_modules/appium/node_modules/@appium/base-driver/build/lib/protocol/errors.js:824:36)
    at asyncHandler (/opt/homebrew/lib/node_modules/appium/node_modules/@appium/base-driver/build/lib/protocol/protocol.js:430:77)
The above error is caused by
Error: Unable to resolve the launchable activity of 'com.zee5.hipi'. Original error: No activity found
    at ADB.resolveLaunchableActivity (/Users/vc.rajdeep.kumar/.appium/node_modules/appium-uiautomator2-driver/node_modules/appium-adb/build/lib/tools/app-commands.js:119:11)
    at process.processTicksAndRejections (node:internal/process/task_queues:104:5)
    at async AndroidUiautomator2Driver.getLaunchInfo (/Users/vc.rajdeep.kumar/.appium/node_modules/appium-uiautomator2-driver/node_modules/appium-android-driver/build/lib/commands/device/common.js:190:23)
    at async /Users/vc.rajdeep.kumar/.appium/node_modules/appium-uiautomator2-driver/build/lib/driver.js:382:23
2026-08-12 13:42:10 [ERROR   ] conftest.py:255 — Driver fixture setup failed: Driver creation failed after 2 attempts: Message: Unable to resolve the launchable activity of 'com.zee5.hipi'. Original error: No activity found
Stacktrace:
UnknownError: Unable to resolve the launchable activity of 'com.zee5.hipi'. Original error: No activity found
    at getResponseForW3CError (/opt/homebrew/lib/node_modules/appium/node_modules/@appium/base-driver/build/lib/protocol/errors.js:824:36)
    at asyncHandler (/opt/homebrew/lib/node_modules/appium/node_modules/@appium/base-driver/build/lib/protocol/protocol.js:430:77)
The above error is caused by
Error: Unable to resolve the launchable activity of 'com.zee5.hipi'. Original error: No activity found
    at ADB.resolveLaunchableActivity (/Users/vc.rajdeep.kumar/.appium/node_modules/appium-uiautomator2-driver/node_modules/appium-adb/build/lib/tools/app-commands.js:119:11)
    at process.processTicksAndRejections (node:internal/process/task_queues:104:5)
    at async AndroidUiautomator2Driver.getLaunchInfo (/Users/vc.rajdeep.kumar/.appium/node_modules/appium-uiautomator2-driver/node_modules/appium-android-driver/build/lib/commands/device/common.js:190:23)
    at async /Users/vc.rajdeep.kumar/.appium/node_modules/appium-uiautomator2-driver/build/lib/driver.js:382:23
2026-08-12 13:42:10 [INFO    ] conftest.py:227 — ==================================================
2026-08-12 13:42:10 [INFO    ] conftest.py:228 — DRIVER SETUP START
2026-08-12 13:42:10 [INFO    ] conftest.py:229 — ==================================================
2026-08-12 13:42:10 [INFO    ] conftest.py:116 — Driver creation attempt 1/2
2026-08-12 13:42:10 [INFO    ] driver_factory.py:53 — ========== DRIVER CREATION START ==========
2026-08-12 13:42:10 [INFO    ] driver_factory.py:70 — Device: emulator | Env: qa | Platform: Android
2026-08-12 13:42:10 [INFO    ] driver_factory.py:132 — Device Name: Android Emulator
2026-08-12 13:42:10 [INFO    ] driver_factory.py:133 — UDID: emulator-5554
2026-08-12 13:42:10 [INFO    ] driver_factory.py:147 — App Package: com.zee5.hipi (noReset=true, activity not set)
2026-08-12 13:42:10 [ERROR   ] conftest.py:123 — Attempt 1 failed: Message: Unable to resolve the launchable activity of 'com.zee5.hipi'. Original error: No activity found
Stacktrace:
UnknownError: Unable to resolve the launchable activity of 'com.zee5.hipi'. Original error: No activity found
    at getResponseForW3CError (/opt/homebrew/lib/node_modules/appium/node_modules/@appium/base-driver/build/lib/protocol/errors.js:824:36)
    at asyncHandler (/opt/homebrew/lib/node_modules/appium/node_modules/@appium/base-driver/build/lib/protocol/protocol.js:430:77)
The above error is caused by
Error: Unable to resolve the launchable activity of 'com.zee5.hipi'. Original error: No activity found
    at ADB.resolveLaunchableActivity (/Users/vc.rajdeep.kumar/.appium/node_modules/appium-uiautomator2-driver/node_modules/appium-adb/build/lib/tools/app-commands.js:119:11)
    at process.processTicksAndRejections (node:internal/process/task_queues:104:5)
    at async AndroidUiautomator2Driver.getLaunchInfo (/Users/vc.rajdeep.kumar/.appium/node_modules/appium-uiautomator2-driver/node_modules/appium-android-driver/build/lib/commands/device/common.js:190:23)
    at async /Users/vc.rajdeep.kumar/.appium/node_modules/appium-uiautomator2-driver/build/lib/driver.js:382:23
2026-08-12 13:42:10 [INFO    ] conftest.py:131 — Waiting 10s before retry...
2026-08-12 13:42:20 [INFO    ] conftest.py:116 — Driver creation attempt 2/2
2026-08-12 13:42:20 [INFO    ] driver_factory.py:53 — ========== DRIVER CREATION START ==========
2026-08-12 13:42:20 [INFO    ] driver_factory.py:70 — Device: emulator | Env: qa | Platform: Android
2026-08-12 13:42:20 [INFO    ] driver_factory.py:132 — Device Name: Android Emulator
2026-08-12 13:42:20 [INFO    ] driver_factory.py:133 — UDID: emulator-5554
2026-08-12 13:42:20 [INFO    ] driver_factory.py:147 — App Package: com.zee5.hipi (noReset=true, activity not set)
