2026-08-12 13:24:13 [INFO    ] conftest.py:363 — ==================================================
2026-08-12 13:24:13 [INFO    ] conftest.py:364 — PYTEST SESSION START
2026-08-12 13:24:13 [INFO    ] conftest.py:365 — ==================================================
2026-08-12 13:24:13 [INFO    ] conftest.py:227 — ==================================================
2026-08-12 13:24:13 [INFO    ] conftest.py:228 — DRIVER SETUP START
2026-08-12 13:24:13 [INFO    ] conftest.py:229 — ==================================================
2026-08-12 13:24:13 [INFO    ] conftest.py:116 — Driver creation attempt 1/2
2026-08-12 13:24:13 [INFO    ] driver_factory.py:53 — ========== DRIVER CREATION START ==========
2026-08-12 13:24:13 [INFO    ] driver_factory.py:70 — Device: emulator | Env: qa | Platform: Android
2026-08-12 13:24:13 [INFO    ] driver_factory.py:132 — Device Name: Android Emulator
2026-08-12 13:24:13 [INFO    ] driver_factory.py:133 — UDID: emulator-5554
2026-08-12 13:24:13 [INFO    ] driver_factory.py:140 — App Package: com.zee5.hipi
2026-08-12 13:24:13 [INFO    ] driver_factory.py:141 — App Activity: com.creatoreconomy.MainActivity
2026-08-12 13:24:14 [ERROR   ] conftest.py:123 — Attempt 1 failed: Message: Either provide 'app' option to install 'com.zee5.hipi' or consider setting 'noReset' to 'true' if 'com.zee5.hipi' is supposed to be preinstalled.
Stacktrace:
UnknownError: Either provide 'app' option to install 'com.zee5.hipi' or consider setting 'noReset' to 'true' if 'com.zee5.hipi' is supposed to be preinstalled.
    at getResponseForW3CError (/opt/homebrew/lib/node_modules/appium/node_modules/@appium/base-driver/build/lib/protocol/errors.js:824:36)
    at asyncHandler (/opt/homebrew/lib/node_modules/appium/node_modules/@appium/base-driver/build/lib/protocol/protocol.js:430:77)
The above error is caused by
Error: Either provide 'app' option to install 'com.zee5.hipi' or consider setting 'noReset' to 'true' if 'com.zee5.hipi' is supposed to be preinstalled.
    at AndroidUiautomator2Driver.resetAUT (/Users/vc.rajdeep.kumar/.appium/node_modules/appium-uiautomator2-driver/node_modules/appium-android-driver/build/lib/commands/app-management.js:438:15)
    at process.processTicksAndRejections (node:internal/process/task_queues:104:5)
    at async AndroidUiautomator2Driver.initAUT (/Users/vc.rajdeep.kumar/.appium/node_modules/appium-uiautomator2-driver/build/lib/driver.js:571:17)
2026-08-12 13:24:14 [INFO    ] conftest.py:131 — Waiting 10s before retry...
2026-08-12 13:24:24 [INFO    ] conftest.py:116 — Driver creation attempt 2/2
2026-08-12 13:24:24 [INFO    ] driver_factory.py:53 — ========== DRIVER CREATION START ==========
2026-08-12 13:24:24 [INFO    ] driver_factory.py:70 — Device: emulator | Env: qa | Platform: Android
2026-08-12 13:24:24 [INFO    ] driver_factory.py:132 — Device Name: Android Emulator
2026-08-12 13:24:24 [INFO    ] driver_factory.py:133 — UDID: emulator-5554
2026-08-12 13:24:24 [INFO    ] driver_factory.py:140 — App Package: com.zee5.hipi
2026-08-12 13:24:24 [INFO    ] driver_factory.py:141 — App Activity: com.creatoreconomy.MainActivity
2026-08-12 13:24:24 [ERROR   ] conftest.py:123 — Attempt 2 failed: Message: Either provide 'app' option to install 'com.zee5.hipi' or consider setting 'noReset' to 'true' if 'com.zee5.hipi' is supposed to be preinstalled.
Stacktrace:
UnknownError: Either provide 'app' option to install 'com.zee5.hipi' or consider setting 'noReset' to 'true' if 'com.zee5.hipi' is supposed to be preinstalled.
    at getResponseForW3CError (/opt/homebrew/lib/node_modules/appium/node_modules/@appium/base-driver/build/lib/protocol/errors.js:824:36)
    at asyncHandler (/opt/homebrew/lib/node_modules/appium/node_modules/@appium/base-driver/build/lib/protocol/protocol.js:430:77)
The above error is caused by
Error: Either provide 'app' option to install 'com.zee5.hipi' or consider setting 'noReset' to 'true' if 'com.zee5.hipi' is supposed to be preinstalled.
    at AndroidUiautomator2Driver.resetAUT (/Users/vc.rajdeep.kumar/.appium/node_modules/appium-uiautomator2-driver/node_modules/appium-android-driver/build/lib/commands/app-management.js:438:15)
    at async AndroidUiautomator2Driver.initAUT (/Users/vc.rajdeep.kumar/.appium/node_modules/appium-uiautomator2-driver/build/lib/driver.js:571:17)
2026-08-12 13:24:24 [ERROR   ] conftest.py:255 — Driver fixture setup failed: Driver creation failed after 2 attempts: Message: Either provide 'app' option to install 'com.zee5.hipi' or consider setting 'noReset' to 'true' if 'com.zee5.hipi' is supposed to be preinstalled.
Stacktrace:
UnknownError: Either provide 'app' option to install 'com.zee5.hipi' or consider setting 'noReset' to 'true' if 'com.zee5.hipi' is supposed to be preinstalled.
    at getResponseForW3CError (/opt/homebrew/lib/node_modules/appium/node_modules/@appium/base-driver/build/lib/protocol/errors.js:824:36)
    at asyncHandler (/opt/homebrew/lib/node_modules/appium/node_modules/@appium/base-driver/build/lib/protocol/protocol.js:430:77)
The above error is caused by
Error: Either provide 'app' option to install 'com.zee5.hipi' or consider setting 'noReset' to 'true' if 'com.zee5.hipi' is supposed to be preinstalled.
    at AndroidUiautomator2Driver.resetAUT (/Users/vc.rajdeep.kumar/.appium/node_modules/appium-uiautomator2-driver/node_modules/appium-android-driver/build/lib/commands/app-management.js:438:15)
    at async AndroidUiautomator2Driver.initAUT (/Users/vc.rajdeep.kumar/.appium/node_modules/appium-uiautomator2-driver/build/lib/driver.js:571:17)
2026-08-12 13:24:27 [INFO    ] conftest.py:227 — ==================================================
2026-08-12 13:24:27 [INFO    ] conftest.py:228 — DRIVER SETUP START
2026-08-12 13:24:27 [INFO    ] conftest.py:229 — ==================================================
2026-08-12 13:24:27 [INFO    ] conftest.py:116 — Driver creation attempt 1/2
2026-08-12 13:24:27 [INFO    ] driver_factory.py:53 — ========== DRIVER CREATION START ==========
2026-08-12 13:24:27 [INFO    ] driver_factory.py:70 — Device: emulator | Env: qa | Platform: Android
2026-08-12 13:24:27 [INFO    ] driver_factory.py:132 — Device Name: Android Emulator
2026-08-12 13:24:27 [INFO    ] driver_factory.py:133 — UDID: emulator-5554
2026-08-12 13:24:27 [INFO    ] driver_factory.py:140 — App Package: com.zee5.hipi
2026-08-12 13:24:27 [INFO    ] driver_factory.py:141 — App Activity: com.creatoreconomy.MainActivity
2026-08-12 13:24:28 [ERROR   ] conftest.py:123 — Attempt 1 failed: Message: Either provide 'app' option to install 'com.zee5.hipi' or consider setting 'noReset' to 'true' if 'com.zee5.hipi' is supposed to be preinstalled.
Stacktrace:
UnknownError: Either provide 'app' option to install 'com.zee5.hipi' or consider setting 'noReset' to 'true' if 'com.zee5.hipi' is supposed to be preinstalled.
    at getResponseForW3CError (/opt/homebrew/lib/node_modules/appium/node_modules/@appium/base-driver/build/lib/protocol/errors.js:824:36)
    at asyncHandler (/opt/homebrew/lib/node_modules/appium/node_modules/@appium/base-driver/build/lib/protocol/protocol.js:430:77)
The above error is caused by
Error: Either provide 'app' option to install 'com.zee5.hipi' or consider setting 'noReset' to 'true' if 'com.zee5.hipi' is supposed to be preinstalled.
    at AndroidUiautomator2Driver.resetAUT (/Users/vc.rajdeep.kumar/.appium/node_modules/appium-uiautomator2-driver/node_modules/appium-android-driver/build/lib/commands/app-management.js:438:15)
    at process.processTicksAndRejections (node:internal/process/task_queues:104:5)
    at async AndroidUiautomator2Driver.initAUT (/Users/vc.rajdeep.kumar/.appium/node_modules/appium-uiautomator2-driver/build/lib/driver.js:571:17)
2026-08-12 13:24:28 [INFO    ] conftest.py:131 — Waiting 10s before retry...
2026-08-12 13:24:38 [INFO    ] conftest.py:116 — Driver creation attempt 2/2
2026-08-12 13:24:38 [INFO    ] driver_factory.py:53 — ========== DRIVER CREATION START ==========
2026-08-12 13:24:38 [INFO    ] driver_factory.py:70 — Device: emulator | Env: qa | Platform: Android
2026-08-12 13:24:38 [INFO    ] driver_factory.py:132 — Device Name: Android Emulator
2026-08-12 13:24:38 [INFO    ] driver_factory.py:133 — UDID: emulator-5554
2026-08-12 13:24:38 [INFO    ] driver_factory.py:140 — App Package: com.zee5.hipi
2026-08-12 13:24:38 [INFO    ] driver_factory.py:141 — App Activity: com.creatoreconomy.MainActivity
2026-08-12 13:24:39 [ERROR   ] conftest.py:123 — Attempt 2 failed: Message: Either provide 'app' option to install 'com.zee5.hipi' or consider setting 'noReset' to 'true' if 'com.zee5.hipi' is supposed to be preinstalled.
Stacktrace:
UnknownError: Either provide 'app' option to install 'com.zee5.hipi' or consider setting 'noReset' to 'true' if 'com.zee5.hipi' is supposed to be preinstalled.
    at getResponseForW3CError (/opt/homebrew/lib/node_modules/appium/node_modules/@appium/base-driver/build/lib/protocol/errors.js:824:36)
    at asyncHandler (/opt/homebrew/lib/node_modules/appium/node_modules/@appium/base-driver/build/lib/protocol/protocol.js:430:77)
The above error is caused by
Error: Either provide 'app' option to install 'com.zee5.hipi' or consider setting 'noReset' to 'true' if 'com.zee5.hipi' is supposed to be preinstalled.
    at AndroidUiautomator2Driver.resetAUT (/Users/vc.rajdeep.kumar/.appium/node_modules/appium-uiautomator2-driver/node_modules/appium-android-driver/build/lib/commands/app-management.js:438:15)
    at async AndroidUiautomator2Driver.initAUT (/Users/vc.rajdeep.kumar/.appium/node_modules/appium-uiautomator2-driver/build/lib/driver.js:571:17)
2026-08-12 13:24:39 [ERROR   ] conftest.py:255 — Driver fixture setup failed: Driver creation failed after 2 attempts: Message: Either provide 'app' option to install 'com.zee5.hipi' or consider setting 'noReset' to 'true' if 'com.zee5.hipi' is supposed to be preinstalled.
Stacktrace:
UnknownError: Either provide 'app' option to install 'com.zee5.hipi' or consider setting 'noReset' to 'true' if 'com.zee5.hipi' is supposed to be preinstalled.
    at getResponseForW3CError (/opt/homebrew/lib/node_modules/appium/node_modules/@appium/base-driver/build/lib/protocol/errors.js:824:36)
    at asyncHandler (/opt/homebrew/lib/node_modules/appium/node_modules/@appium/base-driver/build/lib/protocol/protocol.js:430:77)
The above error is caused by
Error: Either provide 'app' option to install 'com.zee5.hipi' or consider setting 'noReset' to 'true' if 'com.zee5.hipi' is supposed to be preinstalled.
    at AndroidUiautomator2Driver.resetAUT (/Users/vc.rajdeep.kumar/.appium/node_modules/appium-uiautomator2-driver/node_modules/appium-android-driver/build/lib/commands/app-management.js:438:15)
    at async AndroidUiautomator2Driver.initAUT (/Users/vc.rajdeep.kumar/.appium/node_modules/appium-uiautomator2-driver/build/lib/driver.js:571:17)
2026-08-12 13:24:39 [INFO    ] conftest.py:227 — ==================================================
2026-08-12 13:24:39 [INFO    ] conftest.py:228 — DRIVER SETUP START
2026-08-12 13:24:39 [INFO    ] conftest.py:229 — ==================================================
2026-08-12 13:24:39 [INFO    ] conftest.py:116 — Driver creation attempt 1/2
2026-08-12 13:24:39 [INFO    ] driver_factory.py:53 — ========== DRIVER CREATION START ==========
2026-08-12 13:24:39 [INFO    ] driver_factory.py:70 — Device: emulator | Env: qa | Platform: Android
2026-08-12 13:24:39 [INFO    ] driver_factory.py:132 — Device Name: Android Emulator
2026-08-12 13:24:39 [INFO    ] driver_factory.py:133 — UDID: emulator-5554
2026-08-12 13:24:39 [INFO    ] driver_factory.py:140 — App Package: com.zee5.hipi
2026-08-12 13:24:39 [INFO    ] driver_factory.py:141 — App Activity: com.creatoreconomy.MainActivity
2026-08-12 13:24:39 [ERROR   ] conftest.py:123 — Attempt 1 failed: Message: Either provide 'app' option to install 'com.zee5.hipi' or consider setting 'noReset' to 'true' if 'com.zee5.hipi' is supposed to be preinstalled.
Stacktrace:
UnknownError: Either provide 'app' option to install 'com.zee5.hipi' or consider setting 'noReset' to 'true' if 'com.zee5.hipi' is supposed to be preinstalled.
    at getResponseForW3CError (/opt/homebrew/lib/node_modules/appium/node_modules/@appium/base-driver/build/lib/protocol/errors.js:824:36)
    at asyncHandler (/opt/homebrew/lib/node_modules/appium/node_modules/@appium/base-driver/build/lib/protocol/protocol.js:430:77)
The above error is caused by
Error: Either provide 'app' option to install 'com.zee5.hipi' or consider setting 'noReset' to 'true' if 'com.zee5.hipi' is supposed to be preinstalled.
    at AndroidUiautomator2Driver.resetAUT (/Users/vc.rajdeep.kumar/.appium/node_modules/appium-uiautomator2-driver/node_modules/appium-android-driver/build/lib/commands/app-management.js:438:15)
    at async AndroidUiautomator2Driver.initAUT (/Users/vc.rajdeep.kumar/.appium/node_modules/appium-uiautomator2-driver/build/lib/driver.js:571:17)
2026-08-12 13:24:39 [INFO    ] conftest.py:131 — Waiting 10s before retry...
2026-08-12 13:24:49 [INFO    ] conftest.py:116 — Driver creation attempt 2/2
2026-08-12 13:24:49 [INFO    ] driver_factory.py:53 — ========== DRIVER CREATION START ==========
2026-08-12 13:24:49 [INFO    ] driver_factory.py:70 — Device: emulator | Env: qa | Platform: Android
2026-08-12 13:24:49 [INFO    ] driver_factory.py:132 — Device Name: Android Emulator
2026-08-12 13:24:49 [INFO    ] driver_factory.py:133 — UDID: emulator-5554
2026-08-12 13:24:49 [INFO    ] driver_factory.py:140 — App Package: com.zee5.hipi
2026-08-12 13:24:49 [INFO    ] driver_factory.py:141 — App Activity: com.creatoreconomy.MainActivity
2026-08-12 13:24:50 [ERROR   ] conftest.py:123 — Attempt 2 failed: Message: Either provide 'app' option to install 'com.zee5.hipi' or consider setting 'noReset' to 'true' if 'com.zee5.hipi' is supposed to be preinstalled.
Stacktrace:
UnknownError: Either provide 'app' option to install 'com.zee5.hipi' or consider setting 'noReset' to 'true' if 'com.zee5.hipi' is supposed to be preinstalled.
    at getResponseForW3CError (/opt/homebrew/lib/node_modules/appium/node_modules/@appium/base-driver/build/lib/protocol/errors.js:824:36)
    at asyncHandler (/opt/homebrew/lib/node_modules/appium/node_modules/@appium/base-driver/build/lib/protocol/protocol.js:430:77)
The above error is caused by
Error: Either provide 'app' option to install 'com.zee5.hipi' or consider setting 'noReset' to 'true' if 'com.zee5.hipi' is supposed to be preinstalled.
    at AndroidUiautomator2Driver.resetAUT (/Users/vc.rajdeep.kumar/.appium/node_modules/appium-uiautomator2-driver/node_modules/appium-android-driver/build/lib/commands/app-management.js:438:15)
    at async AndroidUiautomator2Driver.initAUT (/Users/vc.rajdeep.kumar/.appium/node_modules/appium-uiautomator2-driver/build/lib/driver.js:571:17)
2026-08-12 13:24:50 [ERROR   ] conftest.py:255 — Driver fixture setup failed: Driver creation failed after 2 attempts: Message: Either provide 'app' option to install 'com.zee5.hipi' or consider setting 'noReset' to 'true' if 'com.zee5.hipi' is supposed to be preinstalled.
Stacktrace:
UnknownError: Either provide 'app' option to install 'com.zee5.hipi' or consider setting 'noReset' to 'true' if 'com.zee5.hipi' is supposed to be preinstalled.
    at getResponseForW3CError (/opt/homebrew/lib/node_modules/appium/node_modules/@appium/base-driver/build/lib/protocol/errors.js:824:36)
    at asyncHandler (/opt/homebrew/lib/node_modules/appium/node_modules/@appium/base-driver/build/lib/protocol/protocol.js:430:77)
The above error is caused by
Error: Either provide 'app' option to install 'com.zee5.hipi' or consider setting 'noReset' to 'true' if 'com.zee5.hipi' is supposed to be preinstalled.
    at AndroidUiautomator2Driver.resetAUT (/Users/vc.rajdeep.kumar/.appium/node_modules/appium-uiautomator2-driver/node_modules/appium-android-driver/build/lib/commands/app-management.js:438:15)
    at async AndroidUiautomator2Driver.initAUT (/Users/vc.rajdeep.kumar/.appium/node_modules/appium-uiautomator2-driver/build/lib/driver.js:571:17)
2026-08-12 13:24:53 [INFO    ] conftest.py:227 — ==================================================
2026-08-12 13:24:53 [INFO    ] conftest.py:228 — DRIVER SETUP START
2026-08-12 13:24:53 [INFO    ] conftest.py:229 — ==================================================
2026-08-12 13:24:53 [INFO    ] conftest.py:116 — Driver creation attempt 1/2
2026-08-12 13:24:53 [INFO    ] driver_factory.py:53 — ========== DRIVER CREATION START ==========
2026-08-12 13:24:53 [INFO    ] driver_factory.py:70 — Device: emulator | Env: qa | Platform: Android
2026-08-12 13:24:53 [INFO    ] driver_factory.py:132 — Device Name: Android Emulator
2026-08-12 13:24:53 [INFO    ] driver_factory.py:133 — UDID: emulator-5554
2026-08-12 13:24:53 [INFO    ] driver_factory.py:140 — App Package: com.zee5.hipi
2026-08-12 13:24:53 [INFO    ] driver_factory.py:141 — App Activity: com.creatoreconomy.MainActivity
2026-08-12 13:24:54 [ERROR   ] conftest.py:123 — Attempt 1 failed: Message: Either provide 'app' option to install 'com.zee5.hipi' or consider setting 'noReset' to 'true' if 'com.zee5.hipi' is supposed to be preinstalled.
Stacktrace:
UnknownError: Either provide 'app' option to install 'com.zee5.hipi' or consider setting 'noReset' to 'true' if 'com.zee5.hipi' is supposed to be preinstalled.
    at getResponseForW3CError (/opt/homebrew/lib/node_modules/appium/node_modules/@appium/base-driver/build/lib/protocol/errors.js:824:36)
    at asyncHandler (/opt/homebrew/lib/node_modules/appium/node_modules/@appium/base-driver/build/lib/protocol/protocol.js:430:77)
The above error is caused by
Error: Either provide 'app' option to install 'com.zee5.hipi' or consider setting 'noReset' to 'true' if 'com.zee5.hipi' is supposed to be preinstalled.
    at AndroidUiautomator2Driver.resetAUT (/Users/vc.rajdeep.kumar/.appium/node_modules/appium-uiautomator2-driver/node_modules/appium-android-driver/build/lib/commands/app-management.js:438:15)
    at async AndroidUiautomator2Driver.initAUT (/Users/vc.rajdeep.kumar/.appium/node_modules/appium-uiautomator2-driver/build/lib/driver.js:571:17)
2026-08-12 13:24:54 [INFO    ] conftest.py:131 — Waiting 10s before retry...
2026-08-12 13:25:04 [INFO    ] conftest.py:116 — Driver creation attempt 2/2
2026-08-12 13:25:04 [INFO    ] driver_factory.py:53 — ========== DRIVER CREATION START ==========
2026-08-12 13:25:04 [INFO    ] driver_factory.py:70 — Device: emulator | Env: qa | Platform: Android
2026-08-12 13:25:04 [INFO    ] driver_factory.py:132 — Device Name: Android Emulator
2026-08-12 13:25:04 [INFO    ] driver_factory.py:133 — UDID: emulator-5554
2026-08-12 13:25:04 [INFO    ] driver_factory.py:140 — App Package: com.zee5.hipi
2026-08-12 13:25:04 [INFO    ] driver_factory.py:141 — App Activity: com.creatoreconomy.MainActivity
2026-08-12 13:25:05 [ERROR   ] conftest.py:123 — Attempt 2 failed: Message: Either provide 'app' option to install 'com.zee5.hipi' or consider setting 'noReset' to 'true' if 'com.zee5.hipi' is supposed to be preinstalled.
Stacktrace:
UnknownError: Either provide 'app' option to install 'com.zee5.hipi' or consider setting 'noReset' to 'true' if 'com.zee5.hipi' is supposed to be preinstalled.
    at getResponseForW3CError (/opt/homebrew/lib/node_modules/appium/node_modules/@appium/base-driver/build/lib/protocol/errors.js:824:36)
    at asyncHandler (/opt/homebrew/lib/node_modules/appium/node_modules/@appium/base-driver/build/lib/protocol/protocol.js:430:77)
The above error is caused by
Error: Either provide 'app' option to install 'com.zee5.hipi' or consider setting 'noReset' to 'true' if 'com.zee5.hipi' is supposed to be preinstalled.
    at AndroidUiautomator2Driver.resetAUT (/Users/vc.rajdeep.kumar/.appium/node_modules/appium-uiautomator2-driver/node_modules/appium-android-driver/build/lib/commands/app-management.js:438:15)
    at async AndroidUiautomator2Driver.initAUT (/Users/vc.rajdeep.kumar/.appium/node_modules/appium-uiautomator2-driver/build/lib/driver.js:571:17)
2026-08-12 13:25:05 [ERROR   ] conftest.py:255 — Driver fixture setup failed: Driver creation failed after 2 attempts: Message: Either provide 'app' option to install 'com.zee5.hipi' or consider setting 'noReset' to 'true' if 'com.zee5.hipi' is supposed to be preinstalled.
Stacktrace:
UnknownError: Either provide 'app' option to install 'com.zee5.hipi' or consider setting 'noReset' to 'true' if 'com.zee5.hipi' is supposed to be preinstalled.
    at getResponseForW3CError (/opt/homebrew/lib/node_modules/appium/node_modules/@appium/base-driver/build/lib/protocol/errors.js:824:36)
    at asyncHandler (/opt/homebrew/lib/node_modules/appium/node_modules/@appium/base-driver/build/lib/protocol/protocol.js:430:77)
The above error is caused by
Error: Either provide 'app' option to install 'com.zee5.hipi' or consider setting 'noReset' to 'true' if 'com.zee5.hipi' is supposed to be preinstalled.
    at AndroidUiautomator2Driver.resetAUT (/Users/vc.rajdeep.kumar/.appium/node_modules/appium-uiautomator2-driver/node_modules/appium-android-driver/build/lib/commands/app-management.js:438:15)
    at async AndroidUiautomator2Driver.initAUT (/Users/vc.rajdeep.kumar/.appium/node_modules/appium-uiautomator2-driver/build/lib/driver.js:571:17)
2026-08-12 13:25:05 [INFO    ] conftest.py:227 — ==================================================
2026-08-12 13:25:05 [INFO    ] conftest.py:228 — DRIVER SETUP START
2026-08-12 13:25:05 [INFO    ] conftest.py:229 — ==================================================
2026-08-12 13:25:05 [INFO    ] conftest.py:116 — Driver creation attempt 1/2
2026-08-12 13:25:05 [INFO    ] driver_factory.py:53 — ========== DRIVER CREATION START ==========
2026-08-12 13:25:05 [INFO    ] driver_factory.py:70 — Device: emulator | Env: qa | Platform: Android
2026-08-12 13:25:05 [INFO    ] driver_factory.py:132 — Device Name: Android Emulator
2026-08-12 13:25:05 [INFO    ] driver_factory.py:133 — UDID: emulator-5554
2026-08-12 13:25:05 [INFO    ] driver_factory.py:140 — App Package: com.zee5.hipi
2026-08-12 13:25:05 [INFO    ] driver_factory.py:141 — App Activity: com.creatoreconomy.MainActivity
2026-08-12 13:25:06 [ERROR   ] conftest.py:123 — Attempt 1 failed: Message: Either provide 'app' option to install 'com.zee5.hipi' or consider setting 'noReset' to 'true' if 'com.zee5.hipi' is supposed to be preinstalled.
Stacktrace:
UnknownError: Either provide 'app' option to install 'com.zee5.hipi' or consider setting 'noReset' to 'true' if 'com.zee5.hipi' is supposed to be preinstalled.
    at getResponseForW3CError (/opt/homebrew/lib/node_modules/appium/node_modules/@appium/base-driver/build/lib/protocol/errors.js:824:36)
    at asyncHandler (/opt/homebrew/lib/node_modules/appium/node_modules/@appium/base-driver/build/lib/protocol/protocol.js:430:77)
The above error is caused by
Error: Either provide 'app' option to install 'com.zee5.hipi' or consider setting 'noReset' to 'true' if 'com.zee5.hipi' is supposed to be preinstalled.
    at AndroidUiautomator2Driver.resetAUT (/Users/vc.rajdeep.kumar/.appium/node_modules/appium-uiautomator2-driver/node_modules/appium-android-driver/build/lib/commands/app-management.js:438:15)
    at async AndroidUiautomator2Driver.initAUT (/Users/vc.rajdeep.kumar/.appium/node_modules/appium-uiautomator2-driver/build/lib/driver.js:571:17)
2026-08-12 13:25:06 [INFO    ] conftest.py:131 — Waiting 10s before retry...
2026-08-12 13:25:16 [INFO    ] conftest.py:116 — Driver creation attempt 2/2
2026-08-12 13:25:16 [INFO    ] driver_factory.py:53 — ========== DRIVER CREATION START ==========
2026-08-12 13:25:16 [INFO    ] driver_factory.py:70 — Device: emulator | Env: qa | Platform: Android
2026-08-12 13:25:16 [INFO    ] driver_factory.py:132 — Device Name: Android Emulator
2026-08-12 13:25:16 [INFO    ] driver_factory.py:133 — UDID: emulator-5554
2026-08-12 13:25:16 [INFO    ] driver_factory.py:140 — App Package: com.zee5.hipi
2026-08-12 13:25:16 [INFO    ] driver_factory.py:141 — App Activity: com.creatoreconomy.MainActivity
2026-08-12 13:25:17 [ERROR   ] conftest.py:123 — Attempt 2 failed: Message: Either provide 'app' option to install 'com.zee5.hipi' or consider setting 'noReset' to 'true' if 'com.zee5.hipi' is supposed to be preinstalled.
Stacktrace:
UnknownError: Either provide 'app' option to install 'com.zee5.hipi' or consider setting 'noReset' to 'true' if 'com.zee5.hipi' is supposed to be preinstalled.
    at getResponseForW3CError (/opt/homebrew/lib/node_modules/appium/node_modules/@appium/base-driver/build/lib/protocol/errors.js:824:36)
    at asyncHandler (/opt/homebrew/lib/node_modules/appium/node_modules/@appium/base-driver/build/lib/protocol/protocol.js:430:77)
The above error is caused by
Error: Either provide 'app' option to install 'com.zee5.hipi' or consider setting 'noReset' to 'true' if 'com.zee5.hipi' is supposed to be preinstalled.
    at AndroidUiautomator2Driver.resetAUT (/Users/vc.rajdeep.kumar/.appium/node_modules/appium-uiautomator2-driver/node_modules/appium-android-driver/build/lib/commands/app-management.js:438:15)
    at async AndroidUiautomator2Driver.initAUT (/Users/vc.rajdeep.kumar/.appium/node_modules/appium-uiautomator2-driver/build/lib/driver.js:571:17)
2026-08-12 13:25:17 [ERROR   ] conftest.py:255 — Driver fixture setup failed: Driver creation failed after 2 attempts: Message: Either provide 'app' option to install 'com.zee5.hipi' or consider setting 'noReset' to 'true' if 'com.zee5.hipi' is supposed to be preinstalled.
Stacktrace:
UnknownError: Either provide 'app' option to install 'com.zee5.hipi' or consider setting 'noReset' to 'true' if 'com.zee5.hipi' is supposed to be preinstalled.
    at getResponseForW3CError (/opt/homebrew/lib/node_modules/appium/node_modules/@appium/base-driver/build/lib/protocol/errors.js:824:36)
    at asyncHandler (/opt/homebrew/lib/node_modules/appium/node_modules/@appium/base-driver/build/lib/protocol/protocol.js:430:77)
The above error is caused by
Error: Either provide 'app' option to install 'com.zee5.hipi' or consider setting 'noReset' to 'true' if 'com.zee5.hipi' is supposed to be preinstalled.
    at AndroidUiautomator2Driver.resetAUT (/Users/vc.rajdeep.kumar/.appium/node_modules/appium-uiautomator2-driver/node_modules/appium-android-driver/build/lib/commands/app-management.js:438:15)
    at async AndroidUiautomator2Driver.initAUT (/Users/vc.rajdeep.kumar/.appium/node_modules/appium-uiautomator2-driver/build/lib/driver.js:571:17)
2026-08-12 13:25:20 [INFO    ] conftest.py:227 — ==================================================
2026-08-12 13:25:20 [INFO    ] conftest.py:228 — DRIVER SETUP START
2026-08-12 13:25:20 [INFO    ] conftest.py:229 — ==================================================
2026-08-12 13:25:20 [INFO    ] conftest.py:116 — Driver creation attempt 1/2
2026-08-12 13:25:20 [INFO    ] driver_factory.py:53 — ========== DRIVER CREATION START ==========
2026-08-12 13:25:20 [INFO    ] driver_factory.py:70 — Device: emulator | Env: qa | Platform: Android
2026-08-12 13:25:20 [INFO    ] driver_factory.py:132 — Device Name: Android Emulator
2026-08-12 13:25:20 [INFO    ] driver_factory.py:133 — UDID: emulator-5554
2026-08-12 13:25:20 [INFO    ] driver_factory.py:140 — App Package: com.zee5.hipi
2026-08-12 13:25:20 [INFO    ] driver_factory.py:141 — App Activity: com.creatoreconomy.MainActivity
2026-08-12 13:25:21 [ERROR   ] conftest.py:123 — Attempt 1 failed: Message: Either provide 'app' option to install 'com.zee5.hipi' or consider setting 'noReset' to 'true' if 'com.zee5.hipi' is supposed to be preinstalled.
Stacktrace:
UnknownError: Either provide 'app' option to install 'com.zee5.hipi' or consider setting 'noReset' to 'true' if 'com.zee5.hipi' is supposed to be preinstalled.
    at getResponseForW3CError (/opt/homebrew/lib/node_modules/appium/node_modules/@appium/base-driver/build/lib/protocol/errors.js:824:36)
    at asyncHandler (/opt/homebrew/lib/node_modules/appium/node_modules/@appium/base-driver/build/lib/protocol/protocol.js:430:77)
The above error is caused by
Error: Either provide 'app' option to install 'com.zee5.hipi' or consider setting 'noReset' to 'true' if 'com.zee5.hipi' is supposed to be preinstalled.
    at AndroidUiautomator2Driver.resetAUT (/Users/vc.rajdeep.kumar/.appium/node_modules/appium-uiautomator2-driver/node_modules/appium-android-driver/build/lib/commands/app-management.js:438:15)
    at async AndroidUiautomator2Driver.initAUT (/Users/vc.rajdeep.kumar/.appium/node_modules/appium-uiautomator2-driver/build/lib/driver.js:571:17)
2026-08-12 13:25:21 [INFO    ] conftest.py:131 — Waiting 10s before retry...
2026-08-12 13:25:31 [INFO    ] conftest.py:116 — Driver creation attempt 2/2
2026-08-12 13:25:31 [INFO    ] driver_factory.py:53 — ========== DRIVER CREATION START ==========
2026-08-12 13:25:31 [INFO    ] driver_factory.py:70 — Device: emulator | Env: qa | Platform: Android
2026-08-12 13:25:31 [INFO    ] driver_factory.py:132 — Device Name: Android Emulator
2026-08-12 13:25:31 [INFO    ] driver_factory.py:133 — UDID: emulator-5554
2026-08-12 13:25:31 [INFO    ] driver_factory.py:140 — App Package: com.zee5.hipi
2026-08-12 13:25:31 [INFO    ] driver_factory.py:141 — App Activity: com.creatoreconomy.MainActivity
2026-08-12 13:25:31 [ERROR   ] conftest.py:123 — Attempt 2 failed: Message: Either provide 'app' option to install 'com.zee5.hipi' or consider setting 'noReset' to 'true' if 'com.zee5.hipi' is supposed to be preinstalled.
Stacktrace:
UnknownError: Either provide 'app' option to install 'com.zee5.hipi' or consider setting 'noReset' to 'true' if 'com.zee5.hipi' is supposed to be preinstalled.
    at getResponseForW3CError (/opt/homebrew/lib/node_modules/appium/node_modules/@appium/base-driver/build/lib/protocol/errors.js:824:36)
    at asyncHandler (/opt/homebrew/lib/node_modules/appium/node_modules/@appium/base-driver/build/lib/protocol/protocol.js:430:77)
The above error is caused by
Error: Either provide 'app' option to install 'com.zee5.hipi' or consider setting 'noReset' to 'true' if 'com.zee5.hipi' is supposed to be preinstalled.
    at AndroidUiautomator2Driver.resetAUT (/Users/vc.rajdeep.kumar/.appium/node_modules/appium-uiautomator2-driver/node_modules/appium-android-driver/build/lib/commands/app-management.js:438:15)
    at async AndroidUiautomator2Driver.initAUT (/Users/vc.rajdeep.kumar/.appium/node_modules/appium-uiautomator2-driver/build/lib/driver.js:571:17)
2026-08-12 13:25:31 [ERROR   ] conftest.py:255 — Driver fixture setup failed: Driver creation failed after 2 attempts: Message: Either provide 'app' option to install 'com.zee5.hipi' or consider setting 'noReset' to 'true' if 'com.zee5.hipi' is supposed to be preinstalled.
Stacktrace:
UnknownError: Either provide 'app' option to install 'com.zee5.hipi' or consider setting 'noReset' to 'true' if 'com.zee5.hipi' is supposed to be preinstalled.
    at getResponseForW3CError (/opt/homebrew/lib/node_modules/appium/node_modules/@appium/base-driver/build/lib/protocol/errors.js:824:36)
    at asyncHandler (/opt/homebrew/lib/node_modules/appium/node_modules/@appium/base-driver/build/lib/protocol/protocol.js:430:77)
The above error is caused by
Error: Either provide 'app' option to install 'com.zee5.hipi' or consider setting 'noReset' to 'true' if 'com.zee5.hipi' is supposed to be preinstalled.
    at AndroidUiautomator2Driver.resetAUT (/Users/vc.rajdeep.kumar/.appium/node_modules/appium-uiautomator2-driver/node_modules/appium-android-driver/build/lib/commands/app-management.js:438:15)
    at async AndroidUiautomator2Driver.initAUT (/Users/vc.rajdeep.kumar/.appium/node_modules/appium-uiautomator2-driver/build/lib/driver.js:571:17)
2026-08-12 13:25:31 [INFO    ] conftest.py:227 — ==================================================
2026-08-12 13:25:31 [INFO    ] conftest.py:228 — DRIVER SETUP START
2026-08-12 13:25:31 [INFO    ] conftest.py:229 — ==================================================
2026-08-12 13:25:31 [INFO    ] conftest.py:116 — Driver creation attempt 1/2
2026-08-12 13:25:31 [INFO    ] driver_factory.py:53 — ========== DRIVER CREATION START ==========
2026-08-12 13:25:31 [INFO    ] driver_factory.py:70 — Device: emulator | Env: qa | Platform: Android
2026-08-12 13:25:31 [INFO    ] driver_factory.py:132 — Device Name: Android Emulator
2026-08-12 13:25:31 [INFO    ] driver_factory.py:133 — UDID: emulator-5554
2026-08-12 13:25:31 [INFO    ] driver_factory.py:140 — App Package: com.zee5.hipi
2026-08-12 13:25:31 [INFO    ] driver_factory.py:141 — App Activity: com.creatoreconomy.MainActivity
2026-08-12 13:25:32 [ERROR   ] conftest.py:123 — Attempt 1 failed: Message: Either provide 'app' option to install 'com.zee5.hipi' or consider setting 'noReset' to 'true' if 'com.zee5.hipi' is supposed to be preinstalled.
Stacktrace:
UnknownError: Either provide 'app' option to install 'com.zee5.hipi' or consider setting 'noReset' to 'true' if 'com.zee5.hipi' is supposed to be preinstalled.
    at getResponseForW3CError (/opt/homebrew/lib/node_modules/appium/node_modules/@appium/base-driver/build/lib/protocol/errors.js:824:36)
    at asyncHandler (/opt/homebrew/lib/node_modules/appium/node_modules/@appium/base-driver/build/lib/protocol/protocol.js:430:77)
The above error is caused by
Error: Either provide 'app' option to install 'com.zee5.hipi' or consider setting 'noReset' to 'true' if 'com.zee5.hipi' is supposed to be preinstalled.
    at AndroidUiautomator2Driver.resetAUT (/Users/vc.rajdeep.kumar/.appium/node_modules/appium-uiautomator2-driver/node_modules/appium-android-driver/build/lib/commands/app-management.js:438:15)
    at async AndroidUiautomator2Driver.initAUT (/Users/vc.rajdeep.kumar/.appium/node_modules/appium-uiautomator2-driver/build/lib/driver.js:571:17)
2026-08-12 13:25:32 [INFO    ] conftest.py:131 — Waiting 10s before retry...
2026-08-12 13:25:42 [INFO    ] conftest.py:116 — Driver creation attempt 2/2
2026-08-12 13:25:42 [INFO    ] driver_factory.py:53 — ========== DRIVER CREATION START ==========
2026-08-12 13:25:42 [INFO    ] driver_factory.py:70 — Device: emulator | Env: qa | Platform: Android
2026-08-12 13:25:42 [INFO    ] driver_factory.py:132 — Device Name: Android Emulator
2026-08-12 13:25:42 [INFO    ] driver_factory.py:133 — UDID: emulator-5554
2026-08-12 13:25:42 [INFO    ] driver_factory.py:140 — App Package: com.zee5.hipi
2026-08-12 13:25:42 [INFO    ] driver_factory.py:141 — App Activity: com.creatoreconomy.MainActivity
2026-08-12 13:25:43 [ERROR   ] conftest.py:123 — Attempt 2 failed: Message: Either provide 'app' option to install 'com.zee5.hipi' or consider setting 'noReset' to 'true' if 'com.zee5.hipi' is supposed to be preinstalled.
Stacktrace:
UnknownError: Either provide 'app' option to install 'com.zee5.hipi' or consider setting 'noReset' to 'true' if 'com.zee5.hipi' is supposed to be preinstalled.
    at getResponseForW3CError (/opt/homebrew/lib/node_modules/appium/node_modules/@appium/base-driver/build/lib/protocol/errors.js:824:36)
    at asyncHandler (/opt/homebrew/lib/node_modules/appium/node_modules/@appium/base-driver/build/lib/protocol/protocol.js:430:77)
The above error is caused by
Error: Either provide 'app' option to install 'com.zee5.hipi' or consider setting 'noReset' to 'true' if 'com.zee5.hipi' is supposed to be preinstalled.
    at AndroidUiautomator2Driver.resetAUT (/Users/vc.rajdeep.kumar/.appium/node_modules/appium-uiautomator2-driver/node_modules/appium-android-driver/build/lib/commands/app-management.js:438:15)
    at async AndroidUiautomator2Driver.initAUT (/Users/vc.rajdeep.kumar/.appium/node_modules/appium-uiautomator2-driver/build/lib/driver.js:571:17)
2026-08-12 13:25:43 [ERROR   ] conftest.py:255 — Driver fixture setup failed: Driver creation failed after 2 attempts: Message: Either provide 'app' option to install 'com.zee5.hipi' or consider setting 'noReset' to 'true' if 'com.zee5.hipi' is supposed to be preinstalled.
Stacktrace:
UnknownError: Either provide 'app' option to install 'com.zee5.hipi' or consider setting 'noReset' to 'true' if 'com.zee5.hipi' is supposed to be preinstalled.
    at getResponseForW3CError (/opt/homebrew/lib/node_modules/appium/node_modules/@appium/base-driver/build/lib/protocol/errors.js:824:36)
    at asyncHandler (/opt/homebrew/lib/node_modules/appium/node_modules/@appium/base-driver/build/lib/protocol/protocol.js:430:77)
The above error is caused by
Error: Either provide 'app' option to install 'com.zee5.hipi' or consider setting 'noReset' to 'true' if 'com.zee5.hipi' is supposed to be preinstalled.
    at AndroidUiautomator2Driver.resetAUT (/Users/vc.rajdeep.kumar/.appium/node_modules/appium-uiautomator2-driver/node_modules/appium-android-driver/build/lib/commands/app-management.js:438:15)
    at async AndroidUiautomator2Driver.initAUT (/Users/vc.rajdeep.kumar/.appium/node_modules/appium-uiautomator2-driver/build/lib/driver.js:571:17)
2026-08-12 13:25:46 [INFO    ] conftest.py:227 — ==================================================
2026-08-12 13:25:46 [INFO    ] conftest.py:228 — DRIVER SETUP START
2026-08-12 13:25:46 [INFO    ] conftest.py:229 — ==================================================
2026-08-12 13:25:46 [INFO    ] conftest.py:116 — Driver creation attempt 1/2
2026-08-12 13:25:46 [INFO    ] driver_factory.py:53 — ========== DRIVER CREATION START ==========
2026-08-12 13:25:46 [INFO    ] driver_factory.py:70 — Device: emulator | Env: qa | Platform: Android
2026-08-12 13:25:46 [INFO    ] driver_factory.py:132 — Device Name: Android Emulator
2026-08-12 13:25:46 [INFO    ] driver_factory.py:133 — UDID: emulator-5554
2026-08-12 13:25:46 [INFO    ] driver_factory.py:140 — App Package: com.zee5.hipi
2026-08-12 13:25:46 [INFO    ] driver_factory.py:141 — App Activity: com.creatoreconomy.MainActivity
2026-08-12 13:25:46 [ERROR   ] conftest.py:123 — Attempt 1 failed: Message: Either provide 'app' option to install 'com.zee5.hipi' or consider setting 'noReset' to 'true' if 'com.zee5.hipi' is supposed to be preinstalled.
Stacktrace:
UnknownError: Either provide 'app' option to install 'com.zee5.hipi' or consider setting 'noReset' to 'true' if 'com.zee5.hipi' is supposed to be preinstalled.
    at getResponseForW3CError (/opt/homebrew/lib/node_modules/appium/node_modules/@appium/base-driver/build/lib/protocol/errors.js:824:36)
    at asyncHandler (/opt/homebrew/lib/node_modules/appium/node_modules/@appium/base-driver/build/lib/protocol/protocol.js:430:77)
The above error is caused by
Error: Either provide 'app' option to install 'com.zee5.hipi' or consider setting 'noReset' to 'true' if 'com.zee5.hipi' is supposed to be preinstalled.
    at AndroidUiautomator2Driver.resetAUT (/Users/vc.rajdeep.kumar/.appium/node_modules/appium-uiautomator2-driver/node_modules/appium-android-driver/build/lib/commands/app-management.js:438:15)
    at process.processTicksAndRejections (node:internal/process/task_queues:104:5)
    at async AndroidUiautomator2Driver.initAUT (/Users/vc.rajdeep.kumar/.appium/node_modules/appium-uiautomator2-driver/build/lib/driver.js:571:17)
2026-08-12 13:25:46 [INFO    ] conftest.py:131 — Waiting 10s before retry...
2026-08-12 13:25:56 [INFO    ] conftest.py:116 — Driver creation attempt 2/2
2026-08-12 13:25:56 [INFO    ] driver_factory.py:53 — ========== DRIVER CREATION START ==========
2026-08-12 13:25:56 [INFO    ] driver_factory.py:70 — Device: emulator | Env: qa | Platform: Android
2026-08-12 13:25:56 [INFO    ] driver_factory.py:132 — Device Name: Android Emulator
2026-08-12 13:25:56 [INFO    ] driver_factory.py:133 — UDID: emulator-5554
2026-08-12 13:25:56 [INFO    ] driver_factory.py:140 — App Package: com.zee5.hipi
2026-08-12 13:25:56 [INFO    ] driver_factory.py:141 — App Activity: com.creatoreconomy.MainActivity
2026-08-12 13:25:57 [ERROR   ] conftest.py:123 — Attempt 2 failed: Message: Either provide 'app' option to install 'com.zee5.hipi' or consider setting 'noReset' to 'true' if 'com.zee5.hipi' is supposed to be preinstalled.
Stacktrace:
UnknownError: Either provide 'app' option to install 'com.zee5.hipi' or consider setting 'noReset' to 'true' if 'com.zee5.hipi' is supposed to be preinstalled.
    at getResponseForW3CError (/opt/homebrew/lib/node_modules/appium/node_modules/@appium/base-driver/build/lib/protocol/errors.js:824:36)
    at asyncHandler (/opt/homebrew/lib/node_modules/appium/node_modules/@appium/base-driver/build/lib/protocol/protocol.js:430:77)
The above error is caused by
Error: Either provide 'app' option to install 'com.zee5.hipi' or consider setting 'noReset' to 'true' if 'com.zee5.hipi' is supposed to be preinstalled.
    at AndroidUiautomator2Driver.resetAUT (/Users/vc.rajdeep.kumar/.appium/node_modules/appium-uiautomator2-driver/node_modules/appium-android-driver/build/lib/commands/app-management.js:438:15)
    at process.processTicksAndRejections (node:internal/process/task_queues:104:5)
    at async AndroidUiautomator2Driver.initAUT (/Users/vc.rajdeep.kumar/.appium/node_modules/appium-uiautomator2-driver/build/lib/driver.js:571:17)
2026-08-12 13:25:57 [ERROR   ] conftest.py:255 — Driver fixture setup failed: Driver creation failed after 2 attempts: Message: Either provide 'app' option to install 'com.zee5.hipi' or consider setting 'noReset' to 'true' if 'com.zee5.hipi' is supposed to be preinstalled.
Stacktrace:
UnknownError: Either provide 'app' option to install 'com.zee5.hipi' or consider setting 'noReset' to 'true' if 'com.zee5.hipi' is supposed to be preinstalled.
    at getResponseForW3CError (/opt/homebrew/lib/node_modules/appium/node_modules/@appium/base-driver/build/lib/protocol/errors.js:824:36)
    at asyncHandler (/opt/homebrew/lib/node_modules/appium/node_modules/@appium/base-driver/build/lib/protocol/protocol.js:430:77)
The above error is caused by
Error: Either provide 'app' option to install 'com.zee5.hipi' or consider setting 'noReset' to 'true' if 'com.zee5.hipi' is supposed to be preinstalled.
    at AndroidUiautomator2Driver.resetAUT (/Users/vc.rajdeep.kumar/.appium/node_modules/appium-uiautomator2-driver/node_modules/appium-android-driver/build/lib/commands/app-management.js:438:15)
    at process.processTicksAndRejections (node:internal/process/task_queues:104:5)
    at async AndroidUiautomator2Driver.initAUT (/Users/vc.rajdeep.kumar/.appium/node_modules/appium-uiautomator2-driver/build/lib/driver.js:571:17)
2026-08-12 13:25:57 [INFO    ] conftest.py:227 — ==================================================
2026-08-12 13:25:57 [INFO    ] conftest.py:228 — DRIVER SETUP START
2026-08-12 13:25:57 [INFO    ] conftest.py:229 — ==================================================
2026-08-12 13:25:57 [INFO    ] conftest.py:116 — Driver creation attempt 1/2
2026-08-12 13:25:57 [INFO    ] driver_factory.py:53 — ========== DRIVER CREATION START ==========
2026-08-12 13:25:57 [INFO    ] driver_factory.py:70 — Device: emulator | Env: qa | Platform: Android
2026-08-12 13:25:57 [INFO    ] driver_factory.py:132 — Device Name: Android Emulator
2026-08-12 13:25:57 [INFO    ] driver_factory.py:133 — UDID: emulator-5554
2026-08-12 13:25:57 [INFO    ] driver_factory.py:140 — App Package: com.zee5.hipi
2026-08-12 13:25:57 [INFO    ] driver_factory.py:141 — App Activity: com.creatoreconomy.MainActivity
2026-08-12 13:25:58 [ERROR   ] conftest.py:123 — Attempt 1 failed: Message: Either provide 'app' option to install 'com.zee5.hipi' or consider setting 'noReset' to 'true' if 'com.zee5.hipi' is supposed to be preinstalled.
Stacktrace:
UnknownError: Either provide 'app' option to install 'com.zee5.hipi' or consider setting 'noReset' to 'true' if 'com.zee5.hipi' is supposed to be preinstalled.
    at getResponseForW3CError (/opt/homebrew/lib/node_modules/appium/node_modules/@appium/base-driver/build/lib/protocol/errors.js:824:36)
    at asyncHandler (/opt/homebrew/lib/node_modules/appium/node_modules/@appium/base-driver/build/lib/protocol/protocol.js:430:77)
The above error is caused by
Error: Either provide 'app' option to install 'com.zee5.hipi' or consider setting 'noReset' to 'true' if 'com.zee5.hipi' is supposed to be preinstalled.
    at AndroidUiautomator2Driver.resetAUT (/Users/vc.rajdeep.kumar/.appium/node_modules/appium-uiautomator2-driver/node_modules/appium-android-driver/build/lib/commands/app-management.js:438:15)
    at async AndroidUiautomator2Driver.initAUT (/Users/vc.rajdeep.kumar/.appium/node_modules/appium-uiautomator2-driver/build/lib/driver.js:571:17)
2026-08-12 13:25:58 [INFO    ] conftest.py:131 — Waiting 10s before retry...
2026-08-12 13:26:08 [INFO    ] conftest.py:116 — Driver creation attempt 2/2
2026-08-12 13:26:08 [INFO    ] driver_factory.py:53 — ========== DRIVER CREATION START ==========
2026-08-12 13:26:08 [INFO    ] driver_factory.py:70 — Device: emulator | Env: qa | Platform: Android
2026-08-12 13:26:08 [INFO    ] driver_factory.py:132 — Device Name: Android Emulator
2026-08-12 13:26:08 [INFO    ] driver_factory.py:133 — UDID: emulator-5554
2026-08-12 13:26:08 [INFO    ] driver_factory.py:140 — App Package: com.zee5.hipi
2026-08-12 13:26:08 [INFO    ] driver_factory.py:141 — App Activity: com.creatoreconomy.MainActivity
2026-08-12 13:26:09 [ERROR   ] conftest.py:123 — Attempt 2 failed: Message: Either provide 'app' option to install 'com.zee5.hipi' or consider setting 'noReset' to 'true' if 'com.zee5.hipi' is supposed to be preinstalled.
Stacktrace:
UnknownError: Either provide 'app' option to install 'com.zee5.hipi' or consider setting 'noReset' to 'true' if 'com.zee5.hipi' is supposed to be preinstalled.
    at getResponseForW3CError (/opt/homebrew/lib/node_modules/appium/node_modules/@appium/base-driver/build/lib/protocol/errors.js:824:36)
    at asyncHandler (/opt/homebrew/lib/node_modules/appium/node_modules/@appium/base-driver/build/lib/protocol/protocol.js:430:77)
The above error is caused by
Error: Either provide 'app' option to install 'com.zee5.hipi' or consider setting 'noReset' to 'true' if 'com.zee5.hipi' is supposed to be preinstalled.
    at AndroidUiautomator2Driver.resetAUT (/Users/vc.rajdeep.kumar/.appium/node_modules/appium-uiautomator2-driver/node_modules/appium-android-driver/build/lib/commands/app-management.js:438:15)
    at async AndroidUiautomator2Driver.initAUT (/Users/vc.rajdeep.kumar/.appium/node_modules/appium-uiautomator2-driver/build/lib/driver.js:571:17)
2026-08-12 13:26:09 [ERROR   ] conftest.py:255 — Driver fixture setup failed: Driver creation failed after 2 attempts: Message: Either provide 'app' option to install 'com.zee5.hipi' or consider setting 'noReset' to 'true' if 'com.zee5.hipi' is supposed to be preinstalled.
Stacktrace:
UnknownError: Either provide 'app' option to install 'com.zee5.hipi' or consider setting 'noReset' to 'true' if 'com.zee5.hipi' is supposed to be preinstalled.
    at getResponseForW3CError (/opt/homebrew/lib/node_modules/appium/node_modules/@appium/base-driver/build/lib/protocol/errors.js:824:36)
    at asyncHandler (/opt/homebrew/lib/node_modules/appium/node_modules/@appium/base-driver/build/lib/protocol/protocol.js:430:77)
The above error is caused by
Error: Either provide 'app' option to install 'com.zee5.hipi' or consider setting 'noReset' to 'true' if 'com.zee5.hipi' is supposed to be preinstalled.
    at AndroidUiautomator2Driver.resetAUT (/Users/vc.rajdeep.kumar/.appium/node_modules/appium-uiautomator2-driver/node_modules/appium-android-driver/build/lib/commands/app-management.js:438:15)
    at async AndroidUiautomator2Driver.initAUT (/Users/vc.rajdeep.kumar/.appium/node_modules/appium-uiautomator2-driver/build/lib/driver.js:571:17)
2026-08-12 13:26:12 [INFO    ] conftest.py:227 — ==================================================
2026-08-12 13:26:12 [INFO    ] conftest.py:228 — DRIVER SETUP START
2026-08-12 13:26:12 [INFO    ] conftest.py:229 — ==================================================
2026-08-12 13:26:12 [INFO    ] conftest.py:116 — Driver creation attempt 1/2
2026-08-12 13:26:12 [INFO    ] driver_factory.py:53 — ========== DRIVER CREATION START ==========
2026-08-12 13:26:12 [INFO    ] driver_factory.py:70 — Device: emulator | Env: qa | Platform: Android
2026-08-12 13:26:12 [INFO    ] driver_factory.py:132 — Device Name: Android Emulator
2026-08-12 13:26:12 [INFO    ] driver_factory.py:133 — UDID: emulator-5554
2026-08-12 13:26:12 [INFO    ] driver_factory.py:140 — App Package: com.zee5.hipi
2026-08-12 13:26:12 [INFO    ] driver_factory.py:141 — App Activity: com.creatoreconomy.MainActivity
2026-08-12 13:26:12 [ERROR   ] conftest.py:123 — Attempt 1 failed: Message: Either provide 'app' option to install 'com.zee5.hipi' or consider setting 'noReset' to 'true' if 'com.zee5.hipi' is supposed to be preinstalled.
Stacktrace:
UnknownError: Either provide 'app' option to install 'com.zee5.hipi' or consider setting 'noReset' to 'true' if 'com.zee5.hipi' is supposed to be preinstalled.
    at getResponseForW3CError (/opt/homebrew/lib/node_modules/appium/node_modules/@appium/base-driver/build/lib/protocol/errors.js:824:36)
    at asyncHandler (/opt/homebrew/lib/node_modules/appium/node_modules/@appium/base-driver/build/lib/protocol/protocol.js:430:77)
The above error is caused by
Error: Either provide 'app' option to install 'com.zee5.hipi' or consider setting 'noReset' to 'true' if 'com.zee5.hipi' is supposed to be preinstalled.
    at AndroidUiautomator2Driver.resetAUT (/Users/vc.rajdeep.kumar/.appium/node_modules/appium-uiautomator2-driver/node_modules/appium-android-driver/build/lib/commands/app-management.js:438:15)
    at async AndroidUiautomator2Driver.initAUT (/Users/vc.rajdeep.kumar/.appium/node_modules/appium-uiautomator2-driver/build/lib/driver.js:571:17)
2026-08-12 13:26:12 [INFO    ] conftest.py:131 — Waiting 10s before retry...
2026-08-12 13:26:22 [INFO    ] conftest.py:116 — Driver creation attempt 2/2
2026-08-12 13:26:22 [INFO    ] driver_factory.py:53 — ========== DRIVER CREATION START ==========
2026-08-12 13:26:22 [INFO    ] driver_factory.py:70 — Device: emulator | Env: qa | Platform: Android
2026-08-12 13:26:22 [INFO    ] driver_factory.py:132 — Device Name: Android Emulator
2026-08-12 13:26:22 [INFO    ] driver_factory.py:133 — UDID: emulator-5554
2026-08-12 13:26:22 [INFO    ] driver_factory.py:140 — App Package: com.zee5.hipi
2026-08-12 13:26:22 [INFO    ] driver_factory.py:141 — App Activity: com.creatoreconomy.MainActivity
2026-08-12 13:26:23 [ERROR   ] conftest.py:123 — Attempt 2 failed: Message: Either provide 'app' option to install 'com.zee5.hipi' or consider setting 'noReset' to 'true' if 'com.zee5.hipi' is supposed to be preinstalled.
Stacktrace:
UnknownError: Either provide 'app' option to install 'com.zee5.hipi' or consider setting 'noReset' to 'true' if 'com.zee5.hipi' is supposed to be preinstalled.
    at getResponseForW3CError (/opt/homebrew/lib/node_modules/appium/node_modules/@appium/base-driver/build/lib/protocol/errors.js:824:36)
    at asyncHandler (/opt/homebrew/lib/node_modules/appium/node_modules/@appium/base-driver/build/lib/protocol/protocol.js:430:77)
The above error is caused by
Error: Either provide 'app' option to install 'com.zee5.hipi' or consider setting 'noReset' to 'true' if 'com.zee5.hipi' is supposed to be preinstalled.
    at AndroidUiautomator2Driver.resetAUT (/Users/vc.rajdeep.kumar/.appium/node_modules/appium-uiautomator2-driver/node_modules/appium-android-driver/build/lib/commands/app-management.js:438:15)
    at async AndroidUiautomator2Driver.initAUT (/Users/vc.rajdeep.kumar/.appium/node_modules/appium-uiautomator2-driver/build/lib/driver.js:571:17)
2026-08-12 13:26:23 [ERROR   ] conftest.py:255 — Driver fixture setup failed: Driver creation failed after 2 attempts: Message: Either provide 'app' option to install 'com.zee5.hipi' or consider setting 'noReset' to 'true' if 'com.zee5.hipi' is supposed to be preinstalled.
Stacktrace:
UnknownError: Either provide 'app' option to install 'com.zee5.hipi' or consider setting 'noReset' to 'true' if 'com.zee5.hipi' is supposed to be preinstalled.
    at getResponseForW3CError (/opt/homebrew/lib/node_modules/appium/node_modules/@appium/base-driver/build/lib/protocol/errors.js:824:36)
    at asyncHandler (/opt/homebrew/lib/node_modules/appium/node_modules/@appium/base-driver/build/lib/protocol/protocol.js:430:77)
The above error is caused by
Error: Either provide 'app' option to install 'com.zee5.hipi' or consider setting 'noReset' to 'true' if 'com.zee5.hipi' is supposed to be preinstalled.
    at AndroidUiautomator2Driver.resetAUT (/Users/vc.rajdeep.kumar/.appium/node_modules/appium-uiautomator2-driver/node_modules/appium-android-driver/build/lib/commands/app-management.js:438:15)
    at async AndroidUiautomator2Driver.initAUT (/Users/vc.rajdeep.kumar/.appium/node_modules/appium-uiautomator2-driver/build/lib/driver.js:571:17)
2026-08-12 13:26:23 [INFO    ] conftest.py:369 — ==================================================
2026-08-12 13:26:23 [INFO    ] conftest.py:370 — PYTEST SESSION END | Exit status: 1
2026-08-12 13:26:23 [INFO    ] conftest.py:371 — ==================================================
