2026-08-12 14:11:16 [INFO    ] conftest.py:363 — ==================================================
2026-08-12 14:11:16 [INFO    ] conftest.py:364 — PYTEST SESSION START
2026-08-12 14:11:16 [INFO    ] conftest.py:365 — ==================================================
2026-08-12 14:11:16 [INFO    ] conftest.py:227 — ==================================================
2026-08-12 14:11:16 [INFO    ] conftest.py:228 — DRIVER SETUP START
2026-08-12 14:11:16 [INFO    ] conftest.py:229 — ==================================================
2026-08-12 14:11:16 [INFO    ] conftest.py:116 — Driver creation attempt 1/2
2026-08-12 14:11:16 [INFO    ] driver_factory.py:53 — ========== DRIVER CREATION START ==========
2026-08-12 14:11:16 [INFO    ] driver_factory.py:70 — Device: emulator | Env: qa | Platform: Android
2026-08-12 14:11:16 [INFO    ] driver_factory.py:132 — Device Name: Android Emulator
2026-08-12 14:11:16 [INFO    ] driver_factory.py:133 — UDID: emulator-5554
2026-08-12 14:11:16 [INFO    ] driver_factory.py:147 — App Package: com.zee5.hipi (noReset=true, activity not set)
2026-08-12 14:11:21 [INFO    ] driver_factory.py:108 — App launched by driver. Waiting for stabilization...
2026-08-12 14:11:23 [INFO    ] driver_factory.py:111 — ========== DRIVER CREATED SUCCESSFULLY ==========
2026-08-12 14:11:23 [INFO    ] conftest.py:238 — Driver created successfully.
2026-08-12 14:11:28 [INFO    ] popup_handler.py:122 — Checking for 'Get Started' screen...
2026-08-12 14:11:39 [INFO    ] popup_handler.py:134 — 'Get Started' screen not present — skipping.
2026-08-12 14:11:40 [INFO    ] conftest.py:153 — App readiness probe: HiPi is in foreground (com.zee5.hipi).
2026-08-12 14:11:40 [INFO    ] conftest.py:251 — DRIVER SETUP COMPLETE
2026-08-12 14:11:40 [INFO    ] base_test.py:20 — BaseTest setup completed.
2026-08-12 14:11:40 [INFO    ] base_test.py:58 — login_and_reach_feed: START
2026-08-12 14:11:40 [INFO    ] base_test.py:30 — Logging in as default test user.
2026-08-12 14:11:40 [INFO    ] login_page.py:590 — ========== LOGIN FLOW START ==========
2026-08-12 14:11:41 [INFO    ] login_page.py:34 — Opening profile tab
2026-08-12 14:11:42 [INFO    ] login_page.py:44 — Profile tab open attempt 1/2
2026-08-12 14:11:54 [ERROR   ] base_page.py:59 — Element not clickable after 8s: ('-android uiautomator', 'new UiSelector().className("android.view.View").instance(24)')
2026-08-12 14:11:57 [INFO    ] screenshot_utils.py:54 — Screenshot saved: reports/screenshots/element_not_clickable_new UiSelector().className("android.view.View").instance(24)_20260812_141154.png
2026-08-12 14:11:57 [INFO    ] screenshot_utils.py:77 — Page source saved: reports/screenshots/element_not_clickable_new UiSelector().className("android.view.View").instance(24)_20260812_141157.xml
2026-08-12 14:11:57 [ERROR   ] base_page.py:118 — Click failed on attempt 1 for ('-android uiautomator', 'new UiSelector().className("android.view.View").instance(24)'): Message: 
Stacktrace:
NoSuchElementError: An element could not be located on the page using the given search parameters.
    at AndroidUiautomator2Driver.findElOrEls (/Users/vc.rajdeep.kumar/.appium/node_modules/appium-uiautomator2-driver/node_modules/appium-android-driver/build/lib/commands/find.js:62:15)
    at process.processTicksAndRejections (node:internal/process/task_queues:104:5)
    at async AndroidUiautomator2Driver.findElOrElsWithProcessing (/opt/homebrew/lib/node_modules/appium/node_modules/@appium/base-driver/build/lib/basedriver/commands/find.js:12:16)
    at async AndroidUiautomator2Driver.findElement (/opt/homebrew/lib/node_modules/appium/node_modules/@appium/base-driver/build/lib/basedriver/commands/find.js:27:16)
2026-08-12 14:11:57 [WARNING ] base_page.py:262 — Attempting to recover application state...
2026-08-12 14:12:00 [INFO    ] base_page.py:266 — App recovery attempt completed.
2026-08-12 14:12:02 [INFO    ] screenshot_utils.py:54 — Screenshot saved: reports/screenshots/click_failed_20260812_141200.png
2026-08-12 14:12:02 [INFO    ] screenshot_utils.py:77 — Page source saved: reports/screenshots/click_failed_20260812_141202.xml
2026-08-12 14:12:02 [WARNING ] login_page.py:88 — Element-based click failed: Unable to click ('-android uiautomator', 'new UiSelector().className("android.view.View").instance(24)') after 1 retries. Last exception: Message: 
Stacktrace:
NoSuchElementError: An element could not be located on the page using the given search parameters.
    at AndroidUiautomator2Driver.findElOrEls (/Users/vc.rajdeep.kumar/.appium/node_modules/appium-uiautomator2-driver/node_modules/appium-android-driver/build/lib/commands/find.js:62:15)
    at process.processTicksAndRejections (node:internal/process/task_queues:104:5)
    at async AndroidUiautomator2Driver.findElOrElsWithProcessing (/opt/homebrew/lib/node_modules/appium/node_modules/@appium/base-driver/build/lib/basedriver/commands/find.js:12:16)
    at async AndroidUiautomator2Driver.findElement (/opt/homebrew/lib/node_modules/appium/node_modules/@appium/base-driver/build/lib/basedriver/commands/find.js:27:16)
2026-08-12 14:12:03 [INFO    ] gestures.py:29 — Tap performed at X:760 Y:2311
2026-08-12 14:12:15 [ERROR   ] base_page.py:92 — None of the candidate locators became visible within 6s. Candidates: [('-android uiautomator', 'new UiSelector().textContains("Continue")'), ('class name', 'android.widget.EditText')]. Last error: None
2026-08-12 14:12:17 [INFO    ] screenshot_utils.py:54 — Screenshot saved: reports/screenshots/wait_for_any_visible_failed_20260812_141215.png
2026-08-12 14:12:18 [INFO    ] screenshot_utils.py:77 — Page source saved: reports/screenshots/wait_for_any_visible_failed_20260812_141217.xml
2026-08-12 14:12:18 [WARNING ] login_page.py:139 — Attempt 1 did not reach the login sheet, recovering and retrying...
2026-08-12 14:12:18 [WARNING ] base_page.py:262 — Attempting to recover application state...
2026-08-12 14:12:21 [INFO    ] base_page.py:266 — App recovery attempt completed.
2026-08-12 14:12:23 [INFO    ] login_page.py:44 — Profile tab open attempt 2/2
2026-08-12 14:12:34 [ERROR   ] base_page.py:59 — Element not clickable after 8s: ('-android uiautomator', 'new UiSelector().className("android.view.View").instance(24)')
2026-08-12 14:12:37 [INFO    ] screenshot_utils.py:54 — Screenshot saved: reports/screenshots/element_not_clickable_new UiSelector().className("android.view.View").instance(24)_20260812_141234.png
2026-08-12 14:12:37 [INFO    ] screenshot_utils.py:77 — Page source saved: reports/screenshots/element_not_clickable_new UiSelector().className("android.view.View").instance(24)_20260812_141237.xml
2026-08-12 14:12:37 [ERROR   ] base_page.py:118 — Click failed on attempt 1 for ('-android uiautomator', 'new UiSelector().className("android.view.View").instance(24)'): Message: 
Stacktrace:
NoSuchElementError: An element could not be located on the page using the given search parameters.
    at AndroidUiautomator2Driver.findElOrEls (/Users/vc.rajdeep.kumar/.appium/node_modules/appium-uiautomator2-driver/node_modules/appium-android-driver/build/lib/commands/find.js:62:15)
    at process.processTicksAndRejections (node:internal/process/task_queues:104:5)
    at async AndroidUiautomator2Driver.findElOrElsWithProcessing (/opt/homebrew/lib/node_modules/appium/node_modules/@appium/base-driver/build/lib/basedriver/commands/find.js:12:16)
    at async AndroidUiautomator2Driver.findElement (/opt/homebrew/lib/node_modules/appium/node_modules/@appium/base-driver/build/lib/basedriver/commands/find.js:27:16)
2026-08-12 14:12:37 [WARNING ] base_page.py:262 — Attempting to recover application state...
2026-08-12 14:12:40 [INFO    ] base_page.py:266 — App recovery attempt completed.
2026-08-12 14:12:43 [INFO    ] screenshot_utils.py:54 — Screenshot saved: reports/screenshots/click_failed_20260812_141240.png
2026-08-12 14:12:43 [INFO    ] screenshot_utils.py:77 — Page source saved: reports/screenshots/click_failed_20260812_141243.xml
2026-08-12 14:12:43 [WARNING ] login_page.py:88 — Element-based click failed: Unable to click ('-android uiautomator', 'new UiSelector().className("android.view.View").instance(24)') after 1 retries. Last exception: Message: 
Stacktrace:
NoSuchElementError: An element could not be located on the page using the given search parameters.
    at AndroidUiautomator2Driver.findElOrEls (/Users/vc.rajdeep.kumar/.appium/node_modules/appium-uiautomator2-driver/node_modules/appium-android-driver/build/lib/commands/find.js:62:15)
    at process.processTicksAndRejections (node:internal/process/task_queues:104:5)
    at async AndroidUiautomator2Driver.findElOrElsWithProcessing (/opt/homebrew/lib/node_modules/appium/node_modules/@appium/base-driver/build/lib/basedriver/commands/find.js:12:16)
    at async AndroidUiautomator2Driver.findElement (/opt/homebrew/lib/node_modules/appium/node_modules/@appium/base-driver/build/lib/basedriver/commands/find.js:27:16)
2026-08-12 14:12:43 [INFO    ] gestures.py:29 — Tap performed at X:760 Y:2311
2026-08-12 14:12:56 [ERROR   ] base_page.py:92 — None of the candidate locators became visible within 6s. Candidates: [('-android uiautomator', 'new UiSelector().textContains("Continue")'), ('class name', 'android.widget.EditText')]. Last error: None
2026-08-12 14:12:59 [INFO    ] screenshot_utils.py:54 — Screenshot saved: reports/screenshots/wait_for_any_visible_failed_20260812_141256.png
2026-08-12 14:12:59 [INFO    ] screenshot_utils.py:77 — Page source saved: reports/screenshots/wait_for_any_visible_failed_20260812_141259.xml
2026-08-12 14:12:59 [WARNING ] login_page.py:139 — Attempt 2 did not reach the login sheet, recovering and retrying...
2026-08-12 14:12:59 [WARNING ] base_page.py:262 — Attempting to recover application state...
2026-08-12 14:13:02 [INFO    ] base_page.py:266 — App recovery attempt completed.
2026-08-12 14:13:04 [ERROR   ] login_page.py:152 — Unable to open profile tab / reach login sheet after 2 attempts
2026-08-12 14:13:07 [INFO    ] screenshot_utils.py:54 — Screenshot saved: reports/screenshots/profile_tab_failed_20260812_141304.png
2026-08-12 14:13:07 [INFO    ] screenshot_utils.py:77 — Page source saved: reports/screenshots/profile_tab_failed_20260812_141307.xml
2026-08-12 14:13:07 [ERROR   ] login_page.py:725 — Login flow failed: Unable to open profile tab / reach login sheet after 2 attempts
2026-08-12 14:13:09 [INFO    ] screenshot_utils.py:54 — Screenshot saved: reports/screenshots/login_failed_20260812_141307.png
2026-08-12 14:13:10 [INFO    ] screenshot_utils.py:77 — Page source saved: reports/screenshots/login_failed_20260812_141309.xml
2026-08-12 14:13:12 [INFO    ] screenshot_utils.py:54 — Screenshot saved: reports/screenshots/test_like_video_20260812_141310.png
2026-08-12 14:13:12 [INFO    ] screenshot_utils.py:77 — Page source saved: reports/screenshots/test_like_video_20260812_141312.xml
2026-08-12 14:13:12 [ERROR   ] conftest.py:355 — Test FAILED: test_like_video
2026-08-12 14:13:12 [INFO    ] conftest.py:262 — Closing driver session.
2026-08-12 14:13:13 [INFO    ] conftest.py:227 — ==================================================
2026-08-12 14:13:13 [INFO    ] conftest.py:228 — DRIVER SETUP START
2026-08-12 14:13:13 [INFO    ] conftest.py:229 — ==================================================
2026-08-12 14:13:13 [INFO    ] conftest.py:116 — Driver creation attempt 1/2
2026-08-12 14:13:13 [INFO    ] driver_factory.py:53 — ========== DRIVER CREATION START ==========
2026-08-12 14:13:13 [INFO    ] driver_factory.py:70 — Device: emulator | Env: qa | Platform: Android
2026-08-12 14:13:13 [INFO    ] driver_factory.py:132 — Device Name: Android Emulator
2026-08-12 14:13:13 [INFO    ] driver_factory.py:133 — UDID: emulator-5554
2026-08-12 14:13:13 [INFO    ] driver_factory.py:147 — App Package: com.zee5.hipi (noReset=true, activity not set)
2026-08-12 14:13:20 [INFO    ] driver_factory.py:108 — App launched by driver. Waiting for stabilization...
2026-08-12 14:13:22 [INFO    ] driver_factory.py:111 — ========== DRIVER CREATED SUCCESSFULLY ==========
2026-08-12 14:13:22 [INFO    ] conftest.py:238 — Driver created successfully.
2026-08-12 14:13:27 [INFO    ] popup_handler.py:122 — Checking for 'Get Started' screen...
2026-08-12 14:13:39 [INFO    ] popup_handler.py:134 — 'Get Started' screen not present — skipping.
2026-08-12 14:13:39 [INFO    ] conftest.py:153 — App readiness probe: HiPi is in foreground (com.zee5.hipi).
2026-08-12 14:13:39 [INFO    ] conftest.py:251 — DRIVER SETUP COMPLETE
2026-08-12 14:13:39 [INFO    ] base_test.py:20 — BaseTest setup completed.
2026-08-12 14:13:39 [INFO    ] base_test.py:58 — login_and_reach_feed: START
2026-08-12 14:13:39 [INFO    ] base_test.py:30 — Logging in as default test user.
2026-08-12 14:13:39 [INFO    ] login_page.py:590 — ========== LOGIN FLOW START ==========
2026-08-12 14:13:40 [INFO    ] login_page.py:34 — Opening profile tab
2026-08-12 14:13:41 [INFO    ] login_page.py:44 — Profile tab open attempt 1/2
2026-08-12 14:13:53 [ERROR   ] base_page.py:59 — Element not clickable after 8s: ('-android uiautomator', 'new UiSelector().className("android.view.View").instance(24)')
2026-08-12 14:13:53 [INFO    ] screenshot_utils.py:54 — Screenshot saved: reports/screenshots/element_not_clickable_new UiSelector().className("android.view.View").instance(24)_20260812_141353.png
2026-08-12 14:13:53 [INFO    ] screenshot_utils.py:77 — Page source saved: reports/screenshots/element_not_clickable_new UiSelector().className("android.view.View").instance(24)_20260812_141353.xml
2026-08-12 14:13:53 [ERROR   ] base_page.py:118 — Click failed on attempt 1 for ('-android uiautomator', 'new UiSelector().className("android.view.View").instance(24)'): Message: 
Stacktrace:
NoSuchElementError: An element could not be located on the page using the given search parameters.
    at AndroidUiautomator2Driver.findElOrEls (/Users/vc.rajdeep.kumar/.appium/node_modules/appium-uiautomator2-driver/node_modules/appium-android-driver/build/lib/commands/find.js:62:15)
    at process.processTicksAndRejections (node:internal/process/task_queues:104:5)
    at async AndroidUiautomator2Driver.findElOrElsWithProcessing (/opt/homebrew/lib/node_modules/appium/node_modules/@appium/base-driver/build/lib/basedriver/commands/find.js:12:16)
    at async AndroidUiautomator2Driver.findElement (/opt/homebrew/lib/node_modules/appium/node_modules/@appium/base-driver/build/lib/basedriver/commands/find.js:27:16)
2026-08-12 14:13:53 [WARNING ] base_page.py:262 — Attempting to recover application state...
2026-08-12 14:13:57 [INFO    ] base_page.py:266 — App recovery attempt completed.
2026-08-12 14:14:01 [INFO    ] screenshot_utils.py:54 — Screenshot saved: reports/screenshots/click_failed_20260812_141357.png
2026-08-12 14:14:02 [INFO    ] screenshot_utils.py:77 — Page source saved: reports/screenshots/click_failed_20260812_141401.xml
2026-08-12 14:14:02 [WARNING ] login_page.py:88 — Element-based click failed: Unable to click ('-android uiautomator', 'new UiSelector().className("android.view.View").instance(24)') after 1 retries. Last exception: Message: 
Stacktrace:
NoSuchElementError: An element could not be located on the page using the given search parameters.
    at AndroidUiautomator2Driver.findElOrEls (/Users/vc.rajdeep.kumar/.appium/node_modules/appium-uiautomator2-driver/node_modules/appium-android-driver/build/lib/commands/find.js:62:15)
    at process.processTicksAndRejections (node:internal/process/task_queues:104:5)
    at async AndroidUiautomator2Driver.findElOrElsWithProcessing (/opt/homebrew/lib/node_modules/appium/node_modules/@appium/base-driver/build/lib/basedriver/commands/find.js:12:16)
    at async AndroidUiautomator2Driver.findElement (/opt/homebrew/lib/node_modules/appium/node_modules/@appium/base-driver/build/lib/basedriver/commands/find.js:27:16)
2026-08-12 14:14:02 [INFO    ] gestures.py:29 — Tap performed at X:760 Y:2311
2026-08-12 14:14:14 [ERROR   ] base_page.py:92 — None of the candidate locators became visible within 6s. Candidates: [('-android uiautomator', 'new UiSelector().textContains("Continue")'), ('class name', 'android.widget.EditText')]. Last error: None
2026-08-12 14:14:16 [INFO    ] screenshot_utils.py:54 — Screenshot saved: reports/screenshots/wait_for_any_visible_failed_20260812_141414.png
2026-08-12 14:14:16 [INFO    ] screenshot_utils.py:77 — Page source saved: reports/screenshots/wait_for_any_visible_failed_20260812_141416.xml
2026-08-12 14:14:16 [WARNING ] login_page.py:139 — Attempt 1 did not reach the login sheet, recovering and retrying...
2026-08-12 14:14:16 [WARNING ] base_page.py:262 — Attempting to recover application state...
2026-08-12 14:14:19 [INFO    ] base_page.py:266 — App recovery attempt completed.
2026-08-12 14:14:21 [INFO    ] login_page.py:44 — Profile tab open attempt 2/2
2026-08-12 14:14:33 [ERROR   ] base_page.py:59 — Element not clickable after 8s: ('-android uiautomator', 'new UiSelector().className("android.view.View").instance(24)')
2026-08-12 14:14:33 [INFO    ] screenshot_utils.py:54 — Screenshot saved: reports/screenshots/element_not_clickable_new UiSelector().className("android.view.View").instance(24)_20260812_141433.png
2026-08-12 14:14:33 [INFO    ] screenshot_utils.py:77 — Page source saved: reports/screenshots/element_not_clickable_new UiSelector().className("android.view.View").instance(24)_20260812_141433.xml
2026-08-12 14:14:33 [ERROR   ] base_page.py:118 — Click failed on attempt 1 for ('-android uiautomator', 'new UiSelector().className("android.view.View").instance(24)'): Message: 
Stacktrace:
NoSuchElementError: An element could not be located on the page using the given search parameters.
    at AndroidUiautomator2Driver.findElOrEls (/Users/vc.rajdeep.kumar/.appium/node_modules/appium-uiautomator2-driver/node_modules/appium-android-driver/build/lib/commands/find.js:62:15)
    at process.processTicksAndRejections (node:internal/process/task_queues:104:5)
    at async AndroidUiautomator2Driver.findElOrElsWithProcessing (/opt/homebrew/lib/node_modules/appium/node_modules/@appium/base-driver/build/lib/basedriver/commands/find.js:12:16)
    at async AndroidUiautomator2Driver.findElement (/opt/homebrew/lib/node_modules/appium/node_modules/@appium/base-driver/build/lib/basedriver/commands/find.js:27:16)
2026-08-12 14:14:33 [WARNING ] base_page.py:262 — Attempting to recover application state...
2026-08-12 14:14:36 [INFO    ] base_page.py:266 — App recovery attempt completed.
2026-08-12 14:14:39 [INFO    ] screenshot_utils.py:54 — Screenshot saved: reports/screenshots/click_failed_20260812_141436.png
2026-08-12 14:14:39 [INFO    ] screenshot_utils.py:77 — Page source saved: reports/screenshots/click_failed_20260812_141439.xml
2026-08-12 14:14:39 [WARNING ] login_page.py:88 — Element-based click failed: Unable to click ('-android uiautomator', 'new UiSelector().className("android.view.View").instance(24)') after 1 retries. Last exception: Message: 
Stacktrace:
NoSuchElementError: An element could not be located on the page using the given search parameters.
    at AndroidUiautomator2Driver.findElOrEls (/Users/vc.rajdeep.kumar/.appium/node_modules/appium-uiautomator2-driver/node_modules/appium-android-driver/build/lib/commands/find.js:62:15)
    at process.processTicksAndRejections (node:internal/process/task_queues:104:5)
    at async AndroidUiautomator2Driver.findElOrElsWithProcessing (/opt/homebrew/lib/node_modules/appium/node_modules/@appium/base-driver/build/lib/basedriver/commands/find.js:12:16)
    at async AndroidUiautomator2Driver.findElement (/opt/homebrew/lib/node_modules/appium/node_modules/@appium/base-driver/build/lib/basedriver/commands/find.js:27:16)
2026-08-12 14:14:40 [INFO    ] gestures.py:29 — Tap performed at X:760 Y:2311
2026-08-12 14:14:52 [ERROR   ] base_page.py:92 — None of the candidate locators became visible within 6s. Candidates: [('-android uiautomator', 'new UiSelector().textContains("Continue")'), ('class name', 'android.widget.EditText')]. Last error: None
2026-08-12 14:14:53 [INFO    ] screenshot_utils.py:54 — Screenshot saved: reports/screenshots/wait_for_any_visible_failed_20260812_141452.png
2026-08-12 14:14:53 [INFO    ] screenshot_utils.py:77 — Page source saved: reports/screenshots/wait_for_any_visible_failed_20260812_141453.xml
2026-08-12 14:14:53 [WARNING ] login_page.py:139 — Attempt 2 did not reach the login sheet, recovering and retrying...
2026-08-12 14:14:53 [WARNING ] base_page.py:262 — Attempting to recover application state...
2026-08-12 14:14:56 [INFO    ] base_page.py:266 — App recovery attempt completed.
2026-08-12 14:14:58 [ERROR   ] login_page.py:152 — Unable to open profile tab / reach login sheet after 2 attempts
2026-08-12 14:15:01 [INFO    ] screenshot_utils.py:54 — Screenshot saved: reports/screenshots/profile_tab_failed_20260812_141458.png
2026-08-12 14:15:01 [INFO    ] screenshot_utils.py:77 — Page source saved: reports/screenshots/profile_tab_failed_20260812_141501.xml
2026-08-12 14:15:01 [ERROR   ] login_page.py:725 — Login flow failed: Unable to open profile tab / reach login sheet after 2 attempts
2026-08-12 14:15:02 [INFO    ] screenshot_utils.py:54 — Screenshot saved: reports/screenshots/login_failed_20260812_141501.png
2026-08-12 14:15:03 [INFO    ] screenshot_utils.py:77 — Page source saved: reports/screenshots/login_failed_20260812_141502.xml
2026-08-12 14:15:04 [INFO    ] screenshot_utils.py:54 — Screenshot saved: reports/screenshots/test_add_comment_20260812_141503.png
2026-08-12 14:15:04 [INFO    ] screenshot_utils.py:77 — Page source saved: reports/screenshots/test_add_comment_20260812_141504.xml
2026-08-12 14:15:04 [ERROR   ] conftest.py:355 — Test FAILED: test_add_comment
2026-08-12 14:15:04 [INFO    ] conftest.py:262 — Closing driver session.
2026-08-12 14:15:05 [INFO    ] conftest.py:227 — ==================================================
2026-08-12 14:15:05 [INFO    ] conftest.py:228 — DRIVER SETUP START
2026-08-12 14:15:05 [INFO    ] conftest.py:229 — ==================================================
2026-08-12 14:15:05 [INFO    ] conftest.py:116 — Driver creation attempt 1/2
2026-08-12 14:15:05 [INFO    ] driver_factory.py:53 — ========== DRIVER CREATION START ==========
2026-08-12 14:15:05 [INFO    ] driver_factory.py:70 — Device: emulator | Env: qa | Platform: Android
2026-08-12 14:15:05 [INFO    ] driver_factory.py:132 — Device Name: Android Emulator
2026-08-12 14:15:05 [INFO    ] driver_factory.py:133 — UDID: emulator-5554
2026-08-12 14:15:05 [INFO    ] driver_factory.py:147 — App Package: com.zee5.hipi (noReset=true, activity not set)
2026-08-12 14:15:12 [INFO    ] driver_factory.py:108 — App launched by driver. Waiting for stabilization...
2026-08-12 14:15:14 [INFO    ] driver_factory.py:111 — ========== DRIVER CREATED SUCCESSFULLY ==========
2026-08-12 14:15:14 [INFO    ] conftest.py:238 — Driver created successfully.
2026-08-12 14:15:20 [INFO    ] popup_handler.py:122 — Checking for 'Get Started' screen...
2026-08-12 14:15:31 [INFO    ] popup_handler.py:134 — 'Get Started' screen not present — skipping.
2026-08-12 14:15:32 [INFO    ] conftest.py:153 — App readiness probe: HiPi is in foreground (com.zee5.hipi).
2026-08-12 14:15:32 [INFO    ] conftest.py:251 — DRIVER SETUP COMPLETE
2026-08-12 14:15:32 [INFO    ] base_test.py:20 — BaseTest setup completed.
2026-08-12 14:15:32 [INFO    ] base_test.py:58 — login_and_reach_feed: START
2026-08-12 14:15:32 [INFO    ] base_test.py:30 — Logging in as default test user.
2026-08-12 14:15:32 [INFO    ] login_page.py:590 — ========== LOGIN FLOW START ==========
2026-08-12 14:15:33 [INFO    ] login_page.py:34 — Opening profile tab
2026-08-12 14:15:34 [INFO    ] login_page.py:44 — Profile tab open attempt 1/2
2026-08-12 14:15:46 [ERROR   ] base_page.py:59 — Element not clickable after 8s: ('-android uiautomator', 'new UiSelector().className("android.view.View").instance(24)')
2026-08-12 14:15:55 [INFO    ] screenshot_utils.py:54 — Screenshot saved: reports/screenshots/element_not_clickable_new UiSelector().className("android.view.View").instance(24)_20260812_141546.png
2026-08-12 14:15:56 [INFO    ] screenshot_utils.py:77 — Page source saved: reports/screenshots/element_not_clickable_new UiSelector().className("android.view.View").instance(24)_20260812_141555.xml
2026-08-12 14:15:56 [ERROR   ] base_page.py:118 — Click failed on attempt 1 for ('-android uiautomator', 'new UiSelector().className("android.view.View").instance(24)'): Message: 
Stacktrace:
NoSuchElementError: An element could not be located on the page using the given search parameters.
    at AndroidUiautomator2Driver.findElOrEls (/Users/vc.rajdeep.kumar/.appium/node_modules/appium-uiautomator2-driver/node_modules/appium-android-driver/build/lib/commands/find.js:62:15)
    at process.processTicksAndRejections (node:internal/process/task_queues:104:5)
    at async AndroidUiautomator2Driver.findElOrElsWithProcessing (/opt/homebrew/lib/node_modules/appium/node_modules/@appium/base-driver/build/lib/basedriver/commands/find.js:12:16)
    at async AndroidUiautomator2Driver.findElement (/opt/homebrew/lib/node_modules/appium/node_modules/@appium/base-driver/build/lib/basedriver/commands/find.js:27:16)
2026-08-12 14:15:56 [WARNING ] base_page.py:262 — Attempting to recover application state...
2026-08-12 14:15:59 [INFO    ] base_page.py:266 — App recovery attempt completed.
2026-08-12 14:16:02 [INFO    ] screenshot_utils.py:54 — Screenshot saved: reports/screenshots/click_failed_20260812_141559.png
2026-08-12 14:16:03 [INFO    ] screenshot_utils.py:77 — Page source saved: reports/screenshots/click_failed_20260812_141602.xml
2026-08-12 14:16:03 [WARNING ] login_page.py:88 — Element-based click failed: Unable to click ('-android uiautomator', 'new UiSelector().className("android.view.View").instance(24)') after 1 retries. Last exception: Message: 
Stacktrace:
NoSuchElementError: An element could not be located on the page using the given search parameters.
    at AndroidUiautomator2Driver.findElOrEls (/Users/vc.rajdeep.kumar/.appium/node_modules/appium-uiautomator2-driver/node_modules/appium-android-driver/build/lib/commands/find.js:62:15)
    at process.processTicksAndRejections (node:internal/process/task_queues:104:5)
    at async AndroidUiautomator2Driver.findElOrElsWithProcessing (/opt/homebrew/lib/node_modules/appium/node_modules/@appium/base-driver/build/lib/basedriver/commands/find.js:12:16)
    at async AndroidUiautomator2Driver.findElement (/opt/homebrew/lib/node_modules/appium/node_modules/@appium/base-driver/build/lib/basedriver/commands/find.js:27:16)
2026-08-12 14:16:03 [INFO    ] gestures.py:29 — Tap performed at X:760 Y:2311
2026-08-12 14:16:15 [ERROR   ] base_page.py:92 — None of the candidate locators became visible within 6s. Candidates: [('-android uiautomator', 'new UiSelector().textContains("Continue")'), ('class name', 'android.widget.EditText')]. Last error: None
2026-08-12 14:16:18 [INFO    ] screenshot_utils.py:54 — Screenshot saved: reports/screenshots/wait_for_any_visible_failed_20260812_141615.png
2026-08-12 14:16:18 [INFO    ] screenshot_utils.py:77 — Page source saved: reports/screenshots/wait_for_any_visible_failed_20260812_141618.xml
2026-08-12 14:16:18 [WARNING ] login_page.py:139 — Attempt 1 did not reach the login sheet, recovering and retrying...
2026-08-12 14:16:18 [WARNING ] base_page.py:262 — Attempting to recover application state...
2026-08-12 14:16:21 [INFO    ] base_page.py:266 — App recovery attempt completed.
2026-08-12 14:16:23 [INFO    ] login_page.py:44 — Profile tab open attempt 2/2
2026-08-12 14:16:35 [ERROR   ] base_page.py:59 — Element not clickable after 8s: ('-android uiautomator', 'new UiSelector().className("android.view.View").instance(24)')
2026-08-12 14:16:38 [INFO    ] screenshot_utils.py:54 — Screenshot saved: reports/screenshots/element_not_clickable_new UiSelector().className("android.view.View").instance(24)_20260812_141635.png
2026-08-12 14:16:38 [INFO    ] screenshot_utils.py:77 — Page source saved: reports/screenshots/element_not_clickable_new UiSelector().className("android.view.View").instance(24)_20260812_141638.xml
2026-08-12 14:16:38 [ERROR   ] base_page.py:118 — Click failed on attempt 1 for ('-android uiautomator', 'new UiSelector().className("android.view.View").instance(24)'): Message: 
Stacktrace:
NoSuchElementError: An element could not be located on the page using the given search parameters.
    at AndroidUiautomator2Driver.findElOrEls (/Users/vc.rajdeep.kumar/.appium/node_modules/appium-uiautomator2-driver/node_modules/appium-android-driver/build/lib/commands/find.js:62:15)
    at process.processTicksAndRejections (node:internal/process/task_queues:104:5)
    at async AndroidUiautomator2Driver.findElOrElsWithProcessing (/opt/homebrew/lib/node_modules/appium/node_modules/@appium/base-driver/build/lib/basedriver/commands/find.js:12:16)
    at async AndroidUiautomator2Driver.findElement (/opt/homebrew/lib/node_modules/appium/node_modules/@appium/base-driver/build/lib/basedriver/commands/find.js:27:16)
2026-08-12 14:16:38 [WARNING ] base_page.py:262 — Attempting to recover application state...
2026-08-12 14:16:41 [INFO    ] base_page.py:266 — App recovery attempt completed.
2026-08-12 14:16:45 [INFO    ] screenshot_utils.py:54 — Screenshot saved: reports/screenshots/click_failed_20260812_141641.png
2026-08-12 14:16:45 [INFO    ] screenshot_utils.py:77 — Page source saved: reports/screenshots/click_failed_20260812_141645.xml
2026-08-12 14:16:45 [WARNING ] login_page.py:88 — Element-based click failed: Unable to click ('-android uiautomator', 'new UiSelector().className("android.view.View").instance(24)') after 1 retries. Last exception: Message: 
Stacktrace:
NoSuchElementError: An element could not be located on the page using the given search parameters.
    at AndroidUiautomator2Driver.findElOrEls (/Users/vc.rajdeep.kumar/.appium/node_modules/appium-uiautomator2-driver/node_modules/appium-android-driver/build/lib/commands/find.js:62:15)
    at process.processTicksAndRejections (node:internal/process/task_queues:104:5)
    at async AndroidUiautomator2Driver.findElOrElsWithProcessing (/opt/homebrew/lib/node_modules/appium/node_modules/@appium/base-driver/build/lib/basedriver/commands/find.js:12:16)
    at async AndroidUiautomator2Driver.findElement (/opt/homebrew/lib/node_modules/appium/node_modules/@appium/base-driver/build/lib/basedriver/commands/find.js:27:16)
2026-08-12 14:16:45 [INFO    ] gestures.py:29 — Tap performed at X:760 Y:2311
2026-08-12 14:16:57 [ERROR   ] base_page.py:92 — None of the candidate locators became visible within 6s. Candidates: [('-android uiautomator', 'new UiSelector().textContains("Continue")'), ('class name', 'android.widget.EditText')]. Last error: None
2026-08-12 14:17:00 [INFO    ] screenshot_utils.py:54 — Screenshot saved: reports/screenshots/wait_for_any_visible_failed_20260812_141657.png
2026-08-12 14:17:00 [INFO    ] screenshot_utils.py:77 — Page source saved: reports/screenshots/wait_for_any_visible_failed_20260812_141700.xml
2026-08-12 14:17:00 [WARNING ] login_page.py:139 — Attempt 2 did not reach the login sheet, recovering and retrying...
2026-08-12 14:17:00 [WARNING ] base_page.py:262 — Attempting to recover application state...
2026-08-12 14:17:03 [INFO    ] base_page.py:266 — App recovery attempt completed.
2026-08-12 14:17:05 [ERROR   ] login_page.py:152 — Unable to open profile tab / reach login sheet after 2 attempts
2026-08-12 14:17:09 [INFO    ] screenshot_utils.py:54 — Screenshot saved: reports/screenshots/profile_tab_failed_20260812_141705.png
2026-08-12 14:17:10 [INFO    ] screenshot_utils.py:77 — Page source saved: reports/screenshots/profile_tab_failed_20260812_141709.xml
2026-08-12 14:17:10 [ERROR   ] login_page.py:725 — Login flow failed: Unable to open profile tab / reach login sheet after 2 attempts
2026-08-12 14:17:13 [INFO    ] screenshot_utils.py:54 — Screenshot saved: reports/screenshots/login_failed_20260812_141710.png
2026-08-12 14:17:13 [INFO    ] screenshot_utils.py:77 — Page source saved: reports/screenshots/login_failed_20260812_141713.xml
2026-08-12 14:17:14 [INFO    ] screenshot_utils.py:54 — Screenshot saved: reports/screenshots/test_pause_and_resume_reel_20260812_141713.png
2026-08-12 14:17:15 [INFO    ] screenshot_utils.py:77 — Page source saved: reports/screenshots/test_pause_and_resume_reel_20260812_141714.xml
2026-08-12 14:17:15 [ERROR   ] conftest.py:355 — Test FAILED: test_pause_and_resume_reel
2026-08-12 14:17:15 [INFO    ] conftest.py:262 — Closing driver session.
2026-08-12 14:17:17 [INFO    ] conftest.py:227 — ==================================================
2026-08-12 14:17:17 [INFO    ] conftest.py:228 — DRIVER SETUP START
2026-08-12 14:17:17 [INFO    ] conftest.py:229 — ==================================================
2026-08-12 14:17:17 [INFO    ] conftest.py:116 — Driver creation attempt 1/2
2026-08-12 14:17:17 [INFO    ] driver_factory.py:53 — ========== DRIVER CREATION START ==========
2026-08-12 14:17:17 [INFO    ] driver_factory.py:70 — Device: emulator | Env: qa | Platform: Android
2026-08-12 14:17:17 [INFO    ] driver_factory.py:132 — Device Name: Android Emulator
2026-08-12 14:17:17 [INFO    ] driver_factory.py:133 — UDID: emulator-5554
2026-08-12 14:17:17 [INFO    ] driver_factory.py:147 — App Package: com.zee5.hipi (noReset=true, activity not set)
2026-08-12 14:17:25 [INFO    ] driver_factory.py:108 — App launched by driver. Waiting for stabilization...
2026-08-12 14:17:27 [INFO    ] driver_factory.py:111 — ========== DRIVER CREATED SUCCESSFULLY ==========
2026-08-12 14:17:27 [INFO    ] conftest.py:238 — Driver created successfully.
2026-08-12 14:17:33 [INFO    ] popup_handler.py:122 — Checking for 'Get Started' screen...
2026-08-12 14:17:45 [INFO    ] popup_handler.py:134 — 'Get Started' screen not present — skipping.
2026-08-12 14:17:45 [INFO    ] conftest.py:153 — App readiness probe: HiPi is in foreground (com.zee5.hipi).
2026-08-12 14:17:45 [INFO    ] conftest.py:251 — DRIVER SETUP COMPLETE
2026-08-12 14:17:45 [INFO    ] base_test.py:20 — BaseTest setup completed.
2026-08-12 14:17:45 [INFO    ] base_test.py:58 — login_and_reach_feed: START
2026-08-12 14:17:45 [INFO    ] base_test.py:30 — Logging in as default test user.
2026-08-12 14:17:45 [INFO    ] login_page.py:590 — ========== LOGIN FLOW START ==========
2026-08-12 14:17:46 [INFO    ] login_page.py:34 — Opening profile tab
2026-08-12 14:17:47 [INFO    ] login_page.py:44 — Profile tab open attempt 1/2
2026-08-12 14:17:59 [ERROR   ] base_page.py:59 — Element not clickable after 8s: ('-android uiautomator', 'new UiSelector().className("android.view.View").instance(24)')
2026-08-12 14:18:03 [INFO    ] screenshot_utils.py:54 — Screenshot saved: reports/screenshots/element_not_clickable_new UiSelector().className("android.view.View").instance(24)_20260812_141759.png
2026-08-12 14:18:03 [INFO    ] screenshot_utils.py:77 — Page source saved: reports/screenshots/element_not_clickable_new UiSelector().className("android.view.View").instance(24)_20260812_141803.xml
2026-08-12 14:18:03 [ERROR   ] base_page.py:118 — Click failed on attempt 1 for ('-android uiautomator', 'new UiSelector().className("android.view.View").instance(24)'): Message: 
Stacktrace:
NoSuchElementError: An element could not be located on the page using the given search parameters.
    at AndroidUiautomator2Driver.findElOrEls (/Users/vc.rajdeep.kumar/.appium/node_modules/appium-uiautomator2-driver/node_modules/appium-android-driver/build/lib/commands/find.js:62:15)
    at process.processTicksAndRejections (node:internal/process/task_queues:104:5)
    at async AndroidUiautomator2Driver.findElOrElsWithProcessing (/opt/homebrew/lib/node_modules/appium/node_modules/@appium/base-driver/build/lib/basedriver/commands/find.js:12:16)
    at async AndroidUiautomator2Driver.findElement (/opt/homebrew/lib/node_modules/appium/node_modules/@appium/base-driver/build/lib/basedriver/commands/find.js:27:16)
2026-08-12 14:18:03 [WARNING ] base_page.py:262 — Attempting to recover application state...
2026-08-12 14:18:07 [INFO    ] base_page.py:266 — App recovery attempt completed.
2026-08-12 14:18:09 [INFO    ] screenshot_utils.py:54 — Screenshot saved: reports/screenshots/click_failed_20260812_141807.png
2026-08-12 14:18:10 [INFO    ] screenshot_utils.py:77 — Page source saved: reports/screenshots/click_failed_20260812_141809.xml
2026-08-12 14:18:10 [WARNING ] login_page.py:88 — Element-based click failed: Unable to click ('-android uiautomator', 'new UiSelector().className("android.view.View").instance(24)') after 1 retries. Last exception: Message: 
Stacktrace:
NoSuchElementError: An element could not be located on the page using the given search parameters.
    at AndroidUiautomator2Driver.findElOrEls (/Users/vc.rajdeep.kumar/.appium/node_modules/appium-uiautomator2-driver/node_modules/appium-android-driver/build/lib/commands/find.js:62:15)
    at process.processTicksAndRejections (node:internal/process/task_queues:104:5)
    at async AndroidUiautomator2Driver.findElOrElsWithProcessing (/opt/homebrew/lib/node_modules/appium/node_modules/@appium/base-driver/build/lib/basedriver/commands/find.js:12:16)
    at async AndroidUiautomator2Driver.findElement (/opt/homebrew/lib/node_modules/appium/node_modules/@appium/base-driver/build/lib/basedriver/commands/find.js:27:16)
2026-08-12 14:18:11 [INFO    ] gestures.py:29 — Tap performed at X:760 Y:2311
2026-08-12 14:18:23 [ERROR   ] base_page.py:92 — None of the candidate locators became visible within 6s. Candidates: [('-android uiautomator', 'new UiSelector().textContains("Continue")'), ('class name', 'android.widget.EditText')]. Last error: None
2026-08-12 14:18:28 [INFO    ] screenshot_utils.py:54 — Screenshot saved: reports/screenshots/wait_for_any_visible_failed_20260812_141823.png
2026-08-12 14:18:28 [INFO    ] screenshot_utils.py:77 — Page source saved: reports/screenshots/wait_for_any_visible_failed_20260812_141828.xml
2026-08-12 14:18:28 [WARNING ] login_page.py:139 — Attempt 1 did not reach the login sheet, recovering and retrying...
2026-08-12 14:18:28 [WARNING ] base_page.py:262 — Attempting to recover application state...
2026-08-12 14:18:31 [INFO    ] base_page.py:266 — App recovery attempt completed.
2026-08-12 14:18:33 [INFO    ] login_page.py:44 — Profile tab open attempt 2/2
2026-08-12 14:18:45 [ERROR   ] base_page.py:59 — Element not clickable after 8s: ('-android uiautomator', 'new UiSelector().className("android.view.View").instance(24)')
2026-08-12 14:18:49 [INFO    ] screenshot_utils.py:54 — Screenshot saved: reports/screenshots/element_not_clickable_new UiSelector().className("android.view.View").instance(24)_20260812_141845.png
2026-08-12 14:18:50 [INFO    ] screenshot_utils.py:77 — Page source saved: reports/screenshots/element_not_clickable_new UiSelector().className("android.view.View").instance(24)_20260812_141849.xml
2026-08-12 14:18:50 [ERROR   ] base_page.py:118 — Click failed on attempt 1 for ('-android uiautomator', 'new UiSelector().className("android.view.View").instance(24)'): Message: 
Stacktrace:
NoSuchElementError: An element could not be located on the page using the given search parameters.
    at AndroidUiautomator2Driver.findElOrEls (/Users/vc.rajdeep.kumar/.appium/node_modules/appium-uiautomator2-driver/node_modules/appium-android-driver/build/lib/commands/find.js:62:15)
    at process.processTicksAndRejections (node:internal/process/task_queues:104:5)
    at async AndroidUiautomator2Driver.findElOrElsWithProcessing (/opt/homebrew/lib/node_modules/appium/node_modules/@appium/base-driver/build/lib/basedriver/commands/find.js:12:16)
    at async AndroidUiautomator2Driver.findElement (/opt/homebrew/lib/node_modules/appium/node_modules/@appium/base-driver/build/lib/basedriver/commands/find.js:27:16)
2026-08-12 14:18:50 [WARNING ] base_page.py:262 — Attempting to recover application state...
2026-08-12 14:18:53 [INFO    ] base_page.py:266 — App recovery attempt completed.
2026-08-12 14:18:56 [INFO    ] screenshot_utils.py:54 — Screenshot saved: reports/screenshots/click_failed_20260812_141853.png
2026-08-12 14:18:56 [INFO    ] screenshot_utils.py:77 — Page source saved: reports/screenshots/click_failed_20260812_141856.xml
2026-08-12 14:18:56 [WARNING ] login_page.py:88 — Element-based click failed: Unable to click ('-android uiautomator', 'new UiSelector().className("android.view.View").instance(24)') after 1 retries. Last exception: Message: 
Stacktrace:
NoSuchElementError: An element could not be located on the page using the given search parameters.
    at AndroidUiautomator2Driver.findElOrEls (/Users/vc.rajdeep.kumar/.appium/node_modules/appium-uiautomator2-driver/node_modules/appium-android-driver/build/lib/commands/find.js:62:15)
    at process.processTicksAndRejections (node:internal/process/task_queues:104:5)
    at async AndroidUiautomator2Driver.findElOrElsWithProcessing (/opt/homebrew/lib/node_modules/appium/node_modules/@appium/base-driver/build/lib/basedriver/commands/find.js:12:16)
    at async AndroidUiautomator2Driver.findElement (/opt/homebrew/lib/node_modules/appium/node_modules/@appium/base-driver/build/lib/basedriver/commands/find.js:27:16)
2026-08-12 14:18:56 [INFO    ] gestures.py:29 — Tap performed at X:760 Y:2311
2026-08-12 14:19:09 [ERROR   ] base_page.py:92 — None of the candidate locators became visible within 6s. Candidates: [('-android uiautomator', 'new UiSelector().textContains("Continue")'), ('class name', 'android.widget.EditText')]. Last error: None
2026-08-12 14:19:12 [INFO    ] screenshot_utils.py:54 — Screenshot saved: reports/screenshots/wait_for_any_visible_failed_20260812_141909.png
2026-08-12 14:19:13 [INFO    ] screenshot_utils.py:77 — Page source saved: reports/screenshots/wait_for_any_visible_failed_20260812_141912.xml
2026-08-12 14:19:13 [WARNING ] login_page.py:139 — Attempt 2 did not reach the login sheet, recovering and retrying...
2026-08-12 14:19:13 [WARNING ] base_page.py:262 — Attempting to recover application state...
2026-08-12 14:19:16 [INFO    ] base_page.py:266 — App recovery attempt completed.
2026-08-12 14:19:18 [ERROR   ] login_page.py:152 — Unable to open profile tab / reach login sheet after 2 attempts
2026-08-12 14:19:22 [INFO    ] screenshot_utils.py:54 — Screenshot saved: reports/screenshots/profile_tab_failed_20260812_141918.png
2026-08-12 14:19:23 [INFO    ] screenshot_utils.py:77 — Page source saved: reports/screenshots/profile_tab_failed_20260812_141922.xml
2026-08-12 14:19:23 [ERROR   ] login_page.py:725 — Login flow failed: Unable to open profile tab / reach login sheet after 2 attempts
2026-08-12 14:19:25 [INFO    ] screenshot_utils.py:54 — Screenshot saved: reports/screenshots/login_failed_20260812_141923.png
2026-08-12 14:19:25 [INFO    ] screenshot_utils.py:77 — Page source saved: reports/screenshots/login_failed_20260812_141925.xml
2026-08-12 14:19:26 [INFO    ] screenshot_utils.py:54 — Screenshot saved: reports/screenshots/test_swipe_to_next_video_20260812_141925.png
2026-08-12 14:19:26 [INFO    ] screenshot_utils.py:77 — Page source saved: reports/screenshots/test_swipe_to_next_video_20260812_141926.xml
2026-08-12 14:19:26 [ERROR   ] conftest.py:355 — Test FAILED: test_swipe_to_next_video
2026-08-12 14:19:26 [INFO    ] conftest.py:262 — Closing driver session.
2026-08-12 14:19:28 [INFO    ] conftest.py:227 — ==================================================
2026-08-12 14:19:28 [INFO    ] conftest.py:228 — DRIVER SETUP START
2026-08-12 14:19:28 [INFO    ] conftest.py:229 — ==================================================
2026-08-12 14:19:28 [INFO    ] conftest.py:116 — Driver creation attempt 1/2
2026-08-12 14:19:28 [INFO    ] driver_factory.py:53 — ========== DRIVER CREATION START ==========
2026-08-12 14:19:28 [INFO    ] driver_factory.py:70 — Device: emulator | Env: qa | Platform: Android
2026-08-12 14:19:28 [INFO    ] driver_factory.py:132 — Device Name: Android Emulator
2026-08-12 14:19:28 [INFO    ] driver_factory.py:133 — UDID: emulator-5554
2026-08-12 14:19:28 [INFO    ] driver_factory.py:147 — App Package: com.zee5.hipi (noReset=true, activity not set)
2026-08-12 14:19:40 [INFO    ] driver_factory.py:108 — App launched by driver. Waiting for stabilization...
2026-08-12 14:19:42 [INFO    ] driver_factory.py:111 — ========== DRIVER CREATED SUCCESSFULLY ==========
2026-08-12 14:19:42 [INFO    ] conftest.py:238 — Driver created successfully.
2026-08-12 14:19:47 [INFO    ] popup_handler.py:122 — Checking for 'Get Started' screen...
2026-08-12 14:19:50 [ERROR   ] popup_handler.py:137 — 'Get Started' handling failed: Message: Could not proxy command to the remote server. Original error: socket hang up
Stacktrace:
UnknownError: Could not proxy command to the remote server. Original error: socket hang up
    at ProxyRequestError.getActualError (/opt/homebrew/lib/node_modules/appium/node_modules/@appium/base-driver/build/lib/protocol/errors.js:692:16)
    at UIA2Proxy.command (/opt/homebrew/lib/node_modules/appium/node_modules/@appium/base-driver/build/lib/jsonwp-proxy/proxy.js:270:27)
    at process.processTicksAndRejections (node:internal/process/task_queues:104:5)
    at async AndroidUiautomator2Driver.doFindElementOrEls (/Users/vc.rajdeep.kumar/.appium/node_modules/appium-uiautomator2-driver/build/lib/commands/find.js:24:13)
    at async doFind (/Users/vc.rajdeep.kumar/.appium/node_modules/appium-uiautomator2-driver/node_modules/appium-android-driver/build/lib/commands/find.js:24:23)
    at async wrappedCondFn (/opt/homebrew/lib/node_modules/appium/node_modules/@appium/base-driver/build/lib/basedriver/commands/timeout.js:97:20)
    at async spin (/opt/homebrew/lib/node_modules/appium/node_modules/asyncbox/build/lib/asyncbox.js:174:24)
    at async spin (/opt/homebrew/lib/node_modules/appium/node_modules/asyncbox/build/lib/asyncbox.js:184:20)
    at async spin (/opt/homebrew/lib/node_modules/appium/node_modules/asyncbox/build/lib/asyncbox.js:184:20)
    at async spin (/opt/homebrew/lib/node_modules/appium/node_modules/asyncbox/build/lib/asyncbox.js:184:20)
    at async spin (/opt/homebrew/lib/node_modules/appium/node_modules/asyncbox/build/lib/asyncbox.js:184:20)
    at async waitForCondition (/opt/homebrew/lib/node_modules/appium/node_modules/asyncbox/build/lib/asyncbox.js:192:12)
    at async AndroidUiautomator2Driver.implicitWaitForCondition (/opt/homebrew/lib/node_modules/appium/node_modules/@appium/base-driver/build/lib/basedriver/commands/timeout.js:99:16)
    at async AndroidUiautomator2Driver.findElOrEls (/Users/vc.rajdeep.kumar/.appium/node_modules/appium-uiautomator2-driver/node_modules/appium-android-driver/build/lib/commands/find.js:45:9)
    at async AndroidUiautomator2Driver.findElOrElsWithProcessing (/opt/homebrew/lib/node_modules/appium/node_modules/@appium/base-driver/build/lib/basedriver/commands/find.js:12:16)
    at async AndroidUiautomator2Driver.findElement (/opt/homebrew/lib/node_modules/appium/node_modules/@appium/base-driver/build/lib/basedriver/commands/find.js:27:16)
2026-08-12 14:19:50 [ERROR   ] screenshot_utils.py:58 — Screenshot capture failed: Message: Could not proxy command to the remote server. Original error: socket hang up
Stacktrace:
UnknownError: Could not proxy command to the remote server. Original error: socket hang up
    at ProxyRequestError.getActualError (/opt/homebrew/lib/node_modules/appium/node_modules/@appium/base-driver/build/lib/protocol/errors.js:692:16)
    at UIA2Proxy.command (/opt/homebrew/lib/node_modules/appium/node_modules/@appium/base-driver/build/lib/jsonwp-proxy/proxy.js:270:27)
    at process.processTicksAndRejections (node:internal/process/task_queues:104:5)
    at async AndroidUiautomator2Driver.getScreenshot (/Users/vc.rajdeep.kumar/.appium/node_modules/appium-uiautomator2-driver/build/lib/commands/screenshot.js:72:19)
2026-08-12 14:19:50 [INFO    ] conftest.py:153 — App readiness probe: HiPi is in foreground (com.zee5.hipi).
2026-08-12 14:19:50 [INFO    ] conftest.py:251 — DRIVER SETUP COMPLETE
2026-08-12 14:19:50 [INFO    ] base_test.py:20 — BaseTest setup completed.
2026-08-12 14:19:50 [INFO    ] test_login.py:126 — ========== SMOKE LOGIN START ==========
2026-08-12 14:19:50 [INFO    ] base_test.py:30 — Logging in as default test user.
2026-08-12 14:19:50 [INFO    ] login_page.py:590 — ========== LOGIN FLOW START ==========
2026-08-12 14:19:51 [INFO    ] login_page.py:34 — Opening profile tab
2026-08-12 14:19:52 [INFO    ] login_page.py:44 — Profile tab open attempt 1/2
2026-08-12 14:19:53 [ERROR   ] base_page.py:118 — Click failed on attempt 1 for ('-android uiautomator', 'new UiSelector().className("android.view.View").instance(24)'): Message: 'POST /element' cannot be proxied to UiAutomator2 server because the instrumentation process is not running (probably crashed). Check the server log and/or the logcat output for more details
Stacktrace:
UnknownError: 'POST /element' cannot be proxied to UiAutomator2 server because the instrumentation process is not running (probably crashed). Check the server log and/or the logcat output for more details
    at UIA2Proxy.command (/opt/homebrew/lib/node_modules/appium/node_modules/@appium/base-driver/build/lib/jsonwp-proxy/proxy.js:272:19)
    at process.processTicksAndRejections (node:internal/process/task_queues:104:5)
    at async AndroidUiautomator2Driver.doFindElementOrEls (/Users/vc.rajdeep.kumar/.appium/node_modules/appium-uiautomator2-driver/build/lib/commands/find.js:24:13)
    at async doFind (/Users/vc.rajdeep.kumar/.appium/node_modules/appium-uiautomator2-driver/node_modules/appium-android-driver/build/lib/commands/find.js:24:23)
    at async wrappedCondFn (/opt/homebrew/lib/node_modules/appium/node_modules/@appium/base-driver/build/lib/basedriver/commands/timeout.js:97:20)
    at async spin (/opt/homebrew/lib/node_modules/appium/node_modules/asyncbox/build/lib/asyncbox.js:174:24)
    at async waitForCondition (/opt/homebrew/lib/node_modules/appium/node_modules/asyncbox/build/lib/asyncbox.js:192:12)
    at async AndroidUiautomator2Driver.implicitWaitForCondition (/opt/homebrew/lib/node_modules/appium/node_modules/@appium/base-driver/build/lib/basedriver/commands/timeout.js:99:16)
    at async AndroidUiautomator2Driver.findElOrEls (/Users/vc.rajdeep.kumar/.appium/node_modules/appium-uiautomator2-driver/node_modules/appium-android-driver/build/lib/commands/find.js:45:9)
    at async AndroidUiautomator2Driver.findElOrElsWithProcessing (/opt/homebrew/lib/node_modules/appium/node_modules/@appium/base-driver/build/lib/basedriver/commands/find.js:12:16)
    at async AndroidUiautomator2Driver.findElement (/opt/homebrew/lib/node_modules/appium/node_modules/@appium/base-driver/build/lib/basedriver/commands/find.js:27:16)
2026-08-12 14:19:53 [WARNING ] base_page.py:262 — Attempting to recover application state...
2026-08-12 14:19:56 [INFO    ] base_page.py:266 — App recovery attempt completed.
2026-08-12 14:19:56 [ERROR   ] screenshot_utils.py:58 — Screenshot capture failed: Message: 'GET /screenshot' cannot be proxied to UiAutomator2 server because the instrumentation process is not running (probably crashed). Check the server log and/or the logcat output for more details
Stacktrace:
UnknownError: 'GET /screenshot' cannot be proxied to UiAutomator2 server because the instrumentation process is not running (probably crashed). Check the server log and/or the logcat output for more details
    at UIA2Proxy.command (/opt/homebrew/lib/node_modules/appium/node_modules/@appium/base-driver/build/lib/jsonwp-proxy/proxy.js:272:19)
    at process.processTicksAndRejections (node:internal/process/task_queues:104:5)
    at async AndroidUiautomator2Driver.getScreenshot (/Users/vc.rajdeep.kumar/.appium/node_modules/appium-uiautomator2-driver/build/lib/commands/screenshot.js:72:19)
2026-08-12 14:19:56 [ERROR   ] screenshot_utils.py:81 — Page source save failed: Message: 'GET /session/14f28f7b-71f8-4240-8744-761d6858e862/source' cannot be proxied to UiAutomator2 server because the instrumentation process is not running (probably crashed). Check the server log and/or the logcat output for more details
Stacktrace:
InvalidContextError: 'GET /session/14f28f7b-71f8-4240-8744-761d6858e862/source' cannot be proxied to UiAutomator2 server because the instrumentation process is not running (probably crashed). Check the server log and/or the logcat output for more details
    at UIA2Proxy.proxyCommand (/Users/vc.rajdeep.kumar/.appium/node_modules/appium-uiautomator2-driver/build/lib/uiautomator2.js:32:19)
    at UIA2Proxy.proxyReqRes (/opt/homebrew/lib/node_modules/appium/node_modules/@appium/base-driver/build/lib/jsonwp-proxy/proxy.js:325:49)
    at runCommandPromise (/opt/homebrew/lib/node_modules/appium/node_modules/@appium/base-driver/build/lib/basedriver/driver.js:121:30)
    at /opt/homebrew/lib/node_modules/appium/node_modules/async-lock/lib/index.js:171:12
    at AsyncLock._promiseTry (/opt/homebrew/lib/node_modules/appium/node_modules/async-lock/lib/index.js:306:31)
    at exec (/opt/homebrew/lib/node_modules/appium/node_modules/async-lock/lib/index.js:170:9)
    at AsyncLock.acquire (/opt/homebrew/lib/node_modules/appium/node_modules/async-lock/lib/index.js:189:3)
    at AndroidUiautomator2Driver.executeCommand (/opt/homebrew/lib/node_modules/appium/node_modules/@appium/base-driver/build/lib/basedriver/driver.js:161:45)
    at process.processTicksAndRejections (node:internal/process/task_queues:104:5)
    at async defaultBehavior (/opt/homebrew/lib/node_modules/appium/build/lib/appium.js:634:20)
    at async AppiumDriver.executeWrappedCommand (/opt/homebrew/lib/node_modules/appium/build/lib/appium.js:726:22)
    at async AppiumDriver.executeCommand (/opt/homebrew/lib/node_modules/appium/build/lib/appium.js:645:21)
    at async doJwpProxy (/opt/homebrew/lib/node_modules/appium/node_modules/@appium/base-driver/build/lib/protocol/protocol.js:476:9)
    at async asyncHandler (/opt/homebrew/lib/node_modules/appium/node_modules/@appium/base-driver/build/lib/protocol/protocol.js:307:21)
2026-08-12 14:19:56 [WARNING ] login_page.py:88 — Element-based click failed: Unable to click ('-android uiautomator', 'new UiSelector().className("android.view.View").instance(24)') after 1 retries. Last exception: Message: 'POST /element' cannot be proxied to UiAutomator2 server because the instrumentation process is not running (probably crashed). Check the server log and/or the logcat output for more details
Stacktrace:
UnknownError: 'POST /element' cannot be proxied to UiAutomator2 server because the instrumentation process is not running (probably crashed). Check the server log and/or the logcat output for more details
    at UIA2Proxy.command (/opt/homebrew/lib/node_modules/appium/node_modules/@appium/base-driver/build/lib/jsonwp-proxy/proxy.js:272:19)
    at process.processTicksAndRejections (node:internal/process/task_queues:104:5)
    at async AndroidUiautomator2Driver.doFindElementOrEls (/Users/vc.rajdeep.kumar/.appium/node_modules/appium-uiautomator2-driver/build/lib/commands/find.js:24:13)
    at async doFind (/Users/vc.rajdeep.kumar/.appium/node_modules/appium-uiautomator2-driver/node_modules/appium-android-driver/build/lib/commands/find.js:24:23)
    at async wrappedCondFn (/opt/homebrew/lib/node_modules/appium/node_modules/@appium/base-driver/build/lib/basedriver/commands/timeout.js:97:20)
    at async spin (/opt/homebrew/lib/node_modules/appium/node_modules/asyncbox/build/lib/asyncbox.js:174:24)
    at async waitForCondition (/opt/homebrew/lib/node_modules/appium/node_modules/asyncbox/build/lib/asyncbox.js:192:12)
    at async AndroidUiautomator2Driver.implicitWaitForCondition (/opt/homebrew/lib/node_modules/appium/node_modules/@appium/base-driver/build/lib/basedriver/commands/timeout.js:99:16)
    at async AndroidUiautomator2Driver.findElOrEls (/Users/vc.rajdeep.kumar/.appium/node_modules/appium-uiautomator2-driver/node_modules/appium-android-driver/build/lib/commands/find.js:45:9)
    at async AndroidUiautomator2Driver.findElOrElsWithProcessing (/opt/homebrew/lib/node_modules/appium/node_modules/@appium/base-driver/build/lib/basedriver/commands/find.js:12:16)
    at async AndroidUiautomator2Driver.findElement (/opt/homebrew/lib/node_modules/appium/node_modules/@appium/base-driver/build/lib/basedriver/commands/find.js:27:16)
2026-08-12 14:19:56 [WARNING ] login_page.py:115 — Coordinate tap failed: Message: 'GET /window/current/size' cannot be proxied to UiAutomator2 server because the instrumentation process is not running (probably crashed). Check the server log and/or the logcat output for more details
Stacktrace:
UnknownError: 'GET /window/current/size' cannot be proxied to UiAutomator2 server because the instrumentation process is not running (probably crashed). Check the server log and/or the logcat output for more details
    at UIA2Proxy.command (/opt/homebrew/lib/node_modules/appium/node_modules/@appium/base-driver/build/lib/jsonwp-proxy/proxy.js:272:19)
    at process.processTicksAndRejections (node:internal/process/task_queues:104:5)
    at async AndroidUiautomator2Driver.getWindowSize (/Users/vc.rajdeep.kumar/.appium/node_modules/appium-uiautomator2-driver/build/lib/commands/viewport.js:73:13)
    at async AndroidUiautomator2Driver.getWindowRect (/Users/vc.rajdeep.kumar/.appium/node_modules/appium-uiautomator2-driver/build/lib/commands/viewport.js:53:31)
2026-08-12 14:20:02 [ERROR   ] base_page.py:92 — None of the candidate locators became visible within 6s. Candidates: [('-android uiautomator', 'new UiSelector().textContains("Continue")'), ('class name', 'android.widget.EditText')]. Last error: Message: 'POST /elements' cannot be proxied to UiAutomator2 server because the instrumentation process is not running (probably crashed). Check the server log and/or the logcat output for more details
Stacktrace:
UnknownError: 'POST /elements' cannot be proxied to UiAutomator2 server because the instrumentation process is not running (probably crashed). Check the server log and/or the logcat output for more details
    at UIA2Proxy.command (/opt/homebrew/lib/node_modules/appium/node_modules/@appium/base-driver/build/lib/jsonwp-proxy/proxy.js:272:19)
    at process.processTicksAndRejections (node:internal/process/task_queues:104:5)
    at async AndroidUiautomator2Driver.doFindElementOrEls (/Users/vc.rajdeep.kumar/.appium/node_modules/appium-uiautomator2-driver/build/lib/commands/find.js:24:13)
    at async doFind (/Users/vc.rajdeep.kumar/.appium/node_modules/appium-uiautomator2-driver/node_modules/appium-android-driver/build/lib/commands/find.js:24:23)
    at async wrappedCondFn (/opt/homebrew/lib/node_modules/appium/node_modules/@appium/base-driver/build/lib/basedriver/commands/timeout.js:97:20)
    at async spin (/opt/homebrew/lib/node_modules/appium/node_modules/asyncbox/build/lib/asyncbox.js:174:24)
    at async waitForCondition (/opt/homebrew/lib/node_modules/appium/node_modules/asyncbox/build/lib/asyncbox.js:192:12)
    at async AndroidUiautomator2Driver.implicitWaitForCondition (/opt/homebrew/lib/node_modules/appium/node_modules/@appium/base-driver/build/lib/basedriver/commands/timeout.js:99:16)
    at async AndroidUiautomator2Driver.findElOrEls (/Users/vc.rajdeep.kumar/.appium/node_modules/appium-uiautomator2-driver/node_modules/appium-android-driver/build/lib/commands/find.js:45:9)
    at async AndroidUiautomator2Driver.findElOrElsWithProcessing (/opt/homebrew/lib/node_modules/appium/node_modules/@appium/base-driver/build/lib/basedriver/commands/find.js:12:16)
    at async AndroidUiautomator2Driver.findElements (/opt/homebrew/lib/node_modules/appium/node_modules/@appium/base-driver/build/lib/basedriver/commands/find.js:30:16)
2026-08-12 14:20:02 [ERROR   ] screenshot_utils.py:58 — Screenshot capture failed: Message: 'GET /screenshot' cannot be proxied to UiAutomator2 server because the instrumentation process is not running (probably crashed). Check the server log and/or the logcat output for more details
Stacktrace:
UnknownError: 'GET /screenshot' cannot be proxied to UiAutomator2 server because the instrumentation process is not running (probably crashed). Check the server log and/or the logcat output for more details
    at UIA2Proxy.command (/opt/homebrew/lib/node_modules/appium/node_modules/@appium/base-driver/build/lib/jsonwp-proxy/proxy.js:272:19)
    at process.processTicksAndRejections (node:internal/process/task_queues:104:5)
    at async AndroidUiautomator2Driver.getScreenshot (/Users/vc.rajdeep.kumar/.appium/node_modules/appium-uiautomator2-driver/build/lib/commands/screenshot.js:72:19)
2026-08-12 14:20:02 [ERROR   ] screenshot_utils.py:81 — Page source save failed: Message: 'GET /session/14f28f7b-71f8-4240-8744-761d6858e862/source' cannot be proxied to UiAutomator2 server because the instrumentation process is not running (probably crashed). Check the server log and/or the logcat output for more details
Stacktrace:
InvalidContextError: 'GET /session/14f28f7b-71f8-4240-8744-761d6858e862/source' cannot be proxied to UiAutomator2 server because the instrumentation process is not running (probably crashed). Check the server log and/or the logcat output for more details
    at UIA2Proxy.proxyCommand (/Users/vc.rajdeep.kumar/.appium/node_modules/appium-uiautomator2-driver/build/lib/uiautomator2.js:32:19)
    at UIA2Proxy.proxyReqRes (/opt/homebrew/lib/node_modules/appium/node_modules/@appium/base-driver/build/lib/jsonwp-proxy/proxy.js:325:49)
    at runCommandPromise (/opt/homebrew/lib/node_modules/appium/node_modules/@appium/base-driver/build/lib/basedriver/driver.js:121:30)
    at /opt/homebrew/lib/node_modules/appium/node_modules/async-lock/lib/index.js:171:12
    at AsyncLock._promiseTry (/opt/homebrew/lib/node_modules/appium/node_modules/async-lock/lib/index.js:306:31)
    at exec (/opt/homebrew/lib/node_modules/appium/node_modules/async-lock/lib/index.js:170:9)
    at AsyncLock.acquire (/opt/homebrew/lib/node_modules/appium/node_modules/async-lock/lib/index.js:189:3)
    at AndroidUiautomator2Driver.executeCommand (/opt/homebrew/lib/node_modules/appium/node_modules/@appium/base-driver/build/lib/basedriver/driver.js:161:45)
    at process.processTicksAndRejections (node:internal/process/task_queues:104:5)
    at async defaultBehavior (/opt/homebrew/lib/node_modules/appium/build/lib/appium.js:634:20)
    at async AppiumDriver.executeWrappedCommand (/opt/homebrew/lib/node_modules/appium/build/lib/appium.js:726:22)
    at async AppiumDriver.executeCommand (/opt/homebrew/lib/node_modules/appium/build/lib/appium.js:645:21)
    at async doJwpProxy (/opt/homebrew/lib/node_modules/appium/node_modules/@appium/base-driver/build/lib/protocol/protocol.js:476:9)
    at async asyncHandler (/opt/homebrew/lib/node_modules/appium/node_modules/@appium/base-driver/build/lib/protocol/protocol.js:307:21)
2026-08-12 14:20:02 [WARNING ] login_page.py:139 — Attempt 1 did not reach the login sheet, recovering and retrying...
2026-08-12 14:20:02 [WARNING ] base_page.py:262 — Attempting to recover application state...
2026-08-12 14:20:06 [INFO    ] base_page.py:266 — App recovery attempt completed.
2026-08-12 14:20:08 [INFO    ] login_page.py:44 — Profile tab open attempt 2/2
2026-08-12 14:20:08 [ERROR   ] base_page.py:118 — Click failed on attempt 1 for ('-android uiautomator', 'new UiSelector().className("android.view.View").instance(24)'): Message: 'POST /element' cannot be proxied to UiAutomator2 server because the instrumentation process is not running (probably crashed). Check the server log and/or the logcat output for more details
Stacktrace:
UnknownError: 'POST /element' cannot be proxied to UiAutomator2 server because the instrumentation process is not running (probably crashed). Check the server log and/or the logcat output for more details
    at UIA2Proxy.command (/opt/homebrew/lib/node_modules/appium/node_modules/@appium/base-driver/build/lib/jsonwp-proxy/proxy.js:272:19)
    at process.processTicksAndRejections (node:internal/process/task_queues:104:5)
    at async AndroidUiautomator2Driver.doFindElementOrEls (/Users/vc.rajdeep.kumar/.appium/node_modules/appium-uiautomator2-driver/build/lib/commands/find.js:24:13)
    at async doFind (/Users/vc.rajdeep.kumar/.appium/node_modules/appium-uiautomator2-driver/node_modules/appium-android-driver/build/lib/commands/find.js:24:23)
    at async wrappedCondFn (/opt/homebrew/lib/node_modules/appium/node_modules/@appium/base-driver/build/lib/basedriver/commands/timeout.js:97:20)
    at async spin (/opt/homebrew/lib/node_modules/appium/node_modules/asyncbox/build/lib/asyncbox.js:174:24)
    at async waitForCondition (/opt/homebrew/lib/node_modules/appium/node_modules/asyncbox/build/lib/asyncbox.js:192:12)
    at async AndroidUiautomator2Driver.implicitWaitForCondition (/opt/homebrew/lib/node_modules/appium/node_modules/@appium/base-driver/build/lib/basedriver/commands/timeout.js:99:16)
    at async AndroidUiautomator2Driver.findElOrEls (/Users/vc.rajdeep.kumar/.appium/node_modules/appium-uiautomator2-driver/node_modules/appium-android-driver/build/lib/commands/find.js:45:9)
    at async AndroidUiautomator2Driver.findElOrElsWithProcessing (/opt/homebrew/lib/node_modules/appium/node_modules/@appium/base-driver/build/lib/basedriver/commands/find.js:12:16)
    at async AndroidUiautomator2Driver.findElement (/opt/homebrew/lib/node_modules/appium/node_modules/@appium/base-driver/build/lib/basedriver/commands/find.js:27:16)
2026-08-12 14:20:08 [WARNING ] base_page.py:262 — Attempting to recover application state...
2026-08-12 14:20:11 [INFO    ] base_page.py:266 — App recovery attempt completed.
2026-08-12 14:20:11 [ERROR   ] screenshot_utils.py:58 — Screenshot capture failed: Message: 'GET /screenshot' cannot be proxied to UiAutomator2 server because the instrumentation process is not running (probably crashed). Check the server log and/or the logcat output for more details
Stacktrace:
UnknownError: 'GET /screenshot' cannot be proxied to UiAutomator2 server because the instrumentation process is not running (probably crashed). Check the server log and/or the logcat output for more details
    at UIA2Proxy.command (/opt/homebrew/lib/node_modules/appium/node_modules/@appium/base-driver/build/lib/jsonwp-proxy/proxy.js:272:19)
    at process.processTicksAndRejections (node:internal/process/task_queues:104:5)
    at async AndroidUiautomator2Driver.getScreenshot (/Users/vc.rajdeep.kumar/.appium/node_modules/appium-uiautomator2-driver/build/lib/commands/screenshot.js:72:19)
2026-08-12 14:20:11 [ERROR   ] screenshot_utils.py:81 — Page source save failed: Message: 'GET /session/14f28f7b-71f8-4240-8744-761d6858e862/source' cannot be proxied to UiAutomator2 server because the instrumentation process is not running (probably crashed). Check the server log and/or the logcat output for more details
Stacktrace:
InvalidContextError: 'GET /session/14f28f7b-71f8-4240-8744-761d6858e862/source' cannot be proxied to UiAutomator2 server because the instrumentation process is not running (probably crashed). Check the server log and/or the logcat output for more details
    at UIA2Proxy.proxyCommand (/Users/vc.rajdeep.kumar/.appium/node_modules/appium-uiautomator2-driver/build/lib/uiautomator2.js:32:19)
    at UIA2Proxy.proxyReqRes (/opt/homebrew/lib/node_modules/appium/node_modules/@appium/base-driver/build/lib/jsonwp-proxy/proxy.js:325:49)
    at runCommandPromise (/opt/homebrew/lib/node_modules/appium/node_modules/@appium/base-driver/build/lib/basedriver/driver.js:121:30)
    at /opt/homebrew/lib/node_modules/appium/node_modules/async-lock/lib/index.js:171:12
    at AsyncLock._promiseTry (/opt/homebrew/lib/node_modules/appium/node_modules/async-lock/lib/index.js:306:31)
    at exec (/opt/homebrew/lib/node_modules/appium/node_modules/async-lock/lib/index.js:170:9)
    at AsyncLock.acquire (/opt/homebrew/lib/node_modules/appium/node_modules/async-lock/lib/index.js:189:3)
    at AndroidUiautomator2Driver.executeCommand (/opt/homebrew/lib/node_modules/appium/node_modules/@appium/base-driver/build/lib/basedriver/driver.js:161:45)
    at process.processTicksAndRejections (node:internal/process/task_queues:104:5)
    at async defaultBehavior (/opt/homebrew/lib/node_modules/appium/build/lib/appium.js:634:20)
    at async AppiumDriver.executeWrappedCommand (/opt/homebrew/lib/node_modules/appium/build/lib/appium.js:726:22)
    at async AppiumDriver.executeCommand (/opt/homebrew/lib/node_modules/appium/build/lib/appium.js:645:21)
    at async doJwpProxy (/opt/homebrew/lib/node_modules/appium/node_modules/@appium/base-driver/build/lib/protocol/protocol.js:476:9)
    at async asyncHandler (/opt/homebrew/lib/node_modules/appium/node_modules/@appium/base-driver/build/lib/protocol/protocol.js:307:21)
2026-08-12 14:20:11 [WARNING ] login_page.py:88 — Element-based click failed: Unable to click ('-android uiautomator', 'new UiSelector().className("android.view.View").instance(24)') after 1 retries. Last exception: Message: 'POST /element' cannot be proxied to UiAutomator2 server because the instrumentation process is not running (probably crashed). Check the server log and/or the logcat output for more details
Stacktrace:
UnknownError: 'POST /element' cannot be proxied to UiAutomator2 server because the instrumentation process is not running (probably crashed). Check the server log and/or the logcat output for more details
    at UIA2Proxy.command (/opt/homebrew/lib/node_modules/appium/node_modules/@appium/base-driver/build/lib/jsonwp-proxy/proxy.js:272:19)
    at process.processTicksAndRejections (node:internal/process/task_queues:104:5)
    at async AndroidUiautomator2Driver.doFindElementOrEls (/Users/vc.rajdeep.kumar/.appium/node_modules/appium-uiautomator2-driver/build/lib/commands/find.js:24:13)
    at async doFind (/Users/vc.rajdeep.kumar/.appium/node_modules/appium-uiautomator2-driver/node_modules/appium-android-driver/build/lib/commands/find.js:24:23)
    at async wrappedCondFn (/opt/homebrew/lib/node_modules/appium/node_modules/@appium/base-driver/build/lib/basedriver/commands/timeout.js:97:20)
    at async spin (/opt/homebrew/lib/node_modules/appium/node_modules/asyncbox/build/lib/asyncbox.js:174:24)
    at async waitForCondition (/opt/homebrew/lib/node_modules/appium/node_modules/asyncbox/build/lib/asyncbox.js:192:12)
    at async AndroidUiautomator2Driver.implicitWaitForCondition (/opt/homebrew/lib/node_modules/appium/node_modules/@appium/base-driver/build/lib/basedriver/commands/timeout.js:99:16)
    at async AndroidUiautomator2Driver.findElOrEls (/Users/vc.rajdeep.kumar/.appium/node_modules/appium-uiautomator2-driver/node_modules/appium-android-driver/build/lib/commands/find.js:45:9)
    at async AndroidUiautomator2Driver.findElOrElsWithProcessing (/opt/homebrew/lib/node_modules/appium/node_modules/@appium/base-driver/build/lib/basedriver/commands/find.js:12:16)
    at async AndroidUiautomator2Driver.findElement (/opt/homebrew/lib/node_modules/appium/node_modules/@appium/base-driver/build/lib/basedriver/commands/find.js:27:16)
2026-08-12 14:20:11 [WARNING ] login_page.py:115 — Coordinate tap failed: Message: 'GET /window/current/size' cannot be proxied to UiAutomator2 server because the instrumentation process is not running (probably crashed). Check the server log and/or the logcat output for more details
Stacktrace:
UnknownError: 'GET /window/current/size' cannot be proxied to UiAutomator2 server because the instrumentation process is not running (probably crashed). Check the server log and/or the logcat output for more details
    at UIA2Proxy.command (/opt/homebrew/lib/node_modules/appium/node_modules/@appium/base-driver/build/lib/jsonwp-proxy/proxy.js:272:19)
    at process.processTicksAndRejections (node:internal/process/task_queues:104:5)
    at async AndroidUiautomator2Driver.getWindowSize (/Users/vc.rajdeep.kumar/.appium/node_modules/appium-uiautomator2-driver/build/lib/commands/viewport.js:73:13)
    at async AndroidUiautomator2Driver.getWindowRect (/Users/vc.rajdeep.kumar/.appium/node_modules/appium-uiautomator2-driver/build/lib/commands/viewport.js:53:31)
2026-08-12 14:20:17 [ERROR   ] base_page.py:92 — None of the candidate locators became visible within 6s. Candidates: [('-android uiautomator', 'new UiSelector().textContains("Continue")'), ('class name', 'android.widget.EditText')]. Last error: Message: 'POST /elements' cannot be proxied to UiAutomator2 server because the instrumentation process is not running (probably crashed). Check the server log and/or the logcat output for more details
Stacktrace:
UnknownError: 'POST /elements' cannot be proxied to UiAutomator2 server because the instrumentation process is not running (probably crashed). Check the server log and/or the logcat output for more details
    at UIA2Proxy.command (/opt/homebrew/lib/node_modules/appium/node_modules/@appium/base-driver/build/lib/jsonwp-proxy/proxy.js:272:19)
    at process.processTicksAndRejections (node:internal/process/task_queues:104:5)
    at async AndroidUiautomator2Driver.doFindElementOrEls (/Users/vc.rajdeep.kumar/.appium/node_modules/appium-uiautomator2-driver/build/lib/commands/find.js:24:13)
    at async doFind (/Users/vc.rajdeep.kumar/.appium/node_modules/appium-uiautomator2-driver/node_modules/appium-android-driver/build/lib/commands/find.js:24:23)
    at async wrappedCondFn (/opt/homebrew/lib/node_modules/appium/node_modules/@appium/base-driver/build/lib/basedriver/commands/timeout.js:97:20)
    at async spin (/opt/homebrew/lib/node_modules/appium/node_modules/asyncbox/build/lib/asyncbox.js:174:24)
    at async waitForCondition (/opt/homebrew/lib/node_modules/appium/node_modules/asyncbox/build/lib/asyncbox.js:192:12)
    at async AndroidUiautomator2Driver.implicitWaitForCondition (/opt/homebrew/lib/node_modules/appium/node_modules/@appium/base-driver/build/lib/basedriver/commands/timeout.js:99:16)
    at async AndroidUiautomator2Driver.findElOrEls (/Users/vc.rajdeep.kumar/.appium/node_modules/appium-uiautomator2-driver/node_modules/appium-android-driver/build/lib/commands/find.js:45:9)
    at async AndroidUiautomator2Driver.findElOrElsWithProcessing (/opt/homebrew/lib/node_modules/appium/node_modules/@appium/base-driver/build/lib/basedriver/commands/find.js:12:16)
    at async AndroidUiautomator2Driver.findElements (/opt/homebrew/lib/node_modules/appium/node_modules/@appium/base-driver/build/lib/basedriver/commands/find.js:30:16)
2026-08-12 14:20:17 [ERROR   ] screenshot_utils.py:58 — Screenshot capture failed: Message: 'GET /screenshot' cannot be proxied to UiAutomator2 server because the instrumentation process is not running (probably crashed). Check the server log and/or the logcat output for more details
Stacktrace:
UnknownError: 'GET /screenshot' cannot be proxied to UiAutomator2 server because the instrumentation process is not running (probably crashed). Check the server log and/or the logcat output for more details
    at UIA2Proxy.command (/opt/homebrew/lib/node_modules/appium/node_modules/@appium/base-driver/build/lib/jsonwp-proxy/proxy.js:272:19)
    at process.processTicksAndRejections (node:internal/process/task_queues:104:5)
    at async AndroidUiautomator2Driver.getScreenshot (/Users/vc.rajdeep.kumar/.appium/node_modules/appium-uiautomator2-driver/build/lib/commands/screenshot.js:72:19)
2026-08-12 14:20:17 [ERROR   ] screenshot_utils.py:81 — Page source save failed: Message: 'GET /session/14f28f7b-71f8-4240-8744-761d6858e862/source' cannot be proxied to UiAutomator2 server because the instrumentation process is not running (probably crashed). Check the server log and/or the logcat output for more details
Stacktrace:
InvalidContextError: 'GET /session/14f28f7b-71f8-4240-8744-761d6858e862/source' cannot be proxied to UiAutomator2 server because the instrumentation process is not running (probably crashed). Check the server log and/or the logcat output for more details
    at UIA2Proxy.proxyCommand (/Users/vc.rajdeep.kumar/.appium/node_modules/appium-uiautomator2-driver/build/lib/uiautomator2.js:32:19)
    at UIA2Proxy.proxyReqRes (/opt/homebrew/lib/node_modules/appium/node_modules/@appium/base-driver/build/lib/jsonwp-proxy/proxy.js:325:49)
    at runCommandPromise (/opt/homebrew/lib/node_modules/appium/node_modules/@appium/base-driver/build/lib/basedriver/driver.js:121:30)
    at /opt/homebrew/lib/node_modules/appium/node_modules/async-lock/lib/index.js:171:12
    at AsyncLock._promiseTry (/opt/homebrew/lib/node_modules/appium/node_modules/async-lock/lib/index.js:306:31)
    at exec (/opt/homebrew/lib/node_modules/appium/node_modules/async-lock/lib/index.js:170:9)
    at AsyncLock.acquire (/opt/homebrew/lib/node_modules/appium/node_modules/async-lock/lib/index.js:189:3)
    at AndroidUiautomator2Driver.executeCommand (/opt/homebrew/lib/node_modules/appium/node_modules/@appium/base-driver/build/lib/basedriver/driver.js:161:45)
    at process.processTicksAndRejections (node:internal/process/task_queues:104:5)
    at async defaultBehavior (/opt/homebrew/lib/node_modules/appium/build/lib/appium.js:634:20)
    at async AppiumDriver.executeWrappedCommand (/opt/homebrew/lib/node_modules/appium/build/lib/appium.js:726:22)
    at async AppiumDriver.executeCommand (/opt/homebrew/lib/node_modules/appium/build/lib/appium.js:645:21)
    at async doJwpProxy (/opt/homebrew/lib/node_modules/appium/node_modules/@appium/base-driver/build/lib/protocol/protocol.js:476:9)
    at async asyncHandler (/opt/homebrew/lib/node_modules/appium/node_modules/@appium/base-driver/build/lib/protocol/protocol.js:307:21)
2026-08-12 14:20:17 [WARNING ] login_page.py:139 — Attempt 2 did not reach the login sheet, recovering and retrying...
2026-08-12 14:20:17 [WARNING ] base_page.py:262 — Attempting to recover application state...
2026-08-12 14:20:21 [INFO    ] base_page.py:266 — App recovery attempt completed.
2026-08-12 14:20:23 [ERROR   ] login_page.py:152 — Unable to open profile tab / reach login sheet after 2 attempts
2026-08-12 14:20:23 [ERROR   ] screenshot_utils.py:58 — Screenshot capture failed: Message: 'GET /screenshot' cannot be proxied to UiAutomator2 server because the instrumentation process is not running (probably crashed). Check the server log and/or the logcat output for more details
Stacktrace:
UnknownError: 'GET /screenshot' cannot be proxied to UiAutomator2 server because the instrumentation process is not running (probably crashed). Check the server log and/or the logcat output for more details
    at UIA2Proxy.command (/opt/homebrew/lib/node_modules/appium/node_modules/@appium/base-driver/build/lib/jsonwp-proxy/proxy.js:272:19)
    at process.processTicksAndRejections (node:internal/process/task_queues:104:5)
    at async AndroidUiautomator2Driver.getScreenshot (/Users/vc.rajdeep.kumar/.appium/node_modules/appium-uiautomator2-driver/build/lib/commands/screenshot.js:72:19)
2026-08-12 14:20:23 [ERROR   ] screenshot_utils.py:81 — Page source save failed: Message: 'GET /session/14f28f7b-71f8-4240-8744-761d6858e862/source' cannot be proxied to UiAutomator2 server because the instrumentation process is not running (probably crashed). Check the server log and/or the logcat output for more details
Stacktrace:
InvalidContextError: 'GET /session/14f28f7b-71f8-4240-8744-761d6858e862/source' cannot be proxied to UiAutomator2 server because the instrumentation process is not running (probably crashed). Check the server log and/or the logcat output for more details
    at UIA2Proxy.proxyCommand (/Users/vc.rajdeep.kumar/.appium/node_modules/appium-uiautomator2-driver/build/lib/uiautomator2.js:32:19)
    at UIA2Proxy.proxyReqRes (/opt/homebrew/lib/node_modules/appium/node_modules/@appium/base-driver/build/lib/jsonwp-proxy/proxy.js:325:49)
    at runCommandPromise (/opt/homebrew/lib/node_modules/appium/node_modules/@appium/base-driver/build/lib/basedriver/driver.js:121:30)
    at /opt/homebrew/lib/node_modules/appium/node_modules/async-lock/lib/index.js:171:12
    at AsyncLock._promiseTry (/opt/homebrew/lib/node_modules/appium/node_modules/async-lock/lib/index.js:306:31)
    at exec (/opt/homebrew/lib/node_modules/appium/node_modules/async-lock/lib/index.js:170:9)
    at AsyncLock.acquire (/opt/homebrew/lib/node_modules/appium/node_modules/async-lock/lib/index.js:189:3)
    at AndroidUiautomator2Driver.executeCommand (/opt/homebrew/lib/node_modules/appium/node_modules/@appium/base-driver/build/lib/basedriver/driver.js:161:45)
    at process.processTicksAndRejections (node:internal/process/task_queues:104:5)
    at async defaultBehavior (/opt/homebrew/lib/node_modules/appium/build/lib/appium.js:634:20)
    at async AppiumDriver.executeWrappedCommand (/opt/homebrew/lib/node_modules/appium/build/lib/appium.js:726:22)
    at async AppiumDriver.executeCommand (/opt/homebrew/lib/node_modules/appium/build/lib/appium.js:645:21)
    at async doJwpProxy (/opt/homebrew/lib/node_modules/appium/node_modules/@appium/base-driver/build/lib/protocol/protocol.js:476:9)
    at async asyncHandler (/opt/homebrew/lib/node_modules/appium/node_modules/@appium/base-driver/build/lib/protocol/protocol.js:307:21)
2026-08-12 14:20:23 [ERROR   ] login_page.py:725 — Login flow failed: Unable to open profile tab / reach login sheet after 2 attempts
2026-08-12 14:20:23 [ERROR   ] screenshot_utils.py:58 — Screenshot capture failed: Message: 'GET /screenshot' cannot be proxied to UiAutomator2 server because the instrumentation process is not running (probably crashed). Check the server log and/or the logcat output for more details
Stacktrace:
UnknownError: 'GET /screenshot' cannot be proxied to UiAutomator2 server because the instrumentation process is not running (probably crashed). Check the server log and/or the logcat output for more details
    at UIA2Proxy.command (/opt/homebrew/lib/node_modules/appium/node_modules/@appium/base-driver/build/lib/jsonwp-proxy/proxy.js:272:19)
    at process.processTicksAndRejections (node:internal/process/task_queues:104:5)
    at async AndroidUiautomator2Driver.getScreenshot (/Users/vc.rajdeep.kumar/.appium/node_modules/appium-uiautomator2-driver/build/lib/commands/screenshot.js:72:19)
2026-08-12 14:20:23 [ERROR   ] screenshot_utils.py:81 — Page source save failed: Message: 'GET /session/14f28f7b-71f8-4240-8744-761d6858e862/source' cannot be proxied to UiAutomator2 server because the instrumentation process is not running (probably crashed). Check the server log and/or the logcat output for more details
Stacktrace:
InvalidContextError: 'GET /session/14f28f7b-71f8-4240-8744-761d6858e862/source' cannot be proxied to UiAutomator2 server because the instrumentation process is not running (probably crashed). Check the server log and/or the logcat output for more details
    at UIA2Proxy.proxyCommand (/Users/vc.rajdeep.kumar/.appium/node_modules/appium-uiautomator2-driver/build/lib/uiautomator2.js:32:19)
    at UIA2Proxy.proxyReqRes (/opt/homebrew/lib/node_modules/appium/node_modules/@appium/base-driver/build/lib/jsonwp-proxy/proxy.js:325:49)
    at runCommandPromise (/opt/homebrew/lib/node_modules/appium/node_modules/@appium/base-driver/build/lib/basedriver/driver.js:121:30)
    at /opt/homebrew/lib/node_modules/appium/node_modules/async-lock/lib/index.js:171:12
    at AsyncLock._promiseTry (/opt/homebrew/lib/node_modules/appium/node_modules/async-lock/lib/index.js:306:31)
    at exec (/opt/homebrew/lib/node_modules/appium/node_modules/async-lock/lib/index.js:170:9)
    at AsyncLock.acquire (/opt/homebrew/lib/node_modules/appium/node_modules/async-lock/lib/index.js:189:3)
    at AndroidUiautomator2Driver.executeCommand (/opt/homebrew/lib/node_modules/appium/node_modules/@appium/base-driver/build/lib/basedriver/driver.js:161:45)
    at process.processTicksAndRejections (node:internal/process/task_queues:104:5)
    at async defaultBehavior (/opt/homebrew/lib/node_modules/appium/build/lib/appium.js:634:20)
    at async AppiumDriver.executeWrappedCommand (/opt/homebrew/lib/node_modules/appium/build/lib/appium.js:726:22)
    at async AppiumDriver.executeCommand (/opt/homebrew/lib/node_modules/appium/build/lib/appium.js:645:21)
    at async doJwpProxy (/opt/homebrew/lib/node_modules/appium/node_modules/@appium/base-driver/build/lib/protocol/protocol.js:476:9)
    at async asyncHandler (/opt/homebrew/lib/node_modules/appium/node_modules/@appium/base-driver/build/lib/protocol/protocol.js:307:21)
2026-08-12 14:20:23 [ERROR   ] screenshot_utils.py:58 — Screenshot capture failed: Message: 'GET /screenshot' cannot be proxied to UiAutomator2 server because the instrumentation process is not running (probably crashed). Check the server log and/or the logcat output for more details
Stacktrace:
UnknownError: 'GET /screenshot' cannot be proxied to UiAutomator2 server because the instrumentation process is not running (probably crashed). Check the server log and/or the logcat output for more details
    at UIA2Proxy.command (/opt/homebrew/lib/node_modules/appium/node_modules/@appium/base-driver/build/lib/jsonwp-proxy/proxy.js:272:19)
    at process.processTicksAndRejections (node:internal/process/task_queues:104:5)
    at async AndroidUiautomator2Driver.getScreenshot (/Users/vc.rajdeep.kumar/.appium/node_modules/appium-uiautomator2-driver/build/lib/commands/screenshot.js:72:19)
2026-08-12 14:20:23 [ERROR   ] screenshot_utils.py:81 — Page source save failed: Message: 'GET /session/14f28f7b-71f8-4240-8744-761d6858e862/source' cannot be proxied to UiAutomator2 server because the instrumentation process is not running (probably crashed). Check the server log and/or the logcat output for more details
Stacktrace:
InvalidContextError: 'GET /session/14f28f7b-71f8-4240-8744-761d6858e862/source' cannot be proxied to UiAutomator2 server because the instrumentation process is not running (probably crashed). Check the server log and/or the logcat output for more details
    at UIA2Proxy.proxyCommand (/Users/vc.rajdeep.kumar/.appium/node_modules/appium-uiautomator2-driver/build/lib/uiautomator2.js:32:19)
    at UIA2Proxy.proxyReqRes (/opt/homebrew/lib/node_modules/appium/node_modules/@appium/base-driver/build/lib/jsonwp-proxy/proxy.js:325:49)
    at runCommandPromise (/opt/homebrew/lib/node_modules/appium/node_modules/@appium/base-driver/build/lib/basedriver/driver.js:121:30)
    at /opt/homebrew/lib/node_modules/appium/node_modules/async-lock/lib/index.js:171:12
    at AsyncLock._promiseTry (/opt/homebrew/lib/node_modules/appium/node_modules/async-lock/lib/index.js:306:31)
    at exec (/opt/homebrew/lib/node_modules/appium/node_modules/async-lock/lib/index.js:170:9)
    at AsyncLock.acquire (/opt/homebrew/lib/node_modules/appium/node_modules/async-lock/lib/index.js:189:3)
    at AndroidUiautomator2Driver.executeCommand (/opt/homebrew/lib/node_modules/appium/node_modules/@appium/base-driver/build/lib/basedriver/driver.js:161:45)
    at process.processTicksAndRejections (node:internal/process/task_queues:104:5)
    at async defaultBehavior (/opt/homebrew/lib/node_modules/appium/build/lib/appium.js:634:20)
    at async AppiumDriver.executeWrappedCommand (/opt/homebrew/lib/node_modules/appium/build/lib/appium.js:726:22)
    at async AppiumDriver.executeCommand (/opt/homebrew/lib/node_modules/appium/build/lib/appium.js:645:21)
    at async doJwpProxy (/opt/homebrew/lib/node_modules/appium/node_modules/@appium/base-driver/build/lib/protocol/protocol.js:476:9)
    at async asyncHandler (/opt/homebrew/lib/node_modules/appium/node_modules/@appium/base-driver/build/lib/protocol/protocol.js:307:21)
2026-08-12 14:20:23 [ERROR   ] conftest.py:355 — Test FAILED: test_valid_login_smoke
2026-08-12 14:20:23 [INFO    ] conftest.py:262 — Closing driver session.
2026-08-12 14:20:29 [INFO    ] conftest.py:369 — ==================================================
2026-08-12 14:20:29 [INFO    ] conftest.py:370 — PYTEST SESSION END | Exit status: 1
2026-08-12 14:20:29 [INFO    ] conftest.py:371 — ==================================================
