2026-08-17 13:42:11 [INFO    ] conftest.py:427 — ==================================================
2026-08-17 13:42:11 [INFO    ] conftest.py:428 — PYTEST SESSION START
2026-08-17 13:42:11 [INFO    ] conftest.py:429 — ==================================================
2026-08-17 13:42:11 [INFO    ] conftest.py:291 — ==================================================
2026-08-17 13:42:11 [INFO    ] conftest.py:292 — DRIVER SETUP START
2026-08-17 13:42:11 [INFO    ] conftest.py:293 — ==================================================
2026-08-17 13:42:11 [INFO    ] conftest.py:158 — Driver creation attempt 1/3
2026-08-17 13:42:12 [INFO    ] driver_factory.py:53 — ========== DRIVER CREATION START ==========
2026-08-17 13:42:12 [INFO    ] driver_factory.py:70 — Device: emulator | Env: qa | Platform: Android
2026-08-17 13:42:12 [INFO    ] driver_factory.py:136 — Device Name: Android Emulator
2026-08-17 13:42:12 [INFO    ] driver_factory.py:137 — UDID: emulator-5554
2026-08-17 13:42:12 [INFO    ] driver_factory.py:151 — App Package: com.zee5.hipi (noReset=true, activity not set)
2026-08-17 13:42:17 [INFO    ] driver_factory.py:112 — App launched by driver. Waiting for stabilization...
2026-08-17 13:42:19 [INFO    ] driver_factory.py:115 — ========== DRIVER CREATED SUCCESSFULLY ==========
2026-08-17 13:42:19 [INFO    ] conftest.py:302 — Driver created successfully.
2026-08-17 13:42:22 [INFO    ] popup_handler.py:122 — Checking for 'Get Started' screen...
2026-08-17 13:42:25 [INFO    ] popup_handler.py:134 — 'Get Started' screen not present — skipping.
2026-08-17 13:42:25 [INFO    ] conftest.py:217 — App readiness probe: HiPi is in foreground (com.zee5.hipi).
2026-08-17 13:42:25 [INFO    ] conftest.py:315 — DRIVER SETUP COMPLETE
2026-08-17 13:42:25 [INFO    ] base_test.py:20 — BaseTest setup completed.
2026-08-17 13:42:25 [INFO    ] test_login.py:55 — ========== LOGIN TEST START ==========
2026-08-17 13:42:25 [INFO    ] test_login.py:59 — TEST TYPE: valid_login
2026-08-17 13:42:25 [INFO    ] login_page.py:591 — ========== LOGIN FLOW START ==========
2026-08-17 13:42:26 [INFO    ] login_page.py:43 — Opening profile tab
2026-08-17 13:42:27 [INFO    ] login_page.py:53 — Profile tab open attempt 1/2
2026-08-17 13:42:27 [INFO    ] base_page.py:110 — Clicked: ('xpath', "//android.view.View[@clickable='true'][.//android.widget.TextView[@text='Profile']]")
2026-08-17 13:42:34 [ERROR   ] base_page.py:92 — None of the candidate locators became visible within 6s. Candidates: [('-android uiautomator', 'new UiSelector().textContains("Continue")'), ('class name', 'android.widget.EditText')]. Last error: None
2026-08-17 13:42:34 [INFO    ] screenshot_utils.py:60 — Screenshot saved: reports/screenshots/wait_for_any_visible_failed_20260817_134234.png
2026-08-17 13:42:34 [INFO    ] screenshot_utils.py:83 — Page source saved: reports/screenshots/wait_for_any_visible_failed_20260817_134234.xml
2026-08-17 13:42:34 [INFO    ] login_page.py:200 — Already logged in — 'Edit Profile' visible. noReset=true preserved a previous session. Navigating to home feed.
2026-08-17 13:42:35 [INFO    ] base_page.py:110 — Clicked: ('xpath', "//android.view.View[@clickable='true'][.//android.widget.TextView[@text='Home']]")
2026-08-17 13:42:35 [INFO    ] login_page.py:211 — Navigated to home tab.
2026-08-17 13:42:35 [INFO    ] login_page.py:608 — ========== LOGIN SKIPPED (ALREADY LOGGED IN) ==========
2026-08-17 13:42:35 [INFO    ] test_login.py:88 — VALID LOGIN SUCCESS
2026-08-17 13:42:35 [INFO    ] test_login.py:126 — ========== LOGIN TEST END ==========
2026-08-17 13:42:35 [INFO    ] conftest.py:326 — Closing driver session.
2026-08-17 13:42:35 [INFO    ] conftest.py:291 — ==================================================
2026-08-17 13:42:35 [INFO    ] conftest.py:292 — DRIVER SETUP START
2026-08-17 13:42:35 [INFO    ] conftest.py:293 — ==================================================
2026-08-17 13:42:35 [INFO    ] conftest.py:158 — Driver creation attempt 1/3
2026-08-17 13:42:37 [INFO    ] driver_factory.py:53 — ========== DRIVER CREATION START ==========
2026-08-17 13:42:37 [INFO    ] driver_factory.py:70 — Device: emulator | Env: qa | Platform: Android
2026-08-17 13:42:37 [INFO    ] driver_factory.py:136 — Device Name: Android Emulator
2026-08-17 13:42:37 [INFO    ] driver_factory.py:137 — UDID: emulator-5554
2026-08-17 13:42:37 [INFO    ] driver_factory.py:151 — App Package: com.zee5.hipi (noReset=true, activity not set)
2026-08-17 13:42:40 [INFO    ] driver_factory.py:112 — App launched by driver. Waiting for stabilization...
2026-08-17 13:42:42 [INFO    ] driver_factory.py:115 — ========== DRIVER CREATED SUCCESSFULLY ==========
2026-08-17 13:42:42 [INFO    ] conftest.py:302 — Driver created successfully.
2026-08-17 13:42:45 [INFO    ] popup_handler.py:122 — Checking for 'Get Started' screen...
2026-08-17 13:42:49 [INFO    ] popup_handler.py:134 — 'Get Started' screen not present — skipping.
2026-08-17 13:42:49 [INFO    ] conftest.py:217 — App readiness probe: HiPi is in foreground (com.zee5.hipi).
2026-08-17 13:42:49 [INFO    ] conftest.py:315 — DRIVER SETUP COMPLETE
2026-08-17 13:42:49 [INFO    ] base_test.py:20 — BaseTest setup completed.
2026-08-17 13:42:49 [INFO    ] test_login.py:55 — ========== LOGIN TEST START ==========
2026-08-17 13:42:49 [INFO    ] test_login.py:59 — TEST TYPE: invalid_otp
2026-08-17 13:42:49 [INFO    ] conftest.py:326 — Closing driver session.
2026-08-17 13:42:49 [INFO    ] conftest.py:291 — ==================================================
2026-08-17 13:42:49 [INFO    ] conftest.py:292 — DRIVER SETUP START
2026-08-17 13:42:49 [INFO    ] conftest.py:293 — ==================================================
2026-08-17 13:42:49 [INFO    ] conftest.py:158 — Driver creation attempt 1/3
2026-08-17 13:42:50 [INFO    ] driver_factory.py:53 — ========== DRIVER CREATION START ==========
2026-08-17 13:42:50 [INFO    ] driver_factory.py:70 — Device: emulator | Env: qa | Platform: Android
2026-08-17 13:42:50 [INFO    ] driver_factory.py:136 — Device Name: Android Emulator
2026-08-17 13:42:50 [INFO    ] driver_factory.py:137 — UDID: emulator-5554
2026-08-17 13:42:50 [INFO    ] driver_factory.py:151 — App Package: com.zee5.hipi (noReset=true, activity not set)
2026-08-17 13:42:53 [INFO    ] driver_factory.py:112 — App launched by driver. Waiting for stabilization...
2026-08-17 13:42:55 [INFO    ] driver_factory.py:115 — ========== DRIVER CREATED SUCCESSFULLY ==========
2026-08-17 13:42:55 [INFO    ] conftest.py:302 — Driver created successfully.
2026-08-17 13:42:58 [INFO    ] popup_handler.py:122 — Checking for 'Get Started' screen...
2026-08-17 13:43:01 [INFO    ] popup_handler.py:134 — 'Get Started' screen not present — skipping.
2026-08-17 13:43:01 [INFO    ] conftest.py:217 — App readiness probe: HiPi is in foreground (com.zee5.hipi).
2026-08-17 13:43:01 [INFO    ] conftest.py:315 — DRIVER SETUP COMPLETE
2026-08-17 13:43:01 [INFO    ] base_test.py:20 — BaseTest setup completed.
2026-08-17 13:43:01 [INFO    ] test_login.py:55 — ========== LOGIN TEST START ==========
2026-08-17 13:43:01 [INFO    ] test_login.py:59 — TEST TYPE: invalid_otp
2026-08-17 13:43:01 [INFO    ] conftest.py:326 — Closing driver session.
2026-08-17 13:43:02 [INFO    ] conftest.py:291 — ==================================================
2026-08-17 13:43:02 [INFO    ] conftest.py:292 — DRIVER SETUP START
2026-08-17 13:43:02 [INFO    ] conftest.py:293 — ==================================================
2026-08-17 13:43:02 [INFO    ] conftest.py:158 — Driver creation attempt 1/3
2026-08-17 13:43:03 [INFO    ] driver_factory.py:53 — ========== DRIVER CREATION START ==========
2026-08-17 13:43:03 [INFO    ] driver_factory.py:70 — Device: emulator | Env: qa | Platform: Android
2026-08-17 13:43:03 [INFO    ] driver_factory.py:136 — Device Name: Android Emulator
2026-08-17 13:43:03 [INFO    ] driver_factory.py:137 — UDID: emulator-5554
2026-08-17 13:43:03 [INFO    ] driver_factory.py:151 — App Package: com.zee5.hipi (noReset=true, activity not set)
2026-08-17 13:43:06 [INFO    ] driver_factory.py:112 — App launched by driver. Waiting for stabilization...
2026-08-17 13:43:08 [INFO    ] driver_factory.py:115 — ========== DRIVER CREATED SUCCESSFULLY ==========
2026-08-17 13:43:08 [INFO    ] conftest.py:302 — Driver created successfully.
2026-08-17 13:43:11 [INFO    ] popup_handler.py:122 — Checking for 'Get Started' screen...
2026-08-17 13:43:14 [INFO    ] popup_handler.py:134 — 'Get Started' screen not present — skipping.
2026-08-17 13:43:15 [INFO    ] conftest.py:217 — App readiness probe: HiPi is in foreground (com.zee5.hipi).
2026-08-17 13:43:15 [INFO    ] conftest.py:315 — DRIVER SETUP COMPLETE
2026-08-17 13:43:15 [INFO    ] base_test.py:20 — BaseTest setup completed.
2026-08-17 13:43:15 [INFO    ] test_login.py:55 — ========== LOGIN TEST START ==========
2026-08-17 13:43:15 [INFO    ] test_login.py:59 — TEST TYPE: short_otp
2026-08-17 13:43:15 [INFO    ] conftest.py:326 — Closing driver session.
2026-08-17 13:43:16 [INFO    ] conftest.py:291 — ==================================================
2026-08-17 13:43:16 [INFO    ] conftest.py:292 — DRIVER SETUP START
2026-08-17 13:43:16 [INFO    ] conftest.py:293 — ==================================================
2026-08-17 13:43:16 [INFO    ] conftest.py:158 — Driver creation attempt 1/3
2026-08-17 13:43:17 [INFO    ] driver_factory.py:53 — ========== DRIVER CREATION START ==========
2026-08-17 13:43:17 [INFO    ] driver_factory.py:70 — Device: emulator | Env: qa | Platform: Android
2026-08-17 13:43:17 [INFO    ] driver_factory.py:136 — Device Name: Android Emulator
2026-08-17 13:43:17 [INFO    ] driver_factory.py:137 — UDID: emulator-5554
2026-08-17 13:43:17 [INFO    ] driver_factory.py:151 — App Package: com.zee5.hipi (noReset=true, activity not set)
2026-08-17 13:43:23 [INFO    ] driver_factory.py:112 — App launched by driver. Waiting for stabilization...
2026-08-17 13:43:25 [INFO    ] driver_factory.py:115 — ========== DRIVER CREATED SUCCESSFULLY ==========
2026-08-17 13:43:25 [INFO    ] conftest.py:302 — Driver created successfully.
2026-08-17 13:43:28 [INFO    ] popup_handler.py:122 — Checking for 'Get Started' screen...
2026-08-17 13:43:32 [INFO    ] popup_handler.py:134 — 'Get Started' screen not present — skipping.
2026-08-17 13:43:32 [INFO    ] conftest.py:217 — App readiness probe: HiPi is in foreground (com.zee5.hipi).
2026-08-17 13:43:32 [INFO    ] conftest.py:315 — DRIVER SETUP COMPLETE
2026-08-17 13:43:32 [INFO    ] base_test.py:20 — BaseTest setup completed.
2026-08-17 13:43:32 [INFO    ] test_login.py:55 — ========== LOGIN TEST START ==========
2026-08-17 13:43:32 [INFO    ] test_login.py:59 — TEST TYPE: short_otp
2026-08-17 13:43:32 [INFO    ] conftest.py:326 — Closing driver session.
2026-08-17 13:43:33 [INFO    ] conftest.py:291 — ==================================================
2026-08-17 13:43:33 [INFO    ] conftest.py:292 — DRIVER SETUP START
2026-08-17 13:43:33 [INFO    ] conftest.py:293 — ==================================================
2026-08-17 13:43:33 [INFO    ] conftest.py:158 — Driver creation attempt 1/3
2026-08-17 13:43:34 [INFO    ] driver_factory.py:53 — ========== DRIVER CREATION START ==========
2026-08-17 13:43:34 [INFO    ] driver_factory.py:70 — Device: emulator | Env: qa | Platform: Android
2026-08-17 13:43:34 [INFO    ] driver_factory.py:136 — Device Name: Android Emulator
2026-08-17 13:43:34 [INFO    ] driver_factory.py:137 — UDID: emulator-5554
2026-08-17 13:43:34 [INFO    ] driver_factory.py:151 — App Package: com.zee5.hipi (noReset=true, activity not set)
2026-08-17 13:43:37 [INFO    ] driver_factory.py:112 — App launched by driver. Waiting for stabilization...
2026-08-17 13:43:39 [INFO    ] driver_factory.py:115 — ========== DRIVER CREATED SUCCESSFULLY ==========
2026-08-17 13:43:39 [INFO    ] conftest.py:302 — Driver created successfully.
2026-08-17 13:43:42 [INFO    ] popup_handler.py:122 — Checking for 'Get Started' screen...
2026-08-17 13:43:45 [INFO    ] popup_handler.py:134 — 'Get Started' screen not present — skipping.
2026-08-17 13:43:45 [INFO    ] conftest.py:217 — App readiness probe: HiPi is in foreground (com.zee5.hipi).
2026-08-17 13:43:45 [INFO    ] conftest.py:315 — DRIVER SETUP COMPLETE
2026-08-17 13:43:45 [INFO    ] base_test.py:20 — BaseTest setup completed.
2026-08-17 13:43:45 [INFO    ] test_login.py:55 — ========== LOGIN TEST START ==========
2026-08-17 13:43:45 [INFO    ] test_login.py:59 — TEST TYPE: short_otp
2026-08-17 13:43:45 [INFO    ] conftest.py:326 — Closing driver session.
2026-08-17 13:43:46 [INFO    ] conftest.py:291 — ==================================================
2026-08-17 13:43:46 [INFO    ] conftest.py:292 — DRIVER SETUP START
2026-08-17 13:43:46 [INFO    ] conftest.py:293 — ==================================================
2026-08-17 13:43:46 [INFO    ] conftest.py:158 — Driver creation attempt 1/3
2026-08-17 13:43:47 [INFO    ] driver_factory.py:53 — ========== DRIVER CREATION START ==========
2026-08-17 13:43:47 [INFO    ] driver_factory.py:70 — Device: emulator | Env: qa | Platform: Android
2026-08-17 13:43:47 [INFO    ] driver_factory.py:136 — Device Name: Android Emulator
2026-08-17 13:43:47 [INFO    ] driver_factory.py:137 — UDID: emulator-5554
2026-08-17 13:43:47 [INFO    ] driver_factory.py:151 — App Package: com.zee5.hipi (noReset=true, activity not set)
2026-08-17 13:43:50 [INFO    ] driver_factory.py:112 — App launched by driver. Waiting for stabilization...
2026-08-17 13:43:52 [INFO    ] driver_factory.py:115 — ========== DRIVER CREATED SUCCESSFULLY ==========
2026-08-17 13:43:52 [INFO    ] conftest.py:302 — Driver created successfully.
2026-08-17 13:43:55 [INFO    ] popup_handler.py:122 — Checking for 'Get Started' screen...
2026-08-17 13:43:58 [INFO    ] popup_handler.py:134 — 'Get Started' screen not present — skipping.
2026-08-17 13:43:58 [INFO    ] conftest.py:217 — App readiness probe: HiPi is in foreground (com.zee5.hipi).
2026-08-17 13:43:58 [INFO    ] conftest.py:315 — DRIVER SETUP COMPLETE
2026-08-17 13:43:58 [INFO    ] base_test.py:20 — BaseTest setup completed.
2026-08-17 13:43:58 [INFO    ] test_login.py:140 — ========== SMOKE LOGIN START ==========
2026-08-17 13:43:58 [INFO    ] base_test.py:30 — Logging in as default test user.
2026-08-17 13:43:58 [INFO    ] login_page.py:591 — ========== LOGIN FLOW START ==========
2026-08-17 13:43:59 [INFO    ] login_page.py:43 — Opening profile tab
2026-08-17 13:44:00 [INFO    ] login_page.py:53 — Profile tab open attempt 1/2
2026-08-17 13:44:01 [INFO    ] base_page.py:110 — Clicked: ('xpath', "//android.view.View[@clickable='true'][.//android.widget.TextView[@text='Profile']]")
2026-08-17 13:44:08 [ERROR   ] base_page.py:92 — None of the candidate locators became visible within 6s. Candidates: [('-android uiautomator', 'new UiSelector().textContains("Continue")'), ('class name', 'android.widget.EditText')]. Last error: None
2026-08-17 13:44:08 [INFO    ] screenshot_utils.py:60 — Screenshot saved: reports/screenshots/wait_for_any_visible_failed_20260817_134408.png
2026-08-17 13:44:08 [INFO    ] screenshot_utils.py:83 — Page source saved: reports/screenshots/wait_for_any_visible_failed_20260817_134408.xml
2026-08-17 13:44:08 [INFO    ] login_page.py:200 — Already logged in — 'Edit Profile' visible. noReset=true preserved a previous session. Navigating to home feed.
2026-08-17 13:44:08 [INFO    ] base_page.py:110 — Clicked: ('xpath', "//android.view.View[@clickable='true'][.//android.widget.TextView[@text='Home']]")
2026-08-17 13:44:08 [INFO    ] login_page.py:211 — Navigated to home tab.
2026-08-17 13:44:08 [INFO    ] login_page.py:608 — ========== LOGIN SKIPPED (ALREADY LOGGED IN) ==========
2026-08-17 13:44:08 [INFO    ] test_login.py:148 — ========== SMOKE LOGIN SUCCESS ==========
2026-08-17 13:44:08 [INFO    ] conftest.py:326 — Closing driver session.
2026-08-17 13:44:09 [INFO    ] conftest.py:291 — ==================================================
2026-08-17 13:44:09 [INFO    ] conftest.py:292 — DRIVER SETUP START
2026-08-17 13:44:09 [INFO    ] conftest.py:293 — ==================================================
2026-08-17 13:44:09 [INFO    ] conftest.py:158 — Driver creation attempt 1/3
2026-08-17 13:44:10 [INFO    ] driver_factory.py:53 — ========== DRIVER CREATION START ==========
2026-08-17 13:44:10 [INFO    ] driver_factory.py:70 — Device: emulator | Env: qa | Platform: Android
2026-08-17 13:44:10 [INFO    ] driver_factory.py:136 — Device Name: Android Emulator
2026-08-17 13:44:10 [INFO    ] driver_factory.py:137 — UDID: emulator-5554
2026-08-17 13:44:10 [INFO    ] driver_factory.py:151 — App Package: com.zee5.hipi (noReset=true, activity not set)
2026-08-17 13:44:14 [INFO    ] driver_factory.py:112 — App launched by driver. Waiting for stabilization...
2026-08-17 13:44:16 [INFO    ] driver_factory.py:115 — ========== DRIVER CREATED SUCCESSFULLY ==========
2026-08-17 13:44:16 [INFO    ] conftest.py:302 — Driver created successfully.
2026-08-17 13:44:19 [INFO    ] popup_handler.py:122 — Checking for 'Get Started' screen...
2026-08-17 13:44:22 [INFO    ] popup_handler.py:134 — 'Get Started' screen not present — skipping.
2026-08-17 13:44:23 [INFO    ] conftest.py:217 — App readiness probe: HiPi is in foreground (com.zee5.hipi).
2026-08-17 13:44:23 [INFO    ] conftest.py:315 — DRIVER SETUP COMPLETE
2026-08-17 13:44:23 [INFO    ] base_test.py:20 — BaseTest setup completed.
2026-08-17 13:44:23 [INFO    ] test_login.py:160 — ========== INVALID OTP TEST ==========
2026-08-17 13:44:23 [INFO    ] conftest.py:326 — Closing driver session.
2026-08-17 13:44:23 [INFO    ] conftest.py:433 — ==================================================
2026-08-17 13:44:23 [INFO    ] conftest.py:434 — PYTEST SESSION END | Exit status: 0
2026-08-17 13:44:23 [INFO    ] conftest.py:435 — ==================================================
