2026-08-17 15:44:34 [INFO    ] conftest.py:427 — ==================================================
2026-08-17 15:44:34 [INFO    ] conftest.py:428 — PYTEST SESSION START
2026-08-17 15:44:34 [INFO    ] conftest.py:429 — ==================================================
2026-08-17 15:44:34 [INFO    ] conftest.py:291 — ==================================================
2026-08-17 15:44:34 [INFO    ] conftest.py:292 — DRIVER SETUP START
2026-08-17 15:44:34 [INFO    ] conftest.py:293 — ==================================================
2026-08-17 15:44:34 [INFO    ] conftest.py:158 — Driver creation attempt 1/3
2026-08-17 15:44:35 [INFO    ] driver_factory.py:53 — ========== DRIVER CREATION START ==========
2026-08-17 15:44:35 [INFO    ] driver_factory.py:70 — Device: emulator | Env: qa | Platform: Android
2026-08-17 15:44:35 [INFO    ] driver_factory.py:136 — Device Name: Android Emulator
2026-08-17 15:44:35 [INFO    ] driver_factory.py:137 — UDID: emulator-5554
2026-08-17 15:44:35 [INFO    ] driver_factory.py:151 — App Package: com.zee5.hipi (noReset=true, activity not set)
2026-08-17 15:44:40 [INFO    ] driver_factory.py:112 — App launched by driver. Waiting for stabilization...
2026-08-17 15:44:42 [INFO    ] driver_factory.py:115 — ========== DRIVER CREATED SUCCESSFULLY ==========
2026-08-17 15:44:42 [INFO    ] conftest.py:302 — Driver created successfully.
2026-08-17 15:44:45 [INFO    ] popup_handler.py:122 — Checking for 'Get Started' screen...
2026-08-17 15:44:48 [INFO    ] popup_handler.py:134 — 'Get Started' screen not present — skipping.
2026-08-17 15:44:48 [INFO    ] conftest.py:217 — App readiness probe: HiPi is in foreground (com.zee5.hipi).
2026-08-17 15:44:48 [INFO    ] conftest.py:315 — DRIVER SETUP COMPLETE
2026-08-17 15:44:48 [INFO    ] base_test.py:20 — BaseTest setup completed.
2026-08-17 15:44:48 [INFO    ] base_test.py:58 — login_and_reach_feed: START
2026-08-17 15:44:48 [INFO    ] base_test.py:30 — Logging in as default test user.
2026-08-17 15:44:48 [INFO    ] login_page.py:591 — ========== LOGIN FLOW START ==========
2026-08-17 15:44:49 [INFO    ] login_page.py:43 — Opening profile tab
2026-08-17 15:44:50 [INFO    ] login_page.py:53 — Profile tab open attempt 1/2
2026-08-17 15:44:59 [ERROR   ] base_page.py:59 — Element not clickable after 8s: ('xpath', "//android.view.View[@clickable='true'][.//android.widget.TextView[@text='Profile']]")
2026-08-17 15:45:00 [INFO    ] screenshot_utils.py:60 — Screenshot saved: reports/screenshots/element_not_clickable___android.view.View__clickable=_true___.__android.widget.TextView__text=_Profile____20260817_154459.png
2026-08-17 15:45:00 [INFO    ] screenshot_utils.py:83 — Page source saved: reports/screenshots/element_not_clickable___android.view.View__clickable=_true___.__android.widget.TextView__text=_Profile____20260817_154500.xml
2026-08-17 15:45:00 [ERROR   ] base_page.py:118 — Click failed on attempt 1 for ('xpath', "//android.view.View[@clickable='true'][.//android.widget.TextView[@text='Profile']]"): Message: 
Stacktrace:
NoSuchElementError: An element could not be located on the page using the given search parameters.
    at AndroidUiautomator2Driver.findElOrEls (/Users/vc.rajdeep.kumar/.appium/node_modules/appium-uiautomator2-driver/node_modules/appium-android-driver/build/lib/commands/find.js:62:15)
    at process.processTicksAndRejections (node:internal/process/task_queues:104:5)
    at async AndroidUiautomator2Driver.findElOrElsWithProcessing (/opt/homebrew/lib/node_modules/appium/node_modules/@appium/base-driver/build/lib/basedriver/commands/find.js:12:16)
    at async AndroidUiautomator2Driver.findElement (/opt/homebrew/lib/node_modules/appium/node_modules/@appium/base-driver/build/lib/basedriver/commands/find.js:27:16)
2026-08-17 15:45:00 [WARNING ] base_page.py:262 — Attempting to recover application state...
2026-08-17 15:45:03 [INFO    ] base_page.py:266 — App recovery attempt completed.
2026-08-17 15:45:04 [INFO    ] screenshot_utils.py:60 — Screenshot saved: reports/screenshots/click_failed_20260817_154503.png
2026-08-17 15:45:05 [INFO    ] screenshot_utils.py:83 — Page source saved: reports/screenshots/click_failed_20260817_154504.xml
2026-08-17 15:45:05 [WARNING ] login_page.py:98 — Element-based click failed: Unable to click ('xpath', "//android.view.View[@clickable='true'][.//android.widget.TextView[@text='Profile']]") after 1 retries. Last exception: Message: 
Stacktrace:
NoSuchElementError: An element could not be located on the page using the given search parameters.
    at AndroidUiautomator2Driver.findElOrEls (/Users/vc.rajdeep.kumar/.appium/node_modules/appium-uiautomator2-driver/node_modules/appium-android-driver/build/lib/commands/find.js:62:15)
    at process.processTicksAndRejections (node:internal/process/task_queues:104:5)
    at async AndroidUiautomator2Driver.findElOrElsWithProcessing (/opt/homebrew/lib/node_modules/appium/node_modules/@appium/base-driver/build/lib/basedriver/commands/find.js:12:16)
    at async AndroidUiautomator2Driver.findElement (/opt/homebrew/lib/node_modules/appium/node_modules/@appium/base-driver/build/lib/basedriver/commands/find.js:27:16)
2026-08-17 15:45:13 [ERROR   ] base_page.py:50 — Element not visible after 8s: ('-android uiautomator', 'new UiSelector().text("Edit Profile")')
2026-08-17 15:45:13 [INFO    ] screenshot_utils.py:60 — Screenshot saved: reports/screenshots/element_not_visible_new UiSelector().text(_Edit Profile_)_20260817_154513.png
2026-08-17 15:45:13 [INFO    ] screenshot_utils.py:83 — Page source saved: reports/screenshots/element_not_visible_new UiSelector().text(_Edit Profile_)_20260817_154513.xml
2026-08-17 15:45:16 [ERROR   ] base_page.py:50 — Element not visible after 3s: ('id', 'com.zee5.hipi:id/exo_content_frame')
2026-08-17 15:45:17 [INFO    ] screenshot_utils.py:60 — Screenshot saved: reports/screenshots/element_not_visible_com.zee5.hipi_id_exo_content_frame_20260817_154516.png
2026-08-17 15:45:17 [INFO    ] screenshot_utils.py:83 — Page source saved: reports/screenshots/element_not_visible_com.zee5.hipi_id_exo_content_frame_20260817_154517.xml
2026-08-17 15:45:17 [INFO    ] gestures.py:29 — Tap performed at X:760 Y:2246
2026-08-17 15:45:18 [INFO    ] base_page.py:84 — wait_for_any_visible matched: ('class name', 'android.widget.EditText')
2026-08-17 15:45:18 [INFO    ] login_page.py:147 — Profile tab opened (coordinate tap, verified)
2026-08-17 15:45:24 [ERROR   ] base_page.py:50 — Element not visible after 5s: ('-android uiautomator', 'new UiSelector().textContains("Continue")')
2026-08-17 15:45:24 [INFO    ] screenshot_utils.py:60 — Screenshot saved: reports/screenshots/element_not_visible_new UiSelector().textContains(_Continue_)_20260817_154524.png
2026-08-17 15:45:24 [INFO    ] screenshot_utils.py:83 — Page source saved: reports/screenshots/element_not_visible_new UiSelector().textContains(_Continue_)_20260817_154524.xml
2026-08-17 15:45:24 [INFO    ] login_page.py:276 — Entering mobile number: 9876543210
2026-08-17 15:45:25 [INFO    ] base_page.py:136 — Entered text '9876543210' into ('class name', 'android.widget.EditText')
2026-08-17 15:45:28 [INFO    ] login_page.py:290 — Mobile number entered
2026-08-17 15:45:28 [INFO    ] login_page.py:315 — Clicking proceed button
2026-08-17 15:45:38 [ERROR   ] base_page.py:59 — Element not clickable after 10s: ('accessibility id', 'Proceed')
2026-08-17 15:45:38 [INFO    ] screenshot_utils.py:60 — Screenshot saved: reports/screenshots/element_not_clickable_Proceed_20260817_154538.png
2026-08-17 15:45:39 [INFO    ] screenshot_utils.py:83 — Page source saved: reports/screenshots/element_not_clickable_Proceed_20260817_154538.xml
2026-08-17 15:45:39 [ERROR   ] base_page.py:118 — Click failed on attempt 1 for ('accessibility id', 'Proceed'): Message: 
Stacktrace:
NoSuchElementError: An element could not be located on the page using the given search parameters.
    at AndroidUiautomator2Driver.findElOrEls (/Users/vc.rajdeep.kumar/.appium/node_modules/appium-uiautomator2-driver/node_modules/appium-android-driver/build/lib/commands/find.js:62:15)
    at process.processTicksAndRejections (node:internal/process/task_queues:104:5)
    at async AndroidUiautomator2Driver.findElOrElsWithProcessing (/opt/homebrew/lib/node_modules/appium/node_modules/@appium/base-driver/build/lib/basedriver/commands/find.js:12:16)
    at async AndroidUiautomator2Driver.findElement (/opt/homebrew/lib/node_modules/appium/node_modules/@appium/base-driver/build/lib/basedriver/commands/find.js:27:16)
2026-08-17 15:45:39 [WARNING ] base_page.py:262 — Attempting to recover application state...
2026-08-17 15:45:42 [INFO    ] base_page.py:266 — App recovery attempt completed.
2026-08-17 15:45:52 [ERROR   ] base_page.py:59 — Element not clickable after 10s: ('accessibility id', 'Proceed')
2026-08-17 15:45:52 [INFO    ] screenshot_utils.py:60 — Screenshot saved: reports/screenshots/element_not_clickable_Proceed_20260817_154552.png
2026-08-17 15:45:52 [INFO    ] screenshot_utils.py:83 — Page source saved: reports/screenshots/element_not_clickable_Proceed_20260817_154552.xml
2026-08-17 15:45:52 [ERROR   ] base_page.py:118 — Click failed on attempt 2 for ('accessibility id', 'Proceed'): Message: 
Stacktrace:
NoSuchElementError: An element could not be located on the page using the given search parameters.
    at AndroidUiautomator2Driver.findElOrEls (/Users/vc.rajdeep.kumar/.appium/node_modules/appium-uiautomator2-driver/node_modules/appium-android-driver/build/lib/commands/find.js:62:15)
    at process.processTicksAndRejections (node:internal/process/task_queues:104:5)
    at async AndroidUiautomator2Driver.findElOrElsWithProcessing (/opt/homebrew/lib/node_modules/appium/node_modules/@appium/base-driver/build/lib/basedriver/commands/find.js:12:16)
    at async AndroidUiautomator2Driver.findElement (/opt/homebrew/lib/node_modules/appium/node_modules/@appium/base-driver/build/lib/basedriver/commands/find.js:27:16)
2026-08-17 15:45:52 [WARNING ] base_page.py:262 — Attempting to recover application state...
2026-08-17 15:45:55 [INFO    ] base_page.py:266 — App recovery attempt completed.
2026-08-17 15:46:06 [ERROR   ] base_page.py:59 — Element not clickable after 10s: ('accessibility id', 'Proceed')
2026-08-17 15:46:06 [INFO    ] screenshot_utils.py:60 — Screenshot saved: reports/screenshots/element_not_clickable_Proceed_20260817_154606.png
2026-08-17 15:46:06 [INFO    ] screenshot_utils.py:83 — Page source saved: reports/screenshots/element_not_clickable_Proceed_20260817_154606.xml
2026-08-17 15:46:06 [ERROR   ] base_page.py:118 — Click failed on attempt 3 for ('accessibility id', 'Proceed'): Message: 
Stacktrace:
NoSuchElementError: An element could not be located on the page using the given search parameters.
    at AndroidUiautomator2Driver.findElOrEls (/Users/vc.rajdeep.kumar/.appium/node_modules/appium-uiautomator2-driver/node_modules/appium-android-driver/build/lib/commands/find.js:62:15)
    at process.processTicksAndRejections (node:internal/process/task_queues:104:5)
    at async AndroidUiautomator2Driver.findElOrElsWithProcessing (/opt/homebrew/lib/node_modules/appium/node_modules/@appium/base-driver/build/lib/basedriver/commands/find.js:12:16)
    at async AndroidUiautomator2Driver.findElement (/opt/homebrew/lib/node_modules/appium/node_modules/@appium/base-driver/build/lib/basedriver/commands/find.js:27:16)
2026-08-17 15:46:06 [WARNING ] base_page.py:262 — Attempting to recover application state...
2026-08-17 15:46:09 [INFO    ] base_page.py:266 — App recovery attempt completed.
2026-08-17 15:46:09 [INFO    ] screenshot_utils.py:60 — Screenshot saved: reports/screenshots/click_failed_20260817_154609.png
2026-08-17 15:46:09 [INFO    ] screenshot_utils.py:83 — Page source saved: reports/screenshots/click_failed_20260817_154609.xml
2026-08-17 15:46:09 [ERROR   ] login_page.py:333 — Proceed button failed: Unable to click ('accessibility id', 'Proceed') after 3 retries. Last exception: Message: 
Stacktrace:
NoSuchElementError: An element could not be located on the page using the given search parameters.
    at AndroidUiautomator2Driver.findElOrEls (/Users/vc.rajdeep.kumar/.appium/node_modules/appium-uiautomator2-driver/node_modules/appium-android-driver/build/lib/commands/find.js:62:15)
    at process.processTicksAndRejections (node:internal/process/task_queues:104:5)
    at async AndroidUiautomator2Driver.findElOrElsWithProcessing (/opt/homebrew/lib/node_modules/appium/node_modules/@appium/base-driver/build/lib/basedriver/commands/find.js:12:16)
    at async AndroidUiautomator2Driver.findElement (/opt/homebrew/lib/node_modules/appium/node_modules/@appium/base-driver/build/lib/basedriver/commands/find.js:27:16)
2026-08-17 15:46:10 [INFO    ] screenshot_utils.py:60 — Screenshot saved: reports/screenshots/proceed_button_failed_20260817_154609.png
2026-08-17 15:46:10 [INFO    ] screenshot_utils.py:83 — Page source saved: reports/screenshots/proceed_button_failed_20260817_154610.xml
2026-08-17 15:46:10 [ERROR   ] login_page.py:725 — Login flow failed: Unable to click ('accessibility id', 'Proceed') after 3 retries. Last exception: Message: 
Stacktrace:
NoSuchElementError: An element could not be located on the page using the given search parameters.
    at AndroidUiautomator2Driver.findElOrEls (/Users/vc.rajdeep.kumar/.appium/node_modules/appium-uiautomator2-driver/node_modules/appium-android-driver/build/lib/commands/find.js:62:15)
    at process.processTicksAndRejections (node:internal/process/task_queues:104:5)
    at async AndroidUiautomator2Driver.findElOrElsWithProcessing (/opt/homebrew/lib/node_modules/appium/node_modules/@appium/base-driver/build/lib/basedriver/commands/find.js:12:16)
    at async AndroidUiautomator2Driver.findElement (/opt/homebrew/lib/node_modules/appium/node_modules/@appium/base-driver/build/lib/basedriver/commands/find.js:27:16)
2026-08-17 15:46:10 [INFO    ] screenshot_utils.py:60 — Screenshot saved: reports/screenshots/login_failed_20260817_154610.png
2026-08-17 15:46:10 [INFO    ] screenshot_utils.py:83 — Page source saved: reports/screenshots/login_failed_20260817_154610.xml
2026-08-17 15:46:10 [INFO    ] screenshot_utils.py:60 — Screenshot saved: reports/screenshots/test_like_video_20260817_154610.png
2026-08-17 15:46:11 [INFO    ] screenshot_utils.py:83 — Page source saved: reports/screenshots/test_like_video_20260817_154610.xml
2026-08-17 15:46:11 [ERROR   ] conftest.py:419 — Test FAILED: test_like_video
2026-08-17 15:46:11 [INFO    ] conftest.py:326 — Closing driver session.
2026-08-17 15:46:11 [INFO    ] conftest.py:291 — ==================================================
2026-08-17 15:46:11 [INFO    ] conftest.py:292 — DRIVER SETUP START
2026-08-17 15:46:11 [INFO    ] conftest.py:293 — ==================================================
2026-08-17 15:46:11 [INFO    ] conftest.py:158 — Driver creation attempt 1/3
2026-08-17 15:46:12 [INFO    ] driver_factory.py:53 — ========== DRIVER CREATION START ==========
2026-08-17 15:46:12 [INFO    ] driver_factory.py:70 — Device: emulator | Env: qa | Platform: Android
2026-08-17 15:46:12 [INFO    ] driver_factory.py:136 — Device Name: Android Emulator
2026-08-17 15:46:12 [INFO    ] driver_factory.py:137 — UDID: emulator-5554
2026-08-17 15:46:12 [INFO    ] driver_factory.py:151 — App Package: com.zee5.hipi (noReset=true, activity not set)
2026-08-17 15:46:17 [INFO    ] driver_factory.py:112 — App launched by driver. Waiting for stabilization...
2026-08-17 15:46:19 [INFO    ] driver_factory.py:115 — ========== DRIVER CREATED SUCCESSFULLY ==========
2026-08-17 15:46:19 [INFO    ] conftest.py:302 — Driver created successfully.
2026-08-17 15:46:22 [INFO    ] popup_handler.py:122 — Checking for 'Get Started' screen...
2026-08-17 15:46:25 [INFO    ] popup_handler.py:134 — 'Get Started' screen not present — skipping.
2026-08-17 15:46:25 [INFO    ] conftest.py:217 — App readiness probe: HiPi is in foreground (com.zee5.hipi).
2026-08-17 15:46:25 [INFO    ] conftest.py:315 — DRIVER SETUP COMPLETE
2026-08-17 15:46:25 [INFO    ] base_test.py:20 — BaseTest setup completed.
2026-08-17 15:46:25 [INFO    ] base_test.py:58 — login_and_reach_feed: START
2026-08-17 15:46:25 [INFO    ] base_test.py:30 — Logging in as default test user.
2026-08-17 15:46:25 [INFO    ] login_page.py:591 — ========== LOGIN FLOW START ==========
2026-08-17 15:46:26 [INFO    ] login_page.py:43 — Opening profile tab
2026-08-17 15:46:27 [INFO    ] login_page.py:53 — Profile tab open attempt 1/2
2026-08-17 15:46:36 [ERROR   ] base_page.py:59 — Element not clickable after 8s: ('xpath', "//android.view.View[@clickable='true'][.//android.widget.TextView[@text='Profile']]")
2026-08-17 15:46:39 [INFO    ] screenshot_utils.py:60 — Screenshot saved: reports/screenshots/element_not_clickable___android.view.View__clickable=_true___.__android.widget.TextView__text=_Profile____20260817_154636.png
2026-08-17 15:46:41 [INFO    ] screenshot_utils.py:83 — Page source saved: reports/screenshots/element_not_clickable___android.view.View__clickable=_true___.__android.widget.TextView__text=_Profile____20260817_154639.xml
2026-08-17 15:46:41 [ERROR   ] base_page.py:118 — Click failed on attempt 1 for ('xpath', "//android.view.View[@clickable='true'][.//android.widget.TextView[@text='Profile']]"): Message: 
Stacktrace:
NoSuchElementError: An element could not be located on the page using the given search parameters.
    at AndroidUiautomator2Driver.findElOrEls (/Users/vc.rajdeep.kumar/.appium/node_modules/appium-uiautomator2-driver/node_modules/appium-android-driver/build/lib/commands/find.js:62:15)
    at process.processTicksAndRejections (node:internal/process/task_queues:104:5)
    at async AndroidUiautomator2Driver.findElOrElsWithProcessing (/opt/homebrew/lib/node_modules/appium/node_modules/@appium/base-driver/build/lib/basedriver/commands/find.js:12:16)
    at async AndroidUiautomator2Driver.findElement (/opt/homebrew/lib/node_modules/appium/node_modules/@appium/base-driver/build/lib/basedriver/commands/find.js:27:16)
2026-08-17 15:46:41 [WARNING ] base_page.py:262 — Attempting to recover application state...
2026-08-17 15:46:44 [INFO    ] base_page.py:266 — App recovery attempt completed.
2026-08-17 15:46:44 [INFO    ] screenshot_utils.py:60 — Screenshot saved: reports/screenshots/click_failed_20260817_154644.png
2026-08-17 15:46:45 [INFO    ] screenshot_utils.py:83 — Page source saved: reports/screenshots/click_failed_20260817_154644.xml
2026-08-17 15:46:45 [WARNING ] login_page.py:98 — Element-based click failed: Unable to click ('xpath', "//android.view.View[@clickable='true'][.//android.widget.TextView[@text='Profile']]") after 1 retries. Last exception: Message: 
Stacktrace:
NoSuchElementError: An element could not be located on the page using the given search parameters.
    at AndroidUiautomator2Driver.findElOrEls (/Users/vc.rajdeep.kumar/.appium/node_modules/appium-uiautomator2-driver/node_modules/appium-android-driver/build/lib/commands/find.js:62:15)
    at process.processTicksAndRejections (node:internal/process/task_queues:104:5)
    at async AndroidUiautomator2Driver.findElOrElsWithProcessing (/opt/homebrew/lib/node_modules/appium/node_modules/@appium/base-driver/build/lib/basedriver/commands/find.js:12:16)
    at async AndroidUiautomator2Driver.findElement (/opt/homebrew/lib/node_modules/appium/node_modules/@appium/base-driver/build/lib/basedriver/commands/find.js:27:16)
2026-08-17 15:46:53 [ERROR   ] base_page.py:50 — Element not visible after 8s: ('-android uiautomator', 'new UiSelector().text("Edit Profile")')
2026-08-17 15:46:54 [INFO    ] screenshot_utils.py:60 — Screenshot saved: reports/screenshots/element_not_visible_new UiSelector().text(_Edit Profile_)_20260817_154653.png
2026-08-17 15:46:55 [INFO    ] screenshot_utils.py:83 — Page source saved: reports/screenshots/element_not_visible_new UiSelector().text(_Edit Profile_)_20260817_154654.xml
2026-08-17 15:46:59 [ERROR   ] base_page.py:50 — Element not visible after 3s: ('id', 'com.zee5.hipi:id/exo_content_frame')
2026-08-17 15:47:00 [INFO    ] screenshot_utils.py:60 — Screenshot saved: reports/screenshots/element_not_visible_com.zee5.hipi_id_exo_content_frame_20260817_154659.png
2026-08-17 15:47:00 [INFO    ] screenshot_utils.py:83 — Page source saved: reports/screenshots/element_not_visible_com.zee5.hipi_id_exo_content_frame_20260817_154700.xml
2026-08-17 15:47:01 [INFO    ] gestures.py:29 — Tap performed at X:760 Y:2246
2026-08-17 15:47:02 [INFO    ] base_page.py:84 — wait_for_any_visible matched: ('class name', 'android.widget.EditText')
2026-08-17 15:47:02 [INFO    ] login_page.py:147 — Profile tab opened (coordinate tap, verified)
2026-08-17 15:47:07 [ERROR   ] base_page.py:50 — Element not visible after 5s: ('-android uiautomator', 'new UiSelector().textContains("Continue")')
2026-08-17 15:47:08 [INFO    ] screenshot_utils.py:60 — Screenshot saved: reports/screenshots/element_not_visible_new UiSelector().textContains(_Continue_)_20260817_154707.png
2026-08-17 15:47:09 [INFO    ] screenshot_utils.py:83 — Page source saved: reports/screenshots/element_not_visible_new UiSelector().textContains(_Continue_)_20260817_154708.xml
2026-08-17 15:47:09 [INFO    ] login_page.py:276 — Entering mobile number: 9876543210
2026-08-17 15:47:12 [INFO    ] base_page.py:136 — Entered text '9876543210' into ('class name', 'android.widget.EditText')
2026-08-17 15:47:15 [INFO    ] login_page.py:290 — Mobile number entered
2026-08-17 15:47:15 [INFO    ] login_page.py:315 — Clicking proceed button
2026-08-17 15:47:25 [ERROR   ] base_page.py:59 — Element not clickable after 10s: ('accessibility id', 'Proceed')
2026-08-17 15:47:26 [INFO    ] screenshot_utils.py:60 — Screenshot saved: reports/screenshots/element_not_clickable_Proceed_20260817_154725.png
2026-08-17 15:47:27 [INFO    ] screenshot_utils.py:83 — Page source saved: reports/screenshots/element_not_clickable_Proceed_20260817_154726.xml
2026-08-17 15:47:27 [ERROR   ] base_page.py:118 — Click failed on attempt 1 for ('accessibility id', 'Proceed'): Message: 
Stacktrace:
NoSuchElementError: An element could not be located on the page using the given search parameters.
    at AndroidUiautomator2Driver.findElOrEls (/Users/vc.rajdeep.kumar/.appium/node_modules/appium-uiautomator2-driver/node_modules/appium-android-driver/build/lib/commands/find.js:62:15)
    at process.processTicksAndRejections (node:internal/process/task_queues:104:5)
    at async AndroidUiautomator2Driver.findElOrElsWithProcessing (/opt/homebrew/lib/node_modules/appium/node_modules/@appium/base-driver/build/lib/basedriver/commands/find.js:12:16)
    at async AndroidUiautomator2Driver.findElement (/opt/homebrew/lib/node_modules/appium/node_modules/@appium/base-driver/build/lib/basedriver/commands/find.js:27:16)
2026-08-17 15:47:27 [WARNING ] base_page.py:262 — Attempting to recover application state...
2026-08-17 15:47:30 [INFO    ] base_page.py:266 — App recovery attempt completed.
2026-08-17 15:47:41 [ERROR   ] base_page.py:59 — Element not clickable after 10s: ('accessibility id', 'Proceed')
2026-08-17 15:47:42 [INFO    ] screenshot_utils.py:60 — Screenshot saved: reports/screenshots/element_not_clickable_Proceed_20260817_154741.png
2026-08-17 15:47:42 [INFO    ] screenshot_utils.py:83 — Page source saved: reports/screenshots/element_not_clickable_Proceed_20260817_154742.xml
2026-08-17 15:47:42 [ERROR   ] base_page.py:118 — Click failed on attempt 2 for ('accessibility id', 'Proceed'): Message: 
Stacktrace:
NoSuchElementError: An element could not be located on the page using the given search parameters.
    at AndroidUiautomator2Driver.findElOrEls (/Users/vc.rajdeep.kumar/.appium/node_modules/appium-uiautomator2-driver/node_modules/appium-android-driver/build/lib/commands/find.js:62:15)
    at process.processTicksAndRejections (node:internal/process/task_queues:104:5)
    at async AndroidUiautomator2Driver.findElOrElsWithProcessing (/opt/homebrew/lib/node_modules/appium/node_modules/@appium/base-driver/build/lib/basedriver/commands/find.js:12:16)
    at async AndroidUiautomator2Driver.findElement (/opt/homebrew/lib/node_modules/appium/node_modules/@appium/base-driver/build/lib/basedriver/commands/find.js:27:16)
2026-08-17 15:47:42 [WARNING ] base_page.py:262 — Attempting to recover application state...
2026-08-17 15:47:45 [INFO    ] base_page.py:266 — App recovery attempt completed.
2026-08-17 15:47:56 [ERROR   ] base_page.py:59 — Element not clickable after 10s: ('accessibility id', 'Proceed')
2026-08-17 15:47:56 [INFO    ] screenshot_utils.py:60 — Screenshot saved: reports/screenshots/element_not_clickable_Proceed_20260817_154756.png
2026-08-17 15:47:56 [INFO    ] screenshot_utils.py:83 — Page source saved: reports/screenshots/element_not_clickable_Proceed_20260817_154756.xml
2026-08-17 15:47:56 [ERROR   ] base_page.py:118 — Click failed on attempt 3 for ('accessibility id', 'Proceed'): Message: 
Stacktrace:
NoSuchElementError: An element could not be located on the page using the given search parameters.
    at AndroidUiautomator2Driver.findElOrEls (/Users/vc.rajdeep.kumar/.appium/node_modules/appium-uiautomator2-driver/node_modules/appium-android-driver/build/lib/commands/find.js:62:15)
    at process.processTicksAndRejections (node:internal/process/task_queues:104:5)
    at async AndroidUiautomator2Driver.findElOrElsWithProcessing (/opt/homebrew/lib/node_modules/appium/node_modules/@appium/base-driver/build/lib/basedriver/commands/find.js:12:16)
    at async AndroidUiautomator2Driver.findElement (/opt/homebrew/lib/node_modules/appium/node_modules/@appium/base-driver/build/lib/basedriver/commands/find.js:27:16)
2026-08-17 15:47:56 [WARNING ] base_page.py:262 — Attempting to recover application state...
2026-08-17 15:48:00 [INFO    ] base_page.py:266 — App recovery attempt completed.
2026-08-17 15:48:00 [INFO    ] screenshot_utils.py:60 — Screenshot saved: reports/screenshots/click_failed_20260817_154800.png
2026-08-17 15:48:00 [INFO    ] screenshot_utils.py:83 — Page source saved: reports/screenshots/click_failed_20260817_154800.xml
2026-08-17 15:48:00 [ERROR   ] login_page.py:333 — Proceed button failed: Unable to click ('accessibility id', 'Proceed') after 3 retries. Last exception: Message: 
Stacktrace:
NoSuchElementError: An element could not be located on the page using the given search parameters.
    at AndroidUiautomator2Driver.findElOrEls (/Users/vc.rajdeep.kumar/.appium/node_modules/appium-uiautomator2-driver/node_modules/appium-android-driver/build/lib/commands/find.js:62:15)
    at process.processTicksAndRejections (node:internal/process/task_queues:104:5)
    at async AndroidUiautomator2Driver.findElOrElsWithProcessing (/opt/homebrew/lib/node_modules/appium/node_modules/@appium/base-driver/build/lib/basedriver/commands/find.js:12:16)
    at async AndroidUiautomator2Driver.findElement (/opt/homebrew/lib/node_modules/appium/node_modules/@appium/base-driver/build/lib/basedriver/commands/find.js:27:16)
2026-08-17 15:48:00 [INFO    ] screenshot_utils.py:60 — Screenshot saved: reports/screenshots/proceed_button_failed_20260817_154800.png
2026-08-17 15:48:00 [INFO    ] screenshot_utils.py:83 — Page source saved: reports/screenshots/proceed_button_failed_20260817_154800.xml
2026-08-17 15:48:00 [ERROR   ] login_page.py:725 — Login flow failed: Unable to click ('accessibility id', 'Proceed') after 3 retries. Last exception: Message: 
Stacktrace:
NoSuchElementError: An element could not be located on the page using the given search parameters.
    at AndroidUiautomator2Driver.findElOrEls (/Users/vc.rajdeep.kumar/.appium/node_modules/appium-uiautomator2-driver/node_modules/appium-android-driver/build/lib/commands/find.js:62:15)
    at process.processTicksAndRejections (node:internal/process/task_queues:104:5)
    at async AndroidUiautomator2Driver.findElOrElsWithProcessing (/opt/homebrew/lib/node_modules/appium/node_modules/@appium/base-driver/build/lib/basedriver/commands/find.js:12:16)
    at async AndroidUiautomator2Driver.findElement (/opt/homebrew/lib/node_modules/appium/node_modules/@appium/base-driver/build/lib/basedriver/commands/find.js:27:16)
2026-08-17 15:48:01 [INFO    ] screenshot_utils.py:60 — Screenshot saved: reports/screenshots/login_failed_20260817_154800.png
2026-08-17 15:48:01 [INFO    ] screenshot_utils.py:83 — Page source saved: reports/screenshots/login_failed_20260817_154801.xml
2026-08-17 15:48:01 [INFO    ] screenshot_utils.py:60 — Screenshot saved: reports/screenshots/test_add_comment_20260817_154801.png
2026-08-17 15:48:02 [INFO    ] screenshot_utils.py:83 — Page source saved: reports/screenshots/test_add_comment_20260817_154801.xml
2026-08-17 15:48:02 [ERROR   ] conftest.py:419 — Test FAILED: test_add_comment
2026-08-17 15:48:02 [INFO    ] conftest.py:326 — Closing driver session.
2026-08-17 15:48:02 [INFO    ] conftest.py:291 — ==================================================
2026-08-17 15:48:02 [INFO    ] conftest.py:292 — DRIVER SETUP START
2026-08-17 15:48:02 [INFO    ] conftest.py:293 — ==================================================
2026-08-17 15:48:02 [INFO    ] conftest.py:158 — Driver creation attempt 1/3
2026-08-17 15:48:04 [INFO    ] driver_factory.py:53 — ========== DRIVER CREATION START ==========
2026-08-17 15:48:04 [INFO    ] driver_factory.py:70 — Device: emulator | Env: qa | Platform: Android
2026-08-17 15:48:04 [INFO    ] driver_factory.py:136 — Device Name: Android Emulator
2026-08-17 15:48:04 [INFO    ] driver_factory.py:137 — UDID: emulator-5554
2026-08-17 15:48:04 [INFO    ] driver_factory.py:151 — App Package: com.zee5.hipi (noReset=true, activity not set)
2026-08-17 15:48:10 [INFO    ] driver_factory.py:112 — App launched by driver. Waiting for stabilization...
2026-08-17 15:48:12 [INFO    ] driver_factory.py:115 — ========== DRIVER CREATED SUCCESSFULLY ==========
2026-08-17 15:48:12 [INFO    ] conftest.py:302 — Driver created successfully.
2026-08-17 15:48:15 [INFO    ] popup_handler.py:122 — Checking for 'Get Started' screen...
2026-08-17 15:48:18 [INFO    ] popup_handler.py:134 — 'Get Started' screen not present — skipping.
2026-08-17 15:48:18 [INFO    ] conftest.py:217 — App readiness probe: HiPi is in foreground (com.zee5.hipi).
2026-08-17 15:48:18 [INFO    ] conftest.py:315 — DRIVER SETUP COMPLETE
2026-08-17 15:48:18 [INFO    ] base_test.py:20 — BaseTest setup completed.
2026-08-17 15:48:18 [INFO    ] base_test.py:58 — login_and_reach_feed: START
2026-08-17 15:48:18 [INFO    ] base_test.py:30 — Logging in as default test user.
2026-08-17 15:48:18 [INFO    ] login_page.py:591 — ========== LOGIN FLOW START ==========
2026-08-17 15:48:19 [INFO    ] login_page.py:43 — Opening profile tab
2026-08-17 15:48:20 [INFO    ] login_page.py:53 — Profile tab open attempt 1/2
2026-08-17 15:48:29 [ERROR   ] base_page.py:59 — Element not clickable after 8s: ('xpath', "//android.view.View[@clickable='true'][.//android.widget.TextView[@text='Profile']]")
2026-08-17 15:48:30 [INFO    ] screenshot_utils.py:60 — Screenshot saved: reports/screenshots/element_not_clickable___android.view.View__clickable=_true___.__android.widget.TextView__text=_Profile____20260817_154829.png
2026-08-17 15:48:30 [INFO    ] screenshot_utils.py:83 — Page source saved: reports/screenshots/element_not_clickable___android.view.View__clickable=_true___.__android.widget.TextView__text=_Profile____20260817_154830.xml
2026-08-17 15:48:30 [ERROR   ] base_page.py:118 — Click failed on attempt 1 for ('xpath', "//android.view.View[@clickable='true'][.//android.widget.TextView[@text='Profile']]"): Message: 
Stacktrace:
NoSuchElementError: An element could not be located on the page using the given search parameters.
    at AndroidUiautomator2Driver.findElOrEls (/Users/vc.rajdeep.kumar/.appium/node_modules/appium-uiautomator2-driver/node_modules/appium-android-driver/build/lib/commands/find.js:62:15)
    at process.processTicksAndRejections (node:internal/process/task_queues:104:5)
    at async AndroidUiautomator2Driver.findElOrElsWithProcessing (/opt/homebrew/lib/node_modules/appium/node_modules/@appium/base-driver/build/lib/basedriver/commands/find.js:12:16)
    at async AndroidUiautomator2Driver.findElement (/opt/homebrew/lib/node_modules/appium/node_modules/@appium/base-driver/build/lib/basedriver/commands/find.js:27:16)
2026-08-17 15:48:30 [WARNING ] base_page.py:262 — Attempting to recover application state...
2026-08-17 15:48:33 [INFO    ] base_page.py:266 — App recovery attempt completed.
2026-08-17 15:48:33 [INFO    ] screenshot_utils.py:60 — Screenshot saved: reports/screenshots/click_failed_20260817_154833.png
2026-08-17 15:48:33 [INFO    ] screenshot_utils.py:83 — Page source saved: reports/screenshots/click_failed_20260817_154833.xml
2026-08-17 15:48:33 [WARNING ] login_page.py:98 — Element-based click failed: Unable to click ('xpath', "//android.view.View[@clickable='true'][.//android.widget.TextView[@text='Profile']]") after 1 retries. Last exception: Message: 
Stacktrace:
NoSuchElementError: An element could not be located on the page using the given search parameters.
    at AndroidUiautomator2Driver.findElOrEls (/Users/vc.rajdeep.kumar/.appium/node_modules/appium-uiautomator2-driver/node_modules/appium-android-driver/build/lib/commands/find.js:62:15)
    at process.processTicksAndRejections (node:internal/process/task_queues:104:5)
    at async AndroidUiautomator2Driver.findElOrElsWithProcessing (/opt/homebrew/lib/node_modules/appium/node_modules/@appium/base-driver/build/lib/basedriver/commands/find.js:12:16)
    at async AndroidUiautomator2Driver.findElement (/opt/homebrew/lib/node_modules/appium/node_modules/@appium/base-driver/build/lib/basedriver/commands/find.js:27:16)
2026-08-17 15:48:41 [ERROR   ] base_page.py:50 — Element not visible after 8s: ('-android uiautomator', 'new UiSelector().text("Edit Profile")')
2026-08-17 15:48:42 [INFO    ] screenshot_utils.py:60 — Screenshot saved: reports/screenshots/element_not_visible_new UiSelector().text(_Edit Profile_)_20260817_154841.png
2026-08-17 15:48:42 [INFO    ] screenshot_utils.py:83 — Page source saved: reports/screenshots/element_not_visible_new UiSelector().text(_Edit Profile_)_20260817_154842.xml
2026-08-17 15:48:45 [ERROR   ] base_page.py:50 — Element not visible after 3s: ('id', 'com.zee5.hipi:id/exo_content_frame')
2026-08-17 15:48:45 [INFO    ] screenshot_utils.py:60 — Screenshot saved: reports/screenshots/element_not_visible_com.zee5.hipi_id_exo_content_frame_20260817_154845.png
2026-08-17 15:48:45 [INFO    ] screenshot_utils.py:83 — Page source saved: reports/screenshots/element_not_visible_com.zee5.hipi_id_exo_content_frame_20260817_154845.xml
2026-08-17 15:48:45 [INFO    ] gestures.py:29 — Tap performed at X:760 Y:2246
2026-08-17 15:48:46 [INFO    ] base_page.py:84 — wait_for_any_visible matched: ('class name', 'android.widget.EditText')
2026-08-17 15:48:46 [INFO    ] login_page.py:147 — Profile tab opened (coordinate tap, verified)
2026-08-17 15:48:52 [ERROR   ] base_page.py:50 — Element not visible after 5s: ('-android uiautomator', 'new UiSelector().textContains("Continue")')
2026-08-17 15:48:52 [INFO    ] screenshot_utils.py:60 — Screenshot saved: reports/screenshots/element_not_visible_new UiSelector().textContains(_Continue_)_20260817_154852.png
2026-08-17 15:48:52 [INFO    ] screenshot_utils.py:83 — Page source saved: reports/screenshots/element_not_visible_new UiSelector().textContains(_Continue_)_20260817_154852.xml
2026-08-17 15:48:52 [INFO    ] login_page.py:276 — Entering mobile number: 9876543210
2026-08-17 15:48:53 [INFO    ] base_page.py:136 — Entered text '9876543210' into ('class name', 'android.widget.EditText')
2026-08-17 15:48:56 [INFO    ] login_page.py:290 — Mobile number entered
2026-08-17 15:48:56 [INFO    ] login_page.py:315 — Clicking proceed button
2026-08-17 15:49:06 [ERROR   ] base_page.py:59 — Element not clickable after 10s: ('accessibility id', 'Proceed')
2026-08-17 15:49:07 [INFO    ] screenshot_utils.py:60 — Screenshot saved: reports/screenshots/element_not_clickable_Proceed_20260817_154906.png
2026-08-17 15:49:08 [INFO    ] screenshot_utils.py:83 — Page source saved: reports/screenshots/element_not_clickable_Proceed_20260817_154907.xml
2026-08-17 15:49:08 [ERROR   ] base_page.py:118 — Click failed on attempt 1 for ('accessibility id', 'Proceed'): Message: 
Stacktrace:
NoSuchElementError: An element could not be located on the page using the given search parameters.
    at AndroidUiautomator2Driver.findElOrEls (/Users/vc.rajdeep.kumar/.appium/node_modules/appium-uiautomator2-driver/node_modules/appium-android-driver/build/lib/commands/find.js:62:15)
    at process.processTicksAndRejections (node:internal/process/task_queues:104:5)
    at async AndroidUiautomator2Driver.findElOrElsWithProcessing (/opt/homebrew/lib/node_modules/appium/node_modules/@appium/base-driver/build/lib/basedriver/commands/find.js:12:16)
    at async AndroidUiautomator2Driver.findElement (/opt/homebrew/lib/node_modules/appium/node_modules/@appium/base-driver/build/lib/basedriver/commands/find.js:27:16)
2026-08-17 15:49:08 [WARNING ] base_page.py:262 — Attempting to recover application state...
2026-08-17 15:49:11 [INFO    ] base_page.py:266 — App recovery attempt completed.
2026-08-17 15:49:21 [ERROR   ] base_page.py:59 — Element not clickable after 10s: ('accessibility id', 'Proceed')
2026-08-17 15:49:22 [INFO    ] screenshot_utils.py:60 — Screenshot saved: reports/screenshots/element_not_clickable_Proceed_20260817_154921.png
2026-08-17 15:49:22 [INFO    ] screenshot_utils.py:83 — Page source saved: reports/screenshots/element_not_clickable_Proceed_20260817_154922.xml
2026-08-17 15:49:22 [ERROR   ] base_page.py:118 — Click failed on attempt 2 for ('accessibility id', 'Proceed'): Message: 
Stacktrace:
NoSuchElementError: An element could not be located on the page using the given search parameters.
    at AndroidUiautomator2Driver.findElOrEls (/Users/vc.rajdeep.kumar/.appium/node_modules/appium-uiautomator2-driver/node_modules/appium-android-driver/build/lib/commands/find.js:62:15)
    at process.processTicksAndRejections (node:internal/process/task_queues:104:5)
    at async AndroidUiautomator2Driver.findElOrElsWithProcessing (/opt/homebrew/lib/node_modules/appium/node_modules/@appium/base-driver/build/lib/basedriver/commands/find.js:12:16)
    at async AndroidUiautomator2Driver.findElement (/opt/homebrew/lib/node_modules/appium/node_modules/@appium/base-driver/build/lib/basedriver/commands/find.js:27:16)
2026-08-17 15:49:22 [WARNING ] base_page.py:262 — Attempting to recover application state...
2026-08-17 15:49:25 [INFO    ] base_page.py:266 — App recovery attempt completed.
2026-08-17 15:49:36 [ERROR   ] base_page.py:59 — Element not clickable after 10s: ('accessibility id', 'Proceed')
2026-08-17 15:49:37 [INFO    ] screenshot_utils.py:60 — Screenshot saved: reports/screenshots/element_not_clickable_Proceed_20260817_154936.png
2026-08-17 15:49:37 [INFO    ] screenshot_utils.py:83 — Page source saved: reports/screenshots/element_not_clickable_Proceed_20260817_154937.xml
2026-08-17 15:49:37 [ERROR   ] base_page.py:118 — Click failed on attempt 3 for ('accessibility id', 'Proceed'): Message: 
Stacktrace:
NoSuchElementError: An element could not be located on the page using the given search parameters.
    at AndroidUiautomator2Driver.findElOrEls (/Users/vc.rajdeep.kumar/.appium/node_modules/appium-uiautomator2-driver/node_modules/appium-android-driver/build/lib/commands/find.js:62:15)
    at process.processTicksAndRejections (node:internal/process/task_queues:104:5)
    at async AndroidUiautomator2Driver.findElOrElsWithProcessing (/opt/homebrew/lib/node_modules/appium/node_modules/@appium/base-driver/build/lib/basedriver/commands/find.js:12:16)
    at async AndroidUiautomator2Driver.findElement (/opt/homebrew/lib/node_modules/appium/node_modules/@appium/base-driver/build/lib/basedriver/commands/find.js:27:16)
2026-08-17 15:49:37 [WARNING ] base_page.py:262 — Attempting to recover application state...
2026-08-17 15:49:40 [INFO    ] base_page.py:266 — App recovery attempt completed.
2026-08-17 15:49:40 [INFO    ] screenshot_utils.py:60 — Screenshot saved: reports/screenshots/click_failed_20260817_154940.png
2026-08-17 15:49:41 [INFO    ] screenshot_utils.py:83 — Page source saved: reports/screenshots/click_failed_20260817_154940.xml
2026-08-17 15:49:41 [ERROR   ] login_page.py:333 — Proceed button failed: Unable to click ('accessibility id', 'Proceed') after 3 retries. Last exception: Message: 
Stacktrace:
NoSuchElementError: An element could not be located on the page using the given search parameters.
    at AndroidUiautomator2Driver.findElOrEls (/Users/vc.rajdeep.kumar/.appium/node_modules/appium-uiautomator2-driver/node_modules/appium-android-driver/build/lib/commands/find.js:62:15)
    at process.processTicksAndRejections (node:internal/process/task_queues:104:5)
    at async AndroidUiautomator2Driver.findElOrElsWithProcessing (/opt/homebrew/lib/node_modules/appium/node_modules/@appium/base-driver/build/lib/basedriver/commands/find.js:12:16)
    at async AndroidUiautomator2Driver.findElement (/opt/homebrew/lib/node_modules/appium/node_modules/@appium/base-driver/build/lib/basedriver/commands/find.js:27:16)
2026-08-17 15:49:41 [INFO    ] screenshot_utils.py:60 — Screenshot saved: reports/screenshots/proceed_button_failed_20260817_154941.png
2026-08-17 15:49:41 [INFO    ] screenshot_utils.py:83 — Page source saved: reports/screenshots/proceed_button_failed_20260817_154941.xml
2026-08-17 15:49:41 [ERROR   ] login_page.py:725 — Login flow failed: Unable to click ('accessibility id', 'Proceed') after 3 retries. Last exception: Message: 
Stacktrace:
NoSuchElementError: An element could not be located on the page using the given search parameters.
    at AndroidUiautomator2Driver.findElOrEls (/Users/vc.rajdeep.kumar/.appium/node_modules/appium-uiautomator2-driver/node_modules/appium-android-driver/build/lib/commands/find.js:62:15)
    at process.processTicksAndRejections (node:internal/process/task_queues:104:5)
    at async AndroidUiautomator2Driver.findElOrElsWithProcessing (/opt/homebrew/lib/node_modules/appium/node_modules/@appium/base-driver/build/lib/basedriver/commands/find.js:12:16)
    at async AndroidUiautomator2Driver.findElement (/opt/homebrew/lib/node_modules/appium/node_modules/@appium/base-driver/build/lib/basedriver/commands/find.js:27:16)
2026-08-17 15:49:41 [INFO    ] screenshot_utils.py:60 — Screenshot saved: reports/screenshots/login_failed_20260817_154941.png
2026-08-17 15:49:42 [INFO    ] screenshot_utils.py:83 — Page source saved: reports/screenshots/login_failed_20260817_154941.xml
2026-08-17 15:49:42 [INFO    ] screenshot_utils.py:60 — Screenshot saved: reports/screenshots/test_pause_and_resume_reel_20260817_154942.png
2026-08-17 15:49:42 [INFO    ] screenshot_utils.py:83 — Page source saved: reports/screenshots/test_pause_and_resume_reel_20260817_154942.xml
2026-08-17 15:49:42 [ERROR   ] conftest.py:419 — Test FAILED: test_pause_and_resume_reel
2026-08-17 15:49:42 [INFO    ] conftest.py:326 — Closing driver session.
2026-08-17 15:49:43 [INFO    ] conftest.py:291 — ==================================================
2026-08-17 15:49:43 [INFO    ] conftest.py:292 — DRIVER SETUP START
2026-08-17 15:49:43 [INFO    ] conftest.py:293 — ==================================================
2026-08-17 15:49:43 [INFO    ] conftest.py:158 — Driver creation attempt 1/3
2026-08-17 15:49:44 [INFO    ] driver_factory.py:53 — ========== DRIVER CREATION START ==========
2026-08-17 15:49:44 [INFO    ] driver_factory.py:70 — Device: emulator | Env: qa | Platform: Android
2026-08-17 15:49:44 [INFO    ] driver_factory.py:136 — Device Name: Android Emulator
2026-08-17 15:49:44 [INFO    ] driver_factory.py:137 — UDID: emulator-5554
2026-08-17 15:49:44 [INFO    ] driver_factory.py:151 — App Package: com.zee5.hipi (noReset=true, activity not set)
2026-08-17 15:49:48 [INFO    ] driver_factory.py:112 — App launched by driver. Waiting for stabilization...
2026-08-17 15:49:50 [INFO    ] driver_factory.py:115 — ========== DRIVER CREATED SUCCESSFULLY ==========
2026-08-17 15:49:50 [INFO    ] conftest.py:302 — Driver created successfully.
2026-08-17 15:49:53 [INFO    ] popup_handler.py:122 — Checking for 'Get Started' screen...
2026-08-17 15:49:57 [INFO    ] popup_handler.py:134 — 'Get Started' screen not present — skipping.
2026-08-17 15:49:57 [INFO    ] conftest.py:217 — App readiness probe: HiPi is in foreground (com.zee5.hipi).
2026-08-17 15:49:57 [INFO    ] conftest.py:315 — DRIVER SETUP COMPLETE
2026-08-17 15:49:57 [INFO    ] base_test.py:20 — BaseTest setup completed.
2026-08-17 15:49:57 [INFO    ] base_test.py:58 — login_and_reach_feed: START
2026-08-17 15:49:57 [INFO    ] base_test.py:30 — Logging in as default test user.
2026-08-17 15:49:57 [INFO    ] login_page.py:591 — ========== LOGIN FLOW START ==========
2026-08-17 15:49:58 [INFO    ] login_page.py:43 — Opening profile tab
2026-08-17 15:49:59 [INFO    ] login_page.py:53 — Profile tab open attempt 1/2
2026-08-17 15:50:07 [ERROR   ] base_page.py:59 — Element not clickable after 8s: ('xpath', "//android.view.View[@clickable='true'][.//android.widget.TextView[@text='Profile']]")
2026-08-17 15:50:11 [INFO    ] screenshot_utils.py:60 — Screenshot saved: reports/screenshots/element_not_clickable___android.view.View__clickable=_true___.__android.widget.TextView__text=_Profile____20260817_155007.png
2026-08-17 15:50:11 [INFO    ] screenshot_utils.py:83 — Page source saved: reports/screenshots/element_not_clickable___android.view.View__clickable=_true___.__android.widget.TextView__text=_Profile____20260817_155011.xml
2026-08-17 15:50:11 [ERROR   ] base_page.py:118 — Click failed on attempt 1 for ('xpath', "//android.view.View[@clickable='true'][.//android.widget.TextView[@text='Profile']]"): Message: 
Stacktrace:
NoSuchElementError: An element could not be located on the page using the given search parameters.
    at AndroidUiautomator2Driver.findElOrEls (/Users/vc.rajdeep.kumar/.appium/node_modules/appium-uiautomator2-driver/node_modules/appium-android-driver/build/lib/commands/find.js:62:15)
    at process.processTicksAndRejections (node:internal/process/task_queues:104:5)
    at async AndroidUiautomator2Driver.findElOrElsWithProcessing (/opt/homebrew/lib/node_modules/appium/node_modules/@appium/base-driver/build/lib/basedriver/commands/find.js:12:16)
    at async AndroidUiautomator2Driver.findElement (/opt/homebrew/lib/node_modules/appium/node_modules/@appium/base-driver/build/lib/basedriver/commands/find.js:27:16)
2026-08-17 15:50:11 [WARNING ] base_page.py:262 — Attempting to recover application state...
2026-08-17 15:50:14 [INFO    ] base_page.py:266 — App recovery attempt completed.
2026-08-17 15:50:15 [INFO    ] screenshot_utils.py:60 — Screenshot saved: reports/screenshots/click_failed_20260817_155014.png
2026-08-17 15:50:15 [INFO    ] screenshot_utils.py:83 — Page source saved: reports/screenshots/click_failed_20260817_155015.xml
2026-08-17 15:50:15 [WARNING ] login_page.py:98 — Element-based click failed: Unable to click ('xpath', "//android.view.View[@clickable='true'][.//android.widget.TextView[@text='Profile']]") after 1 retries. Last exception: Message: 
Stacktrace:
NoSuchElementError: An element could not be located on the page using the given search parameters.
    at AndroidUiautomator2Driver.findElOrEls (/Users/vc.rajdeep.kumar/.appium/node_modules/appium-uiautomator2-driver/node_modules/appium-android-driver/build/lib/commands/find.js:62:15)
    at process.processTicksAndRejections (node:internal/process/task_queues:104:5)
    at async AndroidUiautomator2Driver.findElOrElsWithProcessing (/opt/homebrew/lib/node_modules/appium/node_modules/@appium/base-driver/build/lib/basedriver/commands/find.js:12:16)
    at async AndroidUiautomator2Driver.findElement (/opt/homebrew/lib/node_modules/appium/node_modules/@appium/base-driver/build/lib/basedriver/commands/find.js:27:16)
2026-08-17 15:50:23 [ERROR   ] base_page.py:50 — Element not visible after 8s: ('-android uiautomator', 'new UiSelector().text("Edit Profile")')
2026-08-17 15:50:23 [INFO    ] screenshot_utils.py:60 — Screenshot saved: reports/screenshots/element_not_visible_new UiSelector().text(_Edit Profile_)_20260817_155023.png
2026-08-17 15:50:24 [INFO    ] screenshot_utils.py:83 — Page source saved: reports/screenshots/element_not_visible_new UiSelector().text(_Edit Profile_)_20260817_155023.xml
2026-08-17 15:50:27 [ERROR   ] base_page.py:50 — Element not visible after 3s: ('id', 'com.zee5.hipi:id/exo_content_frame')
2026-08-17 15:50:28 [INFO    ] screenshot_utils.py:60 — Screenshot saved: reports/screenshots/element_not_visible_com.zee5.hipi_id_exo_content_frame_20260817_155027.png
2026-08-17 15:50:28 [INFO    ] screenshot_utils.py:83 — Page source saved: reports/screenshots/element_not_visible_com.zee5.hipi_id_exo_content_frame_20260817_155028.xml
2026-08-17 15:50:28 [INFO    ] gestures.py:29 — Tap performed at X:760 Y:2246
2026-08-17 15:50:29 [INFO    ] base_page.py:84 — wait_for_any_visible matched: ('class name', 'android.widget.EditText')
2026-08-17 15:50:29 [INFO    ] login_page.py:147 — Profile tab opened (coordinate tap, verified)
2026-08-17 15:50:34 [ERROR   ] base_page.py:50 — Element not visible after 5s: ('-android uiautomator', 'new UiSelector().textContains("Continue")')
2026-08-17 15:50:34 [INFO    ] screenshot_utils.py:60 — Screenshot saved: reports/screenshots/element_not_visible_new UiSelector().textContains(_Continue_)_20260817_155034.png
2026-08-17 15:50:35 [INFO    ] screenshot_utils.py:83 — Page source saved: reports/screenshots/element_not_visible_new UiSelector().textContains(_Continue_)_20260817_155034.xml
2026-08-17 15:50:35 [INFO    ] login_page.py:276 — Entering mobile number: 9876543210
2026-08-17 15:50:37 [INFO    ] base_page.py:136 — Entered text '9876543210' into ('class name', 'android.widget.EditText')
2026-08-17 15:50:39 [INFO    ] login_page.py:290 — Mobile number entered
2026-08-17 15:50:39 [INFO    ] login_page.py:315 — Clicking proceed button
2026-08-17 15:50:49 [ERROR   ] base_page.py:59 — Element not clickable after 10s: ('accessibility id', 'Proceed')
2026-08-17 15:50:49 [INFO    ] screenshot_utils.py:60 — Screenshot saved: reports/screenshots/element_not_clickable_Proceed_20260817_155049.png
2026-08-17 15:50:49 [INFO    ] screenshot_utils.py:83 — Page source saved: reports/screenshots/element_not_clickable_Proceed_20260817_155049.xml
2026-08-17 15:50:49 [ERROR   ] base_page.py:118 — Click failed on attempt 1 for ('accessibility id', 'Proceed'): Message: 
Stacktrace:
NoSuchElementError: An element could not be located on the page using the given search parameters.
    at AndroidUiautomator2Driver.findElOrEls (/Users/vc.rajdeep.kumar/.appium/node_modules/appium-uiautomator2-driver/node_modules/appium-android-driver/build/lib/commands/find.js:62:15)
    at process.processTicksAndRejections (node:internal/process/task_queues:104:5)
    at async AndroidUiautomator2Driver.findElOrElsWithProcessing (/opt/homebrew/lib/node_modules/appium/node_modules/@appium/base-driver/build/lib/basedriver/commands/find.js:12:16)
    at async AndroidUiautomator2Driver.findElement (/opt/homebrew/lib/node_modules/appium/node_modules/@appium/base-driver/build/lib/basedriver/commands/find.js:27:16)
2026-08-17 15:50:49 [WARNING ] base_page.py:262 — Attempting to recover application state...
2026-08-17 15:50:53 [INFO    ] base_page.py:266 — App recovery attempt completed.
2026-08-17 15:51:03 [ERROR   ] base_page.py:59 — Element not clickable after 10s: ('accessibility id', 'Proceed')
2026-08-17 15:51:03 [INFO    ] screenshot_utils.py:60 — Screenshot saved: reports/screenshots/element_not_clickable_Proceed_20260817_155103.png
2026-08-17 15:51:04 [INFO    ] screenshot_utils.py:83 — Page source saved: reports/screenshots/element_not_clickable_Proceed_20260817_155103.xml
2026-08-17 15:51:04 [ERROR   ] base_page.py:118 — Click failed on attempt 2 for ('accessibility id', 'Proceed'): Message: 
Stacktrace:
NoSuchElementError: An element could not be located on the page using the given search parameters.
    at AndroidUiautomator2Driver.findElOrEls (/Users/vc.rajdeep.kumar/.appium/node_modules/appium-uiautomator2-driver/node_modules/appium-android-driver/build/lib/commands/find.js:62:15)
    at process.processTicksAndRejections (node:internal/process/task_queues:104:5)
    at async AndroidUiautomator2Driver.findElOrElsWithProcessing (/opt/homebrew/lib/node_modules/appium/node_modules/@appium/base-driver/build/lib/basedriver/commands/find.js:12:16)
    at async AndroidUiautomator2Driver.findElement (/opt/homebrew/lib/node_modules/appium/node_modules/@appium/base-driver/build/lib/basedriver/commands/find.js:27:16)
2026-08-17 15:51:04 [WARNING ] base_page.py:262 — Attempting to recover application state...
2026-08-17 15:51:07 [INFO    ] base_page.py:266 — App recovery attempt completed.
2026-08-17 15:51:17 [ERROR   ] base_page.py:59 — Element not clickable after 10s: ('accessibility id', 'Proceed')
2026-08-17 15:51:17 [INFO    ] screenshot_utils.py:60 — Screenshot saved: reports/screenshots/element_not_clickable_Proceed_20260817_155117.png
2026-08-17 15:51:17 [INFO    ] screenshot_utils.py:83 — Page source saved: reports/screenshots/element_not_clickable_Proceed_20260817_155117.xml
2026-08-17 15:51:17 [ERROR   ] base_page.py:118 — Click failed on attempt 3 for ('accessibility id', 'Proceed'): Message: 
Stacktrace:
NoSuchElementError: An element could not be located on the page using the given search parameters.
    at AndroidUiautomator2Driver.findElOrEls (/Users/vc.rajdeep.kumar/.appium/node_modules/appium-uiautomator2-driver/node_modules/appium-android-driver/build/lib/commands/find.js:62:15)
    at process.processTicksAndRejections (node:internal/process/task_queues:104:5)
    at async AndroidUiautomator2Driver.findElOrElsWithProcessing (/opt/homebrew/lib/node_modules/appium/node_modules/@appium/base-driver/build/lib/basedriver/commands/find.js:12:16)
    at async AndroidUiautomator2Driver.findElement (/opt/homebrew/lib/node_modules/appium/node_modules/@appium/base-driver/build/lib/basedriver/commands/find.js:27:16)
2026-08-17 15:51:17 [WARNING ] base_page.py:262 — Attempting to recover application state...
2026-08-17 15:51:20 [INFO    ] base_page.py:266 — App recovery attempt completed.
2026-08-17 15:51:21 [INFO    ] screenshot_utils.py:60 — Screenshot saved: reports/screenshots/click_failed_20260817_155120.png
2026-08-17 15:51:21 [INFO    ] screenshot_utils.py:83 — Page source saved: reports/screenshots/click_failed_20260817_155121.xml
2026-08-17 15:51:21 [ERROR   ] login_page.py:333 — Proceed button failed: Unable to click ('accessibility id', 'Proceed') after 3 retries. Last exception: Message: 
Stacktrace:
NoSuchElementError: An element could not be located on the page using the given search parameters.
    at AndroidUiautomator2Driver.findElOrEls (/Users/vc.rajdeep.kumar/.appium/node_modules/appium-uiautomator2-driver/node_modules/appium-android-driver/build/lib/commands/find.js:62:15)
    at process.processTicksAndRejections (node:internal/process/task_queues:104:5)
    at async AndroidUiautomator2Driver.findElOrElsWithProcessing (/opt/homebrew/lib/node_modules/appium/node_modules/@appium/base-driver/build/lib/basedriver/commands/find.js:12:16)
    at async AndroidUiautomator2Driver.findElement (/opt/homebrew/lib/node_modules/appium/node_modules/@appium/base-driver/build/lib/basedriver/commands/find.js:27:16)
2026-08-17 15:51:22 [INFO    ] screenshot_utils.py:60 — Screenshot saved: reports/screenshots/proceed_button_failed_20260817_155121.png
2026-08-17 15:51:22 [INFO    ] screenshot_utils.py:83 — Page source saved: reports/screenshots/proceed_button_failed_20260817_155122.xml
2026-08-17 15:51:22 [ERROR   ] login_page.py:725 — Login flow failed: Unable to click ('accessibility id', 'Proceed') after 3 retries. Last exception: Message: 
Stacktrace:
NoSuchElementError: An element could not be located on the page using the given search parameters.
    at AndroidUiautomator2Driver.findElOrEls (/Users/vc.rajdeep.kumar/.appium/node_modules/appium-uiautomator2-driver/node_modules/appium-android-driver/build/lib/commands/find.js:62:15)
    at process.processTicksAndRejections (node:internal/process/task_queues:104:5)
    at async AndroidUiautomator2Driver.findElOrElsWithProcessing (/opt/homebrew/lib/node_modules/appium/node_modules/@appium/base-driver/build/lib/basedriver/commands/find.js:12:16)
    at async AndroidUiautomator2Driver.findElement (/opt/homebrew/lib/node_modules/appium/node_modules/@appium/base-driver/build/lib/basedriver/commands/find.js:27:16)
2026-08-17 15:51:22 [INFO    ] screenshot_utils.py:60 — Screenshot saved: reports/screenshots/login_failed_20260817_155122.png
2026-08-17 15:51:22 [INFO    ] screenshot_utils.py:83 — Page source saved: reports/screenshots/login_failed_20260817_155122.xml
2026-08-17 15:51:23 [INFO    ] screenshot_utils.py:60 — Screenshot saved: reports/screenshots/test_swipe_to_next_video_20260817_155122.png
2026-08-17 15:51:23 [INFO    ] screenshot_utils.py:83 — Page source saved: reports/screenshots/test_swipe_to_next_video_20260817_155123.xml
2026-08-17 15:51:23 [ERROR   ] conftest.py:419 — Test FAILED: test_swipe_to_next_video
2026-08-17 15:51:23 [INFO    ] conftest.py:326 — Closing driver session.
2026-08-17 15:51:23 [INFO    ] conftest.py:291 — ==================================================
2026-08-17 15:51:23 [INFO    ] conftest.py:292 — DRIVER SETUP START
2026-08-17 15:51:23 [INFO    ] conftest.py:293 — ==================================================
2026-08-17 15:51:23 [INFO    ] conftest.py:158 — Driver creation attempt 1/3
2026-08-17 15:51:25 [INFO    ] driver_factory.py:53 — ========== DRIVER CREATION START ==========
2026-08-17 15:51:25 [INFO    ] driver_factory.py:70 — Device: emulator | Env: qa | Platform: Android
2026-08-17 15:51:25 [INFO    ] driver_factory.py:136 — Device Name: Android Emulator
2026-08-17 15:51:25 [INFO    ] driver_factory.py:137 — UDID: emulator-5554
2026-08-17 15:51:25 [INFO    ] driver_factory.py:151 — App Package: com.zee5.hipi (noReset=true, activity not set)
2026-08-17 15:51:29 [INFO    ] driver_factory.py:112 — App launched by driver. Waiting for stabilization...
2026-08-17 15:51:31 [INFO    ] driver_factory.py:115 — ========== DRIVER CREATED SUCCESSFULLY ==========
2026-08-17 15:51:31 [INFO    ] conftest.py:302 — Driver created successfully.
2026-08-17 15:51:34 [INFO    ] popup_handler.py:122 — Checking for 'Get Started' screen...
2026-08-17 15:51:37 [INFO    ] popup_handler.py:134 — 'Get Started' screen not present — skipping.
2026-08-17 15:51:38 [INFO    ] conftest.py:217 — App readiness probe: HiPi is in foreground (com.zee5.hipi).
2026-08-17 15:51:38 [INFO    ] conftest.py:315 — DRIVER SETUP COMPLETE
2026-08-17 15:51:38 [INFO    ] base_test.py:20 — BaseTest setup completed.
2026-08-17 15:51:38 [INFO    ] test_login.py:140 — ========== SMOKE LOGIN START ==========
2026-08-17 15:51:38 [INFO    ] base_test.py:30 — Logging in as default test user.
2026-08-17 15:51:38 [INFO    ] login_page.py:591 — ========== LOGIN FLOW START ==========
2026-08-17 15:51:39 [INFO    ] login_page.py:43 — Opening profile tab
2026-08-17 15:51:40 [INFO    ] login_page.py:53 — Profile tab open attempt 1/2
2026-08-17 15:51:48 [ERROR   ] base_page.py:59 — Element not clickable after 8s: ('xpath', "//android.view.View[@clickable='true'][.//android.widget.TextView[@text='Profile']]")
2026-08-17 15:51:49 [INFO    ] screenshot_utils.py:60 — Screenshot saved: reports/screenshots/element_not_clickable___android.view.View__clickable=_true___.__android.widget.TextView__text=_Profile____20260817_155148.png
2026-08-17 15:51:49 [INFO    ] screenshot_utils.py:83 — Page source saved: reports/screenshots/element_not_clickable___android.view.View__clickable=_true___.__android.widget.TextView__text=_Profile____20260817_155149.xml
2026-08-17 15:51:49 [ERROR   ] base_page.py:118 — Click failed on attempt 1 for ('xpath', "//android.view.View[@clickable='true'][.//android.widget.TextView[@text='Profile']]"): Message: 
Stacktrace:
NoSuchElementError: An element could not be located on the page using the given search parameters.
    at AndroidUiautomator2Driver.findElOrEls (/Users/vc.rajdeep.kumar/.appium/node_modules/appium-uiautomator2-driver/node_modules/appium-android-driver/build/lib/commands/find.js:62:15)
    at process.processTicksAndRejections (node:internal/process/task_queues:104:5)
    at async AndroidUiautomator2Driver.findElOrElsWithProcessing (/opt/homebrew/lib/node_modules/appium/node_modules/@appium/base-driver/build/lib/basedriver/commands/find.js:12:16)
    at async AndroidUiautomator2Driver.findElement (/opt/homebrew/lib/node_modules/appium/node_modules/@appium/base-driver/build/lib/basedriver/commands/find.js:27:16)
2026-08-17 15:51:49 [WARNING ] base_page.py:262 — Attempting to recover application state...
2026-08-17 15:51:52 [INFO    ] base_page.py:266 — App recovery attempt completed.
2026-08-17 15:51:52 [INFO    ] screenshot_utils.py:60 — Screenshot saved: reports/screenshots/click_failed_20260817_155152.png
2026-08-17 15:51:52 [INFO    ] screenshot_utils.py:83 — Page source saved: reports/screenshots/click_failed_20260817_155152.xml
2026-08-17 15:51:52 [WARNING ] login_page.py:98 — Element-based click failed: Unable to click ('xpath', "//android.view.View[@clickable='true'][.//android.widget.TextView[@text='Profile']]") after 1 retries. Last exception: Message: 
Stacktrace:
NoSuchElementError: An element could not be located on the page using the given search parameters.
    at AndroidUiautomator2Driver.findElOrEls (/Users/vc.rajdeep.kumar/.appium/node_modules/appium-uiautomator2-driver/node_modules/appium-android-driver/build/lib/commands/find.js:62:15)
    at process.processTicksAndRejections (node:internal/process/task_queues:104:5)
    at async AndroidUiautomator2Driver.findElOrElsWithProcessing (/opt/homebrew/lib/node_modules/appium/node_modules/@appium/base-driver/build/lib/basedriver/commands/find.js:12:16)
    at async AndroidUiautomator2Driver.findElement (/opt/homebrew/lib/node_modules/appium/node_modules/@appium/base-driver/build/lib/basedriver/commands/find.js:27:16)
2026-08-17 15:52:01 [ERROR   ] base_page.py:50 — Element not visible after 8s: ('-android uiautomator', 'new UiSelector().text("Edit Profile")')
2026-08-17 15:52:01 [INFO    ] screenshot_utils.py:60 — Screenshot saved: reports/screenshots/element_not_visible_new UiSelector().text(_Edit Profile_)_20260817_155201.png
2026-08-17 15:52:01 [INFO    ] screenshot_utils.py:83 — Page source saved: reports/screenshots/element_not_visible_new UiSelector().text(_Edit Profile_)_20260817_155201.xml
2026-08-17 15:52:04 [ERROR   ] base_page.py:50 — Element not visible after 3s: ('id', 'com.zee5.hipi:id/exo_content_frame')
2026-08-17 15:52:05 [INFO    ] screenshot_utils.py:60 — Screenshot saved: reports/screenshots/element_not_visible_com.zee5.hipi_id_exo_content_frame_20260817_155204.png
2026-08-17 15:52:05 [INFO    ] screenshot_utils.py:83 — Page source saved: reports/screenshots/element_not_visible_com.zee5.hipi_id_exo_content_frame_20260817_155205.xml
2026-08-17 15:52:06 [INFO    ] gestures.py:29 — Tap performed at X:760 Y:2246
2026-08-17 15:52:08 [INFO    ] base_page.py:84 — wait_for_any_visible matched: ('class name', 'android.widget.EditText')
2026-08-17 15:52:08 [INFO    ] login_page.py:147 — Profile tab opened (coordinate tap, verified)
2026-08-17 15:52:13 [ERROR   ] base_page.py:50 — Element not visible after 5s: ('-android uiautomator', 'new UiSelector().textContains("Continue")')
2026-08-17 15:52:14 [INFO    ] screenshot_utils.py:60 — Screenshot saved: reports/screenshots/element_not_visible_new UiSelector().textContains(_Continue_)_20260817_155213.png
2026-08-17 15:52:14 [INFO    ] screenshot_utils.py:83 — Page source saved: reports/screenshots/element_not_visible_new UiSelector().textContains(_Continue_)_20260817_155214.xml
2026-08-17 15:52:14 [INFO    ] login_page.py:276 — Entering mobile number: 9876543210
2026-08-17 15:52:15 [INFO    ] base_page.py:136 — Entered text '9876543210' into ('class name', 'android.widget.EditText')
2026-08-17 15:52:18 [INFO    ] login_page.py:290 — Mobile number entered
2026-08-17 15:52:18 [INFO    ] login_page.py:315 — Clicking proceed button
2026-08-17 15:52:28 [ERROR   ] base_page.py:59 — Element not clickable after 10s: ('accessibility id', 'Proceed')
2026-08-17 15:52:28 [INFO    ] screenshot_utils.py:60 — Screenshot saved: reports/screenshots/element_not_clickable_Proceed_20260817_155228.png
2026-08-17 15:52:29 [INFO    ] screenshot_utils.py:83 — Page source saved: reports/screenshots/element_not_clickable_Proceed_20260817_155228.xml
2026-08-17 15:52:29 [ERROR   ] base_page.py:118 — Click failed on attempt 1 for ('accessibility id', 'Proceed'): Message: 
Stacktrace:
NoSuchElementError: An element could not be located on the page using the given search parameters.
    at AndroidUiautomator2Driver.findElOrEls (/Users/vc.rajdeep.kumar/.appium/node_modules/appium-uiautomator2-driver/node_modules/appium-android-driver/build/lib/commands/find.js:62:15)
    at process.processTicksAndRejections (node:internal/process/task_queues:104:5)
    at async AndroidUiautomator2Driver.findElOrElsWithProcessing (/opt/homebrew/lib/node_modules/appium/node_modules/@appium/base-driver/build/lib/basedriver/commands/find.js:12:16)
    at async AndroidUiautomator2Driver.findElement (/opt/homebrew/lib/node_modules/appium/node_modules/@appium/base-driver/build/lib/basedriver/commands/find.js:27:16)
2026-08-17 15:52:29 [WARNING ] base_page.py:262 — Attempting to recover application state...
2026-08-17 15:52:32 [INFO    ] base_page.py:266 — App recovery attempt completed.
2026-08-17 15:52:42 [ERROR   ] base_page.py:59 — Element not clickable after 10s: ('accessibility id', 'Proceed')
2026-08-17 15:52:43 [INFO    ] screenshot_utils.py:60 — Screenshot saved: reports/screenshots/element_not_clickable_Proceed_20260817_155242.png
2026-08-17 15:52:43 [INFO    ] screenshot_utils.py:83 — Page source saved: reports/screenshots/element_not_clickable_Proceed_20260817_155243.xml
2026-08-17 15:52:43 [ERROR   ] base_page.py:118 — Click failed on attempt 2 for ('accessibility id', 'Proceed'): Message: 
Stacktrace:
NoSuchElementError: An element could not be located on the page using the given search parameters.
    at AndroidUiautomator2Driver.findElOrEls (/Users/vc.rajdeep.kumar/.appium/node_modules/appium-uiautomator2-driver/node_modules/appium-android-driver/build/lib/commands/find.js:62:15)
    at process.processTicksAndRejections (node:internal/process/task_queues:104:5)
    at async AndroidUiautomator2Driver.findElOrElsWithProcessing (/opt/homebrew/lib/node_modules/appium/node_modules/@appium/base-driver/build/lib/basedriver/commands/find.js:12:16)
    at async AndroidUiautomator2Driver.findElement (/opt/homebrew/lib/node_modules/appium/node_modules/@appium/base-driver/build/lib/basedriver/commands/find.js:27:16)
2026-08-17 15:52:43 [WARNING ] base_page.py:262 — Attempting to recover application state...
2026-08-17 15:52:46 [INFO    ] base_page.py:266 — App recovery attempt completed.
2026-08-17 15:52:56 [ERROR   ] base_page.py:59 — Element not clickable after 10s: ('accessibility id', 'Proceed')
2026-08-17 15:52:56 [INFO    ] screenshot_utils.py:60 — Screenshot saved: reports/screenshots/element_not_clickable_Proceed_20260817_155256.png
2026-08-17 15:52:56 [INFO    ] screenshot_utils.py:83 — Page source saved: reports/screenshots/element_not_clickable_Proceed_20260817_155256.xml
2026-08-17 15:52:56 [ERROR   ] base_page.py:118 — Click failed on attempt 3 for ('accessibility id', 'Proceed'): Message: 
Stacktrace:
NoSuchElementError: An element could not be located on the page using the given search parameters.
    at AndroidUiautomator2Driver.findElOrEls (/Users/vc.rajdeep.kumar/.appium/node_modules/appium-uiautomator2-driver/node_modules/appium-android-driver/build/lib/commands/find.js:62:15)
    at process.processTicksAndRejections (node:internal/process/task_queues:104:5)
    at async AndroidUiautomator2Driver.findElOrElsWithProcessing (/opt/homebrew/lib/node_modules/appium/node_modules/@appium/base-driver/build/lib/basedriver/commands/find.js:12:16)
    at async AndroidUiautomator2Driver.findElement (/opt/homebrew/lib/node_modules/appium/node_modules/@appium/base-driver/build/lib/basedriver/commands/find.js:27:16)
2026-08-17 15:52:56 [WARNING ] base_page.py:262 — Attempting to recover application state...
2026-08-17 15:52:59 [INFO    ] base_page.py:266 — App recovery attempt completed.
2026-08-17 15:53:00 [INFO    ] screenshot_utils.py:60 — Screenshot saved: reports/screenshots/click_failed_20260817_155259.png
2026-08-17 15:53:00 [INFO    ] screenshot_utils.py:83 — Page source saved: reports/screenshots/click_failed_20260817_155300.xml
2026-08-17 15:53:00 [ERROR   ] login_page.py:333 — Proceed button failed: Unable to click ('accessibility id', 'Proceed') after 3 retries. Last exception: Message: 
Stacktrace:
NoSuchElementError: An element could not be located on the page using the given search parameters.
    at AndroidUiautomator2Driver.findElOrEls (/Users/vc.rajdeep.kumar/.appium/node_modules/appium-uiautomator2-driver/node_modules/appium-android-driver/build/lib/commands/find.js:62:15)
    at process.processTicksAndRejections (node:internal/process/task_queues:104:5)
    at async AndroidUiautomator2Driver.findElOrElsWithProcessing (/opt/homebrew/lib/node_modules/appium/node_modules/@appium/base-driver/build/lib/basedriver/commands/find.js:12:16)
    at async AndroidUiautomator2Driver.findElement (/opt/homebrew/lib/node_modules/appium/node_modules/@appium/base-driver/build/lib/basedriver/commands/find.js:27:16)
2026-08-17 15:53:00 [INFO    ] screenshot_utils.py:60 — Screenshot saved: reports/screenshots/proceed_button_failed_20260817_155300.png
2026-08-17 15:53:00 [INFO    ] screenshot_utils.py:83 — Page source saved: reports/screenshots/proceed_button_failed_20260817_155300.xml
2026-08-17 15:53:00 [ERROR   ] login_page.py:725 — Login flow failed: Unable to click ('accessibility id', 'Proceed') after 3 retries. Last exception: Message: 
Stacktrace:
NoSuchElementError: An element could not be located on the page using the given search parameters.
    at AndroidUiautomator2Driver.findElOrEls (/Users/vc.rajdeep.kumar/.appium/node_modules/appium-uiautomator2-driver/node_modules/appium-android-driver/build/lib/commands/find.js:62:15)
    at process.processTicksAndRejections (node:internal/process/task_queues:104:5)
    at async AndroidUiautomator2Driver.findElOrElsWithProcessing (/opt/homebrew/lib/node_modules/appium/node_modules/@appium/base-driver/build/lib/basedriver/commands/find.js:12:16)
    at async AndroidUiautomator2Driver.findElement (/opt/homebrew/lib/node_modules/appium/node_modules/@appium/base-driver/build/lib/basedriver/commands/find.js:27:16)
2026-08-17 15:53:01 [INFO    ] screenshot_utils.py:60 — Screenshot saved: reports/screenshots/login_failed_20260817_155300.png
2026-08-17 15:53:01 [INFO    ] screenshot_utils.py:83 — Page source saved: reports/screenshots/login_failed_20260817_155301.xml
2026-08-17 15:53:01 [INFO    ] screenshot_utils.py:60 — Screenshot saved: reports/screenshots/test_valid_login_smoke_20260817_155301.png
2026-08-17 15:53:01 [INFO    ] screenshot_utils.py:83 — Page source saved: reports/screenshots/test_valid_login_smoke_20260817_155301.xml
2026-08-17 15:53:01 [ERROR   ] conftest.py:419 — Test FAILED: test_valid_login_smoke
2026-08-17 15:53:01 [INFO    ] conftest.py:326 — Closing driver session.
2026-08-17 15:53:02 [INFO    ] conftest.py:433 — ==================================================
2026-08-17 15:53:02 [INFO    ] conftest.py:434 — PYTEST SESSION END | Exit status: 1
2026-08-17 15:53:02 [INFO    ] conftest.py:435 — ==================================================
