2026-08-17 13:01:47 [INFO    ] conftest.py:427 — ==================================================
2026-08-17 13:01:47 [INFO    ] conftest.py:428 — PYTEST SESSION START
2026-08-17 13:01:47 [INFO    ] conftest.py:429 — ==================================================
2026-08-17 13:01:47 [INFO    ] conftest.py:291 — ==================================================
2026-08-17 13:01:47 [INFO    ] conftest.py:292 — DRIVER SETUP START
2026-08-17 13:01:47 [INFO    ] conftest.py:293 — ==================================================
2026-08-17 13:01:47 [INFO    ] conftest.py:158 — Driver creation attempt 1/3
2026-08-17 13:01:47 [INFO    ] driver_factory.py:53 — ========== DRIVER CREATION START ==========
2026-08-17 13:01:47 [INFO    ] driver_factory.py:70 — Device: emulator | Env: qa | Platform: Android
2026-08-17 13:01:47 [INFO    ] driver_factory.py:136 — Device Name: Android Emulator
2026-08-17 13:01:47 [INFO    ] driver_factory.py:137 — UDID: emulator-5554
2026-08-17 13:01:47 [INFO    ] driver_factory.py:151 — App Package: com.zee5.hipi (noReset=true, activity not set)
2026-08-17 13:01:54 [INFO    ] driver_factory.py:112 — App launched by driver. Waiting for stabilization...
2026-08-17 13:01:56 [INFO    ] driver_factory.py:115 — ========== DRIVER CREATED SUCCESSFULLY ==========
2026-08-17 13:01:56 [INFO    ] conftest.py:302 — Driver created successfully.
2026-08-17 13:01:59 [INFO    ] popup_handler.py:122 — Checking for 'Get Started' screen...
2026-08-17 13:02:02 [INFO    ] popup_handler.py:134 — 'Get Started' screen not present — skipping.
2026-08-17 13:02:02 [INFO    ] conftest.py:217 — App readiness probe: HiPi is in foreground (com.zee5.hipi).
2026-08-17 13:02:02 [INFO    ] conftest.py:315 — DRIVER SETUP COMPLETE
2026-08-17 13:02:02 [INFO    ] base_test.py:20 — BaseTest setup completed.
2026-08-17 13:02:02 [INFO    ] base_test.py:58 — login_and_reach_feed: START
2026-08-17 13:02:02 [INFO    ] base_test.py:30 — Logging in as default test user.
2026-08-17 13:02:02 [INFO    ] login_page.py:591 — ========== LOGIN FLOW START ==========
2026-08-17 13:02:03 [INFO    ] login_page.py:43 — Opening profile tab
2026-08-17 13:02:04 [INFO    ] login_page.py:53 — Profile tab open attempt 1/2
2026-08-17 13:02:06 [INFO    ] base_page.py:110 — Clicked: ('xpath', "//android.view.View[@clickable='true'][.//android.widget.TextView[@text='Profile']]")
2026-08-17 13:02:06 [INFO    ] base_page.py:84 — wait_for_any_visible matched: ('-android uiautomator', 'new UiSelector().textContains("Continue")')
2026-08-17 13:02:06 [INFO    ] login_page.py:78 — Profile tab opened (element click, verified)
2026-08-17 13:02:06 [INFO    ] login_page.py:238 — Clicking continue button
2026-08-17 13:02:07 [INFO    ] base_page.py:110 — Clicked: ('-android uiautomator', 'new UiSelector().textContains("Continue")')
2026-08-17 13:02:07 [INFO    ] login_page.py:248 — Continue button clicked
2026-08-17 13:02:07 [INFO    ] login_page.py:276 — Entering mobile number: 9876543210
2026-08-17 13:02:07 [INFO    ] base_page.py:136 — Entered text '9876543210' into ('class name', 'android.widget.EditText')
2026-08-17 13:02:07 [INFO    ] base_page.py:204 — Keyboard hidden.
2026-08-17 13:02:07 [INFO    ] login_page.py:290 — Mobile number entered
2026-08-17 13:02:07 [INFO    ] login_page.py:315 — Clicking proceed button
2026-08-17 13:02:09 [INFO    ] base_page.py:110 — Clicked: ('accessibility id', 'Proceed')
2026-08-17 13:02:09 [INFO    ] login_page.py:325 — Proceed button clicked
2026-08-17 13:02:09 [INFO    ] login_page.py:353 — Entering OTP: 5186
2026-08-17 13:02:09 [INFO    ] base_page.py:136 — Entered text '5186' into ('class name', 'android.widget.EditText')
2026-08-17 13:02:09 [INFO    ] base_page.py:204 — Keyboard hidden.
2026-08-17 13:02:09 [INFO    ] login_page.py:372 — OTP entered successfully
2026-08-17 13:02:09 [INFO    ] login_page.py:458 — Waiting for OTP verification outcome (sheet closes = success, sheet stays open = invalid)...
2026-08-17 13:02:09 [INFO    ] login_page.py:472 — Login sheet indicator present at start: True
2026-08-17 13:02:11 [INFO    ] login_page.py:487 — Login sheet closed -> treating as login SUCCESS
2026-08-17 13:02:11 [INFO    ] login_page.py:704 — ========== LOGIN SUCCESS ==========
2026-08-17 13:02:11 [INFO    ] login_page.py:548 — Validating home page
2026-08-17 13:02:11 [INFO    ] login_page.py:558 — Home page displayed (exo_content_frame visible)
2026-08-17 13:02:11 [INFO    ] base_test.py:63 — login_and_reach_feed: COMPLETE
2026-08-17 13:02:11 [INFO    ] feed_page.py:155 — Liking current video
2026-08-17 13:02:12 [INFO    ] base_page.py:110 — Clicked: ('-android uiautomator', 'new UiSelector().className("android.widget.Button").instance(0)')
2026-08-17 13:02:12 [INFO    ] feed_page.py:165 — Video liked
2026-08-17 13:02:12 [INFO    ] test_feed.py:99 — TEST PASSED: Like video
2026-08-17 13:02:12 [INFO    ] conftest.py:326 — Closing driver session.
2026-08-17 13:02:13 [INFO    ] conftest.py:291 — ==================================================
2026-08-17 13:02:13 [INFO    ] conftest.py:292 — DRIVER SETUP START
2026-08-17 13:02:13 [INFO    ] conftest.py:293 — ==================================================
2026-08-17 13:02:13 [INFO    ] conftest.py:158 — Driver creation attempt 1/3
2026-08-17 13:02:13 [INFO    ] driver_factory.py:53 — ========== DRIVER CREATION START ==========
2026-08-17 13:02:13 [INFO    ] driver_factory.py:70 — Device: emulator | Env: qa | Platform: Android
2026-08-17 13:02:13 [INFO    ] driver_factory.py:136 — Device Name: Android Emulator
2026-08-17 13:02:13 [INFO    ] driver_factory.py:137 — UDID: emulator-5554
2026-08-17 13:02:13 [INFO    ] driver_factory.py:151 — App Package: com.zee5.hipi (noReset=true, activity not set)
2026-08-17 13:02:16 [INFO    ] driver_factory.py:112 — App launched by driver. Waiting for stabilization...
2026-08-17 13:02:18 [INFO    ] driver_factory.py:115 — ========== DRIVER CREATED SUCCESSFULLY ==========
2026-08-17 13:02:18 [INFO    ] conftest.py:302 — Driver created successfully.
2026-08-17 13:02:21 [INFO    ] popup_handler.py:122 — Checking for 'Get Started' screen...
2026-08-17 13:02:25 [INFO    ] popup_handler.py:134 — 'Get Started' screen not present — skipping.
2026-08-17 13:02:25 [INFO    ] conftest.py:217 — App readiness probe: HiPi is in foreground (com.zee5.hipi).
2026-08-17 13:02:25 [INFO    ] conftest.py:315 — DRIVER SETUP COMPLETE
2026-08-17 13:02:25 [INFO    ] base_test.py:20 — BaseTest setup completed.
2026-08-17 13:02:25 [INFO    ] base_test.py:58 — login_and_reach_feed: START
2026-08-17 13:02:25 [INFO    ] base_test.py:30 — Logging in as default test user.
2026-08-17 13:02:25 [INFO    ] login_page.py:591 — ========== LOGIN FLOW START ==========
2026-08-17 13:02:26 [INFO    ] login_page.py:43 — Opening profile tab
2026-08-17 13:02:27 [INFO    ] login_page.py:53 — Profile tab open attempt 1/2
2026-08-17 13:02:28 [INFO    ] base_page.py:110 — Clicked: ('xpath', "//android.view.View[@clickable='true'][.//android.widget.TextView[@text='Profile']]")
2026-08-17 13:02:34 [ERROR   ] base_page.py:92 — None of the candidate locators became visible within 6s. Candidates: [('-android uiautomator', 'new UiSelector().textContains("Continue")'), ('class name', 'android.widget.EditText')]. Last error: None
2026-08-17 13:02:34 [INFO    ] screenshot_utils.py:60 — Screenshot saved: reports/screenshots/wait_for_any_visible_failed_20260817_130234.png
2026-08-17 13:02:34 [INFO    ] screenshot_utils.py:83 — Page source saved: reports/screenshots/wait_for_any_visible_failed_20260817_130234.xml
2026-08-17 13:02:35 [INFO    ] login_page.py:200 — Already logged in — 'Edit Profile' visible. noReset=true preserved a previous session. Navigating to home feed.
2026-08-17 13:02:35 [INFO    ] base_page.py:110 — Clicked: ('xpath', "//android.view.View[@clickable='true'][.//android.widget.TextView[@text='Home']]")
2026-08-17 13:02:35 [INFO    ] login_page.py:211 — Navigated to home tab.
2026-08-17 13:02:35 [INFO    ] login_page.py:608 — ========== LOGIN SKIPPED (ALREADY LOGGED IN) ==========
2026-08-17 13:02:35 [INFO    ] login_page.py:548 — Validating home page
2026-08-17 13:02:37 [INFO    ] login_page.py:558 — Home page displayed (exo_content_frame visible)
2026-08-17 13:02:37 [INFO    ] base_test.py:63 — login_and_reach_feed: COMPLETE
2026-08-17 13:02:37 [INFO    ] feed_page.py:347 — Adding comment: Awesome 🔥
2026-08-17 13:02:37 [INFO    ] feed_page.py:237 — Opening comment sheet
2026-08-17 13:02:38 [INFO    ] base_page.py:110 — Clicked: ('-android uiautomator', 'new UiSelector().className("android.widget.Button").instance(1)')
2026-08-17 13:02:39 [INFO    ] feed_page.py:251 — Comment sheet opened
2026-08-17 13:02:40 [INFO    ] base_page.py:136 — Entered text 'Awesome 🔥' into ('xpath', "//*[@resource-id='com.zee5.hipi:id/etComment' or (@class='android.widget.EditText' and @package='com.zee5.hipi')]")
2026-08-17 13:02:40 [INFO    ] base_page.py:204 — Keyboard hidden.
2026-08-17 13:02:40 [INFO    ] base_page.py:110 — Clicked: ('xpath', "//*[@resource-id='com.zee5.hipi:id/ivSend' or (@content-desc='Send' and @package='com.zee5.hipi')]")
2026-08-17 13:02:42 [INFO    ] base_page.py:110 — Clicked: ('xpath', "//*[@resource-id='com.zee5.hipi:id/ivClose' or (@content-desc='Close' and @package='com.zee5.hipi')]")
2026-08-17 13:02:42 [INFO    ] feed_page.py:376 — Comment added
2026-08-17 13:02:42 [INFO    ] base_page.py:194 — Element ('xpath', "//*[@resource-id='com.zee5.hipi:id/etComment' or (@class='android.widget.EditText' and @package='com.zee5.hipi')]") disappeared.
2026-08-17 13:02:42 [INFO    ] test_feed.py:149 — TEST PASSED: Add comment
2026-08-17 13:02:42 [INFO    ] conftest.py:326 — Closing driver session.
2026-08-17 13:02:43 [INFO    ] conftest.py:291 — ==================================================
2026-08-17 13:02:43 [INFO    ] conftest.py:292 — DRIVER SETUP START
2026-08-17 13:02:43 [INFO    ] conftest.py:293 — ==================================================
2026-08-17 13:02:43 [INFO    ] conftest.py:158 — Driver creation attempt 1/3
2026-08-17 13:02:43 [INFO    ] driver_factory.py:53 — ========== DRIVER CREATION START ==========
2026-08-17 13:02:43 [INFO    ] driver_factory.py:70 — Device: emulator | Env: qa | Platform: Android
2026-08-17 13:02:43 [INFO    ] driver_factory.py:136 — Device Name: Android Emulator
2026-08-17 13:02:43 [INFO    ] driver_factory.py:137 — UDID: emulator-5554
2026-08-17 13:02:43 [INFO    ] driver_factory.py:151 — App Package: com.zee5.hipi (noReset=true, activity not set)
2026-08-17 13:02:46 [INFO    ] driver_factory.py:112 — App launched by driver. Waiting for stabilization...
2026-08-17 13:02:48 [INFO    ] driver_factory.py:115 — ========== DRIVER CREATED SUCCESSFULLY ==========
2026-08-17 13:02:48 [INFO    ] conftest.py:302 — Driver created successfully.
2026-08-17 13:02:51 [INFO    ] popup_handler.py:122 — Checking for 'Get Started' screen...
2026-08-17 13:02:54 [INFO    ] popup_handler.py:134 — 'Get Started' screen not present — skipping.
2026-08-17 13:02:54 [INFO    ] conftest.py:217 — App readiness probe: HiPi is in foreground (com.zee5.hipi).
2026-08-17 13:02:54 [INFO    ] conftest.py:315 — DRIVER SETUP COMPLETE
2026-08-17 13:02:54 [INFO    ] base_test.py:20 — BaseTest setup completed.
2026-08-17 13:02:54 [INFO    ] base_test.py:58 — login_and_reach_feed: START
2026-08-17 13:02:54 [INFO    ] base_test.py:30 — Logging in as default test user.
2026-08-17 13:02:54 [INFO    ] login_page.py:591 — ========== LOGIN FLOW START ==========
2026-08-17 13:02:56 [INFO    ] login_page.py:43 — Opening profile tab
2026-08-17 13:02:57 [INFO    ] login_page.py:53 — Profile tab open attempt 1/2
2026-08-17 13:02:57 [INFO    ] base_page.py:110 — Clicked: ('xpath', "//android.view.View[@clickable='true'][.//android.widget.TextView[@text='Profile']]")
2026-08-17 13:03:03 [ERROR   ] base_page.py:92 — None of the candidate locators became visible within 6s. Candidates: [('-android uiautomator', 'new UiSelector().textContains("Continue")'), ('class name', 'android.widget.EditText')]. Last error: None
2026-08-17 13:03:04 [INFO    ] screenshot_utils.py:60 — Screenshot saved: reports/screenshots/wait_for_any_visible_failed_20260817_130303.png
2026-08-17 13:03:04 [INFO    ] screenshot_utils.py:83 — Page source saved: reports/screenshots/wait_for_any_visible_failed_20260817_130304.xml
2026-08-17 13:03:04 [INFO    ] login_page.py:200 — Already logged in — 'Edit Profile' visible. noReset=true preserved a previous session. Navigating to home feed.
2026-08-17 13:03:04 [INFO    ] base_page.py:110 — Clicked: ('xpath', "//android.view.View[@clickable='true'][.//android.widget.TextView[@text='Home']]")
2026-08-17 13:03:04 [INFO    ] login_page.py:211 — Navigated to home tab.
2026-08-17 13:03:04 [INFO    ] login_page.py:608 — ========== LOGIN SKIPPED (ALREADY LOGGED IN) ==========
2026-08-17 13:03:04 [INFO    ] login_page.py:548 — Validating home page
2026-08-17 13:03:06 [INFO    ] login_page.py:558 — Home page displayed (exo_content_frame visible)
2026-08-17 13:03:06 [INFO    ] base_test.py:63 — login_and_reach_feed: COMPLETE
2026-08-17 13:03:06 [INFO    ] feed_page.py:581 — Pausing current reel
2026-08-17 13:03:06 [INFO    ] gestures.py:29 — Tap performed at X:432 Y:960
2026-08-17 13:03:06 [INFO    ] feed_page.py:596 — Reel paused (coordinate tap on video area)
2026-08-17 13:03:09 [INFO    ] feed_page.py:620 — Resuming current reel
2026-08-17 13:03:09 [INFO    ] gestures.py:29 — Tap performed at X:432 Y:960
2026-08-17 13:03:09 [INFO    ] feed_page.py:630 — Reel resumed (coordinate tap on video area)
2026-08-17 13:03:09 [INFO    ] test_feed.py:356 — TEST PASSED: Pause and resume reel
2026-08-17 13:03:09 [INFO    ] conftest.py:326 — Closing driver session.
2026-08-17 13:03:09 [INFO    ] conftest.py:291 — ==================================================
2026-08-17 13:03:09 [INFO    ] conftest.py:292 — DRIVER SETUP START
2026-08-17 13:03:09 [INFO    ] conftest.py:293 — ==================================================
2026-08-17 13:03:09 [INFO    ] conftest.py:158 — Driver creation attempt 1/3
2026-08-17 13:03:09 [INFO    ] driver_factory.py:53 — ========== DRIVER CREATION START ==========
2026-08-17 13:03:09 [INFO    ] driver_factory.py:70 — Device: emulator | Env: qa | Platform: Android
2026-08-17 13:03:09 [INFO    ] driver_factory.py:136 — Device Name: Android Emulator
2026-08-17 13:03:09 [INFO    ] driver_factory.py:137 — UDID: emulator-5554
2026-08-17 13:03:09 [INFO    ] driver_factory.py:151 — App Package: com.zee5.hipi (noReset=true, activity not set)
2026-08-17 13:03:12 [INFO    ] driver_factory.py:112 — App launched by driver. Waiting for stabilization...
2026-08-17 13:03:14 [INFO    ] driver_factory.py:115 — ========== DRIVER CREATED SUCCESSFULLY ==========
2026-08-17 13:03:14 [INFO    ] conftest.py:302 — Driver created successfully.
2026-08-17 13:03:18 [INFO    ] popup_handler.py:122 — Checking for 'Get Started' screen...
2026-08-17 13:03:21 [INFO    ] popup_handler.py:134 — 'Get Started' screen not present — skipping.
2026-08-17 13:03:21 [INFO    ] conftest.py:217 — App readiness probe: HiPi is in foreground (com.zee5.hipi).
2026-08-17 13:03:21 [INFO    ] conftest.py:315 — DRIVER SETUP COMPLETE
2026-08-17 13:03:21 [INFO    ] base_test.py:20 — BaseTest setup completed.
2026-08-17 13:03:21 [INFO    ] base_test.py:58 — login_and_reach_feed: START
2026-08-17 13:03:21 [INFO    ] base_test.py:30 — Logging in as default test user.
2026-08-17 13:03:21 [INFO    ] login_page.py:591 — ========== LOGIN FLOW START ==========
2026-08-17 13:03:22 [INFO    ] login_page.py:43 — Opening profile tab
2026-08-17 13:03:23 [INFO    ] login_page.py:53 — Profile tab open attempt 1/2
2026-08-17 13:03:24 [INFO    ] base_page.py:110 — Clicked: ('xpath', "//android.view.View[@clickable='true'][.//android.widget.TextView[@text='Profile']]")
2026-08-17 13:03:30 [ERROR   ] base_page.py:92 — None of the candidate locators became visible within 6s. Candidates: [('-android uiautomator', 'new UiSelector().textContains("Continue")'), ('class name', 'android.widget.EditText')]. Last error: None
2026-08-17 13:03:31 [INFO    ] screenshot_utils.py:60 — Screenshot saved: reports/screenshots/wait_for_any_visible_failed_20260817_130330.png
2026-08-17 13:03:31 [INFO    ] screenshot_utils.py:83 — Page source saved: reports/screenshots/wait_for_any_visible_failed_20260817_130331.xml
2026-08-17 13:03:31 [INFO    ] login_page.py:200 — Already logged in — 'Edit Profile' visible. noReset=true preserved a previous session. Navigating to home feed.
2026-08-17 13:03:31 [INFO    ] base_page.py:110 — Clicked: ('xpath', "//android.view.View[@clickable='true'][.//android.widget.TextView[@text='Home']]")
2026-08-17 13:03:31 [INFO    ] login_page.py:211 — Navigated to home tab.
2026-08-17 13:03:31 [INFO    ] login_page.py:608 — ========== LOGIN SKIPPED (ALREADY LOGGED IN) ==========
2026-08-17 13:03:31 [INFO    ] login_page.py:548 — Validating home page
2026-08-17 13:03:32 [INFO    ] login_page.py:558 — Home page displayed (exo_content_frame visible)
2026-08-17 13:03:32 [INFO    ] base_test.py:63 — login_and_reach_feed: COMPLETE
2026-08-17 13:03:33 [INFO    ] feed_page.py:826 — Swiping to next video
2026-08-17 13:03:36 [INFO    ] gestures.py:102 — Swipe up performed
2026-08-17 13:03:37 [INFO    ] base_page.py:235 — Page source changed.
2026-08-17 13:03:38 [INFO    ] feed_page.py:847 — Swiped to next video
2026-08-17 13:03:38 [INFO    ] test_feed.py:393 — TEST PASSED: Swipe to next video
2026-08-17 13:03:38 [INFO    ] conftest.py:326 — Closing driver session.
2026-08-17 13:03:38 [INFO    ] conftest.py:291 — ==================================================
2026-08-17 13:03:38 [INFO    ] conftest.py:292 — DRIVER SETUP START
2026-08-17 13:03:38 [INFO    ] conftest.py:293 — ==================================================
2026-08-17 13:03:38 [INFO    ] conftest.py:158 — Driver creation attempt 1/3
2026-08-17 13:03:39 [INFO    ] driver_factory.py:53 — ========== DRIVER CREATION START ==========
2026-08-17 13:03:39 [INFO    ] driver_factory.py:70 — Device: emulator | Env: qa | Platform: Android
2026-08-17 13:03:39 [INFO    ] driver_factory.py:136 — Device Name: Android Emulator
2026-08-17 13:03:39 [INFO    ] driver_factory.py:137 — UDID: emulator-5554
2026-08-17 13:03:39 [INFO    ] driver_factory.py:151 — App Package: com.zee5.hipi (noReset=true, activity not set)
2026-08-17 13:03:42 [INFO    ] driver_factory.py:112 — App launched by driver. Waiting for stabilization...
2026-08-17 13:03:44 [INFO    ] driver_factory.py:115 — ========== DRIVER CREATED SUCCESSFULLY ==========
2026-08-17 13:03:44 [INFO    ] conftest.py:302 — Driver created successfully.
2026-08-17 13:03:47 [INFO    ] popup_handler.py:122 — Checking for 'Get Started' screen...
2026-08-17 13:03:50 [INFO    ] popup_handler.py:134 — 'Get Started' screen not present — skipping.
2026-08-17 13:03:50 [INFO    ] conftest.py:217 — App readiness probe: HiPi is in foreground (com.zee5.hipi).
2026-08-17 13:03:50 [INFO    ] conftest.py:315 — DRIVER SETUP COMPLETE
2026-08-17 13:03:50 [INFO    ] base_test.py:20 — BaseTest setup completed.
2026-08-17 13:03:50 [INFO    ] test_login.py:140 — ========== SMOKE LOGIN START ==========
2026-08-17 13:03:50 [INFO    ] base_test.py:30 — Logging in as default test user.
2026-08-17 13:03:50 [INFO    ] login_page.py:591 — ========== LOGIN FLOW START ==========
2026-08-17 13:03:51 [INFO    ] login_page.py:43 — Opening profile tab
2026-08-17 13:03:52 [INFO    ] login_page.py:53 — Profile tab open attempt 1/2
2026-08-17 13:03:53 [INFO    ] base_page.py:110 — Clicked: ('xpath', "//android.view.View[@clickable='true'][.//android.widget.TextView[@text='Profile']]")
2026-08-17 13:04:00 [ERROR   ] base_page.py:92 — None of the candidate locators became visible within 6s. Candidates: [('-android uiautomator', 'new UiSelector().textContains("Continue")'), ('class name', 'android.widget.EditText')]. Last error: None
2026-08-17 13:04:00 [INFO    ] screenshot_utils.py:60 — Screenshot saved: reports/screenshots/wait_for_any_visible_failed_20260817_130400.png
2026-08-17 13:04:00 [INFO    ] screenshot_utils.py:83 — Page source saved: reports/screenshots/wait_for_any_visible_failed_20260817_130400.xml
2026-08-17 13:04:00 [INFO    ] login_page.py:200 — Already logged in — 'Edit Profile' visible. noReset=true preserved a previous session. Navigating to home feed.
2026-08-17 13:04:01 [INFO    ] base_page.py:110 — Clicked: ('xpath', "//android.view.View[@clickable='true'][.//android.widget.TextView[@text='Home']]")
2026-08-17 13:04:01 [INFO    ] login_page.py:211 — Navigated to home tab.
2026-08-17 13:04:01 [INFO    ] login_page.py:608 — ========== LOGIN SKIPPED (ALREADY LOGGED IN) ==========
2026-08-17 13:04:01 [INFO    ] test_login.py:148 — ========== SMOKE LOGIN SUCCESS ==========
2026-08-17 13:04:01 [INFO    ] conftest.py:326 — Closing driver session.
2026-08-17 13:04:01 [INFO    ] conftest.py:433 — ==================================================
2026-08-17 13:04:01 [INFO    ] conftest.py:434 — PYTEST SESSION END | Exit status: 0
2026-08-17 13:04:01 [INFO    ] conftest.py:435 — ==================================================
