2026-08-17 17:07:55 [INFO    ] conftest.py:476 — ==================================================
2026-08-17 17:07:55 [INFO    ] conftest.py:477 — PYTEST SESSION START
2026-08-17 17:07:55 [INFO    ] conftest.py:478 — ==================================================
2026-08-17 17:07:55 [INFO    ] conftest.py:396 — LOGGED-IN DRIVER: setting up session-scoped driver...
2026-08-17 17:07:55 [INFO    ] conftest.py:158 — Driver creation attempt 1/3
2026-08-17 17:07:55 [INFO    ] driver_factory.py:53 — ========== DRIVER CREATION START ==========
2026-08-17 17:07:55 [INFO    ] driver_factory.py:70 — Device: emulator | Env: qa | Platform: Android
2026-08-17 17:07:55 [INFO    ] driver_factory.py:136 — Device Name: Android Emulator
2026-08-17 17:07:55 [INFO    ] driver_factory.py:137 — UDID: emulator-5554
2026-08-17 17:07:55 [INFO    ] driver_factory.py:151 — App Package: com.zee5.hipi (noReset=true, activity not set)
2026-08-17 17:08:01 [INFO    ] driver_factory.py:112 — App launched by driver. Waiting for stabilization...
2026-08-17 17:08:03 [INFO    ] driver_factory.py:115 — ========== DRIVER CREATED SUCCESSFULLY ==========
2026-08-17 17:08:06 [INFO    ] popup_handler.py:122 — Checking for 'Get Started' screen...
2026-08-17 17:08:09 [INFO    ] popup_handler.py:130 — 'Get Started' screen dismissed.
2026-08-17 17:08:12 [INFO    ] login_page.py:599 — ========== LOGIN FLOW START ==========
2026-08-17 17:08:12 [WARNING ] base_page.py:353 — System dialog in foreground (com.google.android.permissioncontroller) — clearing it.
2026-08-17 17:08:12 [INFO    ] base_page.py:398 — Cleared system dialog via ('id', 'com.android.permissioncontroller:id/permission_allow_button')
2026-08-17 17:08:15 [INFO    ] login_page.py:43 — Opening profile tab
2026-08-17 17:08:16 [INFO    ] login_page.py:53 — Profile tab open attempt 1/2
2026-08-17 17:08:17 [INFO    ] base_page.py:173 — Clicked: ('xpath', "//android.view.View[@clickable='true'][.//android.widget.TextView[@text='Profile']]")
2026-08-17 17:08:18 [INFO    ] base_page.py:140 — wait_for_any_visible matched: ('class name', 'android.widget.EditText')
2026-08-17 17:08:18 [INFO    ] login_page.py:78 — Profile tab opened (element click, verified)
2026-08-17 17:08:19 [INFO    ] login_page.py:238 — Clicking continue button
2026-08-17 17:08:19 [INFO    ] base_page.py:173 — Clicked: ('-android uiautomator', 'new UiSelector().textContains("Continue")')
2026-08-17 17:08:19 [INFO    ] login_page.py:248 — Continue button clicked
2026-08-17 17:08:19 [INFO    ] login_page.py:276 — Entering mobile number: 9876543210
2026-08-17 17:08:20 [INFO    ] base_page.py:209 — Entered text '9876543210' into ('class name', 'android.widget.EditText')
2026-08-17 17:08:20 [INFO    ] base_page.py:287 — Keyboard hidden.
2026-08-17 17:08:20 [INFO    ] login_page.py:298 — Mobile number entered
2026-08-17 17:08:20 [INFO    ] login_page.py:323 — Clicking proceed button
2026-08-17 17:08:22 [INFO    ] base_page.py:173 — Clicked: ('accessibility id', 'Proceed')
2026-08-17 17:08:22 [INFO    ] login_page.py:333 — Proceed button clicked
2026-08-17 17:08:22 [INFO    ] login_page.py:361 — Entering OTP: 5186
2026-08-17 17:08:22 [INFO    ] base_page.py:209 — Entered text '5186' into ('class name', 'android.widget.EditText')
2026-08-17 17:08:22 [INFO    ] base_page.py:287 — Keyboard hidden.
2026-08-17 17:08:22 [INFO    ] login_page.py:380 — OTP entered successfully
2026-08-17 17:08:22 [INFO    ] login_page.py:466 — Waiting for OTP verification outcome (sheet closes = success, sheet stays open = invalid)...
2026-08-17 17:08:22 [INFO    ] login_page.py:480 — Login sheet indicator present at start: True
2026-08-17 17:08:24 [INFO    ] login_page.py:495 — Login sheet closed -> treating as login SUCCESS
2026-08-17 17:08:25 [INFO    ] login_page.py:712 — ========== LOGIN SUCCESS ==========
2026-08-17 17:08:25 [INFO    ] conftest.py:415 — LOGGED-IN DRIVER: login successful.
2026-08-17 17:08:25 [INFO    ] base_test.py:137 — BaseFeedTest setup completed (session-scoped, already logged in).
2026-08-17 17:08:25 [INFO    ] base_test.py:151 — login_and_reach_feed: START (session-scoped)
2026-08-17 17:08:25 [INFO    ] login_page.py:556 — Validating home page
2026-08-17 17:08:25 [INFO    ] login_page.py:566 — Home page displayed (exo_content_frame visible)
2026-08-17 17:08:25 [INFO    ] base_test.py:154 — login_and_reach_feed: already on home feed (session reused)
2026-08-17 17:08:25 [INFO    ] base_test.py:155 — login_and_reach_feed: COMPLETE
2026-08-17 17:08:25 [INFO    ] feed_page.py:171 — Liking current video
2026-08-17 17:08:26 [INFO    ] base_page.py:173 — Clicked: ('-android uiautomator', 'new UiSelector().className("android.widget.Button").instance(0)')
2026-08-17 17:08:26 [INFO    ] feed_page.py:181 — Video liked
2026-08-17 17:08:26 [INFO    ] test_feed.py:99 — TEST PASSED: Like video
2026-08-17 17:08:26 [INFO    ] base_test.py:137 — BaseFeedTest setup completed (session-scoped, already logged in).
2026-08-17 17:08:26 [INFO    ] base_test.py:151 — login_and_reach_feed: START (session-scoped)
2026-08-17 17:08:26 [INFO    ] login_page.py:556 — Validating home page
2026-08-17 17:08:26 [INFO    ] login_page.py:566 — Home page displayed (exo_content_frame visible)
2026-08-17 17:08:26 [INFO    ] base_test.py:154 — login_and_reach_feed: already on home feed (session reused)
2026-08-17 17:08:26 [INFO    ] base_test.py:155 — login_and_reach_feed: COMPLETE
2026-08-17 17:08:26 [INFO    ] feed_page.py:363 — Adding comment: Awesome 🔥
2026-08-17 17:08:26 [INFO    ] feed_page.py:253 — Opening comment sheet
2026-08-17 17:08:27 [INFO    ] base_page.py:173 — Clicked: ('-android uiautomator', 'new UiSelector().className("android.widget.Button").instance(1)')
2026-08-17 17:08:28 [INFO    ] feed_page.py:267 — Comment sheet opened
2026-08-17 17:08:29 [INFO    ] base_page.py:209 — Entered text 'Awesome 🔥' into ('xpath', "//*[@resource-id='com.zee5.hipi:id/etComment' or (@class='android.widget.EditText' and @package='com.zee5.hipi')]")
2026-08-17 17:08:29 [INFO    ] base_page.py:287 — Keyboard hidden.
2026-08-17 17:08:30 [INFO    ] base_page.py:173 — Clicked: ('xpath', "//*[@resource-id='com.zee5.hipi:id/ivSend' or (@content-desc='Send' and @package='com.zee5.hipi')]")
2026-08-17 17:08:31 [INFO    ] base_page.py:173 — Clicked: ('xpath', "//*[@resource-id='com.zee5.hipi:id/ivClose' or (@content-desc='Close' and @package='com.zee5.hipi')]")
2026-08-17 17:08:31 [INFO    ] feed_page.py:392 — Comment added
2026-08-17 17:08:31 [INFO    ] base_page.py:277 — Element ('xpath', "//*[@resource-id='com.zee5.hipi:id/etComment' or (@class='android.widget.EditText' and @package='com.zee5.hipi')]") disappeared.
2026-08-17 17:08:31 [INFO    ] test_feed.py:149 — TEST PASSED: Add comment
2026-08-17 17:08:31 [INFO    ] base_test.py:137 — BaseFeedTest setup completed (session-scoped, already logged in).
2026-08-17 17:08:31 [INFO    ] base_test.py:151 — login_and_reach_feed: START (session-scoped)
2026-08-17 17:08:31 [INFO    ] login_page.py:556 — Validating home page
2026-08-17 17:08:31 [INFO    ] login_page.py:566 — Home page displayed (exo_content_frame visible)
2026-08-17 17:08:31 [INFO    ] base_test.py:154 — login_and_reach_feed: already on home feed (session reused)
2026-08-17 17:08:31 [INFO    ] base_test.py:155 — login_and_reach_feed: COMPLETE
2026-08-17 17:08:31 [INFO    ] feed_page.py:668 — Pausing current reel
2026-08-17 17:08:31 [INFO    ] gestures.py:29 — Tap performed at X:432 Y:960
2026-08-17 17:08:31 [INFO    ] feed_page.py:683 — Reel paused (coordinate tap on video area)
2026-08-17 17:08:34 [INFO    ] feed_page.py:707 — Resuming current reel
2026-08-17 17:08:35 [INFO    ] gestures.py:29 — Tap performed at X:432 Y:960
2026-08-17 17:08:35 [INFO    ] feed_page.py:717 — Reel resumed (coordinate tap on video area)
2026-08-17 17:08:35 [INFO    ] test_feed.py:356 — TEST PASSED: Pause and resume reel
2026-08-17 17:08:35 [INFO    ] base_test.py:137 — BaseFeedTest setup completed (session-scoped, already logged in).
2026-08-17 17:08:35 [INFO    ] base_test.py:151 — login_and_reach_feed: START (session-scoped)
2026-08-17 17:08:35 [INFO    ] login_page.py:556 — Validating home page
2026-08-17 17:08:35 [INFO    ] login_page.py:566 — Home page displayed (exo_content_frame visible)
2026-08-17 17:08:35 [INFO    ] base_test.py:154 — login_and_reach_feed: already on home feed (session reused)
2026-08-17 17:08:35 [INFO    ] base_test.py:155 — login_and_reach_feed: COMPLETE
2026-08-17 17:08:35 [INFO    ] feed_page.py:913 — Swiping to next video
2026-08-17 17:08:38 [INFO    ] gestures.py:102 — Swipe up performed
2026-08-17 17:08:39 [INFO    ] base_page.py:318 — Page source changed.
2026-08-17 17:08:39 [INFO    ] feed_page.py:934 — Swiped to next video
2026-08-17 17:08:39 [INFO    ] test_feed.py:393 — TEST PASSED: Swipe to next video
2026-08-17 17:08:39 [INFO    ] conftest.py:326 — ==================================================
2026-08-17 17:08:39 [INFO    ] conftest.py:327 — DRIVER SETUP START
2026-08-17 17:08:39 [INFO    ] conftest.py:328 — ==================================================
2026-08-17 17:08:39 [INFO    ] conftest.py:158 — Driver creation attempt 1/3
2026-08-17 17:08:40 [INFO    ] driver_factory.py:53 — ========== DRIVER CREATION START ==========
2026-08-17 17:08:40 [INFO    ] driver_factory.py:70 — Device: emulator | Env: qa | Platform: Android
2026-08-17 17:08:40 [INFO    ] driver_factory.py:136 — Device Name: Android Emulator
2026-08-17 17:08:40 [INFO    ] driver_factory.py:137 — UDID: emulator-5554
2026-08-17 17:08:40 [INFO    ] driver_factory.py:151 — App Package: com.zee5.hipi (noReset=true, activity not set)
2026-08-17 17:08:44 [INFO    ] driver_factory.py:112 — App launched by driver. Waiting for stabilization...
2026-08-17 17:08:46 [INFO    ] driver_factory.py:115 — ========== DRIVER CREATED SUCCESSFULLY ==========
2026-08-17 17:08:46 [INFO    ] conftest.py:351 — Driver created successfully.
2026-08-17 17:08:49 [INFO    ] popup_handler.py:122 — Checking for 'Get Started' screen...
2026-08-17 17:08:53 [INFO    ] popup_handler.py:134 — 'Get Started' screen not present — skipping.
2026-08-17 17:08:53 [INFO    ] conftest.py:252 — App readiness probe: HiPi is in foreground (com.zee5.hipi).
2026-08-17 17:08:53 [INFO    ] conftest.py:364 — DRIVER SETUP COMPLETE
2026-08-17 17:08:53 [INFO    ] base_test.py:29 — BaseTest setup completed.
2026-08-17 17:08:53 [INFO    ] test_login.py:149 — ========== SMOKE LOGIN START ==========
2026-08-17 17:08:53 [INFO    ] base_test.py:39 — Logging in as default test user.
2026-08-17 17:08:53 [INFO    ] login_page.py:599 — ========== LOGIN FLOW START ==========
2026-08-17 17:08:54 [INFO    ] login_page.py:43 — Opening profile tab
2026-08-17 17:08:55 [INFO    ] login_page.py:53 — Profile tab open attempt 1/2
2026-08-17 17:08:57 [INFO    ] base_page.py:173 — Clicked: ('xpath', "//android.view.View[@clickable='true'][.//android.widget.TextView[@text='Profile']]")
2026-08-17 17:09:03 [ERROR   ] base_page.py:148 — None of the candidate locators became visible within 6s. Candidates: [('-android uiautomator', 'new UiSelector().textContains("Continue")'), ('class name', 'android.widget.EditText')]. Last error: None
2026-08-17 17:09:03 [INFO    ] screenshot_utils.py:60 — Screenshot saved: reports/screenshots/wait_for_any_visible_failed_20260817_170903.png
2026-08-17 17:09:03 [INFO    ] screenshot_utils.py:83 — Page source saved: reports/screenshots/wait_for_any_visible_failed_20260817_170903.xml
2026-08-17 17:09:03 [INFO    ] login_page.py:200 — Already logged in — 'Edit Profile' visible. noReset=true preserved a previous session. Navigating to home feed.
2026-08-17 17:09:04 [INFO    ] base_page.py:173 — Clicked: ('xpath', "//android.view.View[@clickable='true'][.//android.widget.TextView[@text='Home']]")
2026-08-17 17:09:04 [INFO    ] login_page.py:211 — Navigated to home tab.
2026-08-17 17:09:04 [INFO    ] login_page.py:616 — ========== LOGIN SKIPPED (ALREADY LOGGED IN) ==========
2026-08-17 17:09:04 [INFO    ] test_login.py:157 — ========== SMOKE LOGIN SUCCESS ==========
2026-08-17 17:09:04 [INFO    ] conftest.py:375 — Closing driver session.
2026-08-17 17:09:04 [INFO    ] conftest.py:428 — LOGGED-IN DRIVER: closing session.
2026-08-17 17:09:04 [INFO    ] conftest.py:482 — ==================================================
2026-08-17 17:09:04 [INFO    ] conftest.py:483 — PYTEST SESSION END | Exit status: 0
2026-08-17 17:09:04 [INFO    ] conftest.py:484 — ==================================================
