2026-08-18 12:37:45 [INFO    ] conftest.py:610 — ==================================================
2026-08-18 12:37:45 [INFO    ] conftest.py:611 — PYTEST SESSION START
2026-08-18 12:37:45 [INFO    ] conftest.py:612 — ==================================================
2026-08-18 12:37:45 [INFO    ] conftest.py:298 — ==================================================
2026-08-18 12:37:45 [INFO    ] conftest.py:299 — SUITE START: resetting and relaunching com.zee5.hipi on 'emulator' (emulator-5554) for a clean run...
2026-08-18 12:37:45 [INFO    ] conftest.py:301 — ==================================================
2026-08-18 12:37:45 [INFO    ] conftest.py:229 — Cleared app data for com.zee5.hipi (logged-out state guaranteed).
2026-08-18 12:37:46 [INFO    ] conftest.py:307 — SUITE START: app reset and relaunched successfully.
2026-08-18 12:37:49 [INFO    ] conftest.py:549 — LOGGED-IN DRIVER: creating shared feed session...
2026-08-18 12:37:49 [INFO    ] conftest.py:158 — Driver creation attempt 1/3
2026-08-18 12:37:50 [INFO    ] driver_factory.py:53 — ========== DRIVER CREATION START ==========
2026-08-18 12:37:50 [INFO    ] driver_factory.py:70 — Device: emulator | Env: qa | Platform: Android
2026-08-18 12:37:50 [INFO    ] driver_factory.py:136 — Device Name: Android Emulator
2026-08-18 12:37:50 [INFO    ] driver_factory.py:137 — UDID: emulator-5554
2026-08-18 12:37:50 [INFO    ] driver_factory.py:151 — App Package: com.zee5.hipi (noReset=true, activity not set)
2026-08-18 12:37:55 [INFO    ] driver_factory.py:112 — App launched by driver. Waiting for stabilization...
2026-08-18 12:37:57 [INFO    ] driver_factory.py:115 — ========== DRIVER CREATED SUCCESSFULLY ==========
2026-08-18 12:38:00 [INFO    ] popup_handler.py:122 — Checking for 'Get Started' screen...
2026-08-18 12:38:01 [INFO    ] popup_handler.py:130 — 'Get Started' screen dismissed.
2026-08-18 12:38:04 [INFO    ] login_page.py:599 — ========== LOGIN FLOW START ==========
2026-08-18 12:38:04 [WARNING ] base_page.py:353 — System dialog in foreground (com.google.android.permissioncontroller) — clearing it.
2026-08-18 12:38:04 [INFO    ] base_page.py:398 — Cleared system dialog via ('id', 'com.android.permissioncontroller:id/permission_allow_button')
2026-08-18 12:38:08 [INFO    ] login_page.py:43 — Opening profile tab
2026-08-18 12:38:09 [INFO    ] login_page.py:53 — Profile tab open attempt 1/2
2026-08-18 12:38:10 [INFO    ] base_page.py:173 — Clicked: ('xpath', "//android.view.View[@clickable='true'][.//android.widget.TextView[@text='Profile']]")
2026-08-18 12:38:13 [INFO    ] base_page.py:140 — wait_for_any_visible matched: ('class name', 'android.widget.EditText')
2026-08-18 12:38:13 [INFO    ] login_page.py:78 — Profile tab opened (element click, verified)
2026-08-18 12:38:14 [INFO    ] login_page.py:238 — Clicking continue button
2026-08-18 12:38:14 [INFO    ] base_page.py:173 — Clicked: ('-android uiautomator', 'new UiSelector().textContains("Continue")')
2026-08-18 12:38:14 [INFO    ] login_page.py:248 — Continue button clicked
2026-08-18 12:38:14 [INFO    ] login_page.py:276 — Entering mobile number: 9876543210
2026-08-18 12:38:15 [INFO    ] base_page.py:209 — Entered text '9876543210' into ('class name', 'android.widget.EditText')
2026-08-18 12:38:15 [INFO    ] base_page.py:287 — Keyboard hidden.
2026-08-18 12:38:15 [INFO    ] login_page.py:298 — Mobile number entered
2026-08-18 12:38:15 [INFO    ] login_page.py:323 — Clicking proceed button
2026-08-18 12:38:17 [INFO    ] base_page.py:173 — Clicked: ('accessibility id', 'Proceed')
2026-08-18 12:38:17 [INFO    ] login_page.py:333 — Proceed button clicked
2026-08-18 12:38:17 [INFO    ] login_page.py:361 — Entering OTP: 5186
2026-08-18 12:38:18 [INFO    ] base_page.py:209 — Entered text '5186' into ('class name', 'android.widget.EditText')
2026-08-18 12:38:18 [INFO    ] base_page.py:287 — Keyboard hidden.
2026-08-18 12:38:18 [INFO    ] login_page.py:380 — OTP entered successfully
2026-08-18 12:38:18 [INFO    ] login_page.py:466 — Waiting for OTP verification outcome (sheet closes = success, sheet stays open = invalid)...
2026-08-18 12:38:19 [INFO    ] login_page.py:480 — Login sheet indicator present at start: True
2026-08-18 12:38:23 [INFO    ] login_page.py:495 — Login sheet closed -> treating as login SUCCESS
2026-08-18 12:38:24 [INFO    ] login_page.py:712 — ========== LOGIN SUCCESS ==========
2026-08-18 12:38:24 [INFO    ] conftest.py:553 — LOGGED-IN DRIVER: login successful.
2026-08-18 12:38:24 [INFO    ] base_test.py:137 — BaseFeedTest setup completed (session-scoped, already logged in).
2026-08-18 12:38:24 [INFO    ] base_test.py:151 — login_and_reach_feed: START (session-scoped)
2026-08-18 12:38:24 [INFO    ] login_page.py:556 — Validating home page
2026-08-18 12:38:24 [INFO    ] login_page.py:566 — Home page displayed (exo_content_frame visible)
2026-08-18 12:38:24 [INFO    ] base_test.py:154 — login_and_reach_feed: already on home feed (session reused)
2026-08-18 12:38:24 [INFO    ] base_test.py:155 — login_and_reach_feed: COMPLETE
2026-08-18 12:38:24 [INFO    ] feed_page.py:171 — Liking current video
2026-08-18 12:38:26 [INFO    ] base_page.py:173 — Clicked: ('-android uiautomator', 'new UiSelector().className("android.widget.Button").instance(0)')
2026-08-18 12:38:26 [INFO    ] feed_page.py:181 — Video liked
2026-08-18 12:38:26 [INFO    ] test_feed.py:99 — TEST PASSED: Like video
2026-08-18 12:38:26 [INFO    ] base_test.py:137 — BaseFeedTest setup completed (session-scoped, already logged in).
2026-08-18 12:38:26 [INFO    ] base_test.py:151 — login_and_reach_feed: START (session-scoped)
2026-08-18 12:38:26 [INFO    ] login_page.py:556 — Validating home page
2026-08-18 12:38:28 [INFO    ] login_page.py:566 — Home page displayed (exo_content_frame visible)
2026-08-18 12:38:28 [INFO    ] base_test.py:154 — login_and_reach_feed: already on home feed (session reused)
2026-08-18 12:38:28 [INFO    ] base_test.py:155 — login_and_reach_feed: COMPLETE
2026-08-18 12:38:28 [INFO    ] feed_page.py:363 — Adding comment: Awesome 🔥
2026-08-18 12:38:28 [INFO    ] feed_page.py:253 — Opening comment sheet
2026-08-18 12:38:31 [INFO    ] base_page.py:173 — Clicked: ('-android uiautomator', 'new UiSelector().className("android.widget.Button").instance(1)')
2026-08-18 12:38:34 [INFO    ] feed_page.py:267 — Comment sheet opened
2026-08-18 12:38:35 [INFO    ] base_page.py:209 — Entered text 'Awesome 🔥' into ('xpath', "//*[@resource-id='com.zee5.hipi:id/etComment' or (@class='android.widget.EditText' and @package='com.zee5.hipi')]")
2026-08-18 12:38:36 [INFO    ] base_page.py:287 — Keyboard hidden.
2026-08-18 12:38:36 [INFO    ] base_page.py:173 — Clicked: ('xpath', "//*[@resource-id='com.zee5.hipi:id/ivSend' or (@content-desc='Send' and @package='com.zee5.hipi')]")
2026-08-18 12:38:41 [INFO    ] base_page.py:173 — Clicked: ('xpath', "//*[@resource-id='com.zee5.hipi:id/ivClose' or (@content-desc='Close' and @package='com.zee5.hipi')]")
2026-08-18 12:38:41 [INFO    ] feed_page.py:392 — Comment added
2026-08-18 12:38:41 [INFO    ] base_page.py:277 — Element ('xpath', "//*[@resource-id='com.zee5.hipi:id/etComment' or (@class='android.widget.EditText' and @package='com.zee5.hipi')]") disappeared.
2026-08-18 12:38:41 [INFO    ] test_feed.py:149 — TEST PASSED: Add comment
2026-08-18 12:38:41 [INFO    ] base_test.py:137 — BaseFeedTest setup completed (session-scoped, already logged in).
2026-08-18 12:38:41 [INFO    ] base_test.py:151 — login_and_reach_feed: START (session-scoped)
2026-08-18 12:38:41 [INFO    ] login_page.py:556 — Validating home page
2026-08-18 12:38:41 [INFO    ] login_page.py:566 — Home page displayed (exo_content_frame visible)
2026-08-18 12:38:41 [INFO    ] base_test.py:154 — login_and_reach_feed: already on home feed (session reused)
2026-08-18 12:38:41 [INFO    ] base_test.py:155 — login_and_reach_feed: COMPLETE
2026-08-18 12:38:41 [INFO    ] feed_page.py:668 — Pausing current reel
2026-08-18 12:38:41 [INFO    ] gestures.py:29 — Tap performed at X:432 Y:960
2026-08-18 12:38:41 [INFO    ] feed_page.py:683 — Reel paused (coordinate tap on video area)
2026-08-18 12:38:44 [INFO    ] feed_page.py:707 — Resuming current reel
2026-08-18 12:38:45 [INFO    ] gestures.py:29 — Tap performed at X:432 Y:960
2026-08-18 12:38:45 [INFO    ] feed_page.py:717 — Reel resumed (coordinate tap on video area)
2026-08-18 12:38:45 [INFO    ] test_feed.py:356 — TEST PASSED: Pause and resume reel
2026-08-18 12:38:45 [INFO    ] base_test.py:137 — BaseFeedTest setup completed (session-scoped, already logged in).
2026-08-18 12:38:45 [INFO    ] base_test.py:151 — login_and_reach_feed: START (session-scoped)
2026-08-18 12:38:45 [INFO    ] login_page.py:556 — Validating home page
2026-08-18 12:38:45 [INFO    ] login_page.py:566 — Home page displayed (exo_content_frame visible)
2026-08-18 12:38:45 [INFO    ] base_test.py:154 — login_and_reach_feed: already on home feed (session reused)
2026-08-18 12:38:45 [INFO    ] base_test.py:155 — login_and_reach_feed: COMPLETE
2026-08-18 12:38:45 [INFO    ] feed_page.py:913 — Swiping to next video
2026-08-18 12:38:54 [INFO    ] gestures.py:102 — Swipe up performed
2026-08-18 12:38:55 [INFO    ] base_page.py:318 — Page source changed.
2026-08-18 12:38:56 [INFO    ] feed_page.py:934 — Swiped to next video
2026-08-18 12:38:56 [INFO    ] test_feed.py:393 — TEST PASSED: Swipe to next video
2026-08-18 12:38:56 [INFO    ] conftest.py:411 — ==================================================
2026-08-18 12:38:56 [INFO    ] conftest.py:412 — DRIVER SETUP START
2026-08-18 12:38:56 [INFO    ] conftest.py:413 — ==================================================
2026-08-18 12:38:56 [INFO    ] conftest.py:158 — Driver creation attempt 1/3
2026-08-18 12:38:58 [INFO    ] driver_factory.py:53 — ========== DRIVER CREATION START ==========
2026-08-18 12:38:58 [INFO    ] driver_factory.py:70 — Device: emulator | Env: qa | Platform: Android
2026-08-18 12:38:58 [INFO    ] driver_factory.py:136 — Device Name: Android Emulator
2026-08-18 12:38:58 [INFO    ] driver_factory.py:137 — UDID: emulator-5554
2026-08-18 12:38:58 [INFO    ] driver_factory.py:151 — App Package: com.zee5.hipi (noReset=true, activity not set)
2026-08-18 12:39:13 [INFO    ] driver_factory.py:112 — App launched by driver. Waiting for stabilization...
2026-08-18 12:39:15 [INFO    ] driver_factory.py:115 — ========== DRIVER CREATED SUCCESSFULLY ==========
2026-08-18 12:39:15 [INFO    ] conftest.py:436 — Driver created successfully.
2026-08-18 12:39:19 [INFO    ] popup_handler.py:122 — Checking for 'Get Started' screen...
2026-08-18 12:39:23 [INFO    ] popup_handler.py:134 — 'Get Started' screen not present — skipping.
2026-08-18 12:39:23 [INFO    ] conftest.py:337 — App readiness probe: HiPi is in foreground (com.zee5.hipi).
2026-08-18 12:39:23 [INFO    ] conftest.py:449 — DRIVER SETUP COMPLETE
2026-08-18 12:39:23 [INFO    ] base_test.py:29 — BaseTest setup completed.
2026-08-18 12:39:23 [INFO    ] test_login.py:149 — ========== SMOKE LOGIN START ==========
2026-08-18 12:39:23 [INFO    ] base_test.py:39 — Logging in as default test user.
2026-08-18 12:39:23 [INFO    ] login_page.py:599 — ========== LOGIN FLOW START ==========
2026-08-18 12:39:24 [INFO    ] login_page.py:43 — Opening profile tab
2026-08-18 12:39:25 [INFO    ] login_page.py:53 — Profile tab open attempt 1/2
2026-08-18 12:39:29 [INFO    ] base_page.py:173 — Clicked: ('xpath', "//android.view.View[@clickable='true'][.//android.widget.TextView[@text='Profile']]")
2026-08-18 12:39:35 [ERROR   ] base_page.py:148 — None of the candidate locators became visible within 6s. Candidates: [('-android uiautomator', 'new UiSelector().textContains("Continue")'), ('class name', 'android.widget.EditText')]. Last error: None
2026-08-18 12:39:35 [INFO    ] screenshot_utils.py:60 — Screenshot saved: reports/screenshots/wait_for_any_visible_failed_20260818_123935.png
2026-08-18 12:39:35 [INFO    ] screenshot_utils.py:83 — Page source saved: reports/screenshots/wait_for_any_visible_failed_20260818_123935.xml
2026-08-18 12:39:35 [INFO    ] login_page.py:200 — Already logged in — 'Edit Profile' visible. noReset=true preserved a previous session. Navigating to home feed.
2026-08-18 12:39:36 [INFO    ] base_page.py:173 — Clicked: ('xpath', "//android.view.View[@clickable='true'][.//android.widget.TextView[@text='Home']]")
2026-08-18 12:39:36 [INFO    ] login_page.py:211 — Navigated to home tab.
2026-08-18 12:39:36 [INFO    ] login_page.py:616 — ========== LOGIN SKIPPED (ALREADY LOGGED IN) ==========
2026-08-18 12:39:36 [INFO    ] test_login.py:157 — ========== SMOKE LOGIN SUCCESS ==========
2026-08-18 12:39:36 [INFO    ] conftest.py:460 — Closing driver session.
2026-08-18 12:39:37 [INFO    ] conftest.py:622 — Closing shared feed session.
2026-08-18 12:39:37 [INFO    ] conftest.py:629 — ==================================================
2026-08-18 12:39:37 [INFO    ] conftest.py:630 — PYTEST SESSION END | Exit status: 0
2026-08-18 12:39:37 [INFO    ] conftest.py:631 — ==================================================
