2026-08-14 17:14:27 [INFO    ] conftest.py:406 — ==================================================
2026-08-14 17:14:27 [INFO    ] conftest.py:407 — PYTEST SESSION START
2026-08-14 17:14:27 [INFO    ] conftest.py:408 — ==================================================
2026-08-14 17:14:27 [INFO    ] conftest.py:270 — ==================================================
2026-08-14 17:14:27 [INFO    ] conftest.py:271 — DRIVER SETUP START
2026-08-14 17:14:27 [INFO    ] conftest.py:272 — ==================================================
2026-08-14 17:14:27 [INFO    ] conftest.py:158 — Driver creation attempt 1/3
2026-08-14 17:14:28 [INFO    ] driver_factory.py:53 — ========== DRIVER CREATION START ==========
2026-08-14 17:14:28 [INFO    ] driver_factory.py:70 — Device: emulator | Env: qa | Platform: Android
2026-08-14 17:14:28 [INFO    ] driver_factory.py:136 — Device Name: Android Emulator
2026-08-14 17:14:28 [INFO    ] driver_factory.py:137 — UDID: emulator-5554
2026-08-14 17:14:28 [INFO    ] driver_factory.py:151 — App Package: com.zee5.hipi (noReset=true, activity not set)
2026-08-14 17:14:35 [INFO    ] driver_factory.py:112 — App launched by driver. Waiting for stabilization...
2026-08-14 17:14:37 [INFO    ] driver_factory.py:115 — ========== DRIVER CREATED SUCCESSFULLY ==========
2026-08-14 17:14:37 [INFO    ] conftest.py:281 — Driver created successfully.
2026-08-14 17:14:40 [INFO    ] popup_handler.py:122 — Checking for 'Get Started' screen...
2026-08-14 17:14:43 [INFO    ] popup_handler.py:134 — 'Get Started' screen not present — skipping.
2026-08-14 17:14:44 [INFO    ] conftest.py:196 — App readiness probe: HiPi is in foreground (com.zee5.hipi).
2026-08-14 17:14:44 [INFO    ] conftest.py:294 — DRIVER SETUP COMPLETE
2026-08-14 17:14:44 [INFO    ] base_test.py:20 — BaseTest setup completed.
2026-08-14 17:14:44 [INFO    ] base_test.py:58 — login_and_reach_feed: START
2026-08-14 17:14:44 [INFO    ] base_test.py:30 — Logging in as default test user.
2026-08-14 17:14:44 [INFO    ] login_page.py:591 — ========== LOGIN FLOW START ==========
2026-08-14 17:14:45 [INFO    ] login_page.py:43 — Opening profile tab
2026-08-14 17:14:46 [INFO    ] login_page.py:53 — Profile tab open attempt 1/2
2026-08-14 17:14:47 [INFO    ] base_page.py:110 — Clicked: ('xpath', "//android.view.View[@clickable='true'][.//android.widget.TextView[@text='Profile']]")
2026-08-14 17:14:53 [ERROR   ] base_page.py:92 — None of the candidate locators became visible within 6s. Candidates: [('-android uiautomator', 'new UiSelector().textContains("Continue")'), ('class name', 'android.widget.EditText')]. Last error: None
2026-08-14 17:14:54 [INFO    ] screenshot_utils.py:54 — Screenshot saved: reports/screenshots/wait_for_any_visible_failed_20260814_171453.png
2026-08-14 17:14:54 [INFO    ] screenshot_utils.py:77 — Page source saved: reports/screenshots/wait_for_any_visible_failed_20260814_171454.xml
2026-08-14 17:14:54 [INFO    ] login_page.py:200 — Already logged in — 'Edit Profile' visible. noReset=true preserved a previous session. Navigating to home feed.
2026-08-14 17:14:55 [INFO    ] base_page.py:110 — Clicked: ('xpath', "//android.view.View[@clickable='true'][.//android.widget.TextView[@text='Home']]")
2026-08-14 17:14:55 [INFO    ] login_page.py:211 — Navigated to home tab.
2026-08-14 17:14:55 [INFO    ] login_page.py:608 — ========== LOGIN SKIPPED (ALREADY LOGGED IN) ==========
2026-08-14 17:14:55 [INFO    ] login_page.py:548 — Validating home page
2026-08-14 17:14:55 [INFO    ] login_page.py:558 — Home page displayed (exo_content_frame visible)
2026-08-14 17:14:55 [INFO    ] base_test.py:63 — login_and_reach_feed: COMPLETE
2026-08-14 17:14:55 [INFO    ] feed_page.py:153 — Liking current video
2026-08-14 17:14:57 [INFO    ] base_page.py:110 — Clicked: ('-android uiautomator', 'new UiSelector().className("android.widget.Button").instance(0)')
2026-08-14 17:14:57 [INFO    ] feed_page.py:163 — Video liked
2026-08-14 17:14:57 [INFO    ] test_feed.py:99 — TEST PASSED: Like video
2026-08-14 17:14:57 [INFO    ] conftest.py:305 — Closing driver session.
2026-08-14 17:14:58 [INFO    ] conftest.py:270 — ==================================================
2026-08-14 17:14:58 [INFO    ] conftest.py:271 — DRIVER SETUP START
2026-08-14 17:14:58 [INFO    ] conftest.py:272 — ==================================================
2026-08-14 17:14:58 [INFO    ] conftest.py:158 — Driver creation attempt 1/3
2026-08-14 17:14:58 [INFO    ] driver_factory.py:53 — ========== DRIVER CREATION START ==========
2026-08-14 17:14:58 [INFO    ] driver_factory.py:70 — Device: emulator | Env: qa | Platform: Android
2026-08-14 17:14:58 [INFO    ] driver_factory.py:136 — Device Name: Android Emulator
2026-08-14 17:14:58 [INFO    ] driver_factory.py:137 — UDID: emulator-5554
2026-08-14 17:14:58 [INFO    ] driver_factory.py:151 — App Package: com.zee5.hipi (noReset=true, activity not set)
2026-08-14 17:15:02 [INFO    ] driver_factory.py:112 — App launched by driver. Waiting for stabilization...
2026-08-14 17:15:04 [INFO    ] driver_factory.py:115 — ========== DRIVER CREATED SUCCESSFULLY ==========
2026-08-14 17:15:04 [INFO    ] conftest.py:281 — Driver created successfully.
2026-08-14 17:15:07 [INFO    ] popup_handler.py:122 — Checking for 'Get Started' screen...
2026-08-14 17:15:10 [INFO    ] popup_handler.py:134 — 'Get Started' screen not present — skipping.
2026-08-14 17:15:10 [INFO    ] conftest.py:196 — App readiness probe: HiPi is in foreground (com.zee5.hipi).
2026-08-14 17:15:10 [INFO    ] conftest.py:294 — DRIVER SETUP COMPLETE
2026-08-14 17:15:10 [INFO    ] base_test.py:20 — BaseTest setup completed.
2026-08-14 17:15:10 [INFO    ] base_test.py:58 — login_and_reach_feed: START
2026-08-14 17:15:10 [INFO    ] base_test.py:30 — Logging in as default test user.
2026-08-14 17:15:10 [INFO    ] login_page.py:591 — ========== LOGIN FLOW START ==========
2026-08-14 17:15:11 [INFO    ] login_page.py:43 — Opening profile tab
2026-08-14 17:15:12 [INFO    ] login_page.py:53 — Profile tab open attempt 1/2
2026-08-14 17:15:13 [INFO    ] base_page.py:110 — Clicked: ('xpath', "//android.view.View[@clickable='true'][.//android.widget.TextView[@text='Profile']]")
2026-08-14 17:15:19 [ERROR   ] base_page.py:92 — None of the candidate locators became visible within 6s. Candidates: [('-android uiautomator', 'new UiSelector().textContains("Continue")'), ('class name', 'android.widget.EditText')]. Last error: None
2026-08-14 17:15:19 [INFO    ] screenshot_utils.py:54 — Screenshot saved: reports/screenshots/wait_for_any_visible_failed_20260814_171519.png
2026-08-14 17:15:19 [INFO    ] screenshot_utils.py:77 — Page source saved: reports/screenshots/wait_for_any_visible_failed_20260814_171519.xml
2026-08-14 17:15:19 [INFO    ] login_page.py:200 — Already logged in — 'Edit Profile' visible. noReset=true preserved a previous session. Navigating to home feed.
2026-08-14 17:15:20 [INFO    ] base_page.py:110 — Clicked: ('xpath', "//android.view.View[@clickable='true'][.//android.widget.TextView[@text='Home']]")
2026-08-14 17:15:20 [INFO    ] login_page.py:211 — Navigated to home tab.
2026-08-14 17:15:20 [INFO    ] login_page.py:608 — ========== LOGIN SKIPPED (ALREADY LOGGED IN) ==========
2026-08-14 17:15:20 [INFO    ] login_page.py:548 — Validating home page
2026-08-14 17:15:21 [INFO    ] login_page.py:558 — Home page displayed (exo_content_frame visible)
2026-08-14 17:15:21 [INFO    ] base_test.py:63 — login_and_reach_feed: COMPLETE
2026-08-14 17:15:21 [INFO    ] feed_page.py:345 — Adding comment: Awesome 🔥
2026-08-14 17:15:21 [INFO    ] feed_page.py:235 — Opening comment sheet
2026-08-14 17:15:22 [INFO    ] base_page.py:110 — Clicked: ('-android uiautomator', 'new UiSelector().className("android.widget.Button").instance(1)')
2026-08-14 17:15:24 [INFO    ] feed_page.py:249 — Comment sheet opened
2026-08-14 17:15:25 [INFO    ] base_page.py:136 — Entered text 'Awesome 🔥' into ('xpath', "//*[@resource-id='com.zee5.hipi:id/etComment' or (@class='android.widget.EditText' and @package='com.zee5.hipi')]")
2026-08-14 17:15:25 [INFO    ] base_page.py:204 — Keyboard hidden.
2026-08-14 17:15:26 [INFO    ] base_page.py:110 — Clicked: ('xpath', "//*[@resource-id='com.zee5.hipi:id/ivSend' or (@content-desc='Send' and @package='com.zee5.hipi')]")
2026-08-14 17:15:27 [INFO    ] base_page.py:110 — Clicked: ('xpath', "//*[@resource-id='com.zee5.hipi:id/ivClose' or (@content-desc='Close' and @package='com.zee5.hipi')]")
2026-08-14 17:15:27 [INFO    ] feed_page.py:374 — Comment added
2026-08-14 17:15:27 [INFO    ] base_page.py:194 — Element ('xpath', "//*[@resource-id='com.zee5.hipi:id/etComment' or (@class='android.widget.EditText' and @package='com.zee5.hipi')]") disappeared.
2026-08-14 17:15:27 [INFO    ] test_feed.py:149 — TEST PASSED: Add comment
2026-08-14 17:15:27 [INFO    ] conftest.py:305 — Closing driver session.
2026-08-14 17:15:28 [INFO    ] conftest.py:270 — ==================================================
2026-08-14 17:15:28 [INFO    ] conftest.py:271 — DRIVER SETUP START
2026-08-14 17:15:28 [INFO    ] conftest.py:272 — ==================================================
2026-08-14 17:15:28 [INFO    ] conftest.py:158 — Driver creation attempt 1/3
2026-08-14 17:15:28 [INFO    ] driver_factory.py:53 — ========== DRIVER CREATION START ==========
2026-08-14 17:15:28 [INFO    ] driver_factory.py:70 — Device: emulator | Env: qa | Platform: Android
2026-08-14 17:15:28 [INFO    ] driver_factory.py:136 — Device Name: Android Emulator
2026-08-14 17:15:28 [INFO    ] driver_factory.py:137 — UDID: emulator-5554
2026-08-14 17:15:28 [INFO    ] driver_factory.py:151 — App Package: com.zee5.hipi (noReset=true, activity not set)
2026-08-14 17:15:32 [INFO    ] driver_factory.py:112 — App launched by driver. Waiting for stabilization...
2026-08-14 17:15:34 [INFO    ] driver_factory.py:115 — ========== DRIVER CREATED SUCCESSFULLY ==========
2026-08-14 17:15:34 [INFO    ] conftest.py:281 — Driver created successfully.
2026-08-14 17:15:37 [INFO    ] popup_handler.py:122 — Checking for 'Get Started' screen...
2026-08-14 17:15:41 [INFO    ] popup_handler.py:134 — 'Get Started' screen not present — skipping.
2026-08-14 17:15:41 [INFO    ] conftest.py:196 — App readiness probe: HiPi is in foreground (com.zee5.hipi).
2026-08-14 17:15:41 [INFO    ] conftest.py:294 — DRIVER SETUP COMPLETE
2026-08-14 17:15:41 [INFO    ] base_test.py:20 — BaseTest setup completed.
2026-08-14 17:15:41 [INFO    ] base_test.py:58 — login_and_reach_feed: START
2026-08-14 17:15:41 [INFO    ] base_test.py:30 — Logging in as default test user.
2026-08-14 17:15:41 [INFO    ] login_page.py:591 — ========== LOGIN FLOW START ==========
2026-08-14 17:15:42 [INFO    ] login_page.py:43 — Opening profile tab
2026-08-14 17:15:43 [INFO    ] login_page.py:53 — Profile tab open attempt 1/2
2026-08-14 17:15:43 [INFO    ] base_page.py:110 — Clicked: ('xpath', "//android.view.View[@clickable='true'][.//android.widget.TextView[@text='Profile']]")
2026-08-14 17:15:50 [ERROR   ] base_page.py:92 — None of the candidate locators became visible within 6s. Candidates: [('-android uiautomator', 'new UiSelector().textContains("Continue")'), ('class name', 'android.widget.EditText')]. Last error: None
2026-08-14 17:15:50 [INFO    ] screenshot_utils.py:54 — Screenshot saved: reports/screenshots/wait_for_any_visible_failed_20260814_171550.png
2026-08-14 17:15:50 [INFO    ] screenshot_utils.py:77 — Page source saved: reports/screenshots/wait_for_any_visible_failed_20260814_171550.xml
2026-08-14 17:15:50 [INFO    ] login_page.py:200 — Already logged in — 'Edit Profile' visible. noReset=true preserved a previous session. Navigating to home feed.
2026-08-14 17:15:50 [INFO    ] base_page.py:110 — Clicked: ('xpath', "//android.view.View[@clickable='true'][.//android.widget.TextView[@text='Home']]")
2026-08-14 17:15:50 [INFO    ] login_page.py:211 — Navigated to home tab.
2026-08-14 17:15:50 [INFO    ] login_page.py:608 — ========== LOGIN SKIPPED (ALREADY LOGGED IN) ==========
2026-08-14 17:15:50 [INFO    ] login_page.py:548 — Validating home page
2026-08-14 17:15:52 [INFO    ] login_page.py:558 — Home page displayed (exo_content_frame visible)
2026-08-14 17:15:52 [INFO    ] base_test.py:63 — login_and_reach_feed: COMPLETE
2026-08-14 17:15:52 [INFO    ] feed_page.py:567 — Pausing current reel
2026-08-14 17:16:03 [ERROR   ] base_page.py:59 — Element not clickable after 10s: ('xpath', "//android.view.View[@clickable='true'][.//android.widget.FrameLayout[@resource-id='com.zee5.hipi:id/exo_content_frame']]")
2026-08-14 17:16:03 [INFO    ] screenshot_utils.py:54 — Screenshot saved: reports/screenshots/element_not_clickable_//android.view.View[@clickable='true'][.//android.widget.FrameLayout[@resource-id='com.zee5.hipi:id/exo_content_frame']]_20260814_171603.png
2026-08-14 17:16:03 [ERROR   ] screenshot_utils.py:81 — Page source save failed: [Errno 2] No such file or directory: "reports/screenshots/element_not_clickable_//android.view.View[@clickable='true'][.//android.widget.FrameLayout[@resource-id='com.zee5.hipi:id/exo_content_frame']]_20260814_171603.xml"
2026-08-14 17:16:03 [ERROR   ] base_page.py:118 — Click failed on attempt 1 for ('xpath', "//android.view.View[@clickable='true'][.//android.widget.FrameLayout[@resource-id='com.zee5.hipi:id/exo_content_frame']]"): Message: 
Stacktrace:
NoSuchElementError: An element could not be located on the page using the given search parameters.
    at AndroidUiautomator2Driver.findElOrEls (/Users/vc.rajdeep.kumar/.appium/node_modules/appium-uiautomator2-driver/node_modules/appium-android-driver/build/lib/commands/find.js:62:15)
    at process.processTicksAndRejections (node:internal/process/task_queues:104:5)
    at async AndroidUiautomator2Driver.findElOrElsWithProcessing (/opt/homebrew/lib/node_modules/appium/node_modules/@appium/base-driver/build/lib/basedriver/commands/find.js:12:16)
    at async AndroidUiautomator2Driver.findElement (/opt/homebrew/lib/node_modules/appium/node_modules/@appium/base-driver/build/lib/basedriver/commands/find.js:27:16)
2026-08-14 17:16:03 [WARNING ] base_page.py:262 — Attempting to recover application state...
2026-08-14 17:16:07 [INFO    ] base_page.py:266 — App recovery attempt completed.
2026-08-14 17:16:17 [ERROR   ] base_page.py:59 — Element not clickable after 10s: ('xpath', "//android.view.View[@clickable='true'][.//android.widget.FrameLayout[@resource-id='com.zee5.hipi:id/exo_content_frame']]")
2026-08-14 17:16:17 [INFO    ] screenshot_utils.py:54 — Screenshot saved: reports/screenshots/element_not_clickable_//android.view.View[@clickable='true'][.//android.widget.FrameLayout[@resource-id='com.zee5.hipi:id/exo_content_frame']]_20260814_171617.png
2026-08-14 17:16:17 [ERROR   ] screenshot_utils.py:81 — Page source save failed: [Errno 2] No such file or directory: "reports/screenshots/element_not_clickable_//android.view.View[@clickable='true'][.//android.widget.FrameLayout[@resource-id='com.zee5.hipi:id/exo_content_frame']]_20260814_171617.xml"
2026-08-14 17:16:17 [ERROR   ] base_page.py:118 — Click failed on attempt 2 for ('xpath', "//android.view.View[@clickable='true'][.//android.widget.FrameLayout[@resource-id='com.zee5.hipi:id/exo_content_frame']]"): Message: 
Stacktrace:
NoSuchElementError: An element could not be located on the page using the given search parameters.
    at AndroidUiautomator2Driver.findElOrEls (/Users/vc.rajdeep.kumar/.appium/node_modules/appium-uiautomator2-driver/node_modules/appium-android-driver/build/lib/commands/find.js:62:15)
    at process.processTicksAndRejections (node:internal/process/task_queues:104:5)
    at async AndroidUiautomator2Driver.findElOrElsWithProcessing (/opt/homebrew/lib/node_modules/appium/node_modules/@appium/base-driver/build/lib/basedriver/commands/find.js:12:16)
    at async AndroidUiautomator2Driver.findElement (/opt/homebrew/lib/node_modules/appium/node_modules/@appium/base-driver/build/lib/basedriver/commands/find.js:27:16)
2026-08-14 17:16:17 [WARNING ] base_page.py:262 — Attempting to recover application state...
2026-08-14 17:16:20 [INFO    ] base_page.py:266 — App recovery attempt completed.
2026-08-14 17:16:31 [ERROR   ] base_page.py:59 — Element not clickable after 10s: ('xpath', "//android.view.View[@clickable='true'][.//android.widget.FrameLayout[@resource-id='com.zee5.hipi:id/exo_content_frame']]")
2026-08-14 17:16:31 [INFO    ] screenshot_utils.py:54 — Screenshot saved: reports/screenshots/element_not_clickable_//android.view.View[@clickable='true'][.//android.widget.FrameLayout[@resource-id='com.zee5.hipi:id/exo_content_frame']]_20260814_171631.png
2026-08-14 17:16:31 [ERROR   ] screenshot_utils.py:81 — Page source save failed: [Errno 2] No such file or directory: "reports/screenshots/element_not_clickable_//android.view.View[@clickable='true'][.//android.widget.FrameLayout[@resource-id='com.zee5.hipi:id/exo_content_frame']]_20260814_171631.xml"
2026-08-14 17:16:31 [ERROR   ] base_page.py:118 — Click failed on attempt 3 for ('xpath', "//android.view.View[@clickable='true'][.//android.widget.FrameLayout[@resource-id='com.zee5.hipi:id/exo_content_frame']]"): Message: 
Stacktrace:
NoSuchElementError: An element could not be located on the page using the given search parameters.
    at AndroidUiautomator2Driver.findElOrEls (/Users/vc.rajdeep.kumar/.appium/node_modules/appium-uiautomator2-driver/node_modules/appium-android-driver/build/lib/commands/find.js:62:15)
    at process.processTicksAndRejections (node:internal/process/task_queues:104:5)
    at async AndroidUiautomator2Driver.findElOrElsWithProcessing (/opt/homebrew/lib/node_modules/appium/node_modules/@appium/base-driver/build/lib/basedriver/commands/find.js:12:16)
    at async AndroidUiautomator2Driver.findElement (/opt/homebrew/lib/node_modules/appium/node_modules/@appium/base-driver/build/lib/basedriver/commands/find.js:27:16)
2026-08-14 17:16:31 [WARNING ] base_page.py:262 — Attempting to recover application state...
2026-08-14 17:16:34 [INFO    ] base_page.py:266 — App recovery attempt completed.
2026-08-14 17:16:35 [INFO    ] screenshot_utils.py:54 — Screenshot saved: reports/screenshots/click_failed_20260814_171634.png
2026-08-14 17:16:35 [INFO    ] screenshot_utils.py:77 — Page source saved: reports/screenshots/click_failed_20260814_171635.xml
2026-08-14 17:16:35 [ERROR   ] feed_page.py:585 — Pause reel failed: Unable to click ('xpath', "//android.view.View[@clickable='true'][.//android.widget.FrameLayout[@resource-id='com.zee5.hipi:id/exo_content_frame']]") after 3 retries. Last exception: Message: 
Stacktrace:
NoSuchElementError: An element could not be located on the page using the given search parameters.
    at AndroidUiautomator2Driver.findElOrEls (/Users/vc.rajdeep.kumar/.appium/node_modules/appium-uiautomator2-driver/node_modules/appium-android-driver/build/lib/commands/find.js:62:15)
    at process.processTicksAndRejections (node:internal/process/task_queues:104:5)
    at async AndroidUiautomator2Driver.findElOrElsWithProcessing (/opt/homebrew/lib/node_modules/appium/node_modules/@appium/base-driver/build/lib/basedriver/commands/find.js:12:16)
    at async AndroidUiautomator2Driver.findElement (/opt/homebrew/lib/node_modules/appium/node_modules/@appium/base-driver/build/lib/basedriver/commands/find.js:27:16)
2026-08-14 17:16:35 [INFO    ] screenshot_utils.py:54 — Screenshot saved: reports/screenshots/pause_reel_failed_20260814_171635.png
2026-08-14 17:16:35 [INFO    ] screenshot_utils.py:77 — Page source saved: reports/screenshots/pause_reel_failed_20260814_171635.xml
2026-08-14 17:16:36 [INFO    ] screenshot_utils.py:54 — Screenshot saved: reports/screenshots/test_pause_and_resume_reel_20260814_171636.png
2026-08-14 17:16:36 [INFO    ] screenshot_utils.py:77 — Page source saved: reports/screenshots/test_pause_and_resume_reel_20260814_171636.xml
2026-08-14 17:16:36 [ERROR   ] conftest.py:398 — Test FAILED: test_pause_and_resume_reel
2026-08-14 17:16:36 [INFO    ] conftest.py:305 — Closing driver session.
2026-08-14 17:16:36 [INFO    ] conftest.py:270 — ==================================================
2026-08-14 17:16:36 [INFO    ] conftest.py:271 — DRIVER SETUP START
2026-08-14 17:16:36 [INFO    ] conftest.py:272 — ==================================================
2026-08-14 17:16:36 [INFO    ] conftest.py:158 — Driver creation attempt 1/3
2026-08-14 17:16:37 [INFO    ] driver_factory.py:53 — ========== DRIVER CREATION START ==========
2026-08-14 17:16:37 [INFO    ] driver_factory.py:70 — Device: emulator | Env: qa | Platform: Android
2026-08-14 17:16:37 [INFO    ] driver_factory.py:136 — Device Name: Android Emulator
2026-08-14 17:16:37 [INFO    ] driver_factory.py:137 — UDID: emulator-5554
2026-08-14 17:16:37 [INFO    ] driver_factory.py:151 — App Package: com.zee5.hipi (noReset=true, activity not set)
2026-08-14 17:16:39 [INFO    ] driver_factory.py:112 — App launched by driver. Waiting for stabilization...
2026-08-14 17:16:41 [INFO    ] driver_factory.py:115 — ========== DRIVER CREATED SUCCESSFULLY ==========
2026-08-14 17:16:41 [INFO    ] conftest.py:281 — Driver created successfully.
2026-08-14 17:16:44 [INFO    ] popup_handler.py:122 — Checking for 'Get Started' screen...
2026-08-14 17:16:47 [INFO    ] popup_handler.py:134 — 'Get Started' screen not present — skipping.
2026-08-14 17:16:47 [INFO    ] conftest.py:196 — App readiness probe: HiPi is in foreground (com.zee5.hipi).
2026-08-14 17:16:47 [INFO    ] conftest.py:294 — DRIVER SETUP COMPLETE
2026-08-14 17:16:47 [INFO    ] base_test.py:20 — BaseTest setup completed.
2026-08-14 17:16:47 [INFO    ] base_test.py:58 — login_and_reach_feed: START
2026-08-14 17:16:47 [INFO    ] base_test.py:30 — Logging in as default test user.
2026-08-14 17:16:47 [INFO    ] login_page.py:591 — ========== LOGIN FLOW START ==========
2026-08-14 17:16:48 [INFO    ] login_page.py:43 — Opening profile tab
2026-08-14 17:16:49 [INFO    ] login_page.py:53 — Profile tab open attempt 1/2
2026-08-14 17:16:49 [INFO    ] base_page.py:110 — Clicked: ('xpath', "//android.view.View[@clickable='true'][.//android.widget.TextView[@text='Profile']]")
2026-08-14 17:16:56 [ERROR   ] base_page.py:92 — None of the candidate locators became visible within 6s. Candidates: [('-android uiautomator', 'new UiSelector().textContains("Continue")'), ('class name', 'android.widget.EditText')]. Last error: None
2026-08-14 17:16:56 [INFO    ] screenshot_utils.py:54 — Screenshot saved: reports/screenshots/wait_for_any_visible_failed_20260814_171656.png
2026-08-14 17:16:56 [INFO    ] screenshot_utils.py:77 — Page source saved: reports/screenshots/wait_for_any_visible_failed_20260814_171656.xml
2026-08-14 17:16:56 [INFO    ] login_page.py:200 — Already logged in — 'Edit Profile' visible. noReset=true preserved a previous session. Navigating to home feed.
2026-08-14 17:16:57 [INFO    ] base_page.py:110 — Clicked: ('xpath', "//android.view.View[@clickable='true'][.//android.widget.TextView[@text='Home']]")
2026-08-14 17:16:57 [INFO    ] login_page.py:211 — Navigated to home tab.
2026-08-14 17:16:57 [INFO    ] login_page.py:608 — ========== LOGIN SKIPPED (ALREADY LOGGED IN) ==========
2026-08-14 17:16:57 [INFO    ] login_page.py:548 — Validating home page
2026-08-14 17:16:58 [INFO    ] login_page.py:558 — Home page displayed (exo_content_frame visible)
2026-08-14 17:16:58 [INFO    ] base_test.py:63 — login_and_reach_feed: COMPLETE
2026-08-14 17:16:58 [INFO    ] feed_page.py:807 — Swiping to next video
2026-08-14 17:17:02 [INFO    ] gestures.py:102 — Swipe up performed
2026-08-14 17:17:03 [INFO    ] base_page.py:235 — Page source changed.
2026-08-14 17:17:03 [INFO    ] feed_page.py:828 — Swiped to next video
2026-08-14 17:17:03 [INFO    ] test_feed.py:393 — TEST PASSED: Swipe to next video
2026-08-14 17:17:03 [INFO    ] conftest.py:305 — Closing driver session.
2026-08-14 17:17:03 [INFO    ] conftest.py:270 — ==================================================
2026-08-14 17:17:03 [INFO    ] conftest.py:271 — DRIVER SETUP START
2026-08-14 17:17:03 [INFO    ] conftest.py:272 — ==================================================
2026-08-14 17:17:03 [INFO    ] conftest.py:158 — Driver creation attempt 1/3
2026-08-14 17:17:04 [INFO    ] driver_factory.py:53 — ========== DRIVER CREATION START ==========
2026-08-14 17:17:04 [INFO    ] driver_factory.py:70 — Device: emulator | Env: qa | Platform: Android
2026-08-14 17:17:04 [INFO    ] driver_factory.py:136 — Device Name: Android Emulator
2026-08-14 17:17:04 [INFO    ] driver_factory.py:137 — UDID: emulator-5554
2026-08-14 17:17:04 [INFO    ] driver_factory.py:151 — App Package: com.zee5.hipi (noReset=true, activity not set)
2026-08-14 17:17:06 [INFO    ] driver_factory.py:112 — App launched by driver. Waiting for stabilization...
2026-08-14 17:17:08 [INFO    ] driver_factory.py:115 — ========== DRIVER CREATED SUCCESSFULLY ==========
2026-08-14 17:17:08 [INFO    ] conftest.py:281 — Driver created successfully.
2026-08-14 17:17:11 [INFO    ] popup_handler.py:122 — Checking for 'Get Started' screen...
2026-08-14 17:17:15 [INFO    ] popup_handler.py:134 — 'Get Started' screen not present — skipping.
2026-08-14 17:17:15 [INFO    ] conftest.py:196 — App readiness probe: HiPi is in foreground (com.zee5.hipi).
2026-08-14 17:17:15 [INFO    ] conftest.py:294 — DRIVER SETUP COMPLETE
2026-08-14 17:17:15 [INFO    ] base_test.py:20 — BaseTest setup completed.
2026-08-14 17:17:15 [INFO    ] test_login.py:140 — ========== SMOKE LOGIN START ==========
2026-08-14 17:17:15 [INFO    ] base_test.py:30 — Logging in as default test user.
2026-08-14 17:17:15 [INFO    ] login_page.py:591 — ========== LOGIN FLOW START ==========
2026-08-14 17:17:16 [INFO    ] login_page.py:43 — Opening profile tab
2026-08-14 17:17:17 [INFO    ] login_page.py:53 — Profile tab open attempt 1/2
2026-08-14 17:17:18 [INFO    ] base_page.py:110 — Clicked: ('xpath', "//android.view.View[@clickable='true'][.//android.widget.TextView[@text='Profile']]")
2026-08-14 17:17:24 [ERROR   ] base_page.py:92 — None of the candidate locators became visible within 6s. Candidates: [('-android uiautomator', 'new UiSelector().textContains("Continue")'), ('class name', 'android.widget.EditText')]. Last error: None
2026-08-14 17:17:24 [INFO    ] screenshot_utils.py:54 — Screenshot saved: reports/screenshots/wait_for_any_visible_failed_20260814_171724.png
2026-08-14 17:17:24 [INFO    ] screenshot_utils.py:77 — Page source saved: reports/screenshots/wait_for_any_visible_failed_20260814_171724.xml
2026-08-14 17:17:24 [INFO    ] login_page.py:200 — Already logged in — 'Edit Profile' visible. noReset=true preserved a previous session. Navigating to home feed.
2026-08-14 17:17:25 [INFO    ] base_page.py:110 — Clicked: ('xpath', "//android.view.View[@clickable='true'][.//android.widget.TextView[@text='Home']]")
2026-08-14 17:17:25 [INFO    ] login_page.py:211 — Navigated to home tab.
2026-08-14 17:17:25 [INFO    ] login_page.py:608 — ========== LOGIN SKIPPED (ALREADY LOGGED IN) ==========
2026-08-14 17:17:25 [INFO    ] test_login.py:148 — ========== SMOKE LOGIN SUCCESS ==========
2026-08-14 17:17:25 [INFO    ] conftest.py:305 — Closing driver session.
2026-08-14 17:17:25 [INFO    ] conftest.py:412 — ==================================================
2026-08-14 17:17:25 [INFO    ] conftest.py:413 — PYTEST SESSION END | Exit status: 1
2026-08-14 17:17:25 [INFO    ] conftest.py:414 — ==================================================
