2026-08-14 17:18:06 [INFO    ] conftest.py:406 — ==================================================
2026-08-14 17:18:06 [INFO    ] conftest.py:407 — PYTEST SESSION START
2026-08-14 17:18:06 [INFO    ] conftest.py:408 — ==================================================
2026-08-14 17:18:06 [INFO    ] conftest.py:270 — ==================================================
2026-08-14 17:18:06 [INFO    ] conftest.py:271 — DRIVER SETUP START
2026-08-14 17:18:06 [INFO    ] conftest.py:272 — ==================================================
2026-08-14 17:18:06 [INFO    ] conftest.py:158 — Driver creation attempt 1/3
2026-08-14 17:18:06 [INFO    ] driver_factory.py:53 — ========== DRIVER CREATION START ==========
2026-08-14 17:18:06 [INFO    ] driver_factory.py:70 — Device: emulator | Env: qa | Platform: Android
2026-08-14 17:18:06 [INFO    ] driver_factory.py:136 — Device Name: Android Emulator
2026-08-14 17:18:06 [INFO    ] driver_factory.py:137 — UDID: emulator-5554
2026-08-14 17:18:06 [INFO    ] driver_factory.py:151 — App Package: com.zee5.hipi (noReset=true, activity not set)
2026-08-14 17:18:09 [INFO    ] driver_factory.py:112 — App launched by driver. Waiting for stabilization...
2026-08-14 17:18:11 [INFO    ] driver_factory.py:115 — ========== DRIVER CREATED SUCCESSFULLY ==========
2026-08-14 17:18:11 [INFO    ] conftest.py:281 — Driver created successfully.
2026-08-14 17:18:15 [INFO    ] popup_handler.py:122 — Checking for 'Get Started' screen...
2026-08-14 17:18:18 [INFO    ] popup_handler.py:134 — 'Get Started' screen not present — skipping.
2026-08-14 17:18:18 [INFO    ] conftest.py:196 — App readiness probe: HiPi is in foreground (com.zee5.hipi).
2026-08-14 17:18:18 [INFO    ] conftest.py:294 — DRIVER SETUP COMPLETE
2026-08-14 17:18:18 [INFO    ] base_test.py:20 — BaseTest setup completed.
2026-08-14 17:18:18 [INFO    ] base_test.py:58 — login_and_reach_feed: START
2026-08-14 17:18:18 [INFO    ] base_test.py:30 — Logging in as default test user.
2026-08-14 17:18:18 [INFO    ] login_page.py:591 — ========== LOGIN FLOW START ==========
2026-08-14 17:18:19 [INFO    ] login_page.py:43 — Opening profile tab
2026-08-14 17:18:20 [INFO    ] login_page.py:53 — Profile tab open attempt 1/2
2026-08-14 17:18:20 [INFO    ] base_page.py:110 — Clicked: ('xpath', "//android.view.View[@clickable='true'][.//android.widget.TextView[@text='Profile']]")
2026-08-14 17:18:26 [ERROR   ] base_page.py:92 — None of the candidate locators became visible within 6s. Candidates: [('-android uiautomator', 'new UiSelector().textContains("Continue")'), ('class name', 'android.widget.EditText')]. Last error: None
2026-08-14 17:18:27 [INFO    ] screenshot_utils.py:54 — Screenshot saved: reports/screenshots/wait_for_any_visible_failed_20260814_171826.png
2026-08-14 17:18:27 [INFO    ] screenshot_utils.py:77 — Page source saved: reports/screenshots/wait_for_any_visible_failed_20260814_171827.xml
2026-08-14 17:18:27 [INFO    ] login_page.py:200 — Already logged in — 'Edit Profile' visible. noReset=true preserved a previous session. Navigating to home feed.
2026-08-14 17:18:27 [INFO    ] base_page.py:110 — Clicked: ('xpath', "//android.view.View[@clickable='true'][.//android.widget.TextView[@text='Home']]")
2026-08-14 17:18:27 [INFO    ] login_page.py:211 — Navigated to home tab.
2026-08-14 17:18:27 [INFO    ] login_page.py:608 — ========== LOGIN SKIPPED (ALREADY LOGGED IN) ==========
2026-08-14 17:18:27 [INFO    ] login_page.py:548 — Validating home page
2026-08-14 17:18:28 [INFO    ] login_page.py:558 — Home page displayed (exo_content_frame visible)
2026-08-14 17:18:28 [INFO    ] base_test.py:63 — login_and_reach_feed: COMPLETE
2026-08-14 17:18:28 [INFO    ] feed_page.py:153 — Liking current video
2026-08-14 17:18:30 [INFO    ] base_page.py:110 — Clicked: ('-android uiautomator', 'new UiSelector().className("android.widget.Button").instance(0)')
2026-08-14 17:18:30 [INFO    ] feed_page.py:163 — Video liked
2026-08-14 17:18:30 [INFO    ] test_feed.py:99 — TEST PASSED: Like video
2026-08-14 17:18:30 [INFO    ] conftest.py:305 — Closing driver session.
2026-08-14 17:18:31 [INFO    ] conftest.py:270 — ==================================================
2026-08-14 17:18:31 [INFO    ] conftest.py:271 — DRIVER SETUP START
2026-08-14 17:18:31 [INFO    ] conftest.py:272 — ==================================================
2026-08-14 17:18:31 [INFO    ] conftest.py:158 — Driver creation attempt 1/3
2026-08-14 17:18:31 [INFO    ] driver_factory.py:53 — ========== DRIVER CREATION START ==========
2026-08-14 17:18:31 [INFO    ] driver_factory.py:70 — Device: emulator | Env: qa | Platform: Android
2026-08-14 17:18:31 [INFO    ] driver_factory.py:136 — Device Name: Android Emulator
2026-08-14 17:18:31 [INFO    ] driver_factory.py:137 — UDID: emulator-5554
2026-08-14 17:18:31 [INFO    ] driver_factory.py:151 — App Package: com.zee5.hipi (noReset=true, activity not set)
2026-08-14 17:18:34 [INFO    ] driver_factory.py:112 — App launched by driver. Waiting for stabilization...
2026-08-14 17:18:36 [INFO    ] driver_factory.py:115 — ========== DRIVER CREATED SUCCESSFULLY ==========
2026-08-14 17:18:36 [INFO    ] conftest.py:281 — Driver created successfully.
2026-08-14 17:18:39 [INFO    ] popup_handler.py:122 — Checking for 'Get Started' screen...
2026-08-14 17:18:43 [INFO    ] popup_handler.py:134 — 'Get Started' screen not present — skipping.
2026-08-14 17:18:43 [INFO    ] conftest.py:196 — App readiness probe: HiPi is in foreground (com.zee5.hipi).
2026-08-14 17:18:43 [INFO    ] conftest.py:294 — DRIVER SETUP COMPLETE
2026-08-14 17:18:43 [INFO    ] base_test.py:20 — BaseTest setup completed.
2026-08-14 17:18:43 [INFO    ] base_test.py:58 — login_and_reach_feed: START
2026-08-14 17:18:43 [INFO    ] base_test.py:30 — Logging in as default test user.
2026-08-14 17:18:43 [INFO    ] login_page.py:591 — ========== LOGIN FLOW START ==========
2026-08-14 17:18:44 [INFO    ] login_page.py:43 — Opening profile tab
2026-08-14 17:18:45 [INFO    ] login_page.py:53 — Profile tab open attempt 1/2
2026-08-14 17:18:45 [INFO    ] base_page.py:110 — Clicked: ('xpath', "//android.view.View[@clickable='true'][.//android.widget.TextView[@text='Profile']]")
2026-08-14 17:18:51 [ERROR   ] base_page.py:92 — None of the candidate locators became visible within 6s. Candidates: [('-android uiautomator', 'new UiSelector().textContains("Continue")'), ('class name', 'android.widget.EditText')]. Last error: None
2026-08-14 17:18:52 [INFO    ] screenshot_utils.py:54 — Screenshot saved: reports/screenshots/wait_for_any_visible_failed_20260814_171851.png
2026-08-14 17:18:52 [INFO    ] screenshot_utils.py:77 — Page source saved: reports/screenshots/wait_for_any_visible_failed_20260814_171852.xml
2026-08-14 17:18:52 [INFO    ] login_page.py:200 — Already logged in — 'Edit Profile' visible. noReset=true preserved a previous session. Navigating to home feed.
2026-08-14 17:18:53 [INFO    ] base_page.py:110 — Clicked: ('xpath', "//android.view.View[@clickable='true'][.//android.widget.TextView[@text='Home']]")
2026-08-14 17:18:53 [INFO    ] login_page.py:211 — Navigated to home tab.
2026-08-14 17:18:53 [INFO    ] login_page.py:608 — ========== LOGIN SKIPPED (ALREADY LOGGED IN) ==========
2026-08-14 17:18:53 [INFO    ] login_page.py:548 — Validating home page
2026-08-14 17:18:55 [INFO    ] login_page.py:558 — Home page displayed (exo_content_frame visible)
2026-08-14 17:18:55 [INFO    ] base_test.py:63 — login_and_reach_feed: COMPLETE
2026-08-14 17:18:55 [INFO    ] feed_page.py:345 — Adding comment: Awesome 🔥
2026-08-14 17:18:55 [INFO    ] feed_page.py:235 — Opening comment sheet
2026-08-14 17:18:56 [INFO    ] base_page.py:110 — Clicked: ('-android uiautomator', 'new UiSelector().className("android.widget.Button").instance(1)')
2026-08-14 17:18:58 [INFO    ] feed_page.py:249 — Comment sheet opened
2026-08-14 17:18:59 [INFO    ] base_page.py:136 — Entered text 'Awesome 🔥' into ('xpath', "//*[@resource-id='com.zee5.hipi:id/etComment' or (@class='android.widget.EditText' and @package='com.zee5.hipi')]")
2026-08-14 17:18:59 [INFO    ] base_page.py:204 — Keyboard hidden.
2026-08-14 17:19:00 [INFO    ] base_page.py:110 — Clicked: ('xpath', "//*[@resource-id='com.zee5.hipi:id/ivSend' or (@content-desc='Send' and @package='com.zee5.hipi')]")
2026-08-14 17:19:02 [INFO    ] base_page.py:110 — Clicked: ('xpath', "//*[@resource-id='com.zee5.hipi:id/ivClose' or (@content-desc='Close' and @package='com.zee5.hipi')]")
2026-08-14 17:19:02 [INFO    ] feed_page.py:374 — Comment added
2026-08-14 17:19:02 [INFO    ] base_page.py:194 — Element ('xpath', "//*[@resource-id='com.zee5.hipi:id/etComment' or (@class='android.widget.EditText' and @package='com.zee5.hipi')]") disappeared.
2026-08-14 17:19:02 [INFO    ] test_feed.py:149 — TEST PASSED: Add comment
2026-08-14 17:19:02 [INFO    ] conftest.py:305 — Closing driver session.
2026-08-14 17:19:02 [INFO    ] conftest.py:270 — ==================================================
2026-08-14 17:19:02 [INFO    ] conftest.py:271 — DRIVER SETUP START
2026-08-14 17:19:02 [INFO    ] conftest.py:272 — ==================================================
2026-08-14 17:19:02 [INFO    ] conftest.py:158 — Driver creation attempt 1/3
2026-08-14 17:19:03 [INFO    ] driver_factory.py:53 — ========== DRIVER CREATION START ==========
2026-08-14 17:19:03 [INFO    ] driver_factory.py:70 — Device: emulator | Env: qa | Platform: Android
2026-08-14 17:19:03 [INFO    ] driver_factory.py:136 — Device Name: Android Emulator
2026-08-14 17:19:03 [INFO    ] driver_factory.py:137 — UDID: emulator-5554
2026-08-14 17:19:03 [INFO    ] driver_factory.py:151 — App Package: com.zee5.hipi (noReset=true, activity not set)
2026-08-14 17:19:06 [INFO    ] driver_factory.py:112 — App launched by driver. Waiting for stabilization...
2026-08-14 17:19:08 [INFO    ] driver_factory.py:115 — ========== DRIVER CREATED SUCCESSFULLY ==========
2026-08-14 17:19:08 [INFO    ] conftest.py:281 — Driver created successfully.
2026-08-14 17:19:11 [INFO    ] popup_handler.py:122 — Checking for 'Get Started' screen...
2026-08-14 17:19:15 [INFO    ] popup_handler.py:134 — 'Get Started' screen not present — skipping.
2026-08-14 17:19:15 [INFO    ] conftest.py:196 — App readiness probe: HiPi is in foreground (com.zee5.hipi).
2026-08-14 17:19:15 [INFO    ] conftest.py:294 — DRIVER SETUP COMPLETE
2026-08-14 17:19:15 [INFO    ] base_test.py:20 — BaseTest setup completed.
2026-08-14 17:19:15 [INFO    ] base_test.py:58 — login_and_reach_feed: START
2026-08-14 17:19:15 [INFO    ] base_test.py:30 — Logging in as default test user.
2026-08-14 17:19:15 [INFO    ] login_page.py:591 — ========== LOGIN FLOW START ==========
2026-08-14 17:19:16 [INFO    ] login_page.py:43 — Opening profile tab
2026-08-14 17:19:17 [INFO    ] login_page.py:53 — Profile tab open attempt 1/2
2026-08-14 17:19:17 [INFO    ] base_page.py:110 — Clicked: ('xpath', "//android.view.View[@clickable='true'][.//android.widget.TextView[@text='Profile']]")
2026-08-14 17:19:23 [ERROR   ] base_page.py:92 — None of the candidate locators became visible within 6s. Candidates: [('-android uiautomator', 'new UiSelector().textContains("Continue")'), ('class name', 'android.widget.EditText')]. Last error: None
2026-08-14 17:19:24 [INFO    ] screenshot_utils.py:54 — Screenshot saved: reports/screenshots/wait_for_any_visible_failed_20260814_171923.png
2026-08-14 17:19:24 [INFO    ] screenshot_utils.py:77 — Page source saved: reports/screenshots/wait_for_any_visible_failed_20260814_171924.xml
2026-08-14 17:19:24 [INFO    ] login_page.py:200 — Already logged in — 'Edit Profile' visible. noReset=true preserved a previous session. Navigating to home feed.
2026-08-14 17:19:25 [INFO    ] base_page.py:110 — Clicked: ('xpath', "//android.view.View[@clickable='true'][.//android.widget.TextView[@text='Home']]")
2026-08-14 17:19:25 [INFO    ] login_page.py:211 — Navigated to home tab.
2026-08-14 17:19:25 [INFO    ] login_page.py:608 — ========== LOGIN SKIPPED (ALREADY LOGGED IN) ==========
2026-08-14 17:19:25 [INFO    ] login_page.py:548 — Validating home page
2026-08-14 17:19:28 [INFO    ] login_page.py:558 — Home page displayed (exo_content_frame visible)
2026-08-14 17:19:28 [INFO    ] base_test.py:63 — login_and_reach_feed: COMPLETE
2026-08-14 17:19:28 [INFO    ] feed_page.py:567 — Pausing current reel
2026-08-14 17:19:38 [ERROR   ] base_page.py:59 — Element not clickable after 10s: ('xpath', "//android.view.View[@clickable='true'][.//android.widget.FrameLayout[@resource-id='com.zee5.hipi:id/exo_content_frame']]")
2026-08-14 17:19:39 [INFO    ] screenshot_utils.py:54 — Screenshot saved: reports/screenshots/element_not_clickable_//android.view.View[@clickable='true'][.//android.widget.FrameLayout[@resource-id='com.zee5.hipi:id/exo_content_frame']]_20260814_171938.png
2026-08-14 17:19:39 [ERROR   ] screenshot_utils.py:81 — Page source save failed: [Errno 2] No such file or directory: "reports/screenshots/element_not_clickable_//android.view.View[@clickable='true'][.//android.widget.FrameLayout[@resource-id='com.zee5.hipi:id/exo_content_frame']]_20260814_171939.xml"
2026-08-14 17:19:39 [ERROR   ] base_page.py:118 — Click failed on attempt 1 for ('xpath', "//android.view.View[@clickable='true'][.//android.widget.FrameLayout[@resource-id='com.zee5.hipi:id/exo_content_frame']]"): Message: 
Stacktrace:
NoSuchElementError: An element could not be located on the page using the given search parameters.
    at AndroidUiautomator2Driver.findElOrEls (/Users/vc.rajdeep.kumar/.appium/node_modules/appium-uiautomator2-driver/node_modules/appium-android-driver/build/lib/commands/find.js:62:15)
    at process.processTicksAndRejections (node:internal/process/task_queues:104:5)
    at async AndroidUiautomator2Driver.findElOrElsWithProcessing (/opt/homebrew/lib/node_modules/appium/node_modules/@appium/base-driver/build/lib/basedriver/commands/find.js:12:16)
    at async AndroidUiautomator2Driver.findElement (/opt/homebrew/lib/node_modules/appium/node_modules/@appium/base-driver/build/lib/basedriver/commands/find.js:27:16)
2026-08-14 17:19:39 [WARNING ] base_page.py:262 — Attempting to recover application state...
2026-08-14 17:19:42 [INFO    ] base_page.py:266 — App recovery attempt completed.
2026-08-14 17:19:53 [ERROR   ] base_page.py:59 — Element not clickable after 10s: ('xpath', "//android.view.View[@clickable='true'][.//android.widget.FrameLayout[@resource-id='com.zee5.hipi:id/exo_content_frame']]")
2026-08-14 17:19:55 [INFO    ] screenshot_utils.py:54 — Screenshot saved: reports/screenshots/element_not_clickable_//android.view.View[@clickable='true'][.//android.widget.FrameLayout[@resource-id='com.zee5.hipi:id/exo_content_frame']]_20260814_171953.png
2026-08-14 17:19:55 [ERROR   ] screenshot_utils.py:81 — Page source save failed: [Errno 2] No such file or directory: "reports/screenshots/element_not_clickable_//android.view.View[@clickable='true'][.//android.widget.FrameLayout[@resource-id='com.zee5.hipi:id/exo_content_frame']]_20260814_171955.xml"
2026-08-14 17:19:55 [ERROR   ] base_page.py:118 — Click failed on attempt 2 for ('xpath', "//android.view.View[@clickable='true'][.//android.widget.FrameLayout[@resource-id='com.zee5.hipi:id/exo_content_frame']]"): Message: 
Stacktrace:
NoSuchElementError: An element could not be located on the page using the given search parameters.
    at AndroidUiautomator2Driver.findElOrEls (/Users/vc.rajdeep.kumar/.appium/node_modules/appium-uiautomator2-driver/node_modules/appium-android-driver/build/lib/commands/find.js:62:15)
    at process.processTicksAndRejections (node:internal/process/task_queues:104:5)
    at async AndroidUiautomator2Driver.findElOrElsWithProcessing (/opt/homebrew/lib/node_modules/appium/node_modules/@appium/base-driver/build/lib/basedriver/commands/find.js:12:16)
    at async AndroidUiautomator2Driver.findElement (/opt/homebrew/lib/node_modules/appium/node_modules/@appium/base-driver/build/lib/basedriver/commands/find.js:27:16)
2026-08-14 17:19:55 [WARNING ] base_page.py:262 — Attempting to recover application state...
2026-08-14 17:19:58 [INFO    ] base_page.py:266 — App recovery attempt completed.
2026-08-14 17:20:08 [ERROR   ] base_page.py:59 — Element not clickable after 10s: ('xpath', "//android.view.View[@clickable='true'][.//android.widget.FrameLayout[@resource-id='com.zee5.hipi:id/exo_content_frame']]")
2026-08-14 17:20:09 [INFO    ] screenshot_utils.py:54 — Screenshot saved: reports/screenshots/element_not_clickable_//android.view.View[@clickable='true'][.//android.widget.FrameLayout[@resource-id='com.zee5.hipi:id/exo_content_frame']]_20260814_172008.png
2026-08-14 17:20:09 [ERROR   ] screenshot_utils.py:81 — Page source save failed: [Errno 2] No such file or directory: "reports/screenshots/element_not_clickable_//android.view.View[@clickable='true'][.//android.widget.FrameLayout[@resource-id='com.zee5.hipi:id/exo_content_frame']]_20260814_172009.xml"
2026-08-14 17:20:09 [ERROR   ] base_page.py:118 — Click failed on attempt 3 for ('xpath', "//android.view.View[@clickable='true'][.//android.widget.FrameLayout[@resource-id='com.zee5.hipi:id/exo_content_frame']]"): Message: 
Stacktrace:
NoSuchElementError: An element could not be located on the page using the given search parameters.
    at AndroidUiautomator2Driver.findElOrEls (/Users/vc.rajdeep.kumar/.appium/node_modules/appium-uiautomator2-driver/node_modules/appium-android-driver/build/lib/commands/find.js:62:15)
    at process.processTicksAndRejections (node:internal/process/task_queues:104:5)
    at async AndroidUiautomator2Driver.findElOrElsWithProcessing (/opt/homebrew/lib/node_modules/appium/node_modules/@appium/base-driver/build/lib/basedriver/commands/find.js:12:16)
    at async AndroidUiautomator2Driver.findElement (/opt/homebrew/lib/node_modules/appium/node_modules/@appium/base-driver/build/lib/basedriver/commands/find.js:27:16)
2026-08-14 17:20:09 [WARNING ] base_page.py:262 — Attempting to recover application state...
2026-08-14 17:20:12 [INFO    ] base_page.py:266 — App recovery attempt completed.
2026-08-14 17:20:13 [INFO    ] screenshot_utils.py:54 — Screenshot saved: reports/screenshots/click_failed_20260814_172012.png
2026-08-14 17:20:13 [INFO    ] screenshot_utils.py:77 — Page source saved: reports/screenshots/click_failed_20260814_172013.xml
2026-08-14 17:20:13 [ERROR   ] feed_page.py:585 — Pause reel failed: Unable to click ('xpath', "//android.view.View[@clickable='true'][.//android.widget.FrameLayout[@resource-id='com.zee5.hipi:id/exo_content_frame']]") after 3 retries. Last exception: Message: 
Stacktrace:
NoSuchElementError: An element could not be located on the page using the given search parameters.
    at AndroidUiautomator2Driver.findElOrEls (/Users/vc.rajdeep.kumar/.appium/node_modules/appium-uiautomator2-driver/node_modules/appium-android-driver/build/lib/commands/find.js:62:15)
    at process.processTicksAndRejections (node:internal/process/task_queues:104:5)
    at async AndroidUiautomator2Driver.findElOrElsWithProcessing (/opt/homebrew/lib/node_modules/appium/node_modules/@appium/base-driver/build/lib/basedriver/commands/find.js:12:16)
    at async AndroidUiautomator2Driver.findElement (/opt/homebrew/lib/node_modules/appium/node_modules/@appium/base-driver/build/lib/basedriver/commands/find.js:27:16)
2026-08-14 17:20:14 [INFO    ] screenshot_utils.py:54 — Screenshot saved: reports/screenshots/pause_reel_failed_20260814_172013.png
2026-08-14 17:20:14 [INFO    ] screenshot_utils.py:77 — Page source saved: reports/screenshots/pause_reel_failed_20260814_172014.xml
2026-08-14 17:20:15 [INFO    ] screenshot_utils.py:54 — Screenshot saved: reports/screenshots/test_pause_and_resume_reel_20260814_172014.png
2026-08-14 17:20:15 [INFO    ] screenshot_utils.py:77 — Page source saved: reports/screenshots/test_pause_and_resume_reel_20260814_172015.xml
2026-08-14 17:20:15 [ERROR   ] conftest.py:398 — Test FAILED: test_pause_and_resume_reel
2026-08-14 17:20:15 [INFO    ] conftest.py:305 — Closing driver session.
2026-08-14 17:20:16 [INFO    ] conftest.py:270 — ==================================================
2026-08-14 17:20:16 [INFO    ] conftest.py:271 — DRIVER SETUP START
2026-08-14 17:20:16 [INFO    ] conftest.py:272 — ==================================================
2026-08-14 17:20:16 [INFO    ] conftest.py:158 — Driver creation attempt 1/3
2026-08-14 17:20:16 [INFO    ] driver_factory.py:53 — ========== DRIVER CREATION START ==========
2026-08-14 17:20:16 [INFO    ] driver_factory.py:70 — Device: emulator | Env: qa | Platform: Android
2026-08-14 17:20:16 [INFO    ] driver_factory.py:136 — Device Name: Android Emulator
2026-08-14 17:20:16 [INFO    ] driver_factory.py:137 — UDID: emulator-5554
2026-08-14 17:20:16 [INFO    ] driver_factory.py:151 — App Package: com.zee5.hipi (noReset=true, activity not set)
2026-08-14 17:20:21 [INFO    ] driver_factory.py:112 — App launched by driver. Waiting for stabilization...
2026-08-14 17:20:23 [INFO    ] driver_factory.py:115 — ========== DRIVER CREATED SUCCESSFULLY ==========
2026-08-14 17:20:23 [INFO    ] conftest.py:281 — Driver created successfully.
2026-08-14 17:20:26 [INFO    ] popup_handler.py:122 — Checking for 'Get Started' screen...
2026-08-14 17:20:30 [INFO    ] popup_handler.py:134 — 'Get Started' screen not present — skipping.
2026-08-14 17:20:30 [INFO    ] conftest.py:196 — App readiness probe: HiPi is in foreground (com.zee5.hipi).
2026-08-14 17:20:30 [INFO    ] conftest.py:294 — DRIVER SETUP COMPLETE
2026-08-14 17:20:30 [INFO    ] base_test.py:20 — BaseTest setup completed.
2026-08-14 17:20:30 [INFO    ] base_test.py:58 — login_and_reach_feed: START
2026-08-14 17:20:30 [INFO    ] base_test.py:30 — Logging in as default test user.
2026-08-14 17:20:30 [INFO    ] login_page.py:591 — ========== LOGIN FLOW START ==========
2026-08-14 17:20:31 [INFO    ] login_page.py:43 — Opening profile tab
2026-08-14 17:20:32 [INFO    ] login_page.py:53 — Profile tab open attempt 1/2
2026-08-14 17:20:32 [INFO    ] base_page.py:110 — Clicked: ('xpath', "//android.view.View[@clickable='true'][.//android.widget.TextView[@text='Profile']]")
2026-08-14 17:20:38 [ERROR   ] base_page.py:92 — None of the candidate locators became visible within 6s. Candidates: [('-android uiautomator', 'new UiSelector().textContains("Continue")'), ('class name', 'android.widget.EditText')]. Last error: None
2026-08-14 17:20:39 [INFO    ] screenshot_utils.py:54 — Screenshot saved: reports/screenshots/wait_for_any_visible_failed_20260814_172038.png
2026-08-14 17:20:39 [INFO    ] screenshot_utils.py:77 — Page source saved: reports/screenshots/wait_for_any_visible_failed_20260814_172039.xml
2026-08-14 17:20:39 [INFO    ] login_page.py:200 — Already logged in — 'Edit Profile' visible. noReset=true preserved a previous session. Navigating to home feed.
2026-08-14 17:20:39 [INFO    ] base_page.py:110 — Clicked: ('xpath', "//android.view.View[@clickable='true'][.//android.widget.TextView[@text='Home']]")
2026-08-14 17:20:39 [INFO    ] login_page.py:211 — Navigated to home tab.
2026-08-14 17:20:39 [INFO    ] login_page.py:608 — ========== LOGIN SKIPPED (ALREADY LOGGED IN) ==========
2026-08-14 17:20:39 [INFO    ] login_page.py:548 — Validating home page
2026-08-14 17:20:43 [INFO    ] login_page.py:558 — Home page displayed (exo_content_frame visible)
2026-08-14 17:20:43 [INFO    ] base_test.py:63 — login_and_reach_feed: COMPLETE
2026-08-14 17:20:43 [INFO    ] feed_page.py:807 — Swiping to next video
2026-08-14 17:20:48 [INFO    ] gestures.py:102 — Swipe up performed
2026-08-14 17:20:49 [INFO    ] base_page.py:235 — Page source changed.
2026-08-14 17:20:50 [INFO    ] feed_page.py:828 — Swiped to next video
2026-08-14 17:20:50 [INFO    ] test_feed.py:393 — TEST PASSED: Swipe to next video
2026-08-14 17:20:50 [INFO    ] conftest.py:305 — Closing driver session.
2026-08-14 17:20:51 [INFO    ] conftest.py:270 — ==================================================
2026-08-14 17:20:51 [INFO    ] conftest.py:271 — DRIVER SETUP START
2026-08-14 17:20:51 [INFO    ] conftest.py:272 — ==================================================
2026-08-14 17:20:51 [INFO    ] conftest.py:158 — Driver creation attempt 1/3
2026-08-14 17:20:52 [INFO    ] driver_factory.py:53 — ========== DRIVER CREATION START ==========
2026-08-14 17:20:52 [INFO    ] driver_factory.py:70 — Device: emulator | Env: qa | Platform: Android
2026-08-14 17:20:52 [INFO    ] driver_factory.py:136 — Device Name: Android Emulator
2026-08-14 17:20:52 [INFO    ] driver_factory.py:137 — UDID: emulator-5554
2026-08-14 17:20:52 [INFO    ] driver_factory.py:151 — App Package: com.zee5.hipi (noReset=true, activity not set)
2026-08-14 17:20:57 [INFO    ] driver_factory.py:112 — App launched by driver. Waiting for stabilization...
2026-08-14 17:20:59 [INFO    ] driver_factory.py:115 — ========== DRIVER CREATED SUCCESSFULLY ==========
2026-08-14 17:20:59 [INFO    ] conftest.py:281 — Driver created successfully.
2026-08-14 17:21:02 [INFO    ] popup_handler.py:122 — Checking for 'Get Started' screen...
2026-08-14 17:21:06 [INFO    ] popup_handler.py:134 — 'Get Started' screen not present — skipping.
2026-08-14 17:21:06 [INFO    ] conftest.py:196 — App readiness probe: HiPi is in foreground (com.zee5.hipi).
2026-08-14 17:21:06 [INFO    ] conftest.py:294 — DRIVER SETUP COMPLETE
2026-08-14 17:21:06 [INFO    ] base_test.py:20 — BaseTest setup completed.
2026-08-14 17:21:06 [INFO    ] test_login.py:140 — ========== SMOKE LOGIN START ==========
2026-08-14 17:21:06 [INFO    ] base_test.py:30 — Logging in as default test user.
2026-08-14 17:21:06 [INFO    ] login_page.py:591 — ========== LOGIN FLOW START ==========
2026-08-14 17:21:07 [INFO    ] login_page.py:43 — Opening profile tab
2026-08-14 17:21:08 [INFO    ] login_page.py:53 — Profile tab open attempt 1/2
2026-08-14 17:21:08 [INFO    ] base_page.py:110 — Clicked: ('xpath', "//android.view.View[@clickable='true'][.//android.widget.TextView[@text='Profile']]")
2026-08-14 17:21:14 [ERROR   ] base_page.py:92 — None of the candidate locators became visible within 6s. Candidates: [('-android uiautomator', 'new UiSelector().textContains("Continue")'), ('class name', 'android.widget.EditText')]. Last error: None
2026-08-14 17:21:15 [INFO    ] screenshot_utils.py:54 — Screenshot saved: reports/screenshots/wait_for_any_visible_failed_20260814_172114.png
2026-08-14 17:21:15 [INFO    ] screenshot_utils.py:77 — Page source saved: reports/screenshots/wait_for_any_visible_failed_20260814_172115.xml
2026-08-14 17:21:15 [INFO    ] login_page.py:200 — Already logged in — 'Edit Profile' visible. noReset=true preserved a previous session. Navigating to home feed.
2026-08-14 17:21:16 [INFO    ] base_page.py:110 — Clicked: ('xpath', "//android.view.View[@clickable='true'][.//android.widget.TextView[@text='Home']]")
2026-08-14 17:21:16 [INFO    ] login_page.py:211 — Navigated to home tab.
2026-08-14 17:21:16 [INFO    ] login_page.py:608 — ========== LOGIN SKIPPED (ALREADY LOGGED IN) ==========
2026-08-14 17:21:16 [INFO    ] test_login.py:148 — ========== SMOKE LOGIN SUCCESS ==========
2026-08-14 17:21:16 [INFO    ] conftest.py:305 — Closing driver session.
2026-08-14 17:21:17 [INFO    ] conftest.py:412 — ==================================================
2026-08-14 17:21:17 [INFO    ] conftest.py:413 — PYTEST SESSION END | Exit status: 1
2026-08-14 17:21:17 [INFO    ] conftest.py:414 — ==================================================
