2026-08-14 14:06:59 [INFO    ] conftest.py:389 — ==================================================
2026-08-14 14:06:59 [INFO    ] conftest.py:390 — PYTEST SESSION START
2026-08-14 14:06:59 [INFO    ] conftest.py:391 — ==================================================
2026-08-14 14:06:59 [INFO    ] conftest.py:253 — ==================================================
2026-08-14 14:06:59 [INFO    ] conftest.py:254 — DRIVER SETUP START
2026-08-14 14:06:59 [INFO    ] conftest.py:255 — ==================================================
2026-08-14 14:06:59 [INFO    ] conftest.py:141 — Driver creation attempt 1/2
2026-08-14 14:07:09 [INFO    ] driver_factory.py:53 — ========== DRIVER CREATION START ==========
2026-08-14 14:07:09 [INFO    ] driver_factory.py:70 — Device: emulator | Env: qa | Platform: Android
2026-08-14 14:07:09 [INFO    ] driver_factory.py:136 — Device Name: Android Emulator
2026-08-14 14:07:09 [INFO    ] driver_factory.py:137 — UDID: emulator-5554
2026-08-14 14:07:09 [INFO    ] driver_factory.py:151 — App Package: com.zee5.hipi (noReset=true, activity not set)
2026-08-14 14:08:09 [ERROR   ] conftest.py:149 — Attempt 1 failed: Message: Error getting device API level. Original error: Error executing adbExec. Original error: 'Command '/Users/vc.rajdeep.kumar/Library/Android/sdk/platform-tools/adb -P 5037 -s emulator-5554 shell getprop ro.build.version.sdk' timed out after 30000ms'. Try to increase the 30000ms adb execution timeout represented by 'adbExecTimeout' capability
Stacktrace:
UnknownError: Error getting device API level. Original error: Error executing adbExec. Original error: 'Command '/Users/vc.rajdeep.kumar/Library/Android/sdk/platform-tools/adb -P 5037 -s emulator-5554 shell getprop ro.build.version.sdk' timed out after 30000ms'. Try to increase the 30000ms adb execution timeout represented by 'adbExecTimeout' capability
    at getResponseForW3CError (/opt/homebrew/lib/node_modules/appium/node_modules/@appium/base-driver/build/lib/protocol/errors.js:824:36)
    at asyncHandler (/opt/homebrew/lib/node_modules/appium/node_modules/@appium/base-driver/build/lib/protocol/protocol.js:430:77)
The above error is caused by
Error: Error getting device API level. Original error: Error executing adbExec. Original error: 'Command '/Users/vc.rajdeep.kumar/Library/Android/sdk/platform-tools/adb -P 5037 -s emulator-5554 shell getprop ro.build.version.sdk' timed out after 30000ms'. Try to increase the 30000ms adb execution timeout represented by 'adbExecTimeout' capability
    at ADB.getApiLevel (/Users/vc.rajdeep.kumar/.appium/node_modules/appium-uiautomator2-driver/node_modules/appium-adb/build/lib/tools/general-commands.js:101:19)
    at async AndroidUiautomator2Driver.deleteSession (/Users/vc.rajdeep.kumar/.appium/node_modules/appium-uiautomator2-driver/build/lib/driver.js:697:18)
    at async AndroidUiautomator2Driver.createSession (/Users/vc.rajdeep.kumar/.appium/node_modules/appium-uiautomator2-driver/build/lib/driver.js:258:13)
    at async AppiumDriver.createSession (/opt/homebrew/lib/node_modules/appium/build/lib/appium.js:324:43)
2026-08-14 14:08:09 [INFO    ] conftest.py:157 — Waiting 3s before retry...
2026-08-14 14:08:12 [INFO    ] conftest.py:141 — Driver creation attempt 2/2
2026-08-14 14:08:22 [INFO    ] driver_factory.py:53 — ========== DRIVER CREATION START ==========
2026-08-14 14:08:22 [INFO    ] driver_factory.py:70 — Device: emulator | Env: qa | Platform: Android
2026-08-14 14:08:22 [INFO    ] driver_factory.py:136 — Device Name: Android Emulator
2026-08-14 14:08:22 [INFO    ] driver_factory.py:137 — UDID: emulator-5554
2026-08-14 14:08:22 [INFO    ] driver_factory.py:151 — App Package: com.zee5.hipi (noReset=true, activity not set)
2026-08-14 14:09:22 [ERROR   ] conftest.py:149 — Attempt 2 failed: Message: Error getting device API level. Original error: Error executing adbExec. Original error: 'Command '/Users/vc.rajdeep.kumar/Library/Android/sdk/platform-tools/adb -P 5037 -s emulator-5554 shell getprop ro.build.version.sdk' timed out after 30000ms'. Try to increase the 30000ms adb execution timeout represented by 'adbExecTimeout' capability
Stacktrace:
UnknownError: Error getting device API level. Original error: Error executing adbExec. Original error: 'Command '/Users/vc.rajdeep.kumar/Library/Android/sdk/platform-tools/adb -P 5037 -s emulator-5554 shell getprop ro.build.version.sdk' timed out after 30000ms'. Try to increase the 30000ms adb execution timeout represented by 'adbExecTimeout' capability
    at getResponseForW3CError (/opt/homebrew/lib/node_modules/appium/node_modules/@appium/base-driver/build/lib/protocol/errors.js:824:36)
    at asyncHandler (/opt/homebrew/lib/node_modules/appium/node_modules/@appium/base-driver/build/lib/protocol/protocol.js:430:77)
The above error is caused by
Error: Error getting device API level. Original error: Error executing adbExec. Original error: 'Command '/Users/vc.rajdeep.kumar/Library/Android/sdk/platform-tools/adb -P 5037 -s emulator-5554 shell getprop ro.build.version.sdk' timed out after 30000ms'. Try to increase the 30000ms adb execution timeout represented by 'adbExecTimeout' capability
    at ADB.getApiLevel (/Users/vc.rajdeep.kumar/.appium/node_modules/appium-uiautomator2-driver/node_modules/appium-adb/build/lib/tools/general-commands.js:101:19)
    at async AndroidUiautomator2Driver.deleteSession (/Users/vc.rajdeep.kumar/.appium/node_modules/appium-uiautomator2-driver/build/lib/driver.js:697:18)
    at async AndroidUiautomator2Driver.createSession (/Users/vc.rajdeep.kumar/.appium/node_modules/appium-uiautomator2-driver/build/lib/driver.js:258:13)
    at async AppiumDriver.createSession (/opt/homebrew/lib/node_modules/appium/build/lib/appium.js:324:43)
2026-08-14 14:09:22 [ERROR   ] conftest.py:281 — Driver fixture setup failed: Driver creation failed after 2 attempts: Message: Error getting device API level. Original error: Error executing adbExec. Original error: 'Command '/Users/vc.rajdeep.kumar/Library/Android/sdk/platform-tools/adb -P 5037 -s emulator-5554 shell getprop ro.build.version.sdk' timed out after 30000ms'. Try to increase the 30000ms adb execution timeout represented by 'adbExecTimeout' capability
Stacktrace:
UnknownError: Error getting device API level. Original error: Error executing adbExec. Original error: 'Command '/Users/vc.rajdeep.kumar/Library/Android/sdk/platform-tools/adb -P 5037 -s emulator-5554 shell getprop ro.build.version.sdk' timed out after 30000ms'. Try to increase the 30000ms adb execution timeout represented by 'adbExecTimeout' capability
    at getResponseForW3CError (/opt/homebrew/lib/node_modules/appium/node_modules/@appium/base-driver/build/lib/protocol/errors.js:824:36)
    at asyncHandler (/opt/homebrew/lib/node_modules/appium/node_modules/@appium/base-driver/build/lib/protocol/protocol.js:430:77)
The above error is caused by
Error: Error getting device API level. Original error: Error executing adbExec. Original error: 'Command '/Users/vc.rajdeep.kumar/Library/Android/sdk/platform-tools/adb -P 5037 -s emulator-5554 shell getprop ro.build.version.sdk' timed out after 30000ms'. Try to increase the 30000ms adb execution timeout represented by 'adbExecTimeout' capability
    at ADB.getApiLevel (/Users/vc.rajdeep.kumar/.appium/node_modules/appium-uiautomator2-driver/node_modules/appium-adb/build/lib/tools/general-commands.js:101:19)
    at async AndroidUiautomator2Driver.deleteSession (/Users/vc.rajdeep.kumar/.appium/node_modules/appium-uiautomator2-driver/build/lib/driver.js:697:18)
    at async AndroidUiautomator2Driver.createSession (/Users/vc.rajdeep.kumar/.appium/node_modules/appium-uiautomator2-driver/build/lib/driver.js:258:13)
    at async AppiumDriver.createSession (/opt/homebrew/lib/node_modules/appium/build/lib/appium.js:324:43)
2026-08-14 14:09:22 [INFO    ] conftest.py:253 — ==================================================
2026-08-14 14:09:22 [INFO    ] conftest.py:254 — DRIVER SETUP START
2026-08-14 14:09:22 [INFO    ] conftest.py:255 — ==================================================
2026-08-14 14:09:22 [INFO    ] conftest.py:141 — Driver creation attempt 1/2
2026-08-14 14:09:32 [INFO    ] driver_factory.py:53 — ========== DRIVER CREATION START ==========
2026-08-14 14:09:32 [INFO    ] driver_factory.py:70 — Device: emulator | Env: qa | Platform: Android
2026-08-14 14:09:32 [INFO    ] driver_factory.py:136 — Device Name: Android Emulator
2026-08-14 14:09:32 [INFO    ] driver_factory.py:137 — UDID: emulator-5554
2026-08-14 14:09:32 [INFO    ] driver_factory.py:151 — App Package: com.zee5.hipi (noReset=true, activity not set)
2026-08-14 14:10:09 [ERROR   ] conftest.py:149 — Attempt 1 failed: Message: Error getting device API level. Original error: Error executing adbExec. Original error: 'Command '/Users/vc.rajdeep.kumar/Library/Android/sdk/platform-tools/adb -P 5037 -s emulator-5554 shell getprop ro.build.version.sdk' exited with code 1'; Command output: error: closed

Stacktrace:
UnknownError: Error getting device API level. Original error: Error executing adbExec. Original error: 'Command '/Users/vc.rajdeep.kumar/Library/Android/sdk/platform-tools/adb -P 5037 -s emulator-5554 shell getprop ro.build.version.sdk' exited with code 1'; Command output: error: closed

    at getResponseForW3CError (/opt/homebrew/lib/node_modules/appium/node_modules/@appium/base-driver/build/lib/protocol/errors.js:824:36)
    at asyncHandler (/opt/homebrew/lib/node_modules/appium/node_modules/@appium/base-driver/build/lib/protocol/protocol.js:430:77)
The above error is caused by
Error: Error getting device API level. Original error: Error executing adbExec. Original error: 'Command '/Users/vc.rajdeep.kumar/Library/Android/sdk/platform-tools/adb -P 5037 -s emulator-5554 shell getprop ro.build.version.sdk' exited with code 1'; Command output: error: closed

    at ADB.getApiLevel (/Users/vc.rajdeep.kumar/.appium/node_modules/appium-uiautomator2-driver/node_modules/appium-adb/build/lib/tools/general-commands.js:101:19)
    at async AndroidUiautomator2Driver.deleteSession (/Users/vc.rajdeep.kumar/.appium/node_modules/appium-uiautomator2-driver/build/lib/driver.js:697:18)
    at async AndroidUiautomator2Driver.createSession (/Users/vc.rajdeep.kumar/.appium/node_modules/appium-uiautomator2-driver/build/lib/driver.js:258:13)
    at async AppiumDriver.createSession (/opt/homebrew/lib/node_modules/appium/build/lib/appium.js:324:43)
2026-08-14 14:10:09 [INFO    ] conftest.py:157 — Waiting 3s before retry...
2026-08-14 14:10:12 [INFO    ] conftest.py:141 — Driver creation attempt 2/2
2026-08-14 14:10:13 [INFO    ] driver_factory.py:53 — ========== DRIVER CREATION START ==========
2026-08-14 14:10:13 [INFO    ] driver_factory.py:70 — Device: emulator | Env: qa | Platform: Android
2026-08-14 14:10:13 [INFO    ] driver_factory.py:136 — Device Name: Android Emulator
2026-08-14 14:10:13 [INFO    ] driver_factory.py:137 — UDID: emulator-5554
2026-08-14 14:10:13 [INFO    ] driver_factory.py:151 — App Package: com.zee5.hipi (noReset=true, activity not set)
2026-08-14 14:10:31 [INFO    ] driver_factory.py:112 — App launched by driver. Waiting for stabilization...
2026-08-14 14:10:33 [INFO    ] driver_factory.py:115 — ========== DRIVER CREATED SUCCESSFULLY ==========
2026-08-14 14:10:33 [INFO    ] conftest.py:264 — Driver created successfully.
2026-08-14 14:10:36 [INFO    ] popup_handler.py:122 — Checking for 'Get Started' screen...
2026-08-14 14:10:40 [INFO    ] popup_handler.py:134 — 'Get Started' screen not present — skipping.
2026-08-14 14:10:41 [INFO    ] conftest.py:179 — App readiness probe: HiPi is in foreground (com.zee5.hipi).
2026-08-14 14:10:41 [INFO    ] conftest.py:277 — DRIVER SETUP COMPLETE
2026-08-14 14:10:41 [INFO    ] base_test.py:20 — BaseTest setup completed.
2026-08-14 14:10:41 [INFO    ] test_login.py:55 — ========== LOGIN TEST START ==========
2026-08-14 14:10:41 [INFO    ] test_login.py:59 — TEST TYPE: invalid_otp
2026-08-14 14:10:41 [INFO    ] conftest.py:288 — Closing driver session.
2026-08-14 14:10:41 [INFO    ] conftest.py:253 — ==================================================
2026-08-14 14:10:41 [INFO    ] conftest.py:254 — DRIVER SETUP START
2026-08-14 14:10:41 [INFO    ] conftest.py:255 — ==================================================
2026-08-14 14:10:41 [INFO    ] conftest.py:141 — Driver creation attempt 1/2
2026-08-14 14:10:41 [INFO    ] driver_factory.py:53 — ========== DRIVER CREATION START ==========
2026-08-14 14:10:41 [INFO    ] driver_factory.py:70 — Device: emulator | Env: qa | Platform: Android
2026-08-14 14:10:41 [INFO    ] driver_factory.py:136 — Device Name: Android Emulator
2026-08-14 14:10:41 [INFO    ] driver_factory.py:137 — UDID: emulator-5554
2026-08-14 14:10:41 [INFO    ] driver_factory.py:151 — App Package: com.zee5.hipi (noReset=true, activity not set)
2026-08-14 14:10:46 [INFO    ] driver_factory.py:112 — App launched by driver. Waiting for stabilization...
2026-08-14 14:10:48 [INFO    ] driver_factory.py:115 — ========== DRIVER CREATED SUCCESSFULLY ==========
2026-08-14 14:10:48 [INFO    ] conftest.py:264 — Driver created successfully.
2026-08-14 14:10:52 [INFO    ] popup_handler.py:122 — Checking for 'Get Started' screen...
2026-08-14 14:10:55 [INFO    ] popup_handler.py:134 — 'Get Started' screen not present — skipping.
2026-08-14 14:10:56 [INFO    ] conftest.py:179 — App readiness probe: HiPi is in foreground (com.zee5.hipi).
2026-08-14 14:10:56 [INFO    ] conftest.py:277 — DRIVER SETUP COMPLETE
2026-08-14 14:10:56 [INFO    ] base_test.py:20 — BaseTest setup completed.
2026-08-14 14:10:56 [INFO    ] test_login.py:55 — ========== LOGIN TEST START ==========
2026-08-14 14:10:56 [INFO    ] test_login.py:59 — TEST TYPE: invalid_otp
2026-08-14 14:10:56 [INFO    ] conftest.py:288 — Closing driver session.
2026-08-14 14:10:57 [INFO    ] conftest.py:253 — ==================================================
2026-08-14 14:10:57 [INFO    ] conftest.py:254 — DRIVER SETUP START
2026-08-14 14:10:57 [INFO    ] conftest.py:255 — ==================================================
2026-08-14 14:10:57 [INFO    ] conftest.py:141 — Driver creation attempt 1/2
2026-08-14 14:10:58 [INFO    ] driver_factory.py:53 — ========== DRIVER CREATION START ==========
2026-08-14 14:10:58 [INFO    ] driver_factory.py:70 — Device: emulator | Env: qa | Platform: Android
2026-08-14 14:10:58 [INFO    ] driver_factory.py:136 — Device Name: Android Emulator
2026-08-14 14:10:58 [INFO    ] driver_factory.py:137 — UDID: emulator-5554
2026-08-14 14:10:58 [INFO    ] driver_factory.py:151 — App Package: com.zee5.hipi (noReset=true, activity not set)
2026-08-14 14:11:02 [INFO    ] driver_factory.py:112 — App launched by driver. Waiting for stabilization...
2026-08-14 14:11:04 [INFO    ] driver_factory.py:115 — ========== DRIVER CREATED SUCCESSFULLY ==========
2026-08-14 14:11:04 [INFO    ] conftest.py:264 — Driver created successfully.
2026-08-14 14:11:07 [INFO    ] popup_handler.py:122 — Checking for 'Get Started' screen...
2026-08-14 14:11:11 [INFO    ] popup_handler.py:134 — 'Get Started' screen not present — skipping.
2026-08-14 14:11:11 [INFO    ] conftest.py:179 — App readiness probe: HiPi is in foreground (com.zee5.hipi).
2026-08-14 14:11:11 [INFO    ] conftest.py:277 — DRIVER SETUP COMPLETE
2026-08-14 14:11:11 [INFO    ] base_test.py:20 — BaseTest setup completed.
2026-08-14 14:11:11 [INFO    ] test_login.py:55 — ========== LOGIN TEST START ==========
2026-08-14 14:11:11 [INFO    ] test_login.py:59 — TEST TYPE: short_otp
2026-08-14 14:11:11 [INFO    ] conftest.py:288 — Closing driver session.
2026-08-14 14:11:11 [INFO    ] conftest.py:253 — ==================================================
2026-08-14 14:11:11 [INFO    ] conftest.py:254 — DRIVER SETUP START
2026-08-14 14:11:11 [INFO    ] conftest.py:255 — ==================================================
2026-08-14 14:11:11 [INFO    ] conftest.py:141 — Driver creation attempt 1/2
2026-08-14 14:11:11 [INFO    ] driver_factory.py:53 — ========== DRIVER CREATION START ==========
2026-08-14 14:11:11 [INFO    ] driver_factory.py:70 — Device: emulator | Env: qa | Platform: Android
2026-08-14 14:11:11 [INFO    ] driver_factory.py:136 — Device Name: Android Emulator
2026-08-14 14:11:11 [INFO    ] driver_factory.py:137 — UDID: emulator-5554
2026-08-14 14:11:11 [INFO    ] driver_factory.py:151 — App Package: com.zee5.hipi (noReset=true, activity not set)
2026-08-14 14:11:15 [INFO    ] driver_factory.py:112 — App launched by driver. Waiting for stabilization...
2026-08-14 14:11:17 [INFO    ] driver_factory.py:115 — ========== DRIVER CREATED SUCCESSFULLY ==========
2026-08-14 14:11:17 [INFO    ] conftest.py:264 — Driver created successfully.
2026-08-14 14:11:20 [INFO    ] popup_handler.py:122 — Checking for 'Get Started' screen...
2026-08-14 14:11:23 [INFO    ] popup_handler.py:134 — 'Get Started' screen not present — skipping.
2026-08-14 14:11:23 [INFO    ] conftest.py:179 — App readiness probe: HiPi is in foreground (com.zee5.hipi).
2026-08-14 14:11:23 [INFO    ] conftest.py:277 — DRIVER SETUP COMPLETE
2026-08-14 14:11:23 [INFO    ] base_test.py:20 — BaseTest setup completed.
2026-08-14 14:11:23 [INFO    ] test_login.py:55 — ========== LOGIN TEST START ==========
2026-08-14 14:11:23 [INFO    ] test_login.py:59 — TEST TYPE: short_otp
2026-08-14 14:11:23 [INFO    ] conftest.py:288 — Closing driver session.
2026-08-14 14:11:24 [INFO    ] conftest.py:253 — ==================================================
2026-08-14 14:11:24 [INFO    ] conftest.py:254 — DRIVER SETUP START
2026-08-14 14:11:24 [INFO    ] conftest.py:255 — ==================================================
2026-08-14 14:11:24 [INFO    ] conftest.py:141 — Driver creation attempt 1/2
2026-08-14 14:11:24 [INFO    ] driver_factory.py:53 — ========== DRIVER CREATION START ==========
2026-08-14 14:11:24 [INFO    ] driver_factory.py:70 — Device: emulator | Env: qa | Platform: Android
2026-08-14 14:11:24 [INFO    ] driver_factory.py:136 — Device Name: Android Emulator
2026-08-14 14:11:24 [INFO    ] driver_factory.py:137 — UDID: emulator-5554
2026-08-14 14:11:24 [INFO    ] driver_factory.py:151 — App Package: com.zee5.hipi (noReset=true, activity not set)
2026-08-14 14:11:31 [INFO    ] driver_factory.py:112 — App launched by driver. Waiting for stabilization...
2026-08-14 14:11:33 [INFO    ] driver_factory.py:115 — ========== DRIVER CREATED SUCCESSFULLY ==========
2026-08-14 14:11:33 [INFO    ] conftest.py:264 — Driver created successfully.
2026-08-14 14:11:36 [INFO    ] popup_handler.py:122 — Checking for 'Get Started' screen...
2026-08-14 14:11:40 [INFO    ] popup_handler.py:134 — 'Get Started' screen not present — skipping.
2026-08-14 14:11:41 [INFO    ] conftest.py:179 — App readiness probe: HiPi is in foreground (com.zee5.hipi).
2026-08-14 14:11:41 [INFO    ] conftest.py:277 — DRIVER SETUP COMPLETE
2026-08-14 14:11:41 [INFO    ] base_test.py:20 — BaseTest setup completed.
2026-08-14 14:11:41 [INFO    ] test_login.py:55 — ========== LOGIN TEST START ==========
2026-08-14 14:11:41 [INFO    ] test_login.py:59 — TEST TYPE: short_otp
2026-08-14 14:11:41 [INFO    ] conftest.py:288 — Closing driver session.
2026-08-14 14:11:41 [INFO    ] conftest.py:253 — ==================================================
2026-08-14 14:11:41 [INFO    ] conftest.py:254 — DRIVER SETUP START
2026-08-14 14:11:41 [INFO    ] conftest.py:255 — ==================================================
2026-08-14 14:11:41 [INFO    ] conftest.py:141 — Driver creation attempt 1/2
2026-08-14 14:11:41 [INFO    ] driver_factory.py:53 — ========== DRIVER CREATION START ==========
2026-08-14 14:11:41 [INFO    ] driver_factory.py:70 — Device: emulator | Env: qa | Platform: Android
2026-08-14 14:11:41 [INFO    ] driver_factory.py:136 — Device Name: Android Emulator
2026-08-14 14:11:41 [INFO    ] driver_factory.py:137 — UDID: emulator-5554
2026-08-14 14:11:41 [INFO    ] driver_factory.py:151 — App Package: com.zee5.hipi (noReset=true, activity not set)
2026-08-14 14:11:44 [INFO    ] driver_factory.py:112 — App launched by driver. Waiting for stabilization...
2026-08-14 14:11:46 [INFO    ] driver_factory.py:115 — ========== DRIVER CREATED SUCCESSFULLY ==========
2026-08-14 14:11:46 [INFO    ] conftest.py:264 — Driver created successfully.
2026-08-14 14:11:50 [INFO    ] popup_handler.py:122 — Checking for 'Get Started' screen...
2026-08-14 14:11:54 [INFO    ] popup_handler.py:134 — 'Get Started' screen not present — skipping.
2026-08-14 14:11:54 [INFO    ] conftest.py:179 — App readiness probe: HiPi is in foreground (com.zee5.hipi).
2026-08-14 14:11:54 [INFO    ] conftest.py:277 — DRIVER SETUP COMPLETE
2026-08-14 14:11:54 [INFO    ] base_test.py:20 — BaseTest setup completed.
2026-08-14 14:11:54 [INFO    ] test_login.py:140 — ========== SMOKE LOGIN START ==========
2026-08-14 14:11:54 [INFO    ] base_test.py:30 — Logging in as default test user.
2026-08-14 14:11:54 [INFO    ] login_page.py:580 — ========== LOGIN FLOW START ==========
2026-08-14 14:11:55 [INFO    ] login_page.py:43 — Opening profile tab
2026-08-14 14:11:56 [INFO    ] login_page.py:53 — Profile tab open attempt 1/2
2026-08-14 14:11:57 [INFO    ] base_page.py:110 — Clicked: ('xpath', "//android.view.View[@clickable='true'][.//android.widget.TextView[@text='Profile']]")
2026-08-14 14:12:03 [ERROR   ] base_page.py:92 — None of the candidate locators became visible within 6s. Candidates: [('-android uiautomator', 'new UiSelector().textContains("Continue")'), ('class name', 'android.widget.EditText')]. Last error: None
2026-08-14 14:12:03 [INFO    ] screenshot_utils.py:54 — Screenshot saved: reports/screenshots/wait_for_any_visible_failed_20260814_141203.png
2026-08-14 14:12:03 [INFO    ] screenshot_utils.py:77 — Page source saved: reports/screenshots/wait_for_any_visible_failed_20260814_141203.xml
2026-08-14 14:12:03 [INFO    ] login_page.py:201 — Already logged in — 'Edit Profile' visible. noReset=true preserved a previous session. Navigating to home feed.
2026-08-14 14:12:06 [INFO    ] base_page.py:110 — Clicked: ('xpath', "//android.view.View[@clickable='true'][.//android.widget.TextView[@text='Home']]")
2026-08-14 14:12:06 [INFO    ] login_page.py:213 — Navigated to home tab.
2026-08-14 14:12:06 [INFO    ] login_page.py:597 — ========== LOGIN SKIPPED (ALREADY LOGGED IN) ==========
2026-08-14 14:12:06 [INFO    ] test_login.py:148 — ========== SMOKE LOGIN SUCCESS ==========
2026-08-14 14:12:06 [INFO    ] conftest.py:288 — Closing driver session.
2026-08-14 14:12:07 [INFO    ] conftest.py:253 — ==================================================
2026-08-14 14:12:07 [INFO    ] conftest.py:254 — DRIVER SETUP START
2026-08-14 14:12:07 [INFO    ] conftest.py:255 — ==================================================
2026-08-14 14:12:07 [INFO    ] conftest.py:141 — Driver creation attempt 1/2
2026-08-14 14:12:07 [INFO    ] driver_factory.py:53 — ========== DRIVER CREATION START ==========
2026-08-14 14:12:07 [INFO    ] driver_factory.py:70 — Device: emulator | Env: qa | Platform: Android
2026-08-14 14:12:07 [INFO    ] driver_factory.py:136 — Device Name: Android Emulator
2026-08-14 14:12:07 [INFO    ] driver_factory.py:137 — UDID: emulator-5554
2026-08-14 14:12:07 [INFO    ] driver_factory.py:151 — App Package: com.zee5.hipi (noReset=true, activity not set)
2026-08-14 14:12:11 [INFO    ] driver_factory.py:112 — App launched by driver. Waiting for stabilization...
2026-08-14 14:12:13 [INFO    ] driver_factory.py:115 — ========== DRIVER CREATED SUCCESSFULLY ==========
2026-08-14 14:12:13 [INFO    ] conftest.py:264 — Driver created successfully.
2026-08-14 14:12:17 [INFO    ] popup_handler.py:122 — Checking for 'Get Started' screen...
2026-08-14 14:12:20 [INFO    ] popup_handler.py:134 — 'Get Started' screen not present — skipping.
2026-08-14 14:12:20 [INFO    ] conftest.py:179 — App readiness probe: HiPi is in foreground (com.zee5.hipi).
2026-08-14 14:12:20 [INFO    ] conftest.py:277 — DRIVER SETUP COMPLETE
2026-08-14 14:12:20 [INFO    ] base_test.py:20 — BaseTest setup completed.
2026-08-14 14:12:20 [INFO    ] test_login.py:160 — ========== INVALID OTP TEST ==========
2026-08-14 14:12:20 [INFO    ] conftest.py:288 — Closing driver session.
2026-08-14 14:12:21 [INFO    ] conftest.py:395 — ==================================================
2026-08-14 14:12:21 [INFO    ] conftest.py:396 — PYTEST SESSION END | Exit status: 1
2026-08-14 14:12:21 [INFO    ] conftest.py:397 — ==================================================
